<?xml version="1.0" encoding="ISO-8859-1" ?>
<link_info>
   <banner>TI ARM Linker PC v20.2.7.LTS</banner>
   <copyright>Copyright (c) 1996-2018 Texas Instruments Incorporated</copyright>
   <link_time>0x65a7ad35</link_time>
   <link_errors>0x0</link_errors>
   <output_file>SOM_TMS570LS3137_V1.1.out</output_file>
   <entry_point>
      <name>_c_int00</name>
      <address>0x2e7ec</address>
   </entry_point>
   <input_file_list>
      <input_file id="fl-2">
         <path>.\Core\Src\</path>
         <kind>object</kind>
         <file>cmsis_os.obj</file>
         <name>cmsis_os.obj</name>
      </input_file>
      <input_file id="fl-3">
         <path>.\Core\Src\</path>
         <kind>object</kind>
         <file>core.obj</file>
         <name>core.obj</name>
      </input_file>
      <input_file id="fl-4">
         <path>.\Core\Src\</path>
         <kind>object</kind>
         <file>emac_driver.obj</file>
         <name>emac_driver.obj</name>
      </input_file>
      <input_file id="fl-5">
         <path>.\Core\Src\</path>
         <kind>object</kind>
         <file>ethernetif.obj</file>
         <name>ethernetif.obj</name>
      </input_file>
      <input_file id="fl-6">
         <path>.\Core\Src\</path>
         <kind>object</kind>
         <file>freertos.obj</file>
         <name>freertos.obj</name>
      </input_file>
      <input_file id="fl-7">
         <path>.\Core\Src\</path>
         <kind>object</kind>
         <file>lwip.obj</file>
         <name>lwip.obj</name>
      </input_file>
      <input_file id="fl-8">
         <path>.\Core\Src\</path>
         <kind>object</kind>
         <file>lwiplib.obj</file>
         <name>lwiplib.obj</name>
      </input_file>
      <input_file id="fl-9">
         <path>.\Core\Src\</path>
         <kind>object</kind>
         <file>main.obj</file>
         <name>main.obj</name>
      </input_file>
      <input_file id="fl-a">
         <path>.\HalCoGen\source\</path>
         <kind>object</kind>
         <file>dabort.obj</file>
         <name>dabort.obj</name>
      </input_file>
      <input_file id="fl-b">
         <path>.\HalCoGen\source\</path>
         <kind>object</kind>
         <file>emac.obj</file>
         <name>emac.obj</name>
      </input_file>
      <input_file id="fl-c">
         <path>.\HalCoGen\source\</path>
         <kind>object</kind>
         <file>errata_SSWF021_45.obj</file>
         <name>errata_SSWF021_45.obj</name>
      </input_file>
      <input_file id="fl-d">
         <path>.\HalCoGen\source\</path>
         <kind>object</kind>
         <file>esm.obj</file>
         <name>esm.obj</name>
      </input_file>
      <input_file id="fl-e">
         <path>.\HalCoGen\source\</path>
         <kind>object</kind>
         <file>gio.obj</file>
         <name>gio.obj</name>
      </input_file>
      <input_file id="fl-f">
         <path>.\HalCoGen\source\</path>
         <kind>object</kind>
         <file>mdio.obj</file>
         <name>mdio.obj</name>
      </input_file>
      <input_file id="fl-10">
         <path>.\HalCoGen\source\</path>
         <kind>object</kind>
         <file>notification.obj</file>
         <name>notification.obj</name>
      </input_file>
      <input_file id="fl-11">
         <path>.\HalCoGen\source\</path>
         <kind>object</kind>
         <file>os_croutine.obj</file>
         <name>os_croutine.obj</name>
      </input_file>
      <input_file id="fl-12">
         <path>.\HalCoGen\source\</path>
         <kind>object</kind>
         <file>os_event_groups.obj</file>
         <name>os_event_groups.obj</name>
      </input_file>
      <input_file id="fl-13">
         <path>.\HalCoGen\source\</path>
         <kind>object</kind>
         <file>os_heap.obj</file>
         <name>os_heap.obj</name>
      </input_file>
      <input_file id="fl-14">
         <path>.\HalCoGen\source\</path>
         <kind>object</kind>
         <file>os_list.obj</file>
         <name>os_list.obj</name>
      </input_file>
      <input_file id="fl-15">
         <path>.\HalCoGen\source\</path>
         <kind>object</kind>
         <file>os_mpu_wrappers.obj</file>
         <name>os_mpu_wrappers.obj</name>
      </input_file>
      <input_file id="fl-16">
         <path>.\HalCoGen\source\</path>
         <kind>object</kind>
         <file>os_port.obj</file>
         <name>os_port.obj</name>
      </input_file>
      <input_file id="fl-17">
         <path>.\HalCoGen\source\</path>
         <kind>object</kind>
         <file>os_portasm.obj</file>
         <name>os_portasm.obj</name>
      </input_file>
      <input_file id="fl-18">
         <path>.\HalCoGen\source\</path>
         <kind>object</kind>
         <file>os_queue.obj</file>
         <name>os_queue.obj</name>
      </input_file>
      <input_file id="fl-19">
         <path>.\HalCoGen\source\</path>
         <kind>object</kind>
         <file>os_tasks.obj</file>
         <name>os_tasks.obj</name>
      </input_file>
      <input_file id="fl-1a">
         <path>.\HalCoGen\source\</path>
         <kind>object</kind>
         <file>os_timer.obj</file>
         <name>os_timer.obj</name>
      </input_file>
      <input_file id="fl-1b">
         <path>.\HalCoGen\source\</path>
         <kind>object</kind>
         <file>phy_dp83640.obj</file>
         <name>phy_dp83640.obj</name>
      </input_file>
      <input_file id="fl-1c">
         <path>.\HalCoGen\source\</path>
         <kind>object</kind>
         <file>pinmux.obj</file>
         <name>pinmux.obj</name>
      </input_file>
      <input_file id="fl-1d">
         <path>.\HalCoGen\source\</path>
         <kind>object</kind>
         <file>sci.obj</file>
         <name>sci.obj</name>
      </input_file>
      <input_file id="fl-1e">
         <path>.\HalCoGen\source\</path>
         <kind>object</kind>
         <file>sys_core.obj</file>
         <name>sys_core.obj</name>
      </input_file>
      <input_file id="fl-1f">
         <path>.\HalCoGen\source\</path>
         <kind>object</kind>
         <file>sys_dma.obj</file>
         <name>sys_dma.obj</name>
      </input_file>
      <input_file id="fl-20">
         <path>.\HalCoGen\source\</path>
         <kind>object</kind>
         <file>sys_intvecs.obj</file>
         <name>sys_intvecs.obj</name>
      </input_file>
      <input_file id="fl-21">
         <path>.\HalCoGen\source\</path>
         <kind>object</kind>
         <file>sys_main.obj</file>
         <name>sys_main.obj</name>
      </input_file>
      <input_file id="fl-22">
         <path>.\HalCoGen\source\</path>
         <kind>object</kind>
         <file>sys_mpu.obj</file>
         <name>sys_mpu.obj</name>
      </input_file>
      <input_file id="fl-23">
         <path>.\HalCoGen\source\</path>
         <kind>object</kind>
         <file>sys_pcr.obj</file>
         <name>sys_pcr.obj</name>
      </input_file>
      <input_file id="fl-24">
         <path>.\HalCoGen\source\</path>
         <kind>object</kind>
         <file>sys_phantom.obj</file>
         <name>sys_phantom.obj</name>
      </input_file>
      <input_file id="fl-25">
         <path>.\HalCoGen\source\</path>
         <kind>object</kind>
         <file>sys_pmm.obj</file>
         <name>sys_pmm.obj</name>
      </input_file>
      <input_file id="fl-26">
         <path>.\HalCoGen\source\</path>
         <kind>object</kind>
         <file>sys_pmu.obj</file>
         <name>sys_pmu.obj</name>
      </input_file>
      <input_file id="fl-27">
         <path>.\HalCoGen\source\</path>
         <kind>object</kind>
         <file>sys_selftest.obj</file>
         <name>sys_selftest.obj</name>
      </input_file>
      <input_file id="fl-28">
         <path>.\HalCoGen\source\</path>
         <kind>object</kind>
         <file>sys_startup.obj</file>
         <name>sys_startup.obj</name>
      </input_file>
      <input_file id="fl-29">
         <path>.\HalCoGen\source\</path>
         <kind>object</kind>
         <file>sys_vim.obj</file>
         <name>sys_vim.obj</name>
      </input_file>
      <input_file id="fl-2a">
         <path>.\HalCoGen\source\</path>
         <kind>object</kind>
         <file>system.obj</file>
         <name>system.obj</name>
      </input_file>
      <input_file id="fl-2b">
         <path>.\LwIP\src\api\</path>
         <kind>object</kind>
         <file>api_lib.obj</file>
         <name>api_lib.obj</name>
      </input_file>
      <input_file id="fl-2c">
         <path>.\LwIP\src\api\</path>
         <kind>object</kind>
         <file>api_msg.obj</file>
         <name>api_msg.obj</name>
      </input_file>
      <input_file id="fl-2d">
         <path>.\LwIP\src\api\</path>
         <kind>object</kind>
         <file>err.obj</file>
         <name>err.obj</name>
      </input_file>
      <input_file id="fl-2e">
         <path>.\LwIP\src\api\</path>
         <kind>object</kind>
         <file>if_api.obj</file>
         <name>if_api.obj</name>
      </input_file>
      <input_file id="fl-2f">
         <path>.\LwIP\src\api\</path>
         <kind>object</kind>
         <file>netbuf.obj</file>
         <name>netbuf.obj</name>
      </input_file>
      <input_file id="fl-30">
         <path>.\LwIP\src\api\</path>
         <kind>object</kind>
         <file>netdb.obj</file>
         <name>netdb.obj</name>
      </input_file>
      <input_file id="fl-31">
         <path>.\LwIP\src\api\</path>
         <kind>object</kind>
         <file>netifapi.obj</file>
         <name>netifapi.obj</name>
      </input_file>
      <input_file id="fl-32">
         <path>.\LwIP\src\api\</path>
         <kind>object</kind>
         <file>sockets.obj</file>
         <name>sockets.obj</name>
      </input_file>
      <input_file id="fl-33">
         <path>.\LwIP\src\api\</path>
         <kind>object</kind>
         <file>tcpip.obj</file>
         <name>tcpip.obj</name>
      </input_file>
      <input_file id="fl-34">
         <path>.\LwIP\src\apps\mqtt\</path>
         <kind>object</kind>
         <file>mqtt.obj</file>
         <name>mqtt.obj</name>
      </input_file>
      <input_file id="fl-35">
         <path>.\LwIP\src\core\</path>
         <kind>object</kind>
         <file>altcp.obj</file>
         <name>altcp.obj</name>
      </input_file>
      <input_file id="fl-36">
         <path>.\LwIP\src\core\</path>
         <kind>object</kind>
         <file>altcp_alloc.obj</file>
         <name>altcp_alloc.obj</name>
      </input_file>
      <input_file id="fl-37">
         <path>.\LwIP\src\core\</path>
         <kind>object</kind>
         <file>altcp_tcp.obj</file>
         <name>altcp_tcp.obj</name>
      </input_file>
      <input_file id="fl-38">
         <path>.\LwIP\src\core\</path>
         <kind>object</kind>
         <file>def.obj</file>
         <name>def.obj</name>
      </input_file>
      <input_file id="fl-39">
         <path>.\LwIP\src\core\</path>
         <kind>object</kind>
         <file>dns.obj</file>
         <name>dns.obj</name>
      </input_file>
      <input_file id="fl-3a">
         <path>.\LwIP\src\core\</path>
         <kind>object</kind>
         <file>inet_chksum.obj</file>
         <name>inet_chksum.obj</name>
      </input_file>
      <input_file id="fl-3b">
         <path>.\LwIP\src\core\</path>
         <kind>object</kind>
         <file>init.obj</file>
         <name>init.obj</name>
      </input_file>
      <input_file id="fl-3c">
         <path>.\LwIP\src\core\</path>
         <kind>object</kind>
         <file>ip.obj</file>
         <name>ip.obj</name>
      </input_file>
      <input_file id="fl-3d">
         <path>.\LwIP\src\core\</path>
         <kind>object</kind>
         <file>mem.obj</file>
         <name>mem.obj</name>
      </input_file>
      <input_file id="fl-3e">
         <path>.\LwIP\src\core\</path>
         <kind>object</kind>
         <file>memp.obj</file>
         <name>memp.obj</name>
      </input_file>
      <input_file id="fl-3f">
         <path>.\LwIP\src\core\</path>
         <kind>object</kind>
         <file>netif.obj</file>
         <name>netif.obj</name>
      </input_file>
      <input_file id="fl-40">
         <path>.\LwIP\src\core\</path>
         <kind>object</kind>
         <file>pbuf.obj</file>
         <name>pbuf.obj</name>
      </input_file>
      <input_file id="fl-41">
         <path>.\LwIP\src\core\</path>
         <kind>object</kind>
         <file>raw.obj</file>
         <name>raw.obj</name>
      </input_file>
      <input_file id="fl-42">
         <path>.\LwIP\src\core\</path>
         <kind>object</kind>
         <file>stats.obj</file>
         <name>stats.obj</name>
      </input_file>
      <input_file id="fl-43">
         <path>.\LwIP\src\core\</path>
         <kind>object</kind>
         <file>sys.obj</file>
         <name>sys.obj</name>
      </input_file>
      <input_file id="fl-44">
         <path>.\LwIP\src\core\</path>
         <kind>object</kind>
         <file>tcp.obj</file>
         <name>tcp.obj</name>
      </input_file>
      <input_file id="fl-45">
         <path>.\LwIP\src\core\</path>
         <kind>object</kind>
         <file>tcp_in.obj</file>
         <name>tcp_in.obj</name>
      </input_file>
      <input_file id="fl-46">
         <path>.\LwIP\src\core\</path>
         <kind>object</kind>
         <file>tcp_out.obj</file>
         <name>tcp_out.obj</name>
      </input_file>
      <input_file id="fl-47">
         <path>.\LwIP\src\core\</path>
         <kind>object</kind>
         <file>timeouts.obj</file>
         <name>timeouts.obj</name>
      </input_file>
      <input_file id="fl-48">
         <path>.\LwIP\src\core\</path>
         <kind>object</kind>
         <file>udp.obj</file>
         <name>udp.obj</name>
      </input_file>
      <input_file id="fl-49">
         <path>.\LwIP\src\core\ipv4\</path>
         <kind>object</kind>
         <file>autoip.obj</file>
         <name>autoip.obj</name>
      </input_file>
      <input_file id="fl-4a">
         <path>.\LwIP\src\core\ipv4\</path>
         <kind>object</kind>
         <file>dhcp.obj</file>
         <name>dhcp.obj</name>
      </input_file>
      <input_file id="fl-4b">
         <path>.\LwIP\src\core\ipv4\</path>
         <kind>object</kind>
         <file>etharp.obj</file>
         <name>etharp.obj</name>
      </input_file>
      <input_file id="fl-4c">
         <path>.\LwIP\src\core\ipv4\</path>
         <kind>object</kind>
         <file>icmp.obj</file>
         <name>icmp.obj</name>
      </input_file>
      <input_file id="fl-4d">
         <path>.\LwIP\src\core\ipv4\</path>
         <kind>object</kind>
         <file>igmp.obj</file>
         <name>igmp.obj</name>
      </input_file>
      <input_file id="fl-4e">
         <path>.\LwIP\src\core\ipv4\</path>
         <kind>object</kind>
         <file>ip4.obj</file>
         <name>ip4.obj</name>
      </input_file>
      <input_file id="fl-4f">
         <path>.\LwIP\src\core\ipv4\</path>
         <kind>object</kind>
         <file>ip4_addr.obj</file>
         <name>ip4_addr.obj</name>
      </input_file>
      <input_file id="fl-50">
         <path>.\LwIP\src\core\ipv4\</path>
         <kind>object</kind>
         <file>ip4_frag.obj</file>
         <name>ip4_frag.obj</name>
      </input_file>
      <input_file id="fl-51">
         <path>.\LwIP\src\core\ipv6\</path>
         <kind>object</kind>
         <file>dhcp6.obj</file>
         <name>dhcp6.obj</name>
      </input_file>
      <input_file id="fl-52">
         <path>.\LwIP\src\core\ipv6\</path>
         <kind>object</kind>
         <file>ethip6.obj</file>
         <name>ethip6.obj</name>
      </input_file>
      <input_file id="fl-53">
         <path>.\LwIP\src\core\ipv6\</path>
         <kind>object</kind>
         <file>icmp6.obj</file>
         <name>icmp6.obj</name>
      </input_file>
      <input_file id="fl-54">
         <path>.\LwIP\src\core\ipv6\</path>
         <kind>object</kind>
         <file>inet6.obj</file>
         <name>inet6.obj</name>
      </input_file>
      <input_file id="fl-55">
         <path>.\LwIP\src\core\ipv6\</path>
         <kind>object</kind>
         <file>ip6.obj</file>
         <name>ip6.obj</name>
      </input_file>
      <input_file id="fl-56">
         <path>.\LwIP\src\core\ipv6\</path>
         <kind>object</kind>
         <file>ip6_addr.obj</file>
         <name>ip6_addr.obj</name>
      </input_file>
      <input_file id="fl-57">
         <path>.\LwIP\src\core\ipv6\</path>
         <kind>object</kind>
         <file>ip6_frag.obj</file>
         <name>ip6_frag.obj</name>
      </input_file>
      <input_file id="fl-58">
         <path>.\LwIP\src\core\ipv6\</path>
         <kind>object</kind>
         <file>mld6.obj</file>
         <name>mld6.obj</name>
      </input_file>
      <input_file id="fl-59">
         <path>.\LwIP\src\core\ipv6\</path>
         <kind>object</kind>
         <file>nd6.obj</file>
         <name>nd6.obj</name>
      </input_file>
      <input_file id="fl-5a">
         <path>.\LwIP\src\netif\</path>
         <kind>object</kind>
         <file>bridgeif.obj</file>
         <name>bridgeif.obj</name>
      </input_file>
      <input_file id="fl-5b">
         <path>.\LwIP\src\netif\</path>
         <kind>object</kind>
         <file>bridgeif_fdb.obj</file>
         <name>bridgeif_fdb.obj</name>
      </input_file>
      <input_file id="fl-5c">
         <path>.\LwIP\src\netif\</path>
         <kind>object</kind>
         <file>ethernet.obj</file>
         <name>ethernet.obj</name>
      </input_file>
      <input_file id="fl-5d">
         <path>.\LwIP\src\netif\</path>
         <kind>object</kind>
         <file>lowpan6.obj</file>
         <name>lowpan6.obj</name>
      </input_file>
      <input_file id="fl-5e">
         <path>.\LwIP\src\netif\</path>
         <kind>object</kind>
         <file>lowpan6_ble.obj</file>
         <name>lowpan6_ble.obj</name>
      </input_file>
      <input_file id="fl-5f">
         <path>.\LwIP\src\netif\</path>
         <kind>object</kind>
         <file>lowpan6_common.obj</file>
         <name>lowpan6_common.obj</name>
      </input_file>
      <input_file id="fl-60">
         <path>.\LwIP\src\netif\</path>
         <kind>object</kind>
         <file>slipif.obj</file>
         <name>slipif.obj</name>
      </input_file>
      <input_file id="fl-61">
         <path>.\LwIP\src\netif\</path>
         <kind>object</kind>
         <file>zepif.obj</file>
         <name>zepif.obj</name>
      </input_file>
      <input_file id="fl-62">
         <path>.\LwIP\src\netif\ppp\</path>
         <kind>object</kind>
         <file>auth.obj</file>
         <name>auth.obj</name>
      </input_file>
      <input_file id="fl-63">
         <path>.\LwIP\src\netif\ppp\</path>
         <kind>object</kind>
         <file>ccp.obj</file>
         <name>ccp.obj</name>
      </input_file>
      <input_file id="fl-64">
         <path>.\LwIP\src\netif\ppp\</path>
         <kind>object</kind>
         <file>chap-md5.obj</file>
         <name>chap-md5.obj</name>
      </input_file>
      <input_file id="fl-65">
         <path>.\LwIP\src\netif\ppp\</path>
         <kind>object</kind>
         <file>chap-new.obj</file>
         <name>chap-new.obj</name>
      </input_file>
      <input_file id="fl-66">
         <path>.\LwIP\src\netif\ppp\</path>
         <kind>object</kind>
         <file>chap_ms.obj</file>
         <name>chap_ms.obj</name>
      </input_file>
      <input_file id="fl-67">
         <path>.\LwIP\src\netif\ppp\</path>
         <kind>object</kind>
         <file>demand.obj</file>
         <name>demand.obj</name>
      </input_file>
      <input_file id="fl-68">
         <path>.\LwIP\src\netif\ppp\</path>
         <kind>object</kind>
         <file>eap.obj</file>
         <name>eap.obj</name>
      </input_file>
      <input_file id="fl-69">
         <path>.\LwIP\src\netif\ppp\</path>
         <kind>object</kind>
         <file>ecp.obj</file>
         <name>ecp.obj</name>
      </input_file>
      <input_file id="fl-6a">
         <path>.\LwIP\src\netif\ppp\</path>
         <kind>object</kind>
         <file>eui64.obj</file>
         <name>eui64.obj</name>
      </input_file>
      <input_file id="fl-6b">
         <path>.\LwIP\src\netif\ppp\</path>
         <kind>object</kind>
         <file>fsm.obj</file>
         <name>fsm.obj</name>
      </input_file>
      <input_file id="fl-6c">
         <path>.\LwIP\src\netif\ppp\</path>
         <kind>object</kind>
         <file>ipcp.obj</file>
         <name>ipcp.obj</name>
      </input_file>
      <input_file id="fl-6d">
         <path>.\LwIP\src\netif\ppp\</path>
         <kind>object</kind>
         <file>ipv6cp.obj</file>
         <name>ipv6cp.obj</name>
      </input_file>
      <input_file id="fl-6e">
         <path>.\LwIP\src\netif\ppp\</path>
         <kind>object</kind>
         <file>lcp.obj</file>
         <name>lcp.obj</name>
      </input_file>
      <input_file id="fl-6f">
         <path>.\LwIP\src\netif\ppp\</path>
         <kind>object</kind>
         <file>magic.obj</file>
         <name>magic.obj</name>
      </input_file>
      <input_file id="fl-70">
         <path>.\LwIP\src\netif\ppp\</path>
         <kind>object</kind>
         <file>mppe.obj</file>
         <name>mppe.obj</name>
      </input_file>
      <input_file id="fl-71">
         <path>.\LwIP\src\netif\ppp\</path>
         <kind>object</kind>
         <file>multilink.obj</file>
         <name>multilink.obj</name>
      </input_file>
      <input_file id="fl-72">
         <path>.\LwIP\src\netif\ppp\</path>
         <kind>object</kind>
         <file>ppp.obj</file>
         <name>ppp.obj</name>
      </input_file>
      <input_file id="fl-73">
         <path>.\LwIP\src\netif\ppp\</path>
         <kind>object</kind>
         <file>pppapi.obj</file>
         <name>pppapi.obj</name>
      </input_file>
      <input_file id="fl-74">
         <path>.\LwIP\src\netif\ppp\</path>
         <kind>object</kind>
         <file>pppcrypt.obj</file>
         <name>pppcrypt.obj</name>
      </input_file>
      <input_file id="fl-75">
         <path>.\LwIP\src\netif\ppp\</path>
         <kind>object</kind>
         <file>pppoe.obj</file>
         <name>pppoe.obj</name>
      </input_file>
      <input_file id="fl-76">
         <path>.\LwIP\src\netif\ppp\</path>
         <kind>object</kind>
         <file>pppol2tp.obj</file>
         <name>pppol2tp.obj</name>
      </input_file>
      <input_file id="fl-77">
         <path>.\LwIP\src\netif\ppp\</path>
         <kind>object</kind>
         <file>pppos.obj</file>
         <name>pppos.obj</name>
      </input_file>
      <input_file id="fl-78">
         <path>.\LwIP\src\netif\ppp\</path>
         <kind>object</kind>
         <file>upap.obj</file>
         <name>upap.obj</name>
      </input_file>
      <input_file id="fl-79">
         <path>.\LwIP\src\netif\ppp\</path>
         <kind>object</kind>
         <file>utils.obj</file>
         <name>utils.obj</name>
      </input_file>
      <input_file id="fl-7a">
         <path>.\LwIP\src\netif\ppp\</path>
         <kind>object</kind>
         <file>vj.obj</file>
         <name>vj.obj</name>
      </input_file>
      <input_file id="fl-7b">
         <path>.\LwIP\system\OS\</path>
         <kind>object</kind>
         <file>sys_arch.obj</file>
         <name>sys_arch.obj</name>
      </input_file>
      <input_file id="fl-7c">
         <path>.\libraries\019-library-results\results\Src\</path>
         <kind>object</kind>
         <file>results.obj</file>
         <name>results.obj</name>
      </input_file>
      <input_file id="fl-80">
         <kind>object</kind>
         <file>&lt;internal&gt;</file>
         <name>&lt;internal&gt;</name>
      </input_file>
      <input_file id="fl-81">
         <path>C:\ti\ccs1100\ccs\tools\compiler\ti-cgt-arm_20.2.7.LTS\lib\</path>
         <kind>archive</kind>
         <file>rtsv7R4_T_be_v3D16_eabi.lib</file>
         <name>s_floor.c.obj</name>
      </input_file>
      <input_file id="fl-82">
         <path>C:\ti\ccs1100\ccs\tools\compiler\ti-cgt-arm_20.2.7.LTS\lib\</path>
         <kind>archive</kind>
         <file>rtsv7R4_T_be_v3D16_eabi.lib</file>
         <name>sprintf.c.obj</name>
      </input_file>
      <input_file id="fl-83">
         <path>C:\ti\ccs1100\ccs\tools\compiler\ti-cgt-arm_20.2.7.LTS\lib\</path>
         <kind>archive</kind>
         <file>rtsv7R4_T_be_v3D16_eabi.lib</file>
         <name>vsprintf.c.obj</name>
      </input_file>
      <input_file id="fl-84">
         <path>C:\ti\ccs1100\ccs\tools\compiler\ti-cgt-arm_20.2.7.LTS\lib\</path>
         <kind>archive</kind>
         <file>rtsv7R4_T_be_v3D16_eabi.lib</file>
         <name>memcpy_t2.asm.obj</name>
      </input_file>
      <input_file id="fl-85">
         <path>C:\ti\ccs1100\ccs\tools\compiler\ti-cgt-arm_20.2.7.LTS\lib\</path>
         <kind>archive</kind>
         <file>rtsv7R4_T_be_v3D16_eabi.lib</file>
         <name>memset_t2.asm.obj</name>
      </input_file>
      <input_file id="fl-86">
         <path>C:\ti\ccs1100\ccs\tools\compiler\ti-cgt-arm_20.2.7.LTS\lib\</path>
         <kind>archive</kind>
         <file>rtsv7R4_T_be_v3D16_eabi.lib</file>
         <name>i_div32.asm.obj</name>
      </input_file>
      <input_file id="fl-87">
         <path>C:\ti\ccs1100\ccs\tools\compiler\ti-cgt-arm_20.2.7.LTS\lib\</path>
         <kind>archive</kind>
         <file>rtsv7R4_T_be_v3D16_eabi.lib</file>
         <name>u_div32.asm.obj</name>
      </input_file>
      <input_file id="fl-88">
         <path>C:\ti\ccs1100\ccs\tools\compiler\ti-cgt-arm_20.2.7.LTS\lib\</path>
         <kind>archive</kind>
         <file>rtsv7R4_T_be_v3D16_eabi.lib</file>
         <name>autoinit.c.obj</name>
      </input_file>
      <input_file id="fl-89">
         <path>C:\ti\ccs1100\ccs\tools\compiler\ti-cgt-arm_20.2.7.LTS\lib\</path>
         <kind>archive</kind>
         <file>rtsv7R4_T_be_v3D16_eabi.lib</file>
         <name>cpy_tbl.c.obj</name>
      </input_file>
      <input_file id="fl-8a">
         <path>C:\ti\ccs1100\ccs\tools\compiler\ti-cgt-arm_20.2.7.LTS\lib\</path>
         <kind>archive</kind>
         <file>rtsv7R4_T_be_v3D16_eabi.lib</file>
         <name>copy_zero_init.c.obj</name>
      </input_file>
      <input_file id="fl-8b">
         <path>C:\ti\ccs1100\ccs\tools\compiler\ti-cgt-arm_20.2.7.LTS\lib\</path>
         <kind>archive</kind>
         <file>rtsv7R4_T_be_v3D16_eabi.lib</file>
         <name>copy_decompress_none.c.obj</name>
      </input_file>
      <input_file id="fl-8c">
         <path>C:\ti\ccs1100\ccs\tools\compiler\ti-cgt-arm_20.2.7.LTS\lib\</path>
         <kind>archive</kind>
         <file>rtsv7R4_T_be_v3D16_eabi.lib</file>
         <name>copy_decompress_lzss.c.obj</name>
      </input_file>
      <input_file id="fl-8d">
         <path>C:\ti\ccs1100\ccs\tools\compiler\ti-cgt-arm_20.2.7.LTS\lib\</path>
         <kind>archive</kind>
         <file>rtsv7R4_T_be_v3D16_eabi.lib</file>
         <name>exit.c.obj</name>
      </input_file>
      <input_file id="fl-8e">
         <path>C:\ti\ccs1100\ccs\tools\compiler\ti-cgt-arm_20.2.7.LTS\lib\</path>
         <kind>archive</kind>
         <file>rtsv7R4_T_be_v3D16_eabi.lib</file>
         <name>_lock.c.obj</name>
      </input_file>
      <input_file id="fl-8f">
         <path>C:\ti\ccs1100\ccs\tools\compiler\ti-cgt-arm_20.2.7.LTS\lib\</path>
         <kind>archive</kind>
         <file>rtsv7R4_T_be_v3D16_eabi.lib</file>
         <name>atoi.c.obj</name>
      </input_file>
      <input_file id="fl-90">
         <path>C:\ti\ccs1100\ccs\tools\compiler\ti-cgt-arm_20.2.7.LTS\lib\</path>
         <kind>archive</kind>
         <file>rtsv7R4_T_be_v3D16_eabi.lib</file>
         <name>ctype.c.obj</name>
      </input_file>
      <input_file id="fl-91">
         <path>C:\ti\ccs1100\ccs\tools\compiler\ti-cgt-arm_20.2.7.LTS\lib\</path>
         <kind>archive</kind>
         <file>rtsv7R4_T_be_v3D16_eabi.lib</file>
         <name>isdigit.c.obj</name>
      </input_file>
      <input_file id="fl-92">
         <path>C:\ti\ccs1100\ccs\tools\compiler\ti-cgt-arm_20.2.7.LTS\lib\</path>
         <kind>archive</kind>
         <file>rtsv7R4_T_be_v3D16_eabi.lib</file>
         <name>islower.c.obj</name>
      </input_file>
      <input_file id="fl-93">
         <path>C:\ti\ccs1100\ccs\tools\compiler\ti-cgt-arm_20.2.7.LTS\lib\</path>
         <kind>archive</kind>
         <file>rtsv7R4_T_be_v3D16_eabi.lib</file>
         <name>isspace.c.obj</name>
      </input_file>
      <input_file id="fl-94">
         <path>C:\ti\ccs1100\ccs\tools\compiler\ti-cgt-arm_20.2.7.LTS\lib\</path>
         <kind>archive</kind>
         <file>rtsv7R4_T_be_v3D16_eabi.lib</file>
         <name>isxdigit.c.obj</name>
      </input_file>
      <input_file id="fl-95">
         <path>C:\ti\ccs1100\ccs\tools\compiler\ti-cgt-arm_20.2.7.LTS\lib\</path>
         <kind>archive</kind>
         <file>rtsv7R4_T_be_v3D16_eabi.lib</file>
         <name>memcmp.c.obj</name>
      </input_file>
      <input_file id="fl-96">
         <path>C:\ti\ccs1100\ccs\tools\compiler\ti-cgt-arm_20.2.7.LTS\lib\</path>
         <kind>archive</kind>
         <file>rtsv7R4_T_be_v3D16_eabi.lib</file>
         <name>memmov.c.obj</name>
      </input_file>
      <input_file id="fl-97">
         <path>C:\ti\ccs1100\ccs\tools\compiler\ti-cgt-arm_20.2.7.LTS\lib\</path>
         <kind>archive</kind>
         <file>rtsv7R4_T_be_v3D16_eabi.lib</file>
         <name>strlen.c.obj</name>
      </input_file>
      <input_file id="fl-98">
         <path>C:\ti\ccs1100\ccs\tools\compiler\ti-cgt-arm_20.2.7.LTS\lib\</path>
         <kind>archive</kind>
         <file>rtsv7R4_T_be_v3D16_eabi.lib</file>
         <name>strncmp.c.obj</name>
      </input_file>
      <input_file id="fl-99">
         <path>C:\ti\ccs1100\ccs\tools\compiler\ti-cgt-arm_20.2.7.LTS\lib\</path>
         <kind>archive</kind>
         <file>rtsv7R4_T_be_v3D16_eabi.lib</file>
         <name>errno.c.obj</name>
      </input_file>
      <input_file id="fl-9a">
         <path>C:\ti\ccs1100\ccs\tools\compiler\ti-cgt-arm_20.2.7.LTS\lib\</path>
         <kind>archive</kind>
         <file>rtsv7R4_T_be_v3D16_eabi.lib</file>
         <name>_printfi.c.obj</name>
      </input_file>
      <input_file id="fl-9b">
         <path>C:\ti\ccs1100\ccs\tools\compiler\ti-cgt-arm_20.2.7.LTS\lib\</path>
         <kind>archive</kind>
         <file>rtsv7R4_T_be_v3D16_eabi.lib</file>
         <name>div0.asm.obj</name>
      </input_file>
      <input_file id="fl-9c">
         <path>C:\ti\ccs1100\ccs\tools\compiler\ti-cgt-arm_20.2.7.LTS\lib\</path>
         <kind>archive</kind>
         <file>rtsv7R4_T_be_v3D16_eabi.lib</file>
         <name>ull_div32.asm.obj</name>
      </input_file>
      <input_file id="fl-9d">
         <path>C:\ti\ccs1100\ccs\tools\compiler\ti-cgt-arm_20.2.7.LTS\lib\</path>
         <kind>archive</kind>
         <file>rtsv7R4_T_be_v3D16_eabi.lib</file>
         <name>_ltoa.c.obj</name>
      </input_file>
      <input_file id="fl-9e">
         <path>C:\ti\ccs1100\ccs\tools\compiler\ti-cgt-arm_20.2.7.LTS\lib\</path>
         <kind>archive</kind>
         <file>rtsv7R4_T_be_v3D16_eabi.lib</file>
         <name>memccpy.c.obj</name>
      </input_file>
      <input_file id="fl-9f">
         <path>C:\ti\ccs1100\ccs\tools\compiler\ti-cgt-arm_20.2.7.LTS\lib\</path>
         <kind>archive</kind>
         <file>rtsv7R4_T_be_v3D16_eabi.lib</file>
         <name>strchr.c.obj</name>
      </input_file>
      <input_file id="fl-a0">
         <path>C:\ti\ccs1100\ccs\tools\compiler\ti-cgt-arm_20.2.7.LTS\lib\</path>
         <kind>archive</kind>
         <file>rtsv7R4_T_be_v3D16_eabi.lib</file>
         <name>wcslen.c.obj</name>
      </input_file>
      <input_file id="fl-a1">
         <path>C:\ti\ccs1100\ccs\tools\compiler\ti-cgt-arm_20.2.7.LTS\lib\</path>
         <kind>archive</kind>
         <file>rtsv7R4_T_be_v3D16_eabi.lib</file>
         <name>s_frexp.c.obj</name>
      </input_file>
      <input_file id="fl-a2">
         <path>C:\ti\ccs1100\ccs\tools\compiler\ti-cgt-arm_20.2.7.LTS\lib\</path>
         <kind>archive</kind>
         <file>rtsv7R4_T_be_v3D16_eabi.lib</file>
         <name>s_scalbn.c.obj</name>
      </input_file>
      <input_file id="fl-a3">
         <path>C:\ti\ccs1100\ccs\tools\compiler\ti-cgt-arm_20.2.7.LTS\lib\</path>
         <kind>archive</kind>
         <file>rtsv7R4_T_be_v3D16_eabi.lib</file>
         <name>s_copysign.c.obj</name>
      </input_file>
   </input_file_list>
   <object_component_list>
      <object_component id="oc-39">
         <name>.intvecs</name>
         <load_address>0x0</load_address>
         <run_address>0x0</run_address>
         <size>0x20</size>
         <input_file_ref idref="fl-20"/>
      </object_component>
      <object_component id="oc-23c">
         <name>.kernelTEXT</name>
         <load_address>0x20</load_address>
         <run_address>0x20</run_address>
         <size>0x2d98</size>
         <input_file_ref idref="fl-19"/>
      </object_component>
      <object_component id="oc-17a">
         <name>.kernelTEXT</name>
         <load_address>0x2db8</load_address>
         <run_address>0x2db8</run_address>
         <size>0x1600</size>
         <input_file_ref idref="fl-18"/>
      </object_component>
      <object_component id="oc-33f">
         <name>.kernelTEXT</name>
         <load_address>0x43b8</load_address>
         <run_address>0x43b8</run_address>
         <size>0x818</size>
         <input_file_ref idref="fl-12"/>
      </object_component>
      <object_component id="oc-b5">
         <name>.kernelTEXT</name>
         <load_address>0x4bd0</load_address>
         <run_address>0x4bd0</run_address>
         <size>0x4b0</size>
         <input_file_ref idref="fl-17"/>
      </object_component>
      <object_component id="oc-3c6">
         <name>.kernelTEXT</name>
         <load_address>0x5080</load_address>
         <run_address>0x5080</run_address>
         <size>0x3e0</size>
         <input_file_ref idref="fl-16"/>
      </object_component>
      <object_component id="oc-35c">
         <name>.kernelTEXT</name>
         <load_address>0x5460</load_address>
         <run_address>0x5460</run_address>
         <size>0x37c</size>
         <input_file_ref idref="fl-13"/>
      </object_component>
      <object_component id="oc-82f">
         <name>.cinit..data.load</name>
         <load_address>0x57e0</load_address>
         <run_address>0x57e0</run_address>
         <size>0x24</size>
      </object_component>
      <object_component id="oc-82a">
         <name>__TI_handler_table</name>
         <load_address>0x5804</load_address>
         <run_address>0x5804</run_address>
         <size>0xc</size>
      </object_component>
      <object_component id="oc-82c">
         <name>.cinit..kernelBSS.load</name>
         <load_address>0x5810</load_address>
         <run_address>0x5810</run_address>
         <size>0x9</size>
      </object_component>
      <object_component id="oc-82e">
         <name>.cinit..bss.load</name>
         <load_address>0x5820</load_address>
         <run_address>0x5820</run_address>
         <size>0x8</size>
      </object_component>
      <object_component id="oc-82d">
         <name>.cinit..kernelHEAP.load</name>
         <load_address>0x5828</load_address>
         <run_address>0x5828</run_address>
         <size>0x8</size>
      </object_component>
      <object_component id="oc-82b">
         <name>__TI_cinit_table</name>
         <load_address>0x5830</load_address>
         <run_address>0x5830</run_address>
         <size>0x20</size>
      </object_component>
      <object_component id="oc-38a">
         <name>.text</name>
         <load_address>0x8020</load_address>
         <run_address>0x8020</run_address>
         <size>0x42b4</size>
         <input_file_ref idref="fl-4a"/>
      </object_component>
      <object_component id="oc-498">
         <name>.text</name>
         <load_address>0xc2d4</load_address>
         <run_address>0xc2d4</run_address>
         <size>0x403c</size>
         <input_file_ref idref="fl-45"/>
      </object_component>
      <object_component id="oc-492">
         <name>.text</name>
         <load_address>0x10310</load_address>
         <run_address>0x10310</run_address>
         <size>0x3900</size>
         <input_file_ref idref="fl-46"/>
      </object_component>
      <object_component id="oc-311">
         <name>.text</name>
         <load_address>0x13c10</load_address>
         <run_address>0x13c10</run_address>
         <size>0x37cc</size>
         <input_file_ref idref="fl-44"/>
      </object_component>
      <object_component id="oc-8a">
         <name>.text</name>
         <load_address>0x173dc</load_address>
         <run_address>0x173dc</run_address>
         <size>0x2d10</size>
         <input_file_ref idref="fl-27"/>
      </object_component>
      <object_component id="oc-16e">
         <name>.text</name>
         <load_address>0x1a0ec</load_address>
         <run_address>0x1a0ec</run_address>
         <size>0x20f8</size>
         <input_file_ref idref="fl-40"/>
      </object_component>
      <object_component id="oc-53a">
         <name>.text</name>
         <load_address>0x1c1e4</load_address>
         <run_address>0x1c1e4</run_address>
         <size>0x1c08</size>
         <input_file_ref idref="fl-48"/>
      </object_component>
      <object_component id="oc-18c">
         <name>.text</name>
         <load_address>0x1ddec</load_address>
         <run_address>0x1ddec</run_address>
         <size>0x17f4</size>
         <input_file_ref idref="fl-4b"/>
      </object_component>
      <object_component id="oc-9f">
         <name>.text</name>
         <load_address>0x1f5e0</load_address>
         <run_address>0x1f5e0</run_address>
         <size>0x177c</size>
         <input_file_ref idref="fl-b"/>
      </object_component>
      <object_component id="oc-5c3">
         <name>.text</name>
         <load_address>0x20d5c</load_address>
         <run_address>0x20d5c</run_address>
         <size>0x1530</size>
         <input_file_ref idref="fl-50"/>
      </object_component>
      <object_component id="oc-180">
         <name>.text</name>
         <load_address>0x2228c</load_address>
         <run_address>0x2228c</run_address>
         <size>0x14c8</size>
         <input_file_ref idref="fl-2"/>
      </object_component>
      <object_component id="oc-447">
         <name>.text</name>
         <load_address>0x23754</load_address>
         <run_address>0x23754</run_address>
         <size>0x1218</size>
         <input_file_ref idref="fl-3f"/>
      </object_component>
      <object_component id="oc-186">
         <name>.text</name>
         <load_address>0x2496c</load_address>
         <run_address>0x2496c</run_address>
         <size>0xe08</size>
         <input_file_ref idref="fl-3d"/>
      </object_component>
      <object_component id="oc-a5">
         <name>.text</name>
         <load_address>0x25774</load_address>
         <run_address>0x25774</run_address>
         <size>0xb98</size>
         <input_file_ref idref="fl-5"/>
      </object_component>
      <object_component id="oc-84">
         <name>.text</name>
         <load_address>0x2630c</load_address>
         <run_address>0x2630c</run_address>
         <size>0xb64</size>
         <input_file_ref idref="fl-2a"/>
      </object_component>
      <object_component id="oc-174">
         <name>.text</name>
         <load_address>0x26e70</load_address>
         <run_address>0x26e70</run_address>
         <size>0xb1c</size>
         <input_file_ref idref="fl-15"/>
      </object_component>
      <object_component id="oc-451">
         <name>.text:__TI_printfi</name>
         <load_address>0x2798c</load_address>
         <run_address>0x2798c</run_address>
         <size>0xa4e</size>
         <input_file_ref idref="fl-9a"/>
      </object_component>
      <object_component id="oc-48a">
         <name>.text</name>
         <load_address>0x283da</load_address>
         <run_address>0x283da</run_address>
         <size>0x2</size>
         <input_file_ref idref="fl-9b"/>
      </object_component>
      <object_component id="oc-436">
         <name>.text</name>
         <load_address>0x283dc</load_address>
         <run_address>0x283dc</run_address>
         <size>0x8cc</size>
         <input_file_ref idref="fl-4e"/>
      </object_component>
      <object_component id="oc-2cd">
         <name>.text</name>
         <load_address>0x28ca8</load_address>
         <run_address>0x28ca8</run_address>
         <size>0x8a4</size>
         <input_file_ref idref="fl-33"/>
      </object_component>
      <object_component id="oc-45">
         <name>.text</name>
         <load_address>0x2954c</load_address>
         <run_address>0x2954c</run_address>
         <size>0x89c</size>
         <input_file_ref idref="fl-29"/>
      </object_component>
      <object_component id="oc-2c1">
         <name>.text</name>
         <load_address>0x29de8</load_address>
         <run_address>0x29de8</run_address>
         <size>0x7b8</size>
         <input_file_ref idref="fl-1d"/>
      </object_component>
      <object_component id="oc-424">
         <name>.text</name>
         <load_address>0x2a5a0</load_address>
         <run_address>0x2a5a0</run_address>
         <size>0x720</size>
         <input_file_ref idref="fl-47"/>
      </object_component>
      <object_component id="oc-15e">
         <name>.text</name>
         <load_address>0x2acc0</load_address>
         <run_address>0x2acc0</run_address>
         <size>0x6d0</size>
         <input_file_ref idref="fl-1b"/>
      </object_component>
      <object_component id="oc-37e">
         <name>.text</name>
         <load_address>0x2b390</load_address>
         <run_address>0x2b390</run_address>
         <size>0x6a0</size>
         <input_file_ref idref="fl-4f"/>
      </object_component>
      <object_component id="oc-78">
         <name>.text</name>
         <load_address>0x2ba30</load_address>
         <run_address>0x2ba30</run_address>
         <size>0x664</size>
         <input_file_ref idref="fl-c"/>
      </object_component>
      <object_component id="oc-105">
         <name>.text</name>
         <load_address>0x2c094</load_address>
         <run_address>0x2c094</run_address>
         <size>0x650</size>
         <input_file_ref idref="fl-1c"/>
      </object_component>
      <object_component id="oc-5c9">
         <name>.text</name>
         <load_address>0x2c6e4</load_address>
         <run_address>0x2c6e4</run_address>
         <size>0x5d4</size>
         <input_file_ref idref="fl-4c"/>
      </object_component>
      <object_component id="oc-90">
         <name>.text</name>
         <load_address>0x2ccb8</load_address>
         <run_address>0x2ccb8</run_address>
         <size>0x5bc</size>
         <input_file_ref idref="fl-d"/>
      </object_component>
      <object_component id="oc-2c7">
         <name>.text</name>
         <load_address>0x2d274</load_address>
         <run_address>0x2d274</run_address>
         <size>0x52c</size>
         <input_file_ref idref="fl-7b"/>
      </object_component>
      <object_component id="oc-317">
         <name>.text</name>
         <load_address>0x2d7a0</load_address>
         <run_address>0x2d7a0</run_address>
         <size>0x3e8</size>
         <input_file_ref idref="fl-3e"/>
      </object_component>
      <object_component id="oc-5d5">
         <name>.text</name>
         <load_address>0x2db88</load_address>
         <run_address>0x2db88</run_address>
         <size>0x3a4</size>
         <input_file_ref idref="fl-38"/>
      </object_component>
      <object_component id="oc-73">
         <name>.text</name>
         <load_address>0x2df2c</load_address>
         <run_address>0x2df2c</run_address>
         <size>0x34c</size>
         <input_file_ref idref="fl-1e"/>
      </object_component>
      <object_component id="oc-384">
         <name>.text</name>
         <load_address>0x2e278</load_address>
         <run_address>0x2e278</run_address>
         <size>0x2c0</size>
         <input_file_ref idref="fl-5c"/>
      </object_component>
      <object_component id="oc-70f">
         <name>.text</name>
         <load_address>0x2e538</load_address>
         <run_address>0x2e538</run_address>
         <size>0x2b4</size>
         <input_file_ref idref="fl-9c"/>
      </object_component>
      <object_component id="oc-1e">
         <name>.text:retain</name>
         <load_address>0x2e7ec</load_address>
         <run_address>0x2e7ec</run_address>
         <size>0x2a4</size>
         <input_file_ref idref="fl-28"/>
      </object_component>
      <object_component id="oc-44">
         <name>.text:retain</name>
         <load_address>0x2ea90</load_address>
         <run_address>0x2ea90</run_address>
         <size>0x290</size>
         <input_file_ref idref="fl-29"/>
      </object_component>
      <object_component id="oc-4e3">
         <name>.text</name>
         <load_address>0x2ed20</load_address>
         <run_address>0x2ed20</run_address>
         <size>0x278</size>
         <input_file_ref idref="fl-13"/>
      </object_component>
      <object_component id="oc-5ff">
         <name>.text:_pconv_a</name>
         <load_address>0x2ef98</load_address>
         <run_address>0x2ef98</run_address>
         <size>0x248</size>
         <input_file_ref idref="fl-9a"/>
      </object_component>
      <object_component id="oc-356">
         <name>.text</name>
         <load_address>0x2f1e0</load_address>
         <run_address>0x2f1e0</run_address>
         <size>0x238</size>
         <input_file_ref idref="fl-14"/>
      </object_component>
      <object_component id="oc-2d3">
         <name>.text</name>
         <load_address>0x2f418</load_address>
         <run_address>0x2f418</run_address>
         <size>0x210</size>
         <input_file_ref idref="fl-8"/>
      </object_component>
      <object_component id="oc-164">
         <name>.text</name>
         <load_address>0x2f628</load_address>
         <run_address>0x2f628</run_address>
         <size>0x1c4</size>
         <input_file_ref idref="fl-f"/>
      </object_component>
      <object_component id="oc-56e">
         <name>.text</name>
         <load_address>0x2f7ec</load_address>
         <run_address>0x2f7ec</run_address>
         <size>0x1b0</size>
         <input_file_ref idref="fl-16"/>
      </object_component>
      <object_component id="oc-5ed">
         <name>.text:_pconv_g</name>
         <load_address>0x2f99c</load_address>
         <run_address>0x2f99c</run_address>
         <size>0x1a0</size>
         <input_file_ref idref="fl-9a"/>
      </object_component>
      <object_component id="oc-14b">
         <name>.text</name>
         <load_address>0x2fb3c</load_address>
         <run_address>0x2fb3c</run_address>
         <size>0x174</size>
         <input_file_ref idref="fl-9"/>
      </object_component>
      <object_component id="oc-339">
         <name>.text</name>
         <load_address>0x2fcb0</load_address>
         <run_address>0x2fcb0</run_address>
         <size>0x158</size>
         <input_file_ref idref="fl-19"/>
      </object_component>
      <object_component id="oc-24">
         <name>.text:retain</name>
         <load_address>0x2fe08</load_address>
         <run_address>0x2fe08</run_address>
         <size>0x134</size>
         <input_file_ref idref="fl-4"/>
      </object_component>
      <object_component id="oc-42a">
         <name>.text</name>
         <load_address>0x2ff3c</load_address>
         <run_address>0x2ff3c</run_address>
         <size>0x120</size>
         <input_file_ref idref="fl-3b"/>
      </object_component>
      <object_component id="oc-33">
         <name>.text:retain</name>
         <load_address>0x3005c</load_address>
         <run_address>0x3005c</run_address>
         <size>0x114</size>
         <input_file_ref idref="fl-d"/>
      </object_component>
      <object_component id="oc-5f9">
         <name>.text:_pconv_e</name>
         <load_address>0x30170</load_address>
         <run_address>0x30170</run_address>
         <size>0x104</size>
         <input_file_ref idref="fl-9a"/>
      </object_component>
      <object_component id="oc-728">
         <name>.text:fcvt</name>
         <load_address>0x30274</load_address>
         <run_address>0x30274</run_address>
         <size>0xfc</size>
         <input_file_ref idref="fl-9a"/>
      </object_component>
      <object_component id="oc-73c">
         <name>.text:scalbn</name>
         <load_address>0x30370</load_address>
         <run_address>0x30370</run_address>
         <size>0xf0</size>
         <input_file_ref idref="fl-a2"/>
      </object_component>
      <object_component id="oc-ca">
         <name>.text</name>
         <load_address>0x30460</load_address>
         <run_address>0x30460</run_address>
         <size>0xe8</size>
         <input_file_ref idref="fl-a"/>
      </object_component>
      <object_component id="oc-3fe">
         <name>.text:floor</name>
         <load_address>0x30548</load_address>
         <run_address>0x30548</run_address>
         <size>0xe0</size>
         <input_file_ref idref="fl-81"/>
      </object_component>
      <object_component id="oc-10d">
         <name>.text</name>
         <load_address>0x30628</load_address>
         <run_address>0x30628</run_address>
         <size>0xe0</size>
         <input_file_ref idref="fl-26"/>
      </object_component>
      <object_component id="oc-2d">
         <name>.text:retain</name>
         <load_address>0x30708</load_address>
         <run_address>0x30708</run_address>
         <size>0xcc</size>
         <input_file_ref idref="fl-b"/>
      </object_component>
      <object_component id="oc-5e7">
         <name>.text:_ltostr</name>
         <load_address>0x307d4</load_address>
         <run_address>0x307d4</run_address>
         <size>0xad</size>
         <input_file_ref idref="fl-9a"/>
      </object_component>
      <object_component id="oc-bd">
         <name>.text</name>
         <load_address>0x30884</load_address>
         <run_address>0x30884</run_address>
         <size>0xa0</size>
         <input_file_ref idref="fl-10"/>
      </object_component>
      <object_component id="oc-5b">
         <name>.text</name>
         <load_address>0x30924</load_address>
         <run_address>0x30924</run_address>
         <size>0x9c</size>
         <input_file_ref idref="fl-84"/>
      </object_component>
      <object_component id="oc-721">
         <name>.text:_mcpy</name>
         <load_address>0x309c0</load_address>
         <run_address>0x309c0</run_address>
         <size>0x7a</size>
         <input_file_ref idref="fl-9a"/>
      </object_component>
      <object_component id="oc-f7">
         <name>.text</name>
         <load_address>0x30a3a</load_address>
         <run_address>0x30a3a</run_address>
         <size>0x7a</size>
         <input_file_ref idref="fl-85"/>
      </object_component>
      <object_component id="oc-736">
         <name>.text:frexp</name>
         <load_address>0x30ab4</load_address>
         <run_address>0x30ab4</run_address>
         <size>0x74</size>
         <input_file_ref idref="fl-a1"/>
      </object_component>
      <object_component id="oc-11">
         <name>.text:decompress:lzss:__TI_decompress_lzss</name>
         <load_address>0x30b28</load_address>
         <run_address>0x30b28</run_address>
         <size>0x6c</size>
         <input_file_ref idref="fl-8c"/>
      </object_component>
      <object_component id="oc-715">
         <name>.text:__TI_ltoa</name>
         <load_address>0x30b94</load_address>
         <run_address>0x30b94</run_address>
         <size>0x54</size>
         <input_file_ref idref="fl-9d"/>
      </object_component>
      <object_component id="oc-71b">
         <name>.text:_ecpy</name>
         <load_address>0x30be8</load_address>
         <run_address>0x30be8</run_address>
         <size>0x54</size>
         <input_file_ref idref="fl-9a"/>
      </object_component>
      <object_component id="oc-52a">
         <name>.text</name>
         <load_address>0x30c3c</load_address>
         <run_address>0x30c3c</run_address>
         <size>0x54</size>
         <input_file_ref idref="fl-86"/>
      </object_component>
      <object_component id="oc-5f3">
         <name>.text:_pconv_f</name>
         <load_address>0x30c90</load_address>
         <run_address>0x30c90</run_address>
         <size>0x50</size>
         <input_file_ref idref="fl-9a"/>
      </object_component>
      <object_component id="oc-5db">
         <name>.text:atoi</name>
         <load_address>0x30ce0</load_address>
         <run_address>0x30ce0</run_address>
         <size>0x50</size>
         <input_file_ref idref="fl-8f"/>
      </object_component>
      <object_component id="oc-308">
         <name>.text</name>
         <load_address>0x30d30</load_address>
         <run_address>0x30d30</run_address>
         <size>0x50</size>
         <input_file_ref idref="fl-87"/>
      </object_component>
      <object_component id="oc-11b">
         <name>.text:__TI_auto_init_nobinit_nopinit:__TI_auto_init_nobinit_nopinit</name>
         <load_address>0x30d80</load_address>
         <run_address>0x30d80</run_address>
         <size>0x44</size>
         <input_file_ref idref="fl-88"/>
      </object_component>
      <object_component id="oc-72e">
         <name>.text:_fcpy</name>
         <load_address>0x30dc4</load_address>
         <run_address>0x30dc4</run_address>
         <size>0x40</size>
         <input_file_ref idref="fl-9a"/>
      </object_component>
      <object_component id="oc-367">
         <name>.text</name>
         <load_address>0x30e04</load_address>
         <run_address>0x30e04</run_address>
         <size>0x30</size>
         <input_file_ref idref="fl-3"/>
      </object_component>
      <object_component id="oc-6fd">
         <name>.text:strncmp</name>
         <load_address>0x30e34</load_address>
         <run_address>0x30e34</run_address>
         <size>0x2a</size>
         <input_file_ref idref="fl-98"/>
      </object_component>
      <object_component id="oc-703">
         <name>.text:memmove</name>
         <load_address>0x30e5e</load_address>
         <run_address>0x30e5e</run_address>
         <size>0x28</size>
         <input_file_ref idref="fl-96"/>
      </object_component>
      <object_component id="oc-2d9">
         <name>.text:vsprintf</name>
         <load_address>0x30e88</load_address>
         <run_address>0x30e88</run_address>
         <size>0x28</size>
         <input_file_ref idref="fl-83"/>
      </object_component>
      <object_component id="oc-605">
         <name>.text:memccpy</name>
         <load_address>0x30eb0</load_address>
         <run_address>0x30eb0</run_address>
         <size>0x26</size>
         <input_file_ref idref="fl-9e"/>
      </object_component>
      <object_component id="oc-532">
         <name>.text:memcmp</name>
         <load_address>0x30ed6</load_address>
         <run_address>0x30ed6</run_address>
         <size>0x26</size>
         <input_file_ref idref="fl-95"/>
      </object_component>
      <object_component id="oc-7d2">
         <name>.text:copysign</name>
         <load_address>0x30efc</load_address>
         <run_address>0x30efc</run_address>
         <size>0x1e</size>
         <input_file_ref idref="fl-a3"/>
      </object_component>
      <object_component id="oc-457">
         <name>.text:_outs</name>
         <load_address>0x30f1a</load_address>
         <run_address>0x30f1a</run_address>
         <size>0x1a</size>
         <input_file_ref idref="fl-83"/>
      </object_component>
      <object_component id="oc-742">
         <name>.text:strchr</name>
         <load_address>0x30f34</load_address>
         <run_address>0x30f34</run_address>
         <size>0x16</size>
         <input_file_ref idref="fl-9f"/>
      </object_component>
      <object_component id="oc-323">
         <name>.text:strlen</name>
         <load_address>0x30f4a</load_address>
         <run_address>0x30f4a</run_address>
         <size>0x16</size>
         <input_file_ref idref="fl-97"/>
      </object_component>
      <object_component id="oc-60b">
         <name>.text:wcslen</name>
         <load_address>0x30f60</load_address>
         <run_address>0x30f60</run_address>
         <size>0x12</size>
         <input_file_ref idref="fl-a0"/>
      </object_component>
      <object_component id="oc-512">
         <name>.text:isdigit</name>
         <load_address>0x30f74</load_address>
         <run_address>0x30f74</run_address>
         <size>0x10</size>
         <input_file_ref idref="fl-91"/>
      </object_component>
      <object_component id="oc-51e">
         <name>.text:islower</name>
         <load_address>0x30f84</load_address>
         <run_address>0x30f84</run_address>
         <size>0x10</size>
         <input_file_ref idref="fl-92"/>
      </object_component>
      <object_component id="oc-524">
         <name>.text:isspace</name>
         <load_address>0x30f94</load_address>
         <run_address>0x30f94</run_address>
         <size>0x10</size>
         <input_file_ref idref="fl-93"/>
      </object_component>
      <object_component id="oc-518">
         <name>.text:isxdigit</name>
         <load_address>0x30fa4</load_address>
         <run_address>0x30fa4</run_address>
         <size>0x10</size>
         <input_file_ref idref="fl-94"/>
      </object_component>
      <object_component id="oc-97">
         <name>.text</name>
         <load_address>0x30fb4</load_address>
         <run_address>0x30fb4</run_address>
         <size>0x10</size>
         <input_file_ref idref="fl-21"/>
      </object_component>
      <object_component id="oc-17">
         <name>.text:decompress:none:__TI_decompress_none</name>
         <load_address>0x30fc4</load_address>
         <run_address>0x30fc4</run_address>
         <size>0xe</size>
         <input_file_ref idref="fl-8b"/>
      </object_component>
      <object_component id="oc-6d">
         <name>.text:decompress:ZI:__TI_zero_init</name>
         <load_address>0x30fd2</load_address>
         <run_address>0x30fd2</run_address>
         <size>0xc</size>
         <input_file_ref idref="fl-8a"/>
      </object_component>
      <object_component id="oc-45d">
         <name>.text:_outc</name>
         <load_address>0x30fde</load_address>
         <run_address>0x30fde</run_address>
         <size>0xa</size>
         <input_file_ref idref="fl-83"/>
      </object_component>
      <object_component id="oc-611">
         <name>.text:__aeabi_errno_addr</name>
         <load_address>0x30fe8</load_address>
         <run_address>0x30fe8</run_address>
         <size>0x8</size>
         <input_file_ref idref="fl-99"/>
      </object_component>
      <object_component id="oc-152">
         <name>.text:abort:abort</name>
         <load_address>0x30ff0</load_address>
         <run_address>0x30ff0</run_address>
         <size>0x4</size>
         <input_file_ref idref="fl-8d"/>
      </object_component>
      <object_component id="oc-3e">
         <name>.text:retain</name>
         <load_address>0x30ff4</load_address>
         <run_address>0x30ff4</run_address>
         <size>0x4</size>
         <input_file_ref idref="fl-24"/>
      </object_component>
      <object_component id="oc-7e">
         <name>.text</name>
         <load_address>0x30ff8</load_address>
         <run_address>0x30ff8</run_address>
         <size>0x4</size>
         <input_file_ref idref="fl-28"/>
      </object_component>
      <object_component id="oc-2a">
         <name>.const:s_vim_init</name>
         <load_address>0x30ffc</load_address>
         <run_address>0x30ffc</run_address>
         <size>0x180</size>
         <input_file_ref idref="fl-29"/>
      </object_component>
      <object_component id="oc-6aa">
         <name>.const:.string:_ctypes_</name>
         <load_address>0x3117c</load_address>
         <run_address>0x3117c</run_address>
         <size>0x101</size>
         <input_file_ref idref="fl-90"/>
      </object_component>
      <object_component id="oc-76e">
         <name>.const:.string</name>
         <load_address>0x31280</load_address>
         <run_address>0x31280</run_address>
         <size>0x98</size>
         <input_file_ref idref="fl-3e"/>
      </object_component>
      <object_component id="oc-649">
         <name>.const:.string</name>
         <load_address>0x31318</load_address>
         <run_address>0x31318</run_address>
         <size>0x78</size>
         <input_file_ref idref="fl-44"/>
      </object_component>
      <object_component id="oc-4c1">
         <name>.const:memp_pools</name>
         <load_address>0x31390</load_address>
         <run_address>0x31390</run_address>
         <size>0x34</size>
         <input_file_ref idref="fl-3e"/>
      </object_component>
      <object_component id="oc-4b8">
         <name>.const:tcp_state_str</name>
         <load_address>0x313c4</load_address>
         <run_address>0x313c4</run_address>
         <size>0x2c</size>
         <input_file_ref idref="fl-44"/>
      </object_component>
      <object_component id="oc-5b9">
         <name>.const:lwip_cyclic_timers</name>
         <load_address>0x313f0</load_address>
         <run_address>0x313f0</run_address>
         <size>0x28</size>
         <input_file_ref idref="fl-47"/>
      </object_component>
      <object_component id="oc-19e">
         <name>.const:$P$T0$1</name>
         <load_address>0x31418</load_address>
         <run_address>0x31418</run_address>
         <size>0x14</size>
         <input_file_ref idref="fl-5"/>
      </object_component>
      <object_component id="oc-1a1">
         <name>.const:$P$T1$2</name>
         <load_address>0x3142c</load_address>
         <run_address>0x3142c</run_address>
         <size>0x14</size>
         <input_file_ref idref="fl-5"/>
      </object_component>
      <object_component id="oc-418">
         <name>.const:$P$T3$4</name>
         <load_address>0x31440</load_address>
         <run_address>0x31440</run_address>
         <size>0x14</size>
         <input_file_ref idref="fl-7b"/>
      </object_component>
      <object_component id="oc-65b">
         <name>.const:memp_FRAG_PBUF</name>
         <load_address>0x31454</load_address>
         <run_address>0x31454</run_address>
         <size>0x10</size>
         <input_file_ref idref="fl-3e"/>
      </object_component>
      <object_component id="oc-65e">
         <name>.const:memp_NETBUF</name>
         <load_address>0x31464</load_address>
         <run_address>0x31464</run_address>
         <size>0x10</size>
         <input_file_ref idref="fl-3e"/>
      </object_component>
      <object_component id="oc-661">
         <name>.const:memp_NETCONN</name>
         <load_address>0x31474</load_address>
         <run_address>0x31474</run_address>
         <size>0x10</size>
         <input_file_ref idref="fl-3e"/>
      </object_component>
      <object_component id="oc-66d">
         <name>.const:memp_PBUF</name>
         <load_address>0x31484</load_address>
         <run_address>0x31484</run_address>
         <size>0x10</size>
         <input_file_ref idref="fl-3e"/>
      </object_component>
      <object_component id="oc-670">
         <name>.const:memp_PBUF_POOL</name>
         <load_address>0x31494</load_address>
         <run_address>0x31494</run_address>
         <size>0x10</size>
         <input_file_ref idref="fl-3e"/>
      </object_component>
      <object_component id="oc-658">
         <name>.const:memp_REASSDATA</name>
         <load_address>0x314a4</load_address>
         <run_address>0x314a4</run_address>
         <size>0x10</size>
         <input_file_ref idref="fl-3e"/>
      </object_component>
      <object_component id="oc-66a">
         <name>.const:memp_SYS_TIMEOUT</name>
         <load_address>0x314b4</load_address>
         <run_address>0x314b4</run_address>
         <size>0x10</size>
         <input_file_ref idref="fl-3e"/>
      </object_component>
      <object_component id="oc-664">
         <name>.const:memp_TCPIP_MSG_API</name>
         <load_address>0x314c4</load_address>
         <run_address>0x314c4</run_address>
         <size>0x10</size>
         <input_file_ref idref="fl-3e"/>
      </object_component>
      <object_component id="oc-667">
         <name>.const:memp_TCPIP_MSG_INPKT</name>
         <load_address>0x314d4</load_address>
         <run_address>0x314d4</run_address>
         <size>0x10</size>
         <input_file_ref idref="fl-3e"/>
      </object_component>
      <object_component id="oc-64f">
         <name>.const:memp_TCP_PCB</name>
         <load_address>0x314e4</load_address>
         <run_address>0x314e4</run_address>
         <size>0x10</size>
         <input_file_ref idref="fl-3e"/>
      </object_component>
      <object_component id="oc-652">
         <name>.const:memp_TCP_PCB_LISTEN</name>
         <load_address>0x314f4</load_address>
         <run_address>0x314f4</run_address>
         <size>0x10</size>
         <input_file_ref idref="fl-3e"/>
      </object_component>
      <object_component id="oc-655">
         <name>.const:memp_TCP_SEG</name>
         <load_address>0x31504</load_address>
         <run_address>0x31504</run_address>
         <size>0x10</size>
         <input_file_ref idref="fl-3e"/>
      </object_component>
      <object_component id="oc-64c">
         <name>.const:memp_UDP_PCB</name>
         <load_address>0x31514</load_address>
         <run_address>0x31514</run_address>
         <size>0x10</size>
         <input_file_ref idref="fl-3e"/>
      </object_component>
      <object_component id="oc-4a1">
         <name>.const:tcp_pcb_lists</name>
         <load_address>0x31524</load_address>
         <run_address>0x31524</run_address>
         <size>0x10</size>
         <input_file_ref idref="fl-44"/>
      </object_component>
      <object_component id="oc-4b5">
         <name>.const:.string:tcp_backoff</name>
         <load_address>0x31534</load_address>
         <run_address>0x31534</run_address>
         <size>0xd</size>
         <input_file_ref idref="fl-44"/>
      </object_component>
      <object_component id="oc-36d">
         <name>.const:$P$T0$1</name>
         <load_address>0x31544</load_address>
         <run_address>0x31544</run_address>
         <size>0xc</size>
         <input_file_ref idref="fl-2"/>
      </object_component>
      <object_component id="oc-409">
         <name>.const:$P$T0$1</name>
         <load_address>0x31550</load_address>
         <run_address>0x31550</run_address>
         <size>0x8</size>
         <input_file_ref idref="fl-7b"/>
      </object_component>
      <object_component id="oc-4b2">
         <name>.const:.string:tcp_persist_backoff</name>
         <load_address>0x31558</load_address>
         <run_address>0x31558</run_address>
         <size>0x7</size>
         <input_file_ref idref="fl-44"/>
      </object_component>
      <object_component id="oc-396">
         <name>.const:ethbroadcast</name>
         <load_address>0x3155f</load_address>
         <run_address>0x3155f</run_address>
         <size>0x6</size>
         <input_file_ref idref="fl-5c"/>
      </object_component>
      <object_component id="oc-393">
         <name>.const:ethzero</name>
         <load_address>0x31565</load_address>
         <run_address>0x31565</run_address>
         <size>0x6</size>
         <input_file_ref idref="fl-5c"/>
      </object_component>
      <object_component id="oc-40c">
         <name>.const:$P$T1$2</name>
         <load_address>0x3156c</load_address>
         <run_address>0x3156c</run_address>
         <size>0x4</size>
         <input_file_ref idref="fl-7b"/>
      </object_component>
      <object_component id="oc-415">
         <name>.const:$P$T2$3</name>
         <load_address>0x31570</load_address>
         <run_address>0x31570</run_address>
         <size>0x4</size>
         <input_file_ref idref="fl-7b"/>
      </object_component>
      <object_component id="oc-2df">
         <name>.const:.string:$P$T0$1</name>
         <load_address>0x31574</load_address>
         <run_address>0x31574</run_address>
         <size>0x4</size>
         <input_file_ref idref="fl-9"/>
      </object_component>
      <object_component id="oc-2e2">
         <name>.const:.string:$P$T1$2</name>
         <load_address>0x31578</load_address>
         <run_address>0x31578</run_address>
         <size>0x4</size>
         <input_file_ref idref="fl-9"/>
      </object_component>
      <object_component id="oc-2e5">
         <name>.const:.string:$P$T2$3</name>
         <load_address>0x3157c</load_address>
         <run_address>0x3157c</run_address>
         <size>0x4</size>
         <input_file_ref idref="fl-9"/>
      </object_component>
      <object_component id="oc-4ab">
         <name>.const:ip_addr_any</name>
         <load_address>0x31580</load_address>
         <run_address>0x31580</run_address>
         <size>0x4</size>
         <input_file_ref idref="fl-4f"/>
      </object_component>
      <object_component id="oc-54a">
         <name>.const:ip_addr_broadcast</name>
         <load_address>0x31584</load_address>
         <run_address>0x31584</run_address>
         <size>0x4</size>
         <input_file_ref idref="fl-4f"/>
      </object_component>
      <object_component id="oc-412">
         <name>.const:os_mutex_def_lwip_sys_mutex</name>
         <load_address>0x31588</load_address>
         <run_address>0x31588</run_address>
         <size>0x4</size>
         <input_file_ref idref="fl-7b"/>
      </object_component>
      <object_component id="oc-362">
         <name>.kernelBSS</name>
         <load_address>0x80008f8</load_address>
         <run_address>0x80008f8</run_address>
         <size>0x40</size>
         <input_file_ref idref="fl-18"/>
      </object_component>
      <object_component id="oc-242">
         <name>.kernelBSS:init</name>
         <load_address>0x8000938</load_address>
         <run_address>0x8000938</run_address>
         <size>0x34</size>
         <input_file_ref idref="fl-19"/>
      </object_component>
      <object_component id="oc-3cc">
         <name>.kernelBSS:uninit</name>
         <load_address>0x8000800</load_address>
         <run_address>0x8000800</run_address>
         <size>0xf8</size>
         <input_file_ref idref="fl-19"/>
      </object_component>
      <object_component id="oc-69b">
         <name>.kernelHEAP</name>
         <uninitialized>true</uninitialized>
         <run_address>0x800cfeb</run_address>
         <size>0x7800</size>
         <input_file_ref idref="fl-13"/>
      </object_component>
      <object_component id="oc-19b">
         <name>.bss:mac_address</name>
         <uninitialized>true</uninitialized>
         <run_address>0x800cf90</run_address>
         <size>0x8</size>
         <input_file_ref idref="fl-5"/>
      </object_component>
      <object_component id="oc-16a">
         <name>.bss:pbuf_array</name>
         <uninitialized>true</uninitialized>
         <run_address>0x8006014</run_address>
         <size>0x3b24</size>
         <input_file_ref idref="fl-b"/>
      </object_component>
      <object_component id="oc-4ec">
         <name>.bss:xStart</name>
         <uninitialized>true</uninitialized>
         <run_address>0x800cf98</run_address>
         <size>0x8</size>
         <input_file_ref idref="fl-13"/>
      </object_component>
      <object_component id="oc-404">
         <name>.bss:g_sciTransfer_t</name>
         <uninitialized>true</uninitialized>
         <run_address>0x800ce58</run_address>
         <size>0x28</size>
         <input_file_ref idref="fl-1d"/>
      </object_component>
      <object_component id="oc-433">
         <name>.bss</name>
         <uninitialized>true</uninitialized>
         <run_address>0x800cf6c</run_address>
         <size>0xc</size>
         <input_file_ref idref="fl-33"/>
      </object_component>
      <object_component id="oc-377">
         <name>.bss</name>
         <uninitialized>true</uninitialized>
         <run_address>0x800cf3c</run_address>
         <size>0x10</size>
         <input_file_ref idref="fl-3d"/>
      </object_component>
      <object_component id="oc-770">
         <name>.bss</name>
         <uninitialized>true</uninitialized>
         <run_address>0x800ce24</run_address>
         <size>0x34</size>
         <input_file_ref idref="fl-3e"/>
      </object_component>
      <object_component id="oc-5e1">
         <name>.bss</name>
         <uninitialized>true</uninitialized>
         <run_address>0x800cfe8</run_address>
         <size>0x1</size>
         <input_file_ref idref="fl-3f"/>
      </object_component>
      <object_component id="oc-49e">
         <name>.bss</name>
         <uninitialized>true</uninitialized>
         <run_address>0x800cfb5</run_address>
         <size>0x2</size>
         <input_file_ref idref="fl-44"/>
      </object_component>
      <object_component id="oc-637">
         <name>.bss:inseg</name>
         <uninitialized>true</uninitialized>
         <run_address>0x800cf28</run_address>
         <size>0x14</size>
         <input_file_ref idref="fl-45"/>
      </object_component>
      <object_component id="oc-634">
         <name>.bss</name>
         <uninitialized>true</uninitialized>
         <run_address>0x800cea8</run_address>
         <size>0x24</size>
         <input_file_ref idref="fl-45"/>
      </object_component>
      <object_component id="oc-5b6">
         <name>.bss</name>
         <uninitialized>true</uninitialized>
         <run_address>0x800cf78</run_address>
         <size>0xc</size>
         <input_file_ref idref="fl-47"/>
      </object_component>
      <object_component id="oc-540">
         <name>.bss</name>
         <uninitialized>true</uninitialized>
         <run_address>0x800cfb0</run_address>
         <size>0x5</size>
         <input_file_ref idref="fl-4a"/>
      </object_component>
      <object_component id="oc-390">
         <name>.bss:arp_table</name>
         <uninitialized>true</uninitialized>
         <run_address>0x800c8a0</run_address>
         <size>0xf0</size>
         <input_file_ref idref="fl-4b"/>
      </object_component>
      <object_component id="oc-399">
         <name>.bss</name>
         <uninitialized>true</uninitialized>
         <run_address>0x800cfb7</run_address>
         <size>0x1</size>
         <input_file_ref idref="fl-4b"/>
      </object_component>
      <object_component id="oc-5cf">
         <name>.bss</name>
         <uninitialized>true</uninitialized>
         <run_address>0x800cfae</run_address>
         <size>0x2</size>
         <input_file_ref idref="fl-4e"/>
      </object_component>
      <object_component id="oc-52f">
         <name>.bss:str$1</name>
         <uninitialized>true</uninitialized>
         <run_address>0x800cf4c</run_address>
         <size>0x10</size>
         <input_file_ref idref="fl-4f"/>
      </object_component>
      <object_component id="oc-6e6">
         <name>.bss</name>
         <uninitialized>true</uninitialized>
         <run_address>0x800cfa8</run_address>
         <size>0x6</size>
         <input_file_ref idref="fl-50"/>
      </object_component>
      <object_component id="oc-b1">
         <name>.common:EMACCore0RxIsr_counter</name>
         <uninitialized>true</uninitialized>
         <run_address>0x800cf5c</run_address>
         <size>0x10</size>
      </object_component>
      <object_component id="oc-197">
         <name>.common:rx_queue</name>
         <uninitialized>true</uninitialized>
         <run_address>0x800cfc8</run_address>
         <size>0x4</size>
      </object_component>
      <object_component id="oc-195">
         <name>.common:pbuf_pool</name>
         <uninitialized>true</uninitialized>
         <run_address>0x800cf84</run_address>
         <size>0xc</size>
      </object_component>
      <object_component id="oc-192">
         <name>.common:pbuf_pool_sem</name>
         <uninitialized>true</uninitialized>
         <run_address>0x800cfc4</run_address>
         <size>0x4</size>
      </object_component>
      <object_component id="oc-196">
         <name>.common:counter</name>
         <uninitialized>true</uninitialized>
         <run_address>0x800ce80</run_address>
         <size>0x28</size>
      </object_component>
      <object_component id="oc-44d">
         <name>.common:gnetif</name>
         <uninitialized>true</uninitialized>
         <run_address>0x800cdac</run_address>
         <size>0x3c</size>
      </object_component>
      <object_component id="oc-ae">
         <name>.common:hdkif_data</name>
         <uninitialized>true</uninitialized>
         <run_address>0x800cde8</run_address>
         <size>0x3c</size>
      </object_component>
      <object_component id="oc-430">
         <name>.common:lock_tcpip_core</name>
         <uninitialized>true</uninitialized>
         <run_address>0x800cfb8</run_address>
         <size>0x4</size>
      </object_component>
      <object_component id="oc-550">
         <name>.common:ip_data</name>
         <uninitialized>true</uninitialized>
         <run_address>0x800cf10</run_address>
         <size>0x18</size>
      </object_component>
      <object_component id="oc-37a">
         <name>.common:ram_heap</name>
         <uninitialized>true</uninitialized>
         <run_address>0x8001000</run_address>
         <size>0x5014</size>
      </object_component>
      <object_component id="oc-76f">
         <name>.common:memp_memory_UDP_PCB_base</name>
         <uninitialized>true</uninitialized>
         <run_address>0x800ccc4</run_address>
         <size>0x84</size>
      </object_component>
      <object_component id="oc-775">
         <name>.common:memp_memory_TCP_PCB_base</name>
         <uninitialized>true</uninitialized>
         <run_address>0x800c13c</run_address>
         <size>0x3b0</size>
      </object_component>
      <object_component id="oc-778">
         <name>.common:memp_memory_TCP_PCB_LISTEN_base</name>
         <uninitialized>true</uninitialized>
         <run_address>0x800c990</run_address>
         <size>0xe4</size>
      </object_component>
      <object_component id="oc-77b">
         <name>.common:memp_memory_TCP_SEG_base</name>
         <uninitialized>true</uninitialized>
         <run_address>0x800c658</run_address>
         <size>0x144</size>
      </object_component>
      <object_component id="oc-77e">
         <name>.common:memp_memory_REASSDATA_base</name>
         <uninitialized>true</uninitialized>
         <run_address>0x800cb18</run_address>
         <size>0xa4</size>
      </object_component>
      <object_component id="oc-781">
         <name>.common:memp_memory_FRAG_PBUF_base</name>
         <uninitialized>true</uninitialized>
         <run_address>0x800c4ec</run_address>
         <size>0x16c</size>
      </object_component>
      <object_component id="oc-784">
         <name>.common:memp_memory_NETBUF_base</name>
         <uninitialized>true</uninitialized>
         <run_address>0x800cecc</run_address>
         <size>0x24</size>
      </object_component>
      <object_component id="oc-787">
         <name>.common:memp_memory_NETCONN_base</name>
         <uninitialized>true</uninitialized>
         <run_address>0x800ca74</run_address>
         <size>0xa4</size>
      </object_component>
      <object_component id="oc-78a">
         <name>.common:memp_memory_TCPIP_MSG_API_base</name>
         <uninitialized>true</uninitialized>
         <run_address>0x800cbbc</run_address>
         <size>0x84</size>
      </object_component>
      <object_component id="oc-78d">
         <name>.common:memp_memory_TCPIP_MSG_INPKT_base</name>
         <uninitialized>true</uninitialized>
         <run_address>0x800cc40</run_address>
         <size>0x84</size>
      </object_component>
      <object_component id="oc-790">
         <name>.common:memp_memory_SYS_TIMEOUT_base</name>
         <uninitialized>true</uninitialized>
         <run_address>0x800cd48</run_address>
         <size>0x64</size>
      </object_component>
      <object_component id="oc-793">
         <name>.common:memp_memory_PBUF_base</name>
         <uninitialized>true</uninitialized>
         <run_address>0x800c79c</run_address>
         <size>0x104</size>
      </object_component>
[...]
         <object_component_ref idref="oc-38a"/>
      </symbol>
      <symbol id="sm-1db3">
         <name>dhcp_fine_tmr</name>
         <value>0x8958</value>
         <object_component_ref idref="oc-38a"/>
      </symbol>
      <symbol id="sm-1db4">
         <name>dhcp_release_and_stop</name>
         <value>0xa8b4</value>
         <object_component_ref idref="oc-38a"/>
      </symbol>
      <symbol id="sm-1db5">
         <name>dhcp_start</name>
         <value>0x90dc</value>
         <object_component_ref idref="oc-38a"/>
      </symbol>
      <symbol id="sm-1db6">
         <name>dhcp_set_struct</name>
         <value>0x8fb8</value>
         <object_component_ref idref="oc-38a"/>
      </symbol>
      <symbol id="sm-1db7">
         <name>dhcp_supplied_address</name>
         <value>0xc180</value>
         <object_component_ref idref="oc-38a"/>
      </symbol>
      <symbol id="sm-1db8">
         <name>dhcp_release</name>
         <value>0xaa78</value>
         <object_component_ref idref="oc-38a"/>
      </symbol>
      <symbol id="sm-1db9">
         <name>dhcp_network_changed</name>
         <value>0x9418</value>
         <object_component_ref idref="oc-38a"/>
      </symbol>
      <symbol id="sm-1dba">
         <name>dhcp_stop</name>
         <value>0xaa90</value>
         <object_component_ref idref="oc-38a"/>
      </symbol>
      <symbol id="sm-1dbb">
         <name>dhcp_cleanup</name>
         <value>0x904c</value>
         <object_component_ref idref="oc-38a"/>
      </symbol>
      <symbol id="sm-1dbc">
         <name>dhcp_inform</name>
         <value>0x92b8</value>
         <object_component_ref idref="oc-38a"/>
      </symbol>
      <symbol id="sm-1dbd">
         <name>dhcp_arp_reply</name>
         <value>0x9628</value>
         <object_component_ref idref="oc-38a"/>
      </symbol>
      <symbol id="sm-1dbe">
         <name>dhcp_renew</name>
         <value>0xa15c</value>
         <object_component_ref idref="oc-38a"/>
      </symbol>
      <symbol id="sm-1e82">
         <name>etharp_output</name>
         <value>0x1eca4</value>
         <object_component_ref idref="oc-18c"/>
      </symbol>
      <symbol id="sm-1e83">
         <name>etharp_request</name>
         <value>0x1f514</value>
         <object_component_ref idref="oc-18c"/>
      </symbol>
      <symbol id="sm-1e84">
         <name>etharp_cleanup_netif</name>
         <value>0x1e634</value>
         <object_component_ref idref="oc-18c"/>
      </symbol>
      <symbol id="sm-1e85">
         <name>etharp_query</name>
         <value>0x1ef78</value>
         <object_component_ref idref="oc-18c"/>
      </symbol>
      <symbol id="sm-1e86">
         <name>etharp_get_entry</name>
         <value>0x1e800</value>
         <object_component_ref idref="oc-18c"/>
      </symbol>
      <symbol id="sm-1e87">
         <name>etharp_find_addr</name>
         <value>0x1e6e4</value>
         <object_component_ref idref="oc-18c"/>
      </symbol>
      <symbol id="sm-1e88">
         <name>etharp_input</name>
         <value>0x1e908</value>
         <object_component_ref idref="oc-18c"/>
      </symbol>
      <symbol id="sm-1e89">
         <name>etharp_tmr</name>
         <value>0x1dec4</value>
         <object_component_ref idref="oc-18c"/>
      </symbol>
      <symbol id="sm-1ebd">
         <name>icmp_dest_unreach</name>
         <value>0x2ca58</value>
         <object_component_ref idref="oc-5c9"/>
      </symbol>
      <symbol id="sm-1ebe">
         <name>icmp_input</name>
         <value>0x2c6e4</value>
         <object_component_ref idref="oc-5c9"/>
      </symbol>
      <symbol id="sm-1ebf">
         <name>icmp_time_exceeded</name>
         <value>0x2ca78</value>
         <object_component_ref idref="oc-5c9"/>
      </symbol>
      <symbol id="sm-1f20">
         <name>ip4_input</name>
         <value>0x28504</value>
         <object_component_ref idref="oc-436"/>
      </symbol>
      <symbol id="sm-1f21">
         <name>ip4_output</name>
         <value>0x28b78</value>
         <object_component_ref idref="oc-436"/>
      </symbol>
      <symbol id="sm-1f22">
         <name>ip4_route</name>
         <value>0x283dc</value>
         <object_component_ref idref="oc-436"/>
      </symbol>
      <symbol id="sm-1f23">
         <name>ip4_output_if_src</name>
         <value>0x2897c</value>
         <object_component_ref idref="oc-436"/>
      </symbol>
      <symbol id="sm-1f24">
         <name>ip4_output_if</name>
         <value>0x288f8</value>
         <object_component_ref idref="oc-436"/>
      </symbol>
      <symbol id="sm-1f7c">
         <name>ip4addr_aton</name>
         <value>0x2b520</value>
         <object_component_ref idref="oc-37e"/>
      </symbol>
      <symbol id="sm-1f7d">
         <name>ip4_addr_isbroadcast_u32</name>
         <value>0x2b390</value>
         <object_component_ref idref="oc-37e"/>
      </symbol>
      <symbol id="sm-1f7e">
         <name>ipaddr_addr</name>
         <value>0x2b4f4</value>
         <object_component_ref idref="oc-37e"/>
      </symbol>
      <symbol id="sm-1f7f">
         <name>ip_addr_any</name>
         <value>0x31580</value>
         <object_component_ref idref="oc-4ab"/>
      </symbol>
      <symbol id="sm-1f80">
         <name>ip_addr_broadcast</name>
         <value>0x31584</value>
         <object_component_ref idref="oc-54a"/>
      </symbol>
      <symbol id="sm-1f81">
         <name>ip4addr_ntoa_r</name>
         <value>0x2b860</value>
         <object_component_ref idref="oc-37e"/>
      </symbol>
      <symbol id="sm-1f82">
         <name>ip4addr_ntoa</name>
         <value>0x2b844</value>
         <object_component_ref idref="oc-37e"/>
      </symbol>
      <symbol id="sm-1f83">
         <name>ip4_addr_netmask_valid</name>
         <value>0x2b460</value>
         <object_component_ref idref="oc-37e"/>
      </symbol>
      <symbol id="sm-203d">
         <name>ip4_reass</name>
         <value>0x21870</value>
         <object_component_ref idref="oc-5c3"/>
      </symbol>
      <symbol id="sm-203e">
         <name>ip4_frag</name>
         <value>0x21e60</value>
         <object_component_ref idref="oc-5c3"/>
      </symbol>
      <symbol id="sm-203f">
         <name>ip_reass_tmr</name>
         <value>0x20d5c</value>
         <object_component_ref idref="oc-5c3"/>
      </symbol>
      <symbol id="sm-2078">
         <name>ethernet_output</name>
         <value>0x2e400</value>
         <object_component_ref idref="oc-384"/>
      </symbol>
      <symbol id="sm-2079">
         <name>ethernet_input</name>
         <value>0x2e278</value>
         <object_component_ref idref="oc-384"/>
      </symbol>
      <symbol id="sm-207a">
         <name>ethzero</name>
         <value>0x31565</value>
         <object_component_ref idref="oc-393"/>
      </symbol>
      <symbol id="sm-207b">
         <name>ethbroadcast</name>
         <value>0x3155f</value>
         <object_component_ref idref="oc-396"/>
      </symbol>
      <symbol id="sm-2105">
         <name>lwip_sys_mutex</name>
         <value>0x800cfbc</value>
      </symbol>
      <symbol id="sm-2106">
         <name>sys_mbox_set_invalid</name>
         <value>0x2d49c</value>
         <object_component_ref idref="oc-2c7"/>
      </symbol>
      <symbol id="sm-2107">
         <name>sys_mbox_post</name>
         <value>0x2d2f4</value>
         <object_component_ref idref="oc-2c7"/>
      </symbol>
      <symbol id="sm-2108">
         <name>sys_mutex_new</name>
         <value>0x2d628</value>
         <object_component_ref idref="oc-2c7"/>
      </symbol>
      <symbol id="sm-2109">
         <name>sys_init</name>
         <value>0x2d610</value>
         <object_component_ref idref="oc-2c7"/>
      </symbol>
      <symbol id="sm-210a">
         <name>sys_arch_mbox_tryfetch</name>
         <value>0x2d420</value>
         <object_component_ref idref="oc-2c7"/>
      </symbol>
      <symbol id="sm-210b">
         <name>os_mutex_def_lwip_sys_mutex</name>
         <value>0x31588</value>
         <object_component_ref idref="oc-412"/>
      </symbol>
      <symbol id="sm-210c">
         <name>sys_arch_unprotect</name>
         <value>0x2d754</value>
         <object_component_ref idref="oc-2c7"/>
      </symbol>
      <symbol id="sm-210d">
         <name>sys_sem_free</name>
         <value>0x2d5b0</value>
         <object_component_ref idref="oc-2c7"/>
      </symbol>
      <symbol id="sm-210e">
         <name>sys_mbox_trypost</name>
         <value>0x2d320</value>
         <object_component_ref idref="oc-2c7"/>
      </symbol>
      <symbol id="sm-210f">
         <name>sys_arch_sem_wait</name>
         <value>0x2d520</value>
         <object_component_ref idref="oc-2c7"/>
      </symbol>
      <symbol id="sm-2110">
         <name>sys_sem_new</name>
         <value>0x2d4b8</value>
         <object_component_ref idref="oc-2c7"/>
      </symbol>
      <symbol id="sm-2111">
         <name>sys_arch_protect</name>
         <value>0x2d71c</value>
         <object_component_ref idref="oc-2c7"/>
      </symbol>
      <symbol id="sm-2112">
         <name>sys_thread_new</name>
         <value>0x2d6b8</value>
         <object_component_ref idref="oc-2c7"/>
      </symbol>
      <symbol id="sm-2113">
         <name>sys_mutex_unlock</name>
         <value>0x2d6a0</value>
         <object_component_ref idref="oc-2c7"/>
      </symbol>
      <symbol id="sm-2114">
         <name>sys_mutex_free</name>
         <value>0x2d66c</value>
         <object_component_ref idref="oc-2c7"/>
      </symbol>
      <symbol id="sm-2115">
         <name>sys_sem_valid</name>
         <value>0x2d5c8</value>
         <object_component_ref idref="oc-2c7"/>
      </symbol>
      <symbol id="sm-2116">
         <name>sys_mbox_free</name>
         <value>0x2d2d0</value>
         <object_component_ref idref="oc-2c7"/>
      </symbol>
      <symbol id="sm-2117">
         <name>sys_mbox_valid</name>
         <value>0x2d470</value>
         <object_component_ref idref="oc-2c7"/>
      </symbol>
      <symbol id="sm-2118">
         <name>sys_arch_mbox_fetch</name>
         <value>0x2d380</value>
         <object_component_ref idref="oc-2c7"/>
      </symbol>
      <symbol id="sm-2119">
         <name>sys_sem_set_invalid</name>
         <value>0x2d5f4</value>
         <object_component_ref idref="oc-2c7"/>
      </symbol>
      <symbol id="sm-211a">
         <name>sys_mbox_trypost_fromisr</name>
         <value>0x2d364</value>
         <object_component_ref idref="oc-2c7"/>
      </symbol>
      <symbol id="sm-211b">
         <name>sys_sem_signal</name>
         <value>0x2d598</value>
         <object_component_ref idref="oc-2c7"/>
      </symbol>
      <symbol id="sm-211c">
         <name>sys_mbox_new</name>
         <value>0x2d274</value>
         <object_component_ref idref="oc-2c7"/>
      </symbol>
      <symbol id="sm-211d">
         <name>sys_mutex_lock</name>
         <value>0x2d684</value>
         <object_component_ref idref="oc-2c7"/>
      </symbol>
      <symbol id="sm-211e">
         <name>sys_now</name>
         <value>0x2d778</value>
         <object_component_ref idref="oc-2c7"/>
      </symbol>
      <symbol id="sm-211f">
         <name>released</name>
         <value>0x801482f</value>
         <object_component_ref idref="oc-41b"/>
      </symbol>
      <symbol id="sm-2146">
         <name>floorl</name>
         <value>0x30549</value>
         <object_component_ref idref="oc-3fe"/>
      </symbol>
      <symbol id="sm-2147">
         <name>floor</name>
         <value>0x30549</value>
         <object_component_ref idref="oc-3fe"/>
      </symbol>
      <symbol id="sm-216f">
         <name>vsprintf</name>
         <value>0x30e89</value>
         <object_component_ref idref="oc-2d9"/>
      </symbol>
      <symbol id="sm-218a">
         <name>memcpy</name>
         <value>0x30925</value>
         <object_component_ref idref="oc-5b"/>
      </symbol>
      <symbol id="sm-218b">
         <name>__aeabi_memcpy</name>
         <value>0x30925</value>
         <object_component_ref idref="oc-5b"/>
      </symbol>
      <symbol id="sm-218c">
         <name>__aeabi_memcpy8</name>
         <value>0x30925</value>
         <object_component_ref idref="oc-5b"/>
      </symbol>
      <symbol id="sm-218d">
         <name>__aeabi_memcpy4</name>
         <value>0x30925</value>
         <object_component_ref idref="oc-5b"/>
      </symbol>
      <symbol id="sm-219c">
         <name>__aeabi_memset</name>
         <value>0x30a3d</value>
         <object_component_ref idref="oc-f7"/>
      </symbol>
      <symbol id="sm-219d">
         <name>memset</name>
         <value>0x30a43</value>
         <object_component_ref idref="oc-f7"/>
      </symbol>
      <symbol id="sm-219e">
         <name>__aeabi_memset8</name>
         <value>0x30a3d</value>
         <object_component_ref idref="oc-f7"/>
      </symbol>
      <symbol id="sm-219f">
         <name>__aeabi_memset4</name>
         <value>0x30a3d</value>
         <object_component_ref idref="oc-f7"/>
      </symbol>
      <symbol id="sm-21a0">
         <name>__aeabi_memclr8</name>
         <value>0x30a3b</value>
         <object_component_ref idref="oc-f7"/>
      </symbol>
      <symbol id="sm-21a1">
         <name>__aeabi_memclr4</name>
         <value>0x30a3b</value>
         <object_component_ref idref="oc-f7"/>
      </symbol>
      <symbol id="sm-21a2">
         <name>__aeabi_memclr</name>
         <value>0x30a3b</value>
         <object_component_ref idref="oc-f7"/>
      </symbol>
      <symbol id="sm-21ae">
         <name>__aeabi_idivmod</name>
         <value>0x30c3c</value>
         <object_component_ref idref="oc-52a"/>
      </symbol>
      <symbol id="sm-21af">
         <name>__aeabi_idiv</name>
         <value>0x30c3c</value>
         <object_component_ref idref="oc-52a"/>
      </symbol>
      <symbol id="sm-21bb">
         <name>__aeabi_uidivmod</name>
         <value>0x30d30</value>
         <object_component_ref idref="oc-308"/>
      </symbol>
      <symbol id="sm-21bc">
         <name>__aeabi_uidiv</name>
         <value>0x30d30</value>
         <object_component_ref idref="oc-308"/>
      </symbol>
      <symbol id="sm-21e4">
         <name>__TI_auto_init_nobinit_nopinit</name>
         <value>0x30d81</value>
         <object_component_ref idref="oc-11b"/>
      </symbol>
      <symbol id="sm-21f7">
         <name>__TI_zero_init</name>
         <value>0x30fd3</value>
         <object_component_ref idref="oc-6d"/>
      </symbol>
      <symbol id="sm-220e">
         <name>__TI_decompress_none</name>
         <value>0x30fc5</value>
         <object_component_ref idref="oc-17"/>
      </symbol>
      <symbol id="sm-2231">
         <name>__TI_decompress_lzss</name>
         <value>0x30b29</value>
         <object_component_ref idref="oc-11"/>
      </symbol>
      <symbol id="sm-223c">
         <name>C$$EXIT</name>
         <value>0x30ff1</value>
         <object_component_ref idref="oc-152"/>
      </symbol>
      <symbol id="sm-223d">
         <name>abort</name>
         <value>0x30ff1</value>
         <object_component_ref idref="oc-152"/>
      </symbol>
      <symbol id="sm-2253">
         <name>atoi</name>
         <value>0x30ce1</value>
         <object_component_ref idref="oc-5db"/>
      </symbol>
      <symbol id="sm-225e">
         <name>_ctypes_</name>
         <value>0x3117c</value>
         <object_component_ref idref="oc-6aa"/>
      </symbol>
      <symbol id="sm-226d">
         <name>isdigit</name>
         <value>0x30f75</value>
         <object_component_ref idref="oc-512"/>
      </symbol>
      <symbol id="sm-227c">
         <name>islower</name>
         <value>0x30f85</value>
         <object_component_ref idref="oc-51e"/>
      </symbol>
      <symbol id="sm-228b">
         <name>isspace</name>
         <value>0x30f95</value>
         <object_component_ref idref="oc-524"/>
      </symbol>
      <symbol id="sm-229a">
         <name>isxdigit</name>
         <value>0x30fa5</value>
         <object_component_ref idref="oc-518"/>
      </symbol>
      <symbol id="sm-22aa">
         <name>memcmp</name>
         <value>0x30ed7</value>
         <object_component_ref idref="oc-532"/>
      </symbol>
      <symbol id="sm-22bb">
         <name>memmove</name>
         <value>0x30e5f</value>
         <object_component_ref idref="oc-703"/>
      </symbol>
      <symbol id="sm-22c9">
         <name>strlen</name>
         <value>0x30f4b</value>
         <object_component_ref idref="oc-323"/>
      </symbol>
      <symbol id="sm-22d9">
         <name>strncmp</name>
         <value>0x30e35</value>
         <object_component_ref idref="oc-6fd"/>
      </symbol>
      <symbol id="sm-22ef">
         <name>__aeabi_errno_addr</name>
         <value>0x30fe9</value>
         <object_component_ref idref="oc-611"/>
      </symbol>
      <symbol id="sm-22f0">
         <name>errno</name>
         <value>0x8014828</value>
         <object_component_ref idref="oc-752"/>
      </symbol>
      <symbol id="sm-2447">
         <name>__TI_printfi</name>
         <value>0x2798d</value>
         <object_component_ref idref="oc-451"/>
      </symbol>
      <symbol id="sm-2451">
         <name>__aeabi_idiv0</name>
         <value>0x283db</value>
         <object_component_ref idref="oc-48a"/>
      </symbol>
      <symbol id="sm-2452">
         <name>__aeabi_ldiv0</name>
         <value>0x283db</value>
         <object_component_ref idref="oc-48a"/>
      </symbol>
      <symbol id="sm-246d">
         <name>__aeabi_uldivmod</name>
         <value>0x2e538</value>
         <object_component_ref idref="oc-70f"/>
      </symbol>
      <symbol id="sm-247c">
         <name>__TI_ltoa</name>
         <value>0x30b95</value>
         <object_component_ref idref="oc-715"/>
      </symbol>
      <symbol id="sm-248c">
         <name>memccpy</name>
         <value>0x30eb1</value>
         <object_component_ref idref="oc-605"/>
      </symbol>
      <symbol id="sm-249c">
         <name>strchr</name>
         <value>0x30f35</value>
         <object_component_ref idref="oc-742"/>
      </symbol>
      <symbol id="sm-24b5">
         <name>wcslen</name>
         <value>0x30f61</value>
         <object_component_ref idref="oc-60b"/>
      </symbol>
      <symbol id="sm-24d3">
         <name>frexpl</name>
         <value>0x30ab5</value>
         <object_component_ref idref="oc-736"/>
      </symbol>
      <symbol id="sm-24d4">
         <name>frexp</name>
         <value>0x30ab5</value>
         <object_component_ref idref="oc-736"/>
      </symbol>
      <symbol id="sm-24f1">
         <name>scalbn</name>
         <value>0x30371</value>
         <object_component_ref idref="oc-73c"/>
      </symbol>
      <symbol id="sm-24f2">
         <name>scalbnl</name>
         <value>0x30371</value>
         <object_component_ref idref="oc-73c"/>
      </symbol>
      <symbol id="sm-24f3">
         <name>ldexpl</name>
         <value>0x30371</value>
         <object_component_ref idref="oc-73c"/>
      </symbol>
      <symbol id="sm-24f4">
         <name>ldexp</name>
         <value>0x30371</value>
         <object_component_ref idref="oc-73c"/>
      </symbol>
      <symbol id="sm-24fe">
         <name>copysign</name>
         <value>0x30efd</value>
         <object_component_ref idref="oc-7d2"/>
      </symbol>
      <symbol id="sm-24ff">
         <name>copysignl</name>
         <value>0x30efd</value>
         <object_component_ref idref="oc-7d2"/>
      </symbol>
      <symbol id="sm-2500">
         <name>__TI_static_base__</name>
         <value>0x0</value>
      </symbol>
      <symbol id="sm-2504">
         <name>SHT$$INIT_ARRAY$$Base</name>
         <value>0x0</value>
      </symbol>
      <symbol id="sm-2505">
         <name>SHT$$INIT_ARRAY$$Limit</name>
         <value>0x0</value>
      </symbol>
      <symbol id="sm-2506">
         <name>_system_post_cinit</name>
         <value>0x0</value>
      </symbol>
   </symbol_table>
   <title>Link successful</title>
</link_info>
