******************************************************************************
                  TI ARM Linker PC v20.2.7                     
******************************************************************************
>> Linked Thu Jan 25 09:51:59 2024

OUTPUT FILE NAME:   <SOM_TMS570LS3137_V1.1.out>
ENTRY POINT SYMBOL: "_c_int00"  address: 000321dc


MEMORY CONFIGURATION

         name            origin    length      used     unused   attr    fill
----------------------  --------  ---------  --------  --------  ----  --------
  VECTORS               00000000   00000020  00000020  00000000     X
  KERNEL                00000020   00008000  0000567c  00002984  R  X
  FLASH0                00008020   00177fe0  0002cb58  0014b488  R  X
  FLASH1                00180000   00180000  00000000  00180000  R  X
  STACKS                08000000   00000800  00000000  00000800  RW  
  KRAM                  08000800   00000800  00000104  000006fc  RW  
  RAM                   08001000   0003f000  00012376  0002cc8a  RW  


SEGMENT ALLOCATION MAP

run origin  load origin   length   init length attrs members
----------  ----------- ---------- ----------- ----- -------
00000000    00000000    000056a0   000056a0    r-x
  00000000    00000000    00000020   00000020    r-x .intvecs
  00000020    00000020    00005604   00005604    r-x .kernelTEXT
  00005628    00005628    00000078   00000078    r-- .cinit
00008020    00008020    0002cb58   0002cb58    r-x
  00008020    00008020    0002c584   0002c584    r-x .text
  000345a4    000345a4    000005d4   000005d4    r-- .const
08000800    08000800    00000104   00000000    rw-
  08000800    08000800    00000104   00000000    rw- .kernelBSS
08001000    08001000    00012376   00000000    rw-
  08001000    08001000    0000d314   00000000    rw- .bss
  0800e314    0800e314    00005000   00000000    rw- .kernelHEAP
  08013314    08013314    00000062   00000000    rw- .data


SECTION ALLOCATION MAP

 output                                  attributes/
section   page    origin      length       input sections
--------  ----  ----------  ----------   ----------------
.intvecs   0    00000000    00000020     
                  00000000    00000020     sys_intvecs.obj (.intvecs)

.kernelTEXT 
*          0    00000020    00005604     
                  00000020    00002f04     os_tasks.obj (.kernelTEXT)
                  00002f24    000012dc     os_queue.obj (.kernelTEXT)
                  00004200    00000818     os_event_groups.obj (.kernelTEXT)
                  00004a18    000004b0     os_portasm.obj (.kernelTEXT)
                  00004ec8    000003e0     os_port.obj (.kernelTEXT)
                  000052a8    0000037c     os_heap.obj (.kernelTEXT)

.cinit     0    00005628    00000078     
                  00005628    0000002e     (.cinit..data.load) [load image, compression = lzss]
                  00005656    00000002     --HOLE-- [fill = 0]
                  00005658    0000000c     (__TI_handler_table)
                  00005664    00000009     (.cinit..kernelBSS.load) [load image, compression = lzss]
                  0000566d    00000003     --HOLE-- [fill = 0]
                  00005670    00000008     (.cinit..bss.load) [load image, compression = zero_init]
                  00005678    00000008     (.cinit..kernelHEAP.load) [load image, compression = zero_init]
                  00005680    00000020     (__TI_cinit_table)

.text      0    00008020    0002c584     
                  00008020    00004070     tcp_in.obj (.text)
                  0000c090    0000396c     tcp_out.obj (.text)
                  0000f9fc    000037b0     tcp.obj (.text)
                  000131ac    00003150     api_msg.obj (.text)
                  000162fc    00003098     dhcp.obj (.text)
                  00019394    00002cdc     sys_selftest.obj (.text)
                  0001c070    000020f8     pbuf.obj (.text)
                  0001e168    000017f4     etharp.obj (.text)
                  0001f95c    0000177c     emac.obj (.text)
                  000210d8    000015bc     api_lib.obj (.text)
                  00022694    00001540     ip4_frag.obj (.text)
                  00023bd4    000014d4     udp.obj (.text)
                  000250a8    000013a8     cmsis_os.obj (.text)
                  00026450    00000e08     mem.obj (.text)
                  00027258    00000dec     netif.obj (.text)
                  00028044    00000b64     system.obj (.text)
                  00028ba8    00000a4e     rtsv7R4_T_be_v3D16_eabi.lib : _printfi.c.obj (.text:__TI_printfi)
                  000295f6    00000002                                 : _lock.c.obj (.text:_nop)
                  000295f8    00000a00     os_mpu_wrappers.obj (.text)
                  00029ff8    000009e4     ip4.obj (.text)
                  0002a9dc    000008b8     tcpip.obj (.text)
                  0002b294    0000089c     sys_vim.obj (.text)
                  0002bb30    000007dc     inet_chksum.obj (.text)
                  0002c30c    000007b8     sci.obj (.text)
                  0002cac4    000007b4     timeouts.obj (.text)
                  0002d278    000006e8     ethernetif.obj (.text)
                  0002d960    000006d0     phy_dp83640.obj (.text)
                  0002e030    000006a0     ip4_addr.obj (.text)
                  0002e6d0    00000664     errata_SSWF021_45.obj (.text)
                  0002ed34    00000654     icmp.obj (.text)
                  0002f388    00000650     pinmux.obj (.text)
                  0002f9d8    00000624     netbuf.obj (.text)
                  0002fffc    000005bc     esm.obj (.text)
                  000305b8    00000500     sys_arch.obj (.text)
                  00030ab8    000003e8     memp.obj (.text)
                  00030ea0    000003b8     lwiplib.obj (.text)
                  00031258    000003a4     def.obj (.text)
                  000315fc    0000034c     sys_core.obj (.text)
                  00031948    00000320     main.obj (.text)
                  00031c68    000002c0     ethernet.obj (.text)
                  00031f28    000002b4     rtsv7R4_T_be_v3D16_eabi.lib : ull_div32.asm.obj (.text)
                  000321dc    000002a4     sys_startup.obj (.text:retain)
                  00032480    00000290     sys_vim.obj (.text:retain)
                  00032710    00000278     os_heap.obj (.text)
                  00032988    00000248     rtsv7R4_T_be_v3D16_eabi.lib : _printfi.c.obj (.text:_pconv_a)
                  00032bd0    00000238     os_list.obj (.text)
                  00032e08    000001c4     mdio.obj (.text)
                  00032fcc    000001b0     os_port.obj (.text)
                  0003317c    000001a0     rtsv7R4_T_be_v3D16_eabi.lib : _printfi.c.obj (.text:_pconv_g)
                  0003331c    00000158     os_tasks.obj (.text)
                  00033474    00000114     esm.obj (.text:retain)
                  00033588    00000104     rtsv7R4_T_be_v3D16_eabi.lib : _printfi.c.obj (.text:_pconv_e)
                  0003368c    000000fc                                 : _printfi.c.obj (.text:fcvt)
                  00033788    000000f0                                 : s_scalbn.c.obj (.text:scalbn)
                  00033878    000000e8     dabort.obj (.text)
                  00033960    000000e0     rtsv7R4_T_be_v3D16_eabi.lib : s_floor.c.obj (.text:floor)
                  00033a40    000000e0     sys_pmu.obj (.text)
                  00033b20    000000cc     init.obj (.text)
                  00033bec    000000cc     emac.obj (.text:retain)
                  00033cb8    000000b4     notification.obj (.text)
                  00033d6c    000000ad     rtsv7R4_T_be_v3D16_eabi.lib : _printfi.c.obj (.text:_ltostr)
                  00033e19    00000001     --HOLE-- [fill = 0]
                  00033e1a    0000009c                                 : memcpy_t2.asm.obj (.text)
                  00033eb6    0000007a                                 : _printfi.c.obj (.text:_mcpy)
                  00033f30    0000007a                                 : memset_t2.asm.obj (.text)
                  00033faa    00000002                                 : div0.asm.obj (.text)
                  00033fac    00000074                                 : s_frexp.c.obj (.text:frexp)
                  00034020    0000006c                                 : copy_decompress_lzss.c.obj (.text:decompress:lzss:__TI_decompress_lzss)
                  0003408c    0000005c     core.obj (.text)
                  000340e8    00000054     rtsv7R4_T_be_v3D16_eabi.lib : _ltoa.c.obj (.text:__TI_ltoa)
                  0003413c    00000054                                 : _printfi.c.obj (.text:_ecpy)
                  00034190    00000054                                 : i_div32.asm.obj (.text)
                  000341e4    00000050                                 : _printfi.c.obj (.text:_pconv_f)
                  00034234    00000050                                 : atoi.c.obj (.text:atoi)
                  00034284    00000050     emac_driver.obj (.text)
                  000342d4    00000050     rtsv7R4_T_be_v3D16_eabi.lib : u_div32.asm.obj (.text)
                  00034324    00000044                                 : autoinit.c.obj (.text:__TI_auto_init_nobinit_nopinit:__TI_auto_init_nobinit_nopinit)
                  00034368    00000040                                 : _printfi.c.obj (.text:_fcpy)
                  000343a8    00000034                                 : rand.c.obj (.text:rand)
                  000343dc    0000002a                                 : strncmp.c.obj (.text:strncmp)
                  00034406    00000028                                 : memmov.c.obj (.text:memmove)
                  0003442e    00000002     --HOLE-- [fill = 0]
                  00034430    00000028                                 : vsprintf.c.obj (.text:vsprintf)
                  00034458    00000026                                 : memccpy.c.obj (.text:memccpy)
                  0003447e    00000026                                 : memcmp.c.obj (.text:memcmp)
                  000344a4    0000001e                                 : s_copysign.c.obj (.text:copysign)
                  000344c2    0000001a                                 : vsprintf.c.obj (.text:_outs)
                  000344dc    00000016                                 : strchr.c.obj (.text:strchr)
                  000344f2    00000016                                 : strlen.c.obj (.text:strlen)
                  00034508    00000012                                 : wcslen.c.obj (.text:wcslen)
                  0003451a    00000002     --HOLE-- [fill = 0]
                  0003451c    00000010                                 : isdigit.c.obj (.text:isdigit)
                  0003452c    00000010                                 : islower.c.obj (.text:islower)
                  0003453c    00000010                                 : isspace.c.obj (.text:isspace)
                  0003454c    00000010                                 : isxdigit.c.obj (.text:isxdigit)
                  0003455c    00000010     sys_main.obj (.text)
                  0003456c    0000000e     rtsv7R4_T_be_v3D16_eabi.lib : copy_decompress_none.c.obj (.text:decompress:none:__TI_decompress_none)
                  0003457a    0000000c                                 : copy_zero_init.c.obj (.text:decompress:ZI:__TI_zero_init)
                  00034586    0000000a                                 : vsprintf.c.obj (.text:_outc)
                  00034590    00000008                                 : errno.c.obj (.text:__aeabi_errno_addr)
                  00034598    00000004                                 : exit.c.obj (.text:abort:abort)
                  0003459c    00000004     sys_phantom.obj (.text:retain)
                  000345a0    00000004     sys_startup.obj (.text)

.const     0    000345a4    000005d4     
                  000345a4    00000180     sys_vim.obj (.const:s_vim_init)
                  00034724    00000101     rtsv7R4_T_be_v3D16_eabi.lib : ctype.c.obj (.const:.string:_ctypes_)
                  00034825    00000003     api_msg.obj (.const)
                  00034828    00000098     memp.obj (.const:.string)
                  000348c0    00000078     tcp.obj (.const:.string)
                  00034938    00000044     timeouts.obj (.const:.string)
                  0003497c    0000003c     timeouts.obj (.const:lwip_cyclic_timers)
                  000349b8    00000034     memp.obj (.const:memp_pools)
                  000349ec    0000002c     tcp.obj (.const:tcp_state_str)
                  00034a18    00000014     ethernetif.obj (.const:$P$T0$1)
                  00034a2c    00000014     sys_arch.obj (.const:$P$T3$4)
                  00034a40    00000010     memp.obj (.const:memp_FRAG_PBUF)
                  00034a50    00000010     memp.obj (.const:memp_NETBUF)
                  00034a60    00000010     memp.obj (.const:memp_NETCONN)
                  00034a70    00000010     memp.obj (.const:memp_PBUF)
                  00034a80    00000010     memp.obj (.const:memp_PBUF_POOL)
                  00034a90    00000010     memp.obj (.const:memp_REASSDATA)
                  00034aa0    00000010     memp.obj (.const:memp_SYS_TIMEOUT)
                  00034ab0    00000010     memp.obj (.const:memp_TCPIP_MSG_API)
                  00034ac0    00000010     memp.obj (.const:memp_TCPIP_MSG_INPKT)
                  00034ad0    00000010     memp.obj (.const:memp_TCP_PCB)
                  00034ae0    00000010     memp.obj (.const:memp_TCP_PCB_LISTEN)
                  00034af0    00000010     memp.obj (.const:memp_TCP_SEG)
                  00034b00    00000010     memp.obj (.const:memp_UDP_PCB)
                  00034b10    00000010     tcp.obj (.const:tcp_pcb_lists)
                  00034b20    0000000d     tcp.obj (.const:.string:tcp_backoff)
                  00034b2d    00000003     --HOLE-- [fill = 0]
                  00034b30    0000000c     cmsis_os.obj (.const:$P$T0$1)
                  00034b3c    00000008     sys_arch.obj (.const:$P$T0$1)
                  00034b44    00000007     tcp.obj (.const:.string:tcp_persist_backoff)
                  00034b4b    00000006     ethernet.obj (.const:ethbroadcast)
                  00034b51    00000006     ethernet.obj (.const:ethzero)
                  00034b57    00000001     --HOLE-- [fill = 0]
                  00034b58    00000004     sys_arch.obj (.const:$P$T1$2)
                  00034b5c    00000004     sys_arch.obj (.const:$P$T2$3)
                  00034b60    00000004     main.obj (.const:.string:$P$T0$1)
                  00034b64    00000004     main.obj (.const:.string:$P$T1$2)
                  00034b68    00000004     main.obj (.const:.string:$P$T2$3)
                  00034b6c    00000004     ip4_addr.obj (.const:ip_addr_any)
                  00034b70    00000004     ip4_addr.obj (.const:ip_addr_broadcast)
                  00034b74    00000004     sys_arch.obj (.const:os_mutex_def_lwip_sys_mutex)

.kernelBSS 
*          0    08000800    00000104     UNINITIALIZED
                  08000800    000000d0     os_tasks.obj (.kernelBSS:uninit)
                  080008d0    00000034     os_tasks.obj (.kernelBSS:init)

.bss       0    08001000    0000d314     UNINITIALIZED
                  08001000    00003b4c     (.common:ethernetif_rx_quiue)
                  08004b4c    00003b24     emac.obj (.bss:pbuf_array)
                  08008670    00002814     (.common:ram_heap)
                  0800ae84    00002604     (.common:memp_memory_PBUF_POOL_base)
                  0800d488    000003b0     (.common:memp_memory_TCP_PCB_base)
                  0800d838    0000016c     (.common:memp_memory_FRAG_PBUF_base)
                  0800d9a4    00000144     (.common:memp_memory_TCP_SEG_base)
                  0800dae8    00000104     (.common:memp_memory_PBUF_base)
                  0800dbec    000000f0     etharp.obj (.bss:arp_table)
                  0800dcdc    000000e4     (.common:memp_memory_TCP_PCB_LISTEN_base)
                  0800ddc0    000000a4     (.common:memp_memory_NETCONN_base)
                  0800de64    000000a4     (.common:memp_memory_REASSDATA_base)
                  0800df08    00000084     (.common:memp_memory_TCPIP_MSG_API_base)
                  0800df8c    00000084     (.common:memp_memory_TCPIP_MSG_INPKT_base)
                  0800e010    00000084     (.common:memp_memory_UDP_PCB_base)
                  0800e094    0000007c     (.common:memp_memory_SYS_TIMEOUT_base)
                  0800e110    0000003c     (.common:gnetif)
                  0800e14c    0000003c     (.common:hdkif_data)
                  0800e188    00000034     memp.obj (.bss)
                  0800e1bc    00000028     sci.obj (.bss:g_sciTransfer_t)
                  0800e1e4    00000024     tcp_in.obj (.bss)
                  0800e208    00000024     (.common:memp_memory_NETBUF_base)
                  0800e22c    00000020     (.common:dhcp_rx_options_val)
                  0800e24c    00000018     (.common:ip_data)
                  0800e264    00000014     tcp_in.obj (.bss:inseg)
                  0800e278    00000010     mem.obj (.bss)
                  0800e288    00000010     ip4_addr.obj (.bss:str$1)
                  0800e298    0000000c     dhcp.obj (.bss)
                  0800e2a4    0000000c     tcpip.obj (.bss)
                  0800e2b0    00000008     ethernetif.obj (.bss:mac_address)
                  0800e2b8    00000008     timeouts.obj (.bss)
                  0800e2c0    00000008     os_heap.obj (.bss:xStart)
                  0800e2c8    00000008     (.common:dhcp_rx_options_given)
                  0800e2d0    00000006     ip4_frag.obj (.bss)
                  0800e2d6    00000002     ip4.obj (.bss)
                  0800e2d8    00000004     lwiplib.obj (.bss)
                  0800e2dc    00000004     (.common:lock_tcpip_core)
                  0800e2e0    00000004     (.common:lwip_sys_mutex)
                  0800e2e4    00000004     (.common:netif_default)
                  0800e2e8    00000004     (.common:next_timeout)
                  0800e2ec    00000004     (.common:rx_queue)
                  0800e2f0    00000004     (.common:tcp_active_pcbs)
                  0800e2f4    00000004     (.common:tcp_bound_pcbs)
                  0800e2f8    00000004     (.common:tcp_input_pcb)
                  0800e2fc    00000004     (.common:tcp_listen_pcbs)
                  0800e300    00000004     (.common:tcp_ticks)
                  0800e304    00000004     (.common:tcp_tw_pcbs)
                  0800e308    00000004     (.common:udp_pcbs)
                  0800e30c    00000002     tcp.obj (.bss)
                  0800e30e    00000001     etharp.obj (.bss)
                  0800e30f    00000001     netif.obj (.bss)
                  0800e310    00000001     (.common:dhcp_status)
                  0800e311    00000001     (.common:lock_mqtt_connect)
                  0800e312    00000001     (.common:pbuf_free_ooseq_pending)
                  0800e313    00000001     (.common:tcp_active_pcbs_changed)

.kernelHEAP 
*          0    0800e314    00005000     UNINITIALIZED
                  0800e314    00005000     os_heap.obj (.kernelHEAP)

.data      0    08013314    00000062     UNINITIALIZED
                  08013314    00000010     os_heap.obj (.data)
                  08013324    0000000c     ethernetif.obj (.data)
                  08013330    00000008     rtsv7R4_T_be_v3D16_eabi.lib : _lock.c.obj (.data:$O1$$)
                  08013338    00000008     emac_driver.obj (.data)
                  08013340    00000008     os_port.obj (.data)
                  08013348    00000008     tcp.obj (.data)
                  08013350    00000006     sys_main.obj (.data:emacAddress)
                  08013356    00000002     udp.obj (.data)
                  08013358    00000004     lwiplib.obj (.data:gateway_address$4)
                  0801335c    00000004     lwiplib.obj (.data:ip_address$2)
                  08013360    00000004     lwiplib.obj (.data:net_mask$3)
                  08013364    00000004     rtsv7R4_T_be_v3D16_eabi.lib : errno.c.obj (.data)
                  08013368    00000004                                 : rand.c.obj (.data)
                  0801336c    00000004     timeouts.obj (.data)
                  08013370    00000003     dhcp.obj (.data:dhcp_discover_request_options)
                  08013373    00000003     lwiplib.obj (.data)

__llvm_prf_cnts 
*          0    08001000    00000000     UNINITIALIZED

MODULE SUMMARY

       Module                       code     ro data   rw data
       ------                       ----     -------   -------
    .\Core\Src\
       ethernetif.obj               1768     20        15204  
       cmsis_os.obj                 5032     12        0      
       lwiplib.obj                  952      0         79     
       main.obj                     800      12        2      
       core.obj                     92       0         0      
       emac_driver.obj              80       0         8      
    +--+----------------------------+--------+---------+---------+
       Total:                       8724     44        15293  
                                                              
    .\HalCoGen\source\
       os_heap.obj                  1524     0         20504  
       emac.obj                     6216     0         15200  
       os_tasks.obj                 12380    0         260    
       sys_selftest.obj             11484    0         0      
       os_queue.obj                 4828     0         0      
       sys_vim.obj                  2860     384       0      
       system.obj                   2916     0         0      
       os_mpu_wrappers.obj          2560     0         0      
       os_event_groups.obj          2072     0         0      
       sci.obj                      1976     0         40     
       esm.obj                      1744     0         0      
       phy_dp83640.obj              1744     0         0      
       errata_SSWF021_45.obj        1636     0         0      
       pinmux.obj                   1616     0         0      
       os_port.obj                  1424     0         8      
       os_portasm.obj               1200     0         0      
       sys_core.obj                 844      0         0      
       sys_startup.obj              680      0         0      
       os_list.obj                  568      0         0      
       mdio.obj                     452      0         0      
       dabort.obj                   232      0         0      
       sys_pmu.obj                  224      0         0      
       notification.obj             180      0         0      
       sys_intvecs.obj              32       0         0      
       sys_main.obj                 16       0         6      
       sys_phantom.obj              4        0         0      
    +--+----------------------------+--------+---------+---------+
       Total:                       61412    384       36018  
                                                              
    .\LwIP\src\api\
       api_msg.obj                  12624    3         0      
       api_lib.obj                  5564     0         0      
       tcpip.obj                    2232     0         16     
       netbuf.obj                   1572     0         0      
    +--+----------------------------+--------+---------+---------+
       Total:                       21992    3         16     
                                                              
    .\LwIP\src\core\
       tcp_in.obj                   16496    0         60     
       tcp_out.obj                  14700    0         0      
       tcp.obj                      14256    200       31     
       memp.obj                     1000     412       12788  
       mem.obj                      3592     0         10276  
       pbuf.obj                     8440     0         1      
       udp.obj                      5332     0         6      
       netif.obj                    3564     0         5      
       timeouts.obj                 1972     128       16     
       inet_chksum.obj              2012     0         0      
       def.obj                      932      0         0      
       init.obj                     204      0         0      
       ip.obj                       0        0         24     
    +--+----------------------------+--------+---------+---------+
       Total:                       72500    740       23207  
                                                              
    .\LwIP\src\core\ipv4\
       dhcp.obj                     12440    0         55     
       etharp.obj                   6132     0         241    
       ip4_frag.obj                 5440     0         6      
       ip4.obj                      2532     0         2      
       ip4_addr.obj                 1696     8         16     
       icmp.obj                     1620     0         0      
    +--+----------------------------+--------+---------+---------+
       Total:                       29860    8         320    
                                                              
    .\LwIP\src\netif\
       ethernet.obj                 704      12        0      
    +--+----------------------------+--------+---------+---------+
       Total:                       704      12        0      
                                                              
    .\LwIP\system\OS\
       sys_arch.obj                 1280     40        4      
    +--+----------------------------+--------+---------+---------+
       Total:                       1280     40        4      
                                                              
    C:/ti/ccs1100/ccs/tools/compiler/ti-cgt-arm_20.2.7.LTS/lib/rtsv7R4_T_be_v3D16_eabi.lib
       _printfi.c.obj               4673     0         0      
       ull_div32.asm.obj            692      0         0      
       ctype.c.obj                  0        257       0      
       s_scalbn.c.obj               240      0         0      
       s_floor.c.obj                224      0         0      
       memcpy_t2.asm.obj            156      0         0      
       memset_t2.asm.obj            122      0         0      
       s_frexp.c.obj                116      0         0      
       copy_decompress_lzss.c.obj   108      0         0      
       _ltoa.c.obj                  84       0         0      
       i_div32.asm.obj              84       0         0      
       atoi.c.obj                   80       0         0      
       u_div32.asm.obj              80       0         0      
       vsprintf.c.obj               76       0         0      
       autoinit.c.obj               68       0         0      
       rand.c.obj                   52       0         4      
       strncmp.c.obj                42       0         0      
       memmov.c.obj                 40       0         0      
       memccpy.c.obj                38       0         0      
       memcmp.c.obj                 38       0         0      
       s_copysign.c.obj             30       0         0      
       strchr.c.obj                 22       0         0      
       strlen.c.obj                 22       0         0      
       wcslen.c.obj                 18       0         0      
       isdigit.c.obj                16       0         0      
       islower.c.obj                16       0         0      
       isspace.c.obj                16       0         0      
       isxdigit.c.obj               16       0         0      
       copy_decompress_none.c.obj   14       0         0      
       copy_zero_init.c.obj         12       0         0      
       errno.c.obj                  8        0         4      
       _lock.c.obj                  2        0         8      
       exit.c.obj                   4        0         0      
       div0.asm.obj                 2        0         0      
    +--+----------------------------+--------+---------+---------+
       Total:                       7211     257       16     
                                                              
       Linker Generated:            0        115       0      
    +--+----------------------------+--------+---------+---------+
       Grand Total:                 203683   1603      74874  


LINKER GENERATED COPY TABLES

__TI_cinit_table @ 00005680 records: 4, size/record: 8, table size: 32
	.data: load addr=00005628, load size=0000002e bytes, run addr=08013314, run size=00000062 bytes, compression=lzss
	.kernelBSS: load addr=00005664, load size=00000009 bytes, run addr=08000800, run size=00000104 bytes, compression=lzss
	.bss: load addr=00005670, load size=00000008 bytes, run addr=08001000, run size=0000d314 bytes, compression=zero_init
	.kernelHEAP: load addr=00005678, load size=00000008 bytes, run addr=0800e314, run size=00005000 bytes, compression=zero_init


LINKER GENERATED HANDLER TABLE

__TI_handler_table @ 00005658 records: 3, size/record: 4, table size: 12
	index: 0, handler: __TI_decompress_lzss
	index: 1, handler: __TI_decompress_none
	index: 2, handler: __TI_zero_init


GLOBAL SYMBOLS: SORTED ALPHABETICALLY BY Name 

address   name                                  
-------   ----                                  
00034599  C$$EXIT                               
0002dab4  Dp83640AutoNegotiate                  
0002dd60  Dp83640DisableLoopback                
0002dcd0  Dp83640EnableLoopback                 
0002dde4  Dp83640GetTimeStamp                   
0002d960  Dp83640IDGet                          
0002d9d8  Dp83640LinkStatusGet                  
0002dc44  Dp83640PartnerAbilityGet              
0002e008  Dp83640PartnerSpdGet                  
0002dc6c  Dp83640Reset                          
0001fe84  EMACCoreIntAck                        
0002060c  EMACDMAInit                           
00020330  EMACDisableIdleState                  
000203bc  EMACDisableLoopback                   
0001fb54  EMACDuplexSet                         
0002030c  EMACEnableIdleState                   
00020354  EMACEnableLoopback                    
00020234  EMACFrameSelect                       
00020f1c  EMACGetConfigValue                    
000207e4  EMACHWInit                            
0001fc5c  EMACInit                              
000200a0  EMACInstConfig                        
00020088  EMACIntVectorGet                      
00020104  EMACLinkSetup                         
0001fdfc  EMACMACAddrSet                        
0001fd98  EMACMACSrcAddrSet                     
0001fb30  EMACMIIDisable                        
0001fb0c  EMACMIIEnable                         
0002005c  EMACNumFreeBufSet                     
0001facc  EMACRMIISpeedSet                      
00020508  EMACReadNetStatRegisters              
00020dc0  EMACReceive                           
0001ff40  EMACRxBroadCastDisable                
0001fefc  EMACRxBroadCastEnable                 
0001fed0  EMACRxCPWrite                         
0001fbe8  EMACRxDisable                         
0001fbcc  EMACRxEnable                          
00020490  EMACRxFlowControlDisable              
0002046c  EMACRxFlowControlEnable               
0001fc30  EMACRxHdrDescPtrWrite                 
00033c50  EMACRxIntISR                          
0001fa70  EMACRxIntPulseDisable                 
0001fa14  EMACRxIntPulseEnable                  
0002057c  EMACRxIntStat                         
0001ffc0  EMACRxMultiCastDisable                
0001ff7c  EMACRxMultiCastEnable                 
000204b4  EMACRxSetFlowThreshold                
00020208  EMACRxTeardown                        
0002002c  EMACRxUnicastClear                    
0001fffc  EMACRxUnicastSet                      
000202c0  EMACSoftReset                         
00020ae0  EMACTransmit                          
0001fea4  EMACTxCPWrite                         
0001fbb0  EMACTxDisable                         
0001fb94  EMACTxEnable                          
00020448  EMACTxFlowControlDisable              
00020424  EMACTxFlowControlEnable               
0001fc04  EMACTxHdrDescPtrWrite                 
00020ccc  EMACTxIntHandler                      
00033bec  EMACTxIntISR                          
0001f9b8  EMACTxIntPulseDisable                 
0001f95c  EMACTxIntPulseEnable                  
0002052c  EMACTxIntStat                         
00020260  EMACTxPrioritySelect                  
000201dc  EMACTxTeardown                        
0002d2e8  EMAC_to_pbuf                          
00032fa4  MDIODisable                           
00032f80  MDIOEnable                            
00032f38  MDIOInit                              
00032f08  MDIOPhyAliveStatusGet                 
00032f20  MDIOPhyLinkStatusGet                  
00032e08  MDIOPhyRegRead                        
00032ea0  MDIOPhyRegWrite                       
000297c8  MPU_eTaskGetState                     
00029930  MPU_pcTaskGetName                     
00029a10  MPU_pvTaskGetThreadLocalStoragePointer
00029b28  MPU_ulTaskNotifyTake                  
00029d10  MPU_uxQueueMessagesWaiting            
00029d44  MPU_uxQueueSpacesAvailable            
00029904  MPU_uxTaskGetNumberOfTasks            
00029998  MPU_uxTaskGetStackHighWaterMark       
00029794  MPU_uxTaskPriorityGet                 
00029fcc  MPU_vEventGroupDelete                 
00029d78  MPU_vQueueDelete                      
000296a0  MPU_vTaskAllocateMPURegions           
00029700  MPU_vTaskDelay                        
0002972c  MPU_vTaskDelayUntil                   
000296d4  MPU_vTaskDelete                       
000297fc  MPU_vTaskPrioritySet                  
0002985c  MPU_vTaskResume                       
000299cc  MPU_vTaskSetThreadLocalStoragePointer 
00029bcc  MPU_vTaskSetTimeOutState              
00029830  MPU_vTaskSuspend                      
00029888  MPU_vTaskSuspendAll                   
00029ef0  MPU_xEventGroupClearBits              
00029e68  MPU_xEventGroupCreate                 
00029f34  MPU_xEventGroupSetBits                
00029f78  MPU_xEventGroupSync                   
00029e94  MPU_xEventGroupWaitBits               
00029da4  MPU_xQueueCreateMutex                 
00029dd8  MPU_xQueueGenericCreate               
00029cbc  MPU_xQueueGenericReceive              
00029e24  MPU_xQueueGenericReset                
00029c68  MPU_xQueueGenericSend                 
00029760  MPU_xTaskAbortDelay                   
00029bf8  MPU_xTaskCheckForTimeOut              
000295f8  MPU_xTaskCreate                       
0002965c  MPU_xTaskCreateRestricted             
00029a80  MPU_xTaskGenericNotify                
00029ba0  MPU_xTaskGetCurrentTaskHandle         
00029964  MPU_xTaskGetHandle                    
00029a54  MPU_xTaskGetIdleTaskHandle            
00029c3c  MPU_xTaskGetSchedulerState            
000298d8  MPU_xTaskGetTickCount                 
00029b6c  MPU_xTaskNotifyStateClear             
00029ad4  MPU_xTaskNotifyWait                   
000298ac  MPU_xTaskResumeAll                    
08013328  RxPktSemaphore                        
UNDEFED   SHT$$INIT_ARRAY$$Base                 
UNDEFED   SHT$$INIT_ARRAY$$Limit                
0801332c  TxPktSemaphore                        
00005680  __TI_CINIT_Base                       
000056a0  __TI_CINIT_Limit                      
00005658  __TI_Handler_Table_Base               
00005664  __TI_Handler_Table_Limit              
00031940  __TI_PINIT_Base                       
00031944  __TI_PINIT_Limit                      
00034325  __TI_auto_init_nobinit_nopinit        
00034021  __TI_decompress_lzss                  
0003456d  __TI_decompress_none                  
000340e9  __TI_ltoa                             
ffffffff  __TI_pprof_out_hndl                   
00028ba9  __TI_printfi                          
ffffffff  __TI_prof_data_size                   
ffffffff  __TI_prof_data_start                  
00000000  __TI_static_base__                    
0003457b  __TI_zero_init                        
00034591  __aeabi_errno_addr                    
00034190  __aeabi_idiv                          
00033fab  __aeabi_idiv0                         
00034190  __aeabi_idivmod                       
00033fab  __aeabi_ldiv0                         
00033f31  __aeabi_memclr                        
00033f31  __aeabi_memclr4                       
00033f31  __aeabi_memclr8                       
00033e1b  __aeabi_memcpy                        
00033e1b  __aeabi_memcpy4                       
00033e1b  __aeabi_memcpy8                       
00033f33  __aeabi_memset                        
00033f33  __aeabi_memset4                       
00033f33  __aeabi_memset8                       
000342d4  __aeabi_uidiv                         
000342d4  __aeabi_uidivmod                      
00031f28  __aeabi_uldivmod                      
ffffffff  __binit__                             
ffffffff  __c_args__                            
08001000  __start___llvm_prf_cnts               
08001000  __stop___llvm_prf_cnts                
000321dc  _c_int00                              
00031858  _coreClearAuxiliaryDataFault_         
0003186c  _coreClearAuxiliaryInstructionFault_  
00031830  _coreClearDataFaultAddress_           
00031808  _coreClearDataFault_                  
00031844  _coreClearInstructionFaultAddress_    
0003181c  _coreClearInstructionFault_           
0003179c  _coreDisableEventBusExport_           
000317e0  _coreDisableFlashEcc_                 
000317bc  _coreDisableRamEcc_                   
0003178c  _coreEnableEventBusExport_            
000317cc  _coreEnableFlashEcc_                  
000317f0  _coreEnableIrqVicOffset_              
000317ac  _coreEnableRamEcc_                    
00031774  _coreEnableVfp_                       
00031850  _coreGetAuxiliaryDataFault_           
00031864  _coreGetAuxiliaryInstructionFault_    
00031828  _coreGetDataFaultAddress_             
00031800  _coreGetDataFault_                    
0003183c  _coreGetInstructionFaultAddress_      
00031814  _coreGetInstructionFault_             
000315fc  _coreInitRegisters_                   
00031708  _coreInitStackPointer_                
00034724  _ctypes_                              
00033878  _dabort                               
00031880  _disable_FIQ_interrupt_               
00031888  _disable_IRQ_interrupt_               
00031878  _disable_interrupt_                   
00031890  _enable_interrupt_                    
00031920  _errata_CORTEXR4_57_                  
00031930  _errata_CORTEXR4_66_                  
0002e6d0  _errata_SSWF021_45_both_plls          
0002e8c4  _errata_SSWF021_45_pll1               
0002ea3c  _errata_SSWF021_45_pll2               
00031898  _esmCcmErrorsClear_                   
00031754  _getCPSRValue_                        
0003175c  _gotoCPUIdle_                         
08013330  _lock                                 
000295f7  _nop                                  
00033a9c  _pmuDisableCountersGlobal_            
00033a8c  _pmuEnableCountersGlobal_             
00033af8  _pmuGetCycleCount_                    
00033b00  _pmuGetEventCount_                    
00033b0c  _pmuGetOverflow_                      
00033a40  _pmuInit_                             
00033acc  _pmuResetCounters_                    
00033aac  _pmuResetCycleCounter_                
00033abc  _pmuResetEventCounters_               
00033aec  _pmuSetCountEvent_                    
00033adc  _pmuStartCounters_                    
00033ae4  _pmuStopCounters_                     
UNDEFED   _system_post_cinit                    
08013334  _unlock                               
00034599  abort                                 
0001a5e0  adc1ParityCheck                       
0001a6cc  adc2ParityCheck                       
00034235  atoi                                  
ffffffff  binit                                 
0001a784  can1ParityCheck                       
0001a85c  can2ParityCheck                       
0001a924  can3ParityCheck                       
000193a4  ccmSelfCheck                          
0001ba70  ccmr4GetConfigValue                   
00019cac  checkB0RAMECC                         
00019e9c  checkB1RAMECC                         
0001af8c  checkClockMonitor                     
0001a08c  checkFlashECC                         
0001b068  checkFlashEEPROMECC                   
0001b200  checkPLL1Slip                         
0001b300  checkPLL2Slip                         
0001b3c4  checkRAMAddrParity                    
0001ad44  checkRAMECC                           
0001b4d0  checkRAMUERRTest                      
00019b30  checkefcSelfTest                      
0002d858  convert_pbuf_to_pbuf_t                
000344a5  copysign                              
000344a5  copysignl                             
000195a8  cpuSelfTest                           
0001a170  cpuSelfTestFail                       
00028acc  customTrimLPO                         
0001a168  custom_dabort                         
00033d10  dccNotification                       
0001721c  dhcp_arp_reply                        
00016e44  dhcp_cleanup                          
00016898  dhcp_coarse_tmr                       
00016988  dhcp_fine_tmr                         
0001701c  dhcp_inform                           
00017138  dhcp_network_changed                  
0001805c  dhcp_release                          
00017eb0  dhcp_release_and_stop                 
000178e4  dhcp_renew                            
0800e2c8  dhcp_rx_options_given                 
0800e22c  dhcp_rx_options_val                   
00016db4  dhcp_set_struct                       
00016e98  dhcp_start                            
0800e310  dhcp_status                           
00018074  dhcp_stop                             
00019278  dhcp_supplied_address                 
0001becc  disableParity                         
00033d38  dmaGroupANotification                 
0001a220  dmaParityCheck                        
00001f3c  eTaskConfirmSleepModeStatus           
000008a0  eTaskGetState                         
000199d4  efcCheck                              
0001b9d4  efcGetConfigValue                     
00019b08  efcSelfTest                           
00019a5c  efcStuckZeroTest                      
08013350  emacAddress                           
000342a8  emacRxNotification                    
0801333c  emacRxNotification_counter            
00034284  emacTxNotification                    
08013338  emacTxNotification_counter            
0001be44  enableParity                          
0001bae0  errata_PBIST_4                        
08013364  errno                                 
00030180  esmActivateNormalOperation            
00030254  esmClearStatus                        
00030294  esmClearStatusBuffer                  
00030148  esmDisableError                       
000301b8  esmDisableInterrupt                   
00030120  esmEnableError                        
00030190  esmEnableInterrupt                    
0003038c  esmEnterSelfTest                      
00030104  esmError                              
00030464  esmGetConfigValue                     
000302d0  esmGetStatus                          
00030354  esmGetStatusBuffer                    
00033cb8  esmGroup1Notification                 
00033cc8  esmGroup2Notification                 
00033474  esmHighInterrupt                      
0002fffc  esmInit                               
00030414  esmSelfTestStatus                     
000302b0  esmSetCounterPreloadValue             
000301e0  esmSetInterruptLevel                  
00030170  esmTriggerErrorPinReset               
0001e9b0  etharp_cleanup_netif                  
0001ea60  etharp_find_addr                      
0001eb7c  etharp_get_entry                      
0001ec84  etharp_input                          
0001f020  etharp_output                         
0001f2f4  etharp_query                          
0001f890  etharp_request                        
0001e240  etharp_tmr                            
00034b4b  ethbroadcast                          
00031c68  ethernet_input                        
00031df0  ethernet_output                       
0002d278  ethernetif_init                       
0002d40c  ethernetif_rx_callback                
08001000  ethernetif_rx_quiue                   
08013324  ethernetif_rx_quiue_counter           
0002d444  ethernetif_set_mac_address            
0002d42c  ethernetif_tx_callback                
00034b51  ethzero                               
00033961  floor                                 
00033961  floorl                                
0001b638  fmcBus1ParityCheck                    
00019bd0  fmcBus2Check                          
00019c0c  fmcECCcheck                           
0002d8e0  free_pbuf_t                           
00033fad  frexp                                 
00033fad  frexpl                                
0003408c  get_processor_mode                    
0800e110  gnetif                                
000345a0  handlePLLLockFail                     
0800e14c  hdkif_data                            
0001a2cc  het1ParityCheck                       
0001a434  het2ParityCheck                       
0001a378  htu1ParityCheck                       
0001a530  htu2ParityCheck                       
0801336c  i                                     
0002f110  icmp_dest_unreach                     
0002ed34  icmp_input                            
0002f130  icmp_time_exceeded                    
0002c17c  inet_chksum                           
0002c1a0  inet_chksum_pbuf                      
0002bdc0  inet_chksum_pseudo                    
0002c074  inet_chksum_pseudo_partial            
0002e030  ip4_addr_isbroadcast_u32              
0002e100  ip4_addr_netmask_valid                
00023794  ip4_frag                              
0002a120  ip4_input                             
0002a8ac  ip4_output                            
0002a538  ip4_output_if                         
0002a5bc  ip4_output_if_src                     
0002319c  ip4_reass                             
00029ff8  ip4_route                             
0002e1c0  ip4addr_aton                          
0002e4e4  ip4addr_ntoa                          
0002e500  ip4addr_ntoa_r                        
00034b6c  ip_addr_any                           
00034b70  ip_addr_broadcast                     
0002be7c  ip_chksum_pseudo                      
0002c138  ip_chksum_pseudo_partial              
0800e24c  ip_data                               
00022694  ip_reass_tmr                          
0002e194  ipaddr_addr                           
000340a8  is_processor_in_isr                   
0003451d  isdigit                               
0003452d  islower                               
0003453d  isspace                               
0003454d  isxdigit                              
00033789  ldexp                                 
00033789  ldexpl                                
0800e311  lock_mqtt_connect                     
0800e2dc  lock_tcpip_core                       
00031bb4  log_printf                            
0003497c  lwip_cyclic_timers                    
00031228  lwip_get_hdkNetIF_p                   
00033b20  lwip_init                             
00030ea0  lwip_init_async                       
0003147c  lwip_itoa                             
00014c6c  lwip_netconn_do_bind                  
00014d40  lwip_netconn_do_bind_if               
00016128  lwip_netconn_do_close                 
00015024  lwip_netconn_do_connect               
00014968  lwip_netconn_do_delconn               
000152d0  lwip_netconn_do_disconnect            
00015f3c  lwip_netconn_do_getaddr               
00015348  lwip_netconn_do_listen                
00013fe4  lwip_netconn_do_newconn               
00015640  lwip_netconn_do_recv                  
00015548  lwip_netconn_do_send                  
00015da0  lwip_netconn_do_write                 
0001321c  lwip_netconn_is_err_msg               
0002bb30  lwip_standard_chksum                  
00031318  lwip_stricmp                          
000313bc  lwip_strnicmp                         
00031258  lwip_strnstr                          
0800e2e0  lwip_sys_mutex                        
0003455c  main                                  
000281ac  mapClocks                             
00027138  mem_calloc                            
00026898  mem_free                              
0002b200  mem_free_callback                     
00026664  mem_init                              
00026e34  mem_malloc                            
00026ab4  mem_trim                              
00034459  memccpy                               
0003447f  memcmp                                
00033e1b  memcpy                                
00034407  memmove                               
000194e8  memoryInit                            
00033cd8  memoryPort0TestFailNotification       
00033cf4  memoryPort1TestFailNotification       
00034a40  memp_FRAG_PBUF                        
00034a50  memp_NETBUF                           
00034a60  memp_NETCONN                          
00034a70  memp_PBUF                             
00034a80  memp_PBUF_POOL                        
00034a90  memp_REASSDATA                        
00034aa0  memp_SYS_TIMEOUT                      
00034ab0  memp_TCPIP_MSG_API                    
00034ac0  memp_TCPIP_MSG_INPKT                  
00034ad0  memp_TCP_PCB                          
00034ae0  memp_TCP_PCB_LISTEN                   
00034af0  memp_TCP_SEG                          
00034b00  memp_UDP_PCB                          
00030d74  memp_free                             
00030d1c  memp_free_pool                        
00030b50  memp_init                             
00030ab8  memp_init_pool                        
00030c5c  memp_malloc                           
00030c14  memp_malloc_pool                      
0800d838  memp_memory_FRAG_PBUF_base            
0800e208  memp_memory_NETBUF_base               
0800ddc0  memp_memory_NETCONN_base              
0800ae84  memp_memory_PBUF_POOL_base            
0800dae8  memp_memory_PBUF_base                 
0800de64  memp_memory_REASSDATA_base            
0800e094  memp_memory_SYS_TIMEOUT_base          
0800df08  memp_memory_TCPIP_MSG_API_base        
0800df8c  memp_memory_TCPIP_MSG_INPKT_base      
0800dcdc  memp_memory_TCP_PCB_LISTEN_base       
0800d488  memp_memory_TCP_PCB_base              
0800d9a4  memp_memory_TCP_SEG_base              
0800e010  memp_memory_UDP_PCB_base              
000349b8  memp_pools                            
00033f39  memset                                
0001a9f8  mibspi1ParityCheck                    
0001ab00  mibspi3ParityCheck                    
0001ac24  mibspi5ParityCheck                    
0002f388  muxInit                               
0002fa60  netbuf_alloc                          
0002fc60  netbuf_chain                          
0002fce8  netbuf_data                           
0002fa0c  netbuf_delete                         
0002fe9c  netbuf_first                          
0002fb2c  netbuf_free                           
0002f9d8  netbuf_new                            
0002fdb8  netbuf_next                           
0002fb8c  netbuf_ref                            
00034825  netconn_aborted                       
00021748  netconn_accept                        
00014054  netconn_alloc                         
000213cc  netconn_bind                          
00021450  netconn_bind_if                       
00022524  netconn_close                         
00034827  netconn_closed                        
000214b4  netconn_connect                       
000212bc  netconn_delete                        
000215f8  netconn_disconnect                    
0002253c  netconn_err                           
000141a8  netconn_free                          
00021300  netconn_getaddr                       
00021650  netconn_listen_with_backlog           
0002112c  netconn_new_with_proto_and_callback   
0002125c  netconn_prepare_delete                
00021fc0  netconn_recv                          
00021e18  netconn_recv_tcp_pbuf                 
00021e74  netconn_recv_tcp_pbuf_flags           
00021ee0  netconn_recv_udp_raw_netbuf           
00021f3c  netconn_recv_udp_raw_netbuf_flags     
00034826  netconn_reset                         
00022198  netconn_send                          
00022128  netconn_sendto                        
000225a8  netconn_shutdown                      
00021bf4  netconn_tcp_recvd                     
00022200  netconn_write_partly                  
0002228c  netconn_write_vectors_partly          
00027324  netif_add                             
000272d8  netif_add_noaddr                      
0800e2e4  netif_default                         
00027f30  netif_find                            
00027eb4  netif_get_by_index                    
00027e2c  netif_index_to_name                   
00027258  netif_init                            
0002725c  netif_input                           
00027df0  netif_name_to_index                   
000279f0  netif_remove                          
000278fc  netif_set_addr                        
00027a70  netif_set_default                     
00027bd8  netif_set_down                        
00027884  netif_set_gw                          
00027678  netif_set_ipaddr                      
00027da8  netif_set_link_callback               
00027d34  netif_set_link_down                   
00027cac  netif_set_link_up                     
000277a8  netif_set_netmask                     
00027c64  netif_set_status_callback             
00027aac  netif_set_up                          
0800e2e8  next_timeout                          
00026278  osAbortDelay                          
00025268  osDelay                               
0002623c  osDelayUntil                          
00025134  osKernelRunning                       
00025124  osKernelStart                         
00025154  osKernelSysTick                       
00025e40  osMailAlloc                           
00025e78  osMailCAlloc                          
00025d18  osMailCreate                          
0002609c  osMailFree                            
00025f7c  osMailGet                             
00025ef0  osMailPut                             
000263a4  osMessageAvailableSpace               
00025b38  osMessageCreate                       
000263b8  osMessageDelete                       
00025bf8  osMessageGet                          
000262a4  osMessagePeek                         
00025b60  osMessagePut                          
00026378  osMessageWaiting                      
000254c4  osMutexCreate                         
00025614  osMutexDelete                         
000255a8  osMutexRelease                        
000254d8  osMutexWait                           
00025938  osPoolAlloc                           
00025a30  osPoolCAlloc                          
00025804  osPoolCreate                          
00025a68  osPoolFree                            
000263e4  osRecursiveMutexCreate                
000263f8  osRecursiveMutexRelease               
0002640c  osRecursiveMutexWait                  
00025640  osSemaphoreCreate                     
000257d8  osSemaphoreDelete                     
00026424  osSemaphoreGetCount                   
0002576c  osSemaphoreRelease                    
0002569c  osSemaphoreWait                       
00025328  osSignalSet                           
000253d4  osSignalWait                          
000260d0  osSystickHandler                      
00025174  osThreadCreate                        
000251d8  osThreadGetId                         
00025234  osThreadGetPriority                   
000260e8  osThreadGetState                      
00026180  osThreadIsSuspended                   
00026290  osThreadList                          
000261c0  osThreadResume                        
0002621c  osThreadResumeAll                     
0002520c  osThreadSetPriority                   
000261a8  osThreadSuspend                       
0002620c  osThreadSuspendAll                    
000251e4  osThreadTerminate                     
000251fc  osThreadYield                         
0002529c  osTimerCreate                         
00025304  osTimerDelete                         
000252b8  osTimerStart                          
000252e0  osTimerStop                           
00034b74  os_mutex_def_lwip_sys_mutex           
0001b760  pbistFail                             
0001b7e4  pbistGetConfigValue                   
0001991c  pbistIsTestCompleted                  
00019948  pbistIsTestPassed                     
0001997c  pbistPortTestStatus                   
00019820  pbistRun                              
00019640  pbistSelfCheck                        
000198ec  pbistStop                             
0001c9fc  pbuf_add_header                       
0001ca1c  pbuf_add_header_force                 
0001c1d8  pbuf_alloc                            
0001c4c4  pbuf_alloc_reference                  
0001c554  pbuf_alloced_custom                   
0001cf50  pbuf_cat                              
0001d050  pbuf_chain                            
0001ce7c  pbuf_clen                             
0001dcfc  pbuf_clone                            
0001dca0  pbuf_coalesce                         
0001d24c  pbuf_copy                             
0001d51c  pbuf_copy_partial                     
0001d090  pbuf_dechain                          
0001ccc8  pbuf_free                             
0002b1e8  pbuf_free_callback                    
0001cc0c  pbuf_free_header                      
0800e312  pbuf_free_ooseq_pending               
0001dda4  pbuf_get_at                           
0001d6f4  pbuf_get_contiguous                   
0001cbb0  pbuf_header                           
0001cbd0  pbuf_header_force                     
0001df04  pbuf_memcmp                           
0001e02c  pbuf_memfind                          
0001de70  pbuf_put_at                           
0001c6a8  pbuf_realloc                          
0001cee8  pbuf_ref                              
0001ca54  pbuf_remove_header                    
0001d8d8  pbuf_skip                             
0001e0d4  pbuf_strstr                           
0001d958  pbuf_take                             
0001db68  pbuf_take_at                          
0001ddfc  pbuf_try_get_at                       
00001380  pcTaskGetName                         
00028158  periphInit                            
0003459c  phantomInterrupt                      
0002f708  pinmuxGetConfigValue                  
00004ea0  prvMpuDisable                         
00004e88  prvMpuEnable                          
00004e70  prvMpuSetRegion                       
000052a8  pvPortMalloc                          
0000201c  pvTaskGetThreadLocalStoragePointer    
00002690  pvTaskIncrementMutexHeldCount         
080008d0  pxCurrentTCB                          
00004ec8  pxPortInitialiseStack                 
08008670  ram_heap                              
000343a9  rand                                  
00000000  resetEntry                            
0800e2ec  rx_queue                              
00033789  scalbn                                
00033789  scalbnl                               
0002c7d4  sciDisableLoopback                    
0002c860  sciDisableNotification                
0002c7a0  sciEnableLoopback                     
0002c7f8  sciEnableNotification                 
0002c8c8  sciEnterResetState                    
0002c8e8  sciExitResetState                     
0002c30c  sciInit                               
0002c650  sciIsIdleDetected                     
0002c634  sciIsRxReady                          
0002c4b4  sciIsTxReady                          
00033d24  sciNotification                       
0002c6c8  sciReceive                            
0002c69c  sciReceiveByte                        
0002c66c  sciRxError                            
0002c500  sciSend                               
0002c4d0  sciSendByte                           
0002c418  sciSetBaudrate                        
0002c3f8  sciSetFunctional                      
0002c908  scilinGetConfigValue                  
00019394  selftestFailNotification              
00028118  setupFlash                            
00028044  setupPLL                              
00028990  sramGetConfigValue                    
0001b930  stcGetConfigValue                     
0001952c  stcSelfCheck                          
0001a16c  stcSelfCheckFail                      
000344dd  strchr                                
000344f3  strlen                                
000343dd  strncmp                               
000306c4  sys_arch_mbox_fetch                   
00030764  sys_arch_mbox_tryfetch                
00030a60  sys_arch_protect                      
00030864  sys_arch_sem_wait                     
00030a7c  sys_arch_unprotect                    
0002d00c  sys_check_timeouts                    
00030954  sys_init                              
00030614  sys_mbox_free                         
000305b8  sys_mbox_new                          
00030638  sys_mbox_post                         
000307e0  sys_mbox_set_invalid                  
00030664  sys_mbox_trypost                      
000306a8  sys_mbox_trypost_fromisr              
000307b4  sys_mbox_valid                        
000309b0  sys_mutex_free                        
000309c8  sys_mutex_lock                        
0003096c  sys_mutex_new                         
000309e4  sys_mutex_unlock                      
00030a94  sys_now                               
0002d0d4  sys_restart_timeouts                  
000308f4  sys_sem_free                          
000307fc  sys_sem_new                           
00030938  sys_sem_set_invalid                   
000308dc  sys_sem_signal                        
0003090c  sys_sem_valid                         
000309fc  sys_thread_new                        
0002ce44  sys_timeout_debug                     
0002cddc  sys_timeouts_init                     
0002d154  sys_timeouts_sleeptime                
0002cf3c  sys_untimeout                         
000283d0  systemGetConfigValue                  
000282d4  systemInit                            
000283a0  systemPowerDown                       
000287e4  tcmflashGetConfigValue                
00010214  tcp_abandon                           
00010478  tcp_abort                             
000128b4  tcp_accept                            
0800e2f0  tcp_active_pcbs                       
0800e313  tcp_active_pcbs_changed               
000125f0  tcp_alloc                             
0001278c  tcp_arg                               
00010514  tcp_bind                              
00010710  tcp_bind_netif                        
0800e2f4  tcp_bound_pcbs                        
0001008c  tcp_close                             
00010e50  tcp_connect                           
00012fb4  tcp_debug_state_str                   
00012d54  tcp_eff_send_mss_netif                
0000da2c  tcp_enqueue_flags                     
00012868  tcp_err                               
00011d40  tcp_fasttmr                           
0000fa18  tcp_free                              
000130ec  tcp_free_ooseq                        
0000f9fc  tcp_init                              
00008074  tcp_input                             
0800e2f8  tcp_input_pcb                         
0000f6d0  tcp_keepalive                         
0800e2fc  tcp_listen_pcbs                       
00010794  tcp_listen_with_backlog               
000107fc  tcp_listen_with_backlog_and_err       
00012ef4  tcp_netif_ip_addr_changed             
00012760  tcp_new                               
00012770  tcp_new_ip_type                       
00012cb0  tcp_next_iss                          
0000e0c8  tcp_output                            
00034b10  tcp_pcb_lists                         
0001296c  tcp_pcb_purge                         
00012ac4  tcp_pcb_remove                        
000128f8  tcp_poll                              
00011f18  tcp_process_refused_data              
000127cc  tcp_recv                              
000121d8  tcp_recv_null                         
00010be4  tcp_recved                            
0000ecb8  tcp_rexmit                            
0000ee10  tcp_rexmit_fast                       
0000ec60  tcp_rexmit_rto                        
0000ec0c  tcp_rexmit_rto_commit                 
0000eab8  tcp_rexmit_rto_prepare                
0000f404  tcp_rst                               
00012164  tcp_seg_copy                          
000120e4  tcp_seg_free                          
000120a4  tcp_segs_free                         
0000f518  tcp_send_empty_ack                    
0000d960  tcp_send_fin                          
0001281c  tcp_sent                              
00012124  tcp_setprio                           
0001010c  tcp_shutdown                          
00011264  tcp_slowtmr                           
0000d50c  tcp_split_unsent_seg                  
00013038  tcp_tcp_get_tcp_addrinfo              
0800e300  tcp_ticks                             
0002cb18  tcp_timer_needed                      
0000fa90  tcp_tmr                               
0000bd38  tcp_trigger_input_pcb_close           
0800e304  tcp_tw_pcbs                           
00011e70  tcp_txnow                             
00010a40  tcp_update_rcv_ann_wnd                
0000c828  tcp_write                             
0000f7d8  tcp_zero_window_probe                 
0002b00c  tcpip_api_call                        
0002ad14  tcpip_callback                        
0002b0a8  tcpip_callbackmsg_delete              
0002b050  tcpip_callbackmsg_new                 
0002b0c0  tcpip_callbackmsg_trycallback         
0002b0fc  tcpip_callbackmsg_trycallback_fromisr 
0002b138  tcpip_init                            
0002ac14  tcpip_inpkt                           
0002acd0  tcpip_input                           
0002afd8  tcpip_send_msg_wait_sem               
0002aea0  tcpip_timeout                         
0002ad9c  tcpip_try_callback                    
0002af50  tcpip_untimeout                       
000280a4  trimLPO                               
000249b4  udp_bind                              
00024b9c  udp_bind_netif                        
00024c1c  udp_connect                           
00024d70  udp_disconnect                        
00023bd4  udp_init                              
00023e6c  udp_input                             
00024f70  udp_netif_ip_addr_changed             
00024f14  udp_new                               
00024f54  udp_new_ip_type                       
0800e308  udp_pcbs                              
00024df0  udp_recv                              
00024e44  udp_remove                            
00024238  udp_send                              
000242d0  udp_sendto                            
000243cc  udp_sendto_if                         
00024628  udp_sendto_if_src                     
08013340  ulCriticalNesting                     
00004d98  ulPortCountLeadingZeros               
08013344  ulTaskHasFPUContext                   
000026c4  ulTaskNotifyTake                      
00031948  user_main                             
00032d7c  uxListRemove                          
00003d0c  uxQueueMessagesWaiting                
00003d90  uxQueueMessagesWaitingFromISR         
00003d44  uxQueueSpacesAvailable                
00001374  uxTaskGetNumberOfTasks                
00002260  uxTaskGetStackHighWaterMark           
000009a4  uxTaskPriorityGet                     
000009e8  uxTaskPriorityGetFromISR              
00002654  uxTaskResetEventItemValue             
00004990  vEventGroupClearBitsCallback          
000048f0  vEventGroupDelete                     
00004974  vEventGroupSetBitsCallback            
00032bd0  vListInitialise                       
00032c28  vListInitialiseItem                   
00032cb8  vListInsert                           
00032c44  vListInsertEnd                        
00005274  vPortEndScheduler                     
000054fc  vPortFree                             
0000560c  vPortInitialiseBlocks                 
00004d8c  vPortInitialiseFPSCR                  
00004c8c  vPortPreemptiveTick                   
00004da0  vPortSWI                              
00004a1c  vPortStartFirstTask                   
00004fdc  vPortStoreTaskMPUSettings             
00004b98  vPortYeildWithinAPI                   
00004aac  vPortYieldProcessor                   
00003dc0  vQueueDelete                          
00002088  vTaskAllocateMPURegions               
0000081c  vTaskDelay                            
000006b0  vTaskDelayUntil                       
00000548  vTaskDelete                           
000010b0  vTaskEndScheduler                     
00001f2c  vTaskMissedYield                      
00002c7c  vTaskNotifyGiveFromISR                
00001af4  vTaskPlaceOnEventList                 
00001b38  vTaskPlaceOnUnorderedEventList        
00002394  vTaskPriorityInherit                  
00000a30  vTaskPrioritySet                      
00000e50  vTaskResume                           
00001fb8  vTaskSetThreadLocalStoragePointer     
00001db0  vTaskSetTimeOutState                  
00001018  vTaskStartScheduler                   
00001694  vTaskStepTick                         
00000c4c  vTaskSuspend                          
000010cc  vTaskSuspendAll                       
00001a14  vTaskSwitchContext                    
0002b368  vimChannelMap                         
0002b564  vimDisableInterrupt                   
0002b40c  vimEnableInterrupt                    
0002b5e8  vimGetConfigValue                     
0002b294  vimInit                               
0001a174  vimParityCheck                        
00032480  vimParityErrorHandler                 
00034431  vsprintf                              
00034509  wcslen                                
0000468c  xEventGroupClearBits                  
00004200  xEventGroupCreate                     
00004710  xEventGroupGetBitsFromISR             
00004740  xEventGroupSetBits                    
0000423c  xEventGroupSync                       
0000443c  xEventGroupWaitBits                   
000055f4  xPortGetFreeHeapSize                  
00005600  xPortGetMinimumEverFreeHeapSize       
00005250  xPortStartScheduler                   
00026438  xPortSysTickHandler                   
000031bc  xQueueCreateMutex                     
0000304c  xQueueGenericCreate                   
000037bc  xQueueGenericReceive                  
00002f24  xQueueGenericReset                    
00003200  xQueueGenericSend                     
000034c0  xQueueGenericSendFromISR              
00003650  xQueueGiveFromISR                     
00004124  xQueueIsQueueEmptyFromISR             
000041b0  xQueueIsQueueFullFromISR              
00003c18  xQueuePeekFromISR                     
00003ad0  xQueueReceiveFromISR                  
000016f0  xTaskAbortDelay                       
00001df4  xTaskCheckForTimeOut                  
000000fc  xTaskCreate                           
00000020  xTaskCreateRestricted                 
000028b0  xTaskGenericNotify                    
00002a7c  xTaskGenericNotifyFromISR             
00002328  xTaskGetCurrentTaskHandle             
00001558  xTaskGetHandle                        
0000165c  xTaskGetIdleTaskHandle                
00002344  xTaskGetSchedulerState                
00001334  xTaskGetTickCount                     
00001350  xTaskGetTickCountFromISR              
000017ec  xTaskIncrementTick                    
000333f8  xTaskNotifyStateClear                 
0000279c  xTaskNotifyWait                       
000024f0  xTaskPriorityDisinherit               
00001bbc  xTaskRemoveFromEventList              
00001cac  xTaskRemoveFromUnorderedEventList     
00001184  xTaskResumeAll                        
00000f30  xTaskResumeFromISR                    


GLOBAL SYMBOLS: SORTED BY Symbol Address 

address   name                                  
-------   ----                                  
00000000  __TI_static_base__                    
00000000  resetEntry                            
00000020  xTaskCreateRestricted                 
000000fc  xTaskCreate                           
00000548  vTaskDelete                           
000006b0  vTaskDelayUntil                       
0000081c  vTaskDelay                            
000008a0  eTaskGetState                         
000009a4  uxTaskPriorityGet                     
000009e8  uxTaskPriorityGetFromISR              
00000a30  vTaskPrioritySet                      
00000c4c  vTaskSuspend                          
00000e50  vTaskResume                           
00000f30  xTaskResumeFromISR                    
00001018  vTaskStartScheduler                   
000010b0  vTaskEndScheduler                     
000010cc  vTaskSuspendAll                       
00001184  xTaskResumeAll                        
00001334  xTaskGetTickCount                     
00001350  xTaskGetTickCountFromISR              
00001374  uxTaskGetNumberOfTasks                
00001380  pcTaskGetName                         
00001558  xTaskGetHandle                        
0000165c  xTaskGetIdleTaskHandle                
00001694  vTaskStepTick                         
000016f0  xTaskAbortDelay                       
000017ec  xTaskIncrementTick                    
00001a14  vTaskSwitchContext                    
00001af4  vTaskPlaceOnEventList                 
00001b38  vTaskPlaceOnUnorderedEventList        
00001bbc  xTaskRemoveFromEventList              
00001cac  xTaskRemoveFromUnorderedEventList     
00001db0  vTaskSetTimeOutState                  
00001df4  xTaskCheckForTimeOut                  
00001f2c  vTaskMissedYield                      
00001f3c  eTaskConfirmSleepModeStatus           
00001fb8  vTaskSetThreadLocalStoragePointer     
0000201c  pvTaskGetThreadLocalStoragePointer    
00002088  vTaskAllocateMPURegions               
00002260  uxTaskGetStackHighWaterMark           
00002328  xTaskGetCurrentTaskHandle             
00002344  xTaskGetSchedulerState                
00002394  vTaskPriorityInherit                  
000024f0  xTaskPriorityDisinherit               
00002654  uxTaskResetEventItemValue             
00002690  pvTaskIncrementMutexHeldCount         
000026c4  ulTaskNotifyTake                      
0000279c  xTaskNotifyWait                       
000028b0  xTaskGenericNotify                    
00002a7c  xTaskGenericNotifyFromISR             
00002c7c  vTaskNotifyGiveFromISR                
00002f24  xQueueGenericReset                    
0000304c  xQueueGenericCreate                   
000031bc  xQueueCreateMutex                     
00003200  xQueueGenericSend                     
000034c0  xQueueGenericSendFromISR              
00003650  xQueueGiveFromISR                     
000037bc  xQueueGenericReceive                  
00003ad0  xQueueReceiveFromISR                  
00003c18  xQueuePeekFromISR                     
00003d0c  uxQueueMessagesWaiting                
00003d44  uxQueueSpacesAvailable                
00003d90  uxQueueMessagesWaitingFromISR         
00003dc0  vQueueDelete                          
00004124  xQueueIsQueueEmptyFromISR             
000041b0  xQueueIsQueueFullFromISR              
00004200  xEventGroupCreate                     
0000423c  xEventGroupSync                       
0000443c  xEventGroupWaitBits                   
0000468c  xEventGroupClearBits                  
00004710  xEventGroupGetBitsFromISR             
00004740  xEventGroupSetBits                    
000048f0  vEventGroupDelete                     
00004974  vEventGroupSetBitsCallback            
00004990  vEventGroupClearBitsCallback          
00004a1c  vPortStartFirstTask                   
00004aac  vPortYieldProcessor                   
00004b98  vPortYeildWithinAPI                   
00004c8c  vPortPreemptiveTick                   
00004d8c  vPortInitialiseFPSCR                  
00004d98  ulPortCountLeadingZeros               
00004da0  vPortSWI                              
00004e70  prvMpuSetRegion                       
00004e88  prvMpuEnable                          
00004ea0  prvMpuDisable                         
00004ec8  pxPortInitialiseStack                 
00004fdc  vPortStoreTaskMPUSettings             
00005250  xPortStartScheduler                   
00005274  vPortEndScheduler                     
000052a8  pvPortMalloc                          
000054fc  vPortFree                             
000055f4  xPortGetFreeHeapSize                  
00005600  xPortGetMinimumEverFreeHeapSize       
0000560c  vPortInitialiseBlocks                 
00005658  __TI_Handler_Table_Base               
00005664  __TI_Handler_Table_Limit              
00005680  __TI_CINIT_Base                       
000056a0  __TI_CINIT_Limit                      
00008074  tcp_input                             
0000bd38  tcp_trigger_input_pcb_close           
0000c828  tcp_write                             
0000d50c  tcp_split_unsent_seg                  
0000d960  tcp_send_fin                          
0000da2c  tcp_enqueue_flags                     
0000e0c8  tcp_output                            
0000eab8  tcp_rexmit_rto_prepare                
0000ec0c  tcp_rexmit_rto_commit                 
0000ec60  tcp_rexmit_rto                        
0000ecb8  tcp_rexmit                            
0000ee10  tcp_rexmit_fast                       
0000f404  tcp_rst                               
0000f518  tcp_send_empty_ack                    
0000f6d0  tcp_keepalive                         
0000f7d8  tcp_zero_window_probe                 
0000f9fc  tcp_init                              
0000fa18  tcp_free                              
0000fa90  tcp_tmr                               
0001008c  tcp_close                             
0001010c  tcp_shutdown                          
00010214  tcp_abandon                           
00010478  tcp_abort                             
00010514  tcp_bind                              
00010710  tcp_bind_netif                        
00010794  tcp_listen_with_backlog               
000107fc  tcp_listen_with_backlog_and_err       
00010a40  tcp_update_rcv_ann_wnd                
00010be4  tcp_recved                            
00010e50  tcp_connect                           
00011264  tcp_slowtmr                           
00011d40  tcp_fasttmr                           
00011e70  tcp_txnow                             
00011f18  tcp_process_refused_data              
000120a4  tcp_segs_free                         
000120e4  tcp_seg_free                          
00012124  tcp_setprio                           
00012164  tcp_seg_copy                          
000121d8  tcp_recv_null                         
000125f0  tcp_alloc                             
00012760  tcp_new                               
00012770  tcp_new_ip_type                       
0001278c  tcp_arg                               
000127cc  tcp_recv                              
0001281c  tcp_sent                              
00012868  tcp_err                               
000128b4  tcp_accept                            
000128f8  tcp_poll                              
0001296c  tcp_pcb_purge                         
00012ac4  tcp_pcb_remove                        
00012cb0  tcp_next_iss                          
00012d54  tcp_eff_send_mss_netif                
00012ef4  tcp_netif_ip_addr_changed             
00012fb4  tcp_debug_state_str                   
00013038  tcp_tcp_get_tcp_addrinfo              
000130ec  tcp_free_ooseq                        
0001321c  lwip_netconn_is_err_msg               
00013fe4  lwip_netconn_do_newconn               
00014054  netconn_alloc                         
000141a8  netconn_free                          
[...]
00029700  MPU_vTaskDelay                        
0002972c  MPU_vTaskDelayUntil                   
00029760  MPU_xTaskAbortDelay                   
00029794  MPU_uxTaskPriorityGet                 
000297c8  MPU_eTaskGetState                     
000297fc  MPU_vTaskPrioritySet                  
00029830  MPU_vTaskSuspend                      
0002985c  MPU_vTaskResume                       
00029888  MPU_vTaskSuspendAll                   
000298ac  MPU_xTaskResumeAll                    
000298d8  MPU_xTaskGetTickCount                 
00029904  MPU_uxTaskGetNumberOfTasks            
00029930  MPU_pcTaskGetName                     
00029964  MPU_xTaskGetHandle                    
00029998  MPU_uxTaskGetStackHighWaterMark       
000299cc  MPU_vTaskSetThreadLocalStoragePointer 
00029a10  MPU_pvTaskGetThreadLocalStoragePointer
00029a54  MPU_xTaskGetIdleTaskHandle            
00029a80  MPU_xTaskGenericNotify                
00029ad4  MPU_xTaskNotifyWait                   
00029b28  MPU_ulTaskNotifyTake                  
00029b6c  MPU_xTaskNotifyStateClear             
00029ba0  MPU_xTaskGetCurrentTaskHandle         
00029bcc  MPU_vTaskSetTimeOutState              
00029bf8  MPU_xTaskCheckForTimeOut              
00029c3c  MPU_xTaskGetSchedulerState            
00029c68  MPU_xQueueGenericSend                 
00029cbc  MPU_xQueueGenericReceive              
00029d10  MPU_uxQueueMessagesWaiting            
00029d44  MPU_uxQueueSpacesAvailable            
00029d78  MPU_vQueueDelete                      
00029da4  MPU_xQueueCreateMutex                 
00029dd8  MPU_xQueueGenericCreate               
00029e24  MPU_xQueueGenericReset                
00029e68  MPU_xEventGroupCreate                 
00029e94  MPU_xEventGroupWaitBits               
00029ef0  MPU_xEventGroupClearBits              
00029f34  MPU_xEventGroupSetBits                
00029f78  MPU_xEventGroupSync                   
00029fcc  MPU_vEventGroupDelete                 
00029ff8  ip4_route                             
0002a120  ip4_input                             
0002a538  ip4_output_if                         
0002a5bc  ip4_output_if_src                     
0002a8ac  ip4_output                            
0002ac14  tcpip_inpkt                           
0002acd0  tcpip_input                           
0002ad14  tcpip_callback                        
0002ad9c  tcpip_try_callback                    
0002aea0  tcpip_timeout                         
0002af50  tcpip_untimeout                       
0002afd8  tcpip_send_msg_wait_sem               
0002b00c  tcpip_api_call                        
0002b050  tcpip_callbackmsg_new                 
0002b0a8  tcpip_callbackmsg_delete              
0002b0c0  tcpip_callbackmsg_trycallback         
0002b0fc  tcpip_callbackmsg_trycallback_fromisr 
0002b138  tcpip_init                            
0002b1e8  pbuf_free_callback                    
0002b200  mem_free_callback                     
0002b294  vimInit                               
0002b368  vimChannelMap                         
0002b40c  vimEnableInterrupt                    
0002b564  vimDisableInterrupt                   
0002b5e8  vimGetConfigValue                     
0002bb30  lwip_standard_chksum                  
0002bdc0  inet_chksum_pseudo                    
0002be7c  ip_chksum_pseudo                      
0002c074  inet_chksum_pseudo_partial            
0002c138  ip_chksum_pseudo_partial              
0002c17c  inet_chksum                           
0002c1a0  inet_chksum_pbuf                      
0002c30c  sciInit                               
0002c3f8  sciSetFunctional                      
0002c418  sciSetBaudrate                        
0002c4b4  sciIsTxReady                          
0002c4d0  sciSendByte                           
0002c500  sciSend                               
0002c634  sciIsRxReady                          
0002c650  sciIsIdleDetected                     
0002c66c  sciRxError                            
0002c69c  sciReceiveByte                        
0002c6c8  sciReceive                            
0002c7a0  sciEnableLoopback                     
0002c7d4  sciDisableLoopback                    
0002c7f8  sciEnableNotification                 
0002c860  sciDisableNotification                
0002c8c8  sciEnterResetState                    
0002c8e8  sciExitResetState                     
0002c908  scilinGetConfigValue                  
0002cb18  tcp_timer_needed                      
0002cddc  sys_timeouts_init                     
0002ce44  sys_timeout_debug                     
0002cf3c  sys_untimeout                         
0002d00c  sys_check_timeouts                    
0002d0d4  sys_restart_timeouts                  
0002d154  sys_timeouts_sleeptime                
0002d278  ethernetif_init                       
0002d2e8  EMAC_to_pbuf                          
0002d40c  ethernetif_rx_callback                
0002d42c  ethernetif_tx_callback                
0002d444  ethernetif_set_mac_address            
0002d858  convert_pbuf_to_pbuf_t                
0002d8e0  free_pbuf_t                           
0002d960  Dp83640IDGet                          
0002d9d8  Dp83640LinkStatusGet                  
0002dab4  Dp83640AutoNegotiate                  
0002dc44  Dp83640PartnerAbilityGet              
0002dc6c  Dp83640Reset                          
0002dcd0  Dp83640EnableLoopback                 
0002dd60  Dp83640DisableLoopback                
0002dde4  Dp83640GetTimeStamp                   
0002e008  Dp83640PartnerSpdGet                  
0002e030  ip4_addr_isbroadcast_u32              
0002e100  ip4_addr_netmask_valid                
0002e194  ipaddr_addr                           
0002e1c0  ip4addr_aton                          
0002e4e4  ip4addr_ntoa                          
0002e500  ip4addr_ntoa_r                        
0002e6d0  _errata_SSWF021_45_both_plls          
0002e8c4  _errata_SSWF021_45_pll1               
0002ea3c  _errata_SSWF021_45_pll2               
0002ed34  icmp_input                            
0002f110  icmp_dest_unreach                     
0002f130  icmp_time_exceeded                    
0002f388  muxInit                               
0002f708  pinmuxGetConfigValue                  
0002f9d8  netbuf_new                            
0002fa0c  netbuf_delete                         
0002fa60  netbuf_alloc                          
0002fb2c  netbuf_free                           
0002fb8c  netbuf_ref                            
0002fc60  netbuf_chain                          
0002fce8  netbuf_data                           
0002fdb8  netbuf_next                           
0002fe9c  netbuf_first                          
0002fffc  esmInit                               
00030104  esmError                              
00030120  esmEnableError                        
00030148  esmDisableError                       
00030170  esmTriggerErrorPinReset               
00030180  esmActivateNormalOperation            
00030190  esmEnableInterrupt                    
000301b8  esmDisableInterrupt                   
000301e0  esmSetInterruptLevel                  
00030254  esmClearStatus                        
00030294  esmClearStatusBuffer                  
000302b0  esmSetCounterPreloadValue             
000302d0  esmGetStatus                          
00030354  esmGetStatusBuffer                    
0003038c  esmEnterSelfTest                      
00030414  esmSelfTestStatus                     
00030464  esmGetConfigValue                     
000305b8  sys_mbox_new                          
00030614  sys_mbox_free                         
00030638  sys_mbox_post                         
00030664  sys_mbox_trypost                      
000306a8  sys_mbox_trypost_fromisr              
000306c4  sys_arch_mbox_fetch                   
00030764  sys_arch_mbox_tryfetch                
000307b4  sys_mbox_valid                        
000307e0  sys_mbox_set_invalid                  
000307fc  sys_sem_new                           
00030864  sys_arch_sem_wait                     
000308dc  sys_sem_signal                        
000308f4  sys_sem_free                          
0003090c  sys_sem_valid                         
00030938  sys_sem_set_invalid                   
00030954  sys_init                              
0003096c  sys_mutex_new                         
000309b0  sys_mutex_free                        
000309c8  sys_mutex_lock                        
000309e4  sys_mutex_unlock                      
000309fc  sys_thread_new                        
00030a60  sys_arch_protect                      
00030a7c  sys_arch_unprotect                    
00030a94  sys_now                               
00030ab8  memp_init_pool                        
00030b50  memp_init                             
00030c14  memp_malloc_pool                      
00030c5c  memp_malloc                           
00030d1c  memp_free_pool                        
00030d74  memp_free                             
00030ea0  lwip_init_async                       
00031228  lwip_get_hdkNetIF_p                   
00031258  lwip_strnstr                          
00031318  lwip_stricmp                          
000313bc  lwip_strnicmp                         
0003147c  lwip_itoa                             
000315fc  _coreInitRegisters_                   
00031708  _coreInitStackPointer_                
00031754  _getCPSRValue_                        
0003175c  _gotoCPUIdle_                         
00031774  _coreEnableVfp_                       
0003178c  _coreEnableEventBusExport_            
0003179c  _coreDisableEventBusExport_           
000317ac  _coreEnableRamEcc_                    
000317bc  _coreDisableRamEcc_                   
000317cc  _coreEnableFlashEcc_                  
000317e0  _coreDisableFlashEcc_                 
000317f0  _coreEnableIrqVicOffset_              
00031800  _coreGetDataFault_                    
00031808  _coreClearDataFault_                  
00031814  _coreGetInstructionFault_             
0003181c  _coreClearInstructionFault_           
00031828  _coreGetDataFaultAddress_             
00031830  _coreClearDataFaultAddress_           
0003183c  _coreGetInstructionFaultAddress_      
00031844  _coreClearInstructionFaultAddress_    
00031850  _coreGetAuxiliaryDataFault_           
00031858  _coreClearAuxiliaryDataFault_         
00031864  _coreGetAuxiliaryInstructionFault_    
0003186c  _coreClearAuxiliaryInstructionFault_  
00031878  _disable_interrupt_                   
00031880  _disable_FIQ_interrupt_               
00031888  _disable_IRQ_interrupt_               
00031890  _enable_interrupt_                    
00031898  _esmCcmErrorsClear_                   
00031920  _errata_CORTEXR4_57_                  
00031930  _errata_CORTEXR4_66_                  
00031940  __TI_PINIT_Base                       
00031944  __TI_PINIT_Limit                      
00031948  user_main                             
00031bb4  log_printf                            
00031c68  ethernet_input                        
00031df0  ethernet_output                       
00031f28  __aeabi_uldivmod                      
000321dc  _c_int00                              
00032480  vimParityErrorHandler                 
00032bd0  vListInitialise                       
00032c28  vListInitialiseItem                   
00032c44  vListInsertEnd                        
00032cb8  vListInsert                           
00032d7c  uxListRemove                          
00032e08  MDIOPhyRegRead                        
00032ea0  MDIOPhyRegWrite                       
00032f08  MDIOPhyAliveStatusGet                 
00032f20  MDIOPhyLinkStatusGet                  
00032f38  MDIOInit                              
00032f80  MDIOEnable                            
00032fa4  MDIODisable                           
000333f8  xTaskNotifyStateClear                 
00033474  esmHighInterrupt                      
00033789  ldexp                                 
00033789  ldexpl                                
00033789  scalbn                                
00033789  scalbnl                               
00033878  _dabort                               
00033961  floor                                 
00033961  floorl                                
00033a40  _pmuInit_                             
00033a8c  _pmuEnableCountersGlobal_             
00033a9c  _pmuDisableCountersGlobal_            
00033aac  _pmuResetCycleCounter_                
00033abc  _pmuResetEventCounters_               
00033acc  _pmuResetCounters_                    
00033adc  _pmuStartCounters_                    
00033ae4  _pmuStopCounters_                     
00033aec  _pmuSetCountEvent_                    
00033af8  _pmuGetCycleCount_                    
00033b00  _pmuGetEventCount_                    
00033b0c  _pmuGetOverflow_                      
00033b20  lwip_init                             
00033bec  EMACTxIntISR                          
00033c50  EMACRxIntISR                          
00033cb8  esmGroup1Notification                 
00033cc8  esmGroup2Notification                 
00033cd8  memoryPort0TestFailNotification       
00033cf4  memoryPort1TestFailNotification       
00033d10  dccNotification                       
00033d24  sciNotification                       
00033d38  dmaGroupANotification                 
00033e1b  __aeabi_memcpy                        
00033e1b  __aeabi_memcpy4                       
00033e1b  __aeabi_memcpy8                       
00033e1b  memcpy                                
00033f31  __aeabi_memclr                        
00033f31  __aeabi_memclr4                       
00033f31  __aeabi_memclr8                       
00033f33  __aeabi_memset                        
00033f33  __aeabi_memset4                       
00033f33  __aeabi_memset8                       
00033f39  memset                                
00033fab  __aeabi_idiv0                         
00033fab  __aeabi_ldiv0                         
00033fad  frexp                                 
00033fad  frexpl                                
00034021  __TI_decompress_lzss                  
0003408c  get_processor_mode                    
000340a8  is_processor_in_isr                   
000340e9  __TI_ltoa                             
00034190  __aeabi_idiv                          
00034190  __aeabi_idivmod                       
00034235  atoi                                  
00034284  emacTxNotification                    
000342a8  emacRxNotification                    
000342d4  __aeabi_uidiv                         
000342d4  __aeabi_uidivmod                      
00034325  __TI_auto_init_nobinit_nopinit        
000343a9  rand                                  
000343dd  strncmp                               
00034407  memmove                               
00034431  vsprintf                              
00034459  memccpy                               
0003447f  memcmp                                
000344a5  copysign                              
000344a5  copysignl                             
000344dd  strchr                                
000344f3  strlen                                
00034509  wcslen                                
0003451d  isdigit                               
0003452d  islower                               
0003453d  isspace                               
0003454d  isxdigit                              
0003455c  main                                  
0003456d  __TI_decompress_none                  
0003457b  __TI_zero_init                        
00034591  __aeabi_errno_addr                    
00034599  C$$EXIT                               
00034599  abort                                 
0003459c  phantomInterrupt                      
000345a0  handlePLLLockFail                     
00034724  _ctypes_                              
00034825  netconn_aborted                       
00034826  netconn_reset                         
00034827  netconn_closed                        
0003497c  lwip_cyclic_timers                    
000349b8  memp_pools                            
00034a40  memp_FRAG_PBUF                        
00034a50  memp_NETBUF                           
00034a60  memp_NETCONN                          
00034a70  memp_PBUF                             
00034a80  memp_PBUF_POOL                        
00034a90  memp_REASSDATA                        
00034aa0  memp_SYS_TIMEOUT                      
00034ab0  memp_TCPIP_MSG_API                    
00034ac0  memp_TCPIP_MSG_INPKT                  
00034ad0  memp_TCP_PCB                          
00034ae0  memp_TCP_PCB_LISTEN                   
00034af0  memp_TCP_SEG                          
00034b00  memp_UDP_PCB                          
00034b10  tcp_pcb_lists                         
00034b4b  ethbroadcast                          
00034b51  ethzero                               
00034b6c  ip_addr_any                           
00034b70  ip_addr_broadcast                     
00034b74  os_mutex_def_lwip_sys_mutex           
080008d0  pxCurrentTCB                          
08001000  __start___llvm_prf_cnts               
08001000  __stop___llvm_prf_cnts                
08001000  ethernetif_rx_quiue                   
08008670  ram_heap                              
0800ae84  memp_memory_PBUF_POOL_base            
0800d488  memp_memory_TCP_PCB_base              
0800d838  memp_memory_FRAG_PBUF_base            
0800d9a4  memp_memory_TCP_SEG_base              
0800dae8  memp_memory_PBUF_base                 
0800dcdc  memp_memory_TCP_PCB_LISTEN_base       
0800ddc0  memp_memory_NETCONN_base              
0800de64  memp_memory_REASSDATA_base            
0800df08  memp_memory_TCPIP_MSG_API_base        
0800df8c  memp_memory_TCPIP_MSG_INPKT_base      
0800e010  memp_memory_UDP_PCB_base              
0800e094  memp_memory_SYS_TIMEOUT_base          
0800e110  gnetif                                
0800e14c  hdkif_data                            
0800e208  memp_memory_NETBUF_base               
0800e22c  dhcp_rx_options_val                   
0800e24c  ip_data                               
0800e2c8  dhcp_rx_options_given                 
0800e2dc  lock_tcpip_core                       
0800e2e0  lwip_sys_mutex                        
0800e2e4  netif_default                         
0800e2e8  next_timeout                          
0800e2ec  rx_queue                              
0800e2f0  tcp_active_pcbs                       
0800e2f4  tcp_bound_pcbs                        
0800e2f8  tcp_input_pcb                         
0800e2fc  tcp_listen_pcbs                       
0800e300  tcp_ticks                             
0800e304  tcp_tw_pcbs                           
0800e308  udp_pcbs                              
0800e310  dhcp_status                           
0800e311  lock_mqtt_connect                     
0800e312  pbuf_free_ooseq_pending               
0800e313  tcp_active_pcbs_changed               
08013324  ethernetif_rx_quiue_counter           
08013328  RxPktSemaphore                        
0801332c  TxPktSemaphore                        
08013330  _lock                                 
08013334  _unlock                               
08013338  emacTxNotification_counter            
0801333c  emacRxNotification_counter            
08013340  ulCriticalNesting                     
08013344  ulTaskHasFPUContext                   
08013350  emacAddress                           
08013364  errno                                 
0801336c  i                                     
ffffffff  __TI_pprof_out_hndl                   
ffffffff  __TI_prof_data_size                   
ffffffff  __TI_prof_data_start                  
ffffffff  __binit__                             
ffffffff  __c_args__                            
ffffffff  binit                                 
UNDEFED   SHT$$INIT_ARRAY$$Base                 
UNDEFED   SHT$$INIT_ARRAY$$Limit                
UNDEFED   _system_post_cinit                    

[872 symbols]
