<?xml version="1.0" encoding="ISO-8859-1" ?>
<link_info>
   <banner>TI ARM Linker PC v20.2.7.LTS</banner>
   <copyright>Copyright (c) 1996-2018 Texas Instruments Incorporated</copyright>
   <link_time>0x65b2050f</link_time>
   <link_errors>0x0</link_errors>
   <output_file>SOM_TMS570LS3137_V1.1.out</output_file>
   <entry_point>
      <name>_c_int00</name>
      <address>0x321dc</address>
   </entry_point>
   <input_file_list>
      <input_file id="fl-2">
         <path>.\Core\Src\</path>
         <kind>object</kind>
         <file>cmsis_os.obj</file>
         <name>cmsis_os.obj</name>
      </input_file>
      <input_file id="fl-3">
         <path>.\Core\Src\</path>
         <kind>object</kind>
         <file>core.obj</file>
         <name>core.obj</name>
      </input_file>
      <input_file id="fl-4">
         <path>.\Core\Src\</path>
         <kind>object</kind>
         <file>emac_driver.obj</file>
         <name>emac_driver.obj</name>
      </input_file>
      <input_file id="fl-5">
         <path>.\Core\Src\</path>
         <kind>object</kind>
         <file>ethernetif.obj</file>
         <name>ethernetif.obj</name>
      </input_file>
      <input_file id="fl-6">
         <path>.\Core\Src\</path>
         <kind>object</kind>
         <file>freertos.obj</file>
         <name>freertos.obj</name>
      </input_file>
      <input_file id="fl-7">
         <path>.\Core\Src\</path>
         <kind>object</kind>
         <file>lwiplib.obj</file>
         <name>lwiplib.obj</name>
      </input_file>
      <input_file id="fl-8">
         <path>.\Core\Src\</path>
         <kind>object</kind>
         <file>main.obj</file>
         <name>main.obj</name>
      </input_file>
      <input_file id="fl-9">
         <path>.\Core\Src\</path>
         <kind>object</kind>
         <file>mqtt_example.obj</file>
         <name>mqtt_example.obj</name>
      </input_file>
      <input_file id="fl-a">
         <path>.\HalCoGen\source\</path>
         <kind>object</kind>
         <file>dabort.obj</file>
         <name>dabort.obj</name>
      </input_file>
      <input_file id="fl-b">
         <path>.\HalCoGen\source\</path>
         <kind>object</kind>
         <file>dcc.obj</file>
         <name>dcc.obj</name>
      </input_file>
      <input_file id="fl-c">
         <path>.\HalCoGen\source\</path>
         <kind>object</kind>
         <file>emac.obj</file>
         <name>emac.obj</name>
      </input_file>
      <input_file id="fl-d">
         <path>.\HalCoGen\source\</path>
         <kind>object</kind>
         <file>errata_SSWF021_45.obj</file>
         <name>errata_SSWF021_45.obj</name>
      </input_file>
      <input_file id="fl-e">
         <path>.\HalCoGen\source\</path>
         <kind>object</kind>
         <file>esm.obj</file>
         <name>esm.obj</name>
      </input_file>
      <input_file id="fl-f">
         <path>.\HalCoGen\source\</path>
         <kind>object</kind>
         <file>mdio.obj</file>
         <name>mdio.obj</name>
      </input_file>
      <input_file id="fl-10">
         <path>.\HalCoGen\source\</path>
         <kind>object</kind>
         <file>notification.obj</file>
         <name>notification.obj</name>
      </input_file>
      <input_file id="fl-11">
         <path>.\HalCoGen\source\</path>
         <kind>object</kind>
         <file>os_croutine.obj</file>
         <name>os_croutine.obj</name>
      </input_file>
      <input_file id="fl-12">
         <path>.\HalCoGen\source\</path>
         <kind>object</kind>
         <file>os_event_groups.obj</file>
         <name>os_event_groups.obj</name>
      </input_file>
      <input_file id="fl-13">
         <path>.\HalCoGen\source\</path>
         <kind>object</kind>
         <file>os_heap.obj</file>
         <name>os_heap.obj</name>
      </input_file>
      <input_file id="fl-14">
         <path>.\HalCoGen\source\</path>
         <kind>object</kind>
         <file>os_list.obj</file>
         <name>os_list.obj</name>
      </input_file>
      <input_file id="fl-15">
         <path>.\HalCoGen\source\</path>
         <kind>object</kind>
         <file>os_mpu_wrappers.obj</file>
         <name>os_mpu_wrappers.obj</name>
      </input_file>
      <input_file id="fl-16">
         <path>.\HalCoGen\source\</path>
         <kind>object</kind>
         <file>os_port.obj</file>
         <name>os_port.obj</name>
      </input_file>
      <input_file id="fl-17">
         <path>.\HalCoGen\source\</path>
         <kind>object</kind>
         <file>os_portasm.obj</file>
         <name>os_portasm.obj</name>
      </input_file>
      <input_file id="fl-18">
         <path>.\HalCoGen\source\</path>
         <kind>object</kind>
         <file>os_queue.obj</file>
         <name>os_queue.obj</name>
      </input_file>
      <input_file id="fl-19">
         <path>.\HalCoGen\source\</path>
         <kind>object</kind>
         <file>os_tasks.obj</file>
         <name>os_tasks.obj</name>
      </input_file>
      <input_file id="fl-1a">
         <path>.\HalCoGen\source\</path>
         <kind>object</kind>
         <file>os_timer.obj</file>
         <name>os_timer.obj</name>
      </input_file>
      <input_file id="fl-1b">
         <path>.\HalCoGen\source\</path>
         <kind>object</kind>
         <file>phy_dp83640.obj</file>
         <name>phy_dp83640.obj</name>
      </input_file>
      <input_file id="fl-1c">
         <path>.\HalCoGen\source\</path>
         <kind>object</kind>
         <file>pinmux.obj</file>
         <name>pinmux.obj</name>
      </input_file>
      <input_file id="fl-1d">
         <path>.\HalCoGen\source\</path>
         <kind>object</kind>
         <file>sci.obj</file>
         <name>sci.obj</name>
      </input_file>
      <input_file id="fl-1e">
         <path>.\HalCoGen\source\</path>
         <kind>object</kind>
         <file>sys_core.obj</file>
         <name>sys_core.obj</name>
      </input_file>
      <input_file id="fl-1f">
         <path>.\HalCoGen\source\</path>
         <kind>object</kind>
         <file>sys_dma.obj</file>
         <name>sys_dma.obj</name>
      </input_file>
      <input_file id="fl-20">
         <path>.\HalCoGen\source\</path>
         <kind>object</kind>
         <file>sys_intvecs.obj</file>
         <name>sys_intvecs.obj</name>
      </input_file>
      <input_file id="fl-21">
         <path>.\HalCoGen\source\</path>
         <kind>object</kind>
         <file>sys_main.obj</file>
         <name>sys_main.obj</name>
      </input_file>
      <input_file id="fl-22">
         <path>.\HalCoGen\source\</path>
         <kind>object</kind>
         <file>sys_mpu.obj</file>
         <name>sys_mpu.obj</name>
      </input_file>
      <input_file id="fl-23">
         <path>.\HalCoGen\source\</path>
         <kind>object</kind>
         <file>sys_pcr.obj</file>
         <name>sys_pcr.obj</name>
      </input_file>
      <input_file id="fl-24">
         <path>.\HalCoGen\source\</path>
         <kind>object</kind>
         <file>sys_phantom.obj</file>
         <name>sys_phantom.obj</name>
      </input_file>
      <input_file id="fl-25">
         <path>.\HalCoGen\source\</path>
         <kind>object</kind>
         <file>sys_pmm.obj</file>
         <name>sys_pmm.obj</name>
      </input_file>
      <input_file id="fl-26">
         <path>.\HalCoGen\source\</path>
         <kind>object</kind>
         <file>sys_pmu.obj</file>
         <name>sys_pmu.obj</name>
      </input_file>
      <input_file id="fl-27">
         <path>.\HalCoGen\source\</path>
         <kind>object</kind>
         <file>sys_selftest.obj</file>
         <name>sys_selftest.obj</name>
      </input_file>
      <input_file id="fl-28">
         <path>.\HalCoGen\source\</path>
         <kind>object</kind>
         <file>sys_startup.obj</file>
         <name>sys_startup.obj</name>
      </input_file>
      <input_file id="fl-29">
         <path>.\HalCoGen\source\</path>
         <kind>object</kind>
         <file>sys_vim.obj</file>
         <name>sys_vim.obj</name>
      </input_file>
      <input_file id="fl-2a">
         <path>.\HalCoGen\source\</path>
         <kind>object</kind>
         <file>system.obj</file>
         <name>system.obj</name>
      </input_file>
      <input_file id="fl-2b">
         <path>.\LwIP\src\api\</path>
         <kind>object</kind>
         <file>api_lib.obj</file>
         <name>api_lib.obj</name>
      </input_file>
      <input_file id="fl-2c">
         <path>.\LwIP\src\api\</path>
         <kind>object</kind>
         <file>api_msg.obj</file>
         <name>api_msg.obj</name>
      </input_file>
      <input_file id="fl-2d">
         <path>.\LwIP\src\api\</path>
         <kind>object</kind>
         <file>err.obj</file>
         <name>err.obj</name>
      </input_file>
      <input_file id="fl-2e">
         <path>.\LwIP\src\api\</path>
         <kind>object</kind>
         <file>if_api.obj</file>
         <name>if_api.obj</name>
      </input_file>
      <input_file id="fl-2f">
         <path>.\LwIP\src\api\</path>
         <kind>object</kind>
         <file>netbuf.obj</file>
         <name>netbuf.obj</name>
      </input_file>
      <input_file id="fl-30">
         <path>.\LwIP\src\api\</path>
         <kind>object</kind>
         <file>netdb.obj</file>
         <name>netdb.obj</name>
      </input_file>
      <input_file id="fl-31">
         <path>.\LwIP\src\api\</path>
         <kind>object</kind>
         <file>netifapi.obj</file>
         <name>netifapi.obj</name>
      </input_file>
      <input_file id="fl-32">
         <path>.\LwIP\src\api\</path>
         <kind>object</kind>
         <file>sockets.obj</file>
         <name>sockets.obj</name>
      </input_file>
      <input_file id="fl-33">
         <path>.\LwIP\src\api\</path>
         <kind>object</kind>
         <file>tcpip.obj</file>
         <name>tcpip.obj</name>
      </input_file>
      <input_file id="fl-34">
         <path>.\LwIP\src\apps\mqtt\</path>
         <kind>object</kind>
         <file>mqtt.obj</file>
         <name>mqtt.obj</name>
      </input_file>
      <input_file id="fl-35">
         <path>.\LwIP\src\core\</path>
         <kind>object</kind>
         <file>altcp.obj</file>
         <name>altcp.obj</name>
      </input_file>
      <input_file id="fl-36">
         <path>.\LwIP\src\core\</path>
         <kind>object</kind>
         <file>altcp_alloc.obj</file>
         <name>altcp_alloc.obj</name>
      </input_file>
      <input_file id="fl-37">
         <path>.\LwIP\src\core\</path>
         <kind>object</kind>
         <file>altcp_tcp.obj</file>
         <name>altcp_tcp.obj</name>
      </input_file>
      <input_file id="fl-38">
         <path>.\LwIP\src\core\</path>
         <kind>object</kind>
         <file>def.obj</file>
         <name>def.obj</name>
      </input_file>
      <input_file id="fl-39">
         <path>.\LwIP\src\core\</path>
         <kind>object</kind>
         <file>dns.obj</file>
         <name>dns.obj</name>
      </input_file>
      <input_file id="fl-3a">
         <path>.\LwIP\src\core\</path>
         <kind>object</kind>
         <file>inet_chksum.obj</file>
         <name>inet_chksum.obj</name>
      </input_file>
      <input_file id="fl-3b">
         <path>.\LwIP\src\core\</path>
         <kind>object</kind>
         <file>init.obj</file>
         <name>init.obj</name>
      </input_file>
      <input_file id="fl-3c">
         <path>.\LwIP\src\core\</path>
         <kind>object</kind>
         <file>ip.obj</file>
         <name>ip.obj</name>
      </input_file>
      <input_file id="fl-3d">
         <path>.\LwIP\src\core\</path>
         <kind>object</kind>
         <file>mem.obj</file>
         <name>mem.obj</name>
      </input_file>
      <input_file id="fl-3e">
         <path>.\LwIP\src\core\</path>
         <kind>object</kind>
         <file>memp.obj</file>
         <name>memp.obj</name>
      </input_file>
      <input_file id="fl-3f">
         <path>.\LwIP\src\core\</path>
         <kind>object</kind>
         <file>netif.obj</file>
         <name>netif.obj</name>
      </input_file>
      <input_file id="fl-40">
         <path>.\LwIP\src\core\</path>
         <kind>object</kind>
         <file>pbuf.obj</file>
         <name>pbuf.obj</name>
      </input_file>
      <input_file id="fl-41">
         <path>.\LwIP\src\core\</path>
         <kind>object</kind>
         <file>raw.obj</file>
         <name>raw.obj</name>
      </input_file>
      <input_file id="fl-42">
         <path>.\LwIP\src\core\</path>
         <kind>object</kind>
         <file>stats.obj</file>
         <name>stats.obj</name>
      </input_file>
      <input_file id="fl-43">
         <path>.\LwIP\src\core\</path>
         <kind>object</kind>
         <file>sys.obj</file>
         <name>sys.obj</name>
      </input_file>
      <input_file id="fl-44">
         <path>.\LwIP\src\core\</path>
         <kind>object</kind>
         <file>tcp.obj</file>
         <name>tcp.obj</name>
      </input_file>
      <input_file id="fl-45">
         <path>.\LwIP\src\core\</path>
         <kind>object</kind>
         <file>tcp_in.obj</file>
         <name>tcp_in.obj</name>
      </input_file>
      <input_file id="fl-46">
         <path>.\LwIP\src\core\</path>
         <kind>object</kind>
         <file>tcp_out.obj</file>
         <name>tcp_out.obj</name>
      </input_file>
      <input_file id="fl-47">
         <path>.\LwIP\src\core\</path>
         <kind>object</kind>
         <file>timeouts.obj</file>
         <name>timeouts.obj</name>
      </input_file>
      <input_file id="fl-48">
         <path>.\LwIP\src\core\</path>
         <kind>object</kind>
         <file>udp.obj</file>
         <name>udp.obj</name>
      </input_file>
      <input_file id="fl-49">
         <path>.\LwIP\src\core\ipv4\</path>
         <kind>object</kind>
         <file>autoip.obj</file>
         <name>autoip.obj</name>
      </input_file>
      <input_file id="fl-4a">
         <path>.\LwIP\src\core\ipv4\</path>
         <kind>object</kind>
         <file>dhcp.obj</file>
         <name>dhcp.obj</name>
      </input_file>
      <input_file id="fl-4b">
         <path>.\LwIP\src\core\ipv4\</path>
         <kind>object</kind>
         <file>etharp.obj</file>
         <name>etharp.obj</name>
      </input_file>
      <input_file id="fl-4c">
         <path>.\LwIP\src\core\ipv4\</path>
         <kind>object</kind>
         <file>icmp.obj</file>
         <name>icmp.obj</name>
      </input_file>
      <input_file id="fl-4d">
         <path>.\LwIP\src\core\ipv4\</path>
         <kind>object</kind>
         <file>igmp.obj</file>
         <name>igmp.obj</name>
      </input_file>
      <input_file id="fl-4e">
         <path>.\LwIP\src\core\ipv4\</path>
         <kind>object</kind>
         <file>ip4.obj</file>
         <name>ip4.obj</name>
      </input_file>
      <input_file id="fl-4f">
         <path>.\LwIP\src\core\ipv4\</path>
         <kind>object</kind>
         <file>ip4_addr.obj</file>
         <name>ip4_addr.obj</name>
      </input_file>
      <input_file id="fl-50">
         <path>.\LwIP\src\core\ipv4\</path>
         <kind>object</kind>
         <file>ip4_frag.obj</file>
         <name>ip4_frag.obj</name>
      </input_file>
      <input_file id="fl-51">
         <path>.\LwIP\src\core\ipv6\</path>
         <kind>object</kind>
         <file>dhcp6.obj</file>
         <name>dhcp6.obj</name>
      </input_file>
      <input_file id="fl-52">
         <path>.\LwIP\src\core\ipv6\</path>
         <kind>object</kind>
         <file>ethip6.obj</file>
         <name>ethip6.obj</name>
      </input_file>
      <input_file id="fl-53">
         <path>.\LwIP\src\core\ipv6\</path>
         <kind>object</kind>
         <file>icmp6.obj</file>
         <name>icmp6.obj</name>
      </input_file>
      <input_file id="fl-54">
         <path>.\LwIP\src\core\ipv6\</path>
         <kind>object</kind>
         <file>inet6.obj</file>
         <name>inet6.obj</name>
      </input_file>
      <input_file id="fl-55">
         <path>.\LwIP\src\core\ipv6\</path>
         <kind>object</kind>
         <file>ip6.obj</file>
         <name>ip6.obj</name>
      </input_file>
      <input_file id="fl-56">
         <path>.\LwIP\src\core\ipv6\</path>
         <kind>object</kind>
         <file>ip6_addr.obj</file>
         <name>ip6_addr.obj</name>
      </input_file>
      <input_file id="fl-57">
         <path>.\LwIP\src\core\ipv6\</path>
         <kind>object</kind>
         <file>ip6_frag.obj</file>
         <name>ip6_frag.obj</name>
      </input_file>
      <input_file id="fl-58">
         <path>.\LwIP\src\core\ipv6\</path>
         <kind>object</kind>
         <file>mld6.obj</file>
         <name>mld6.obj</name>
      </input_file>
      <input_file id="fl-59">
         <path>.\LwIP\src\core\ipv6\</path>
         <kind>object</kind>
         <file>nd6.obj</file>
         <name>nd6.obj</name>
      </input_file>
      <input_file id="fl-5a">
         <path>.\LwIP\src\netif\</path>
         <kind>object</kind>
         <file>bridgeif.obj</file>
         <name>bridgeif.obj</name>
      </input_file>
      <input_file id="fl-5b">
         <path>.\LwIP\src\netif\</path>
         <kind>object</kind>
         <file>bridgeif_fdb.obj</file>
         <name>bridgeif_fdb.obj</name>
      </input_file>
      <input_file id="fl-5c">
         <path>.\LwIP\src\netif\</path>
         <kind>object</kind>
         <file>ethernet.obj</file>
         <name>ethernet.obj</name>
      </input_file>
      <input_file id="fl-5d">
         <path>.\LwIP\src\netif\</path>
         <kind>object</kind>
         <file>lowpan6.obj</file>
         <name>lowpan6.obj</name>
      </input_file>
      <input_file id="fl-5e">
         <path>.\LwIP\src\netif\</path>
         <kind>object</kind>
         <file>lowpan6_ble.obj</file>
         <name>lowpan6_ble.obj</name>
      </input_file>
      <input_file id="fl-5f">
         <path>.\LwIP\src\netif\</path>
         <kind>object</kind>
         <file>lowpan6_common.obj</file>
         <name>lowpan6_common.obj</name>
      </input_file>
      <input_file id="fl-60">
         <path>.\LwIP\src\netif\</path>
         <kind>object</kind>
         <file>slipif.obj</file>
         <name>slipif.obj</name>
      </input_file>
      <input_file id="fl-61">
         <path>.\LwIP\src\netif\</path>
         <kind>object</kind>
         <file>zepif.obj</file>
         <name>zepif.obj</name>
      </input_file>
      <input_file id="fl-62">
         <path>.\LwIP\src\netif\ppp\</path>
         <kind>object</kind>
         <file>auth.obj</file>
         <name>auth.obj</name>
      </input_file>
      <input_file id="fl-63">
         <path>.\LwIP\src\netif\ppp\</path>
         <kind>object</kind>
         <file>ccp.obj</file>
         <name>ccp.obj</name>
      </input_file>
      <input_file id="fl-64">
         <path>.\LwIP\src\netif\ppp\</path>
         <kind>object</kind>
         <file>chap-md5.obj</file>
         <name>chap-md5.obj</name>
      </input_file>
      <input_file id="fl-65">
         <path>.\LwIP\src\netif\ppp\</path>
         <kind>object</kind>
         <file>chap-new.obj</file>
         <name>chap-new.obj</name>
      </input_file>
      <input_file id="fl-66">
         <path>.\LwIP\src\netif\ppp\</path>
         <kind>object</kind>
         <file>chap_ms.obj</file>
         <name>chap_ms.obj</name>
      </input_file>
      <input_file id="fl-67">
         <path>.\LwIP\src\netif\ppp\</path>
         <kind>object</kind>
         <file>demand.obj</file>
         <name>demand.obj</name>
      </input_file>
      <input_file id="fl-68">
         <path>.\LwIP\src\netif\ppp\</path>
         <kind>object</kind>
         <file>eap.obj</file>
         <name>eap.obj</name>
      </input_file>
      <input_file id="fl-69">
         <path>.\LwIP\src\netif\ppp\</path>
         <kind>object</kind>
         <file>ecp.obj</file>
         <name>ecp.obj</name>
      </input_file>
      <input_file id="fl-6a">
         <path>.\LwIP\src\netif\ppp\</path>
         <kind>object</kind>
         <file>eui64.obj</file>
         <name>eui64.obj</name>
      </input_file>
      <input_file id="fl-6b">
         <path>.\LwIP\src\netif\ppp\</path>
         <kind>object</kind>
         <file>fsm.obj</file>
         <name>fsm.obj</name>
      </input_file>
      <input_file id="fl-6c">
         <path>.\LwIP\src\netif\ppp\</path>
         <kind>object</kind>
         <file>ipcp.obj</file>
         <name>ipcp.obj</name>
      </input_file>
      <input_file id="fl-6d">
         <path>.\LwIP\src\netif\ppp\</path>
         <kind>object</kind>
         <file>ipv6cp.obj</file>
         <name>ipv6cp.obj</name>
      </input_file>
      <input_file id="fl-6e">
         <path>.\LwIP\src\netif\ppp\</path>
         <kind>object</kind>
         <file>lcp.obj</file>
         <name>lcp.obj</name>
      </input_file>
      <input_file id="fl-6f">
         <path>.\LwIP\src\netif\ppp\</path>
         <kind>object</kind>
         <file>magic.obj</file>
         <name>magic.obj</name>
      </input_file>
      <input_file id="fl-70">
         <path>.\LwIP\src\netif\ppp\</path>
         <kind>object</kind>
         <file>mppe.obj</file>
         <name>mppe.obj</name>
      </input_file>
      <input_file id="fl-71">
         <path>.\LwIP\src\netif\ppp\</path>
         <kind>object</kind>
         <file>multilink.obj</file>
         <name>multilink.obj</name>
      </input_file>
      <input_file id="fl-72">
         <path>.\LwIP\src\netif\ppp\</path>
         <kind>object</kind>
         <file>ppp.obj</file>
         <name>ppp.obj</name>
      </input_file>
      <input_file id="fl-73">
         <path>.\LwIP\src\netif\ppp\</path>
         <kind>object</kind>
         <file>pppapi.obj</file>
         <name>pppapi.obj</name>
      </input_file>
      <input_file id="fl-74">
         <path>.\LwIP\src\netif\ppp\</path>
         <kind>object</kind>
         <file>pppcrypt.obj</file>
         <name>pppcrypt.obj</name>
      </input_file>
      <input_file id="fl-75">
         <path>.\LwIP\src\netif\ppp\</path>
         <kind>object</kind>
         <file>pppoe.obj</file>
         <name>pppoe.obj</name>
      </input_file>
      <input_file id="fl-76">
         <path>.\LwIP\src\netif\ppp\</path>
         <kind>object</kind>
         <file>pppol2tp.obj</file>
         <name>pppol2tp.obj</name>
      </input_file>
      <input_file id="fl-77">
         <path>.\LwIP\src\netif\ppp\</path>
         <kind>object</kind>
         <file>pppos.obj</file>
         <name>pppos.obj</name>
      </input_file>
      <input_file id="fl-78">
         <path>.\LwIP\src\netif\ppp\</path>
         <kind>object</kind>
         <file>upap.obj</file>
         <name>upap.obj</name>
      </input_file>
      <input_file id="fl-79">
         <path>.\LwIP\src\netif\ppp\</path>
         <kind>object</kind>
         <file>utils.obj</file>
         <name>utils.obj</name>
      </input_file>
      <input_file id="fl-7a">
         <path>.\LwIP\src\netif\ppp\</path>
         <kind>object</kind>
         <file>vj.obj</file>
         <name>vj.obj</name>
      </input_file>
      <input_file id="fl-7b">
         <path>.\LwIP\system\OS\</path>
         <kind>object</kind>
         <file>sys_arch.obj</file>
         <name>sys_arch.obj</name>
      </input_file>
      <input_file id="fl-7c">
         <path>.\libraries\019-library-results\results\Src\</path>
         <kind>object</kind>
         <file>results.obj</file>
         <name>results.obj</name>
      </input_file>
      <input_file id="fl-80">
         <kind>object</kind>
         <file>&lt;internal&gt;</file>
         <name>&lt;internal&gt;</name>
      </input_file>
      <input_file id="fl-81">
         <path>C:\ti\ccs1100\ccs\tools\compiler\ti-cgt-arm_20.2.7.LTS\lib\</path>
         <kind>archive</kind>
         <file>rtsv7R4_T_be_v3D16_eabi.lib</file>
         <name>s_floor.c.obj</name>
      </input_file>
      <input_file id="fl-82">
         <path>C:\ti\ccs1100\ccs\tools\compiler\ti-cgt-arm_20.2.7.LTS\lib\</path>
         <kind>archive</kind>
         <file>rtsv7R4_T_be_v3D16_eabi.lib</file>
         <name>sprintf.c.obj</name>
      </input_file>
      <input_file id="fl-83">
         <path>C:\ti\ccs1100\ccs\tools\compiler\ti-cgt-arm_20.2.7.LTS\lib\</path>
         <kind>archive</kind>
         <file>rtsv7R4_T_be_v3D16_eabi.lib</file>
         <name>vsprintf.c.obj</name>
      </input_file>
      <input_file id="fl-84">
         <path>C:\ti\ccs1100\ccs\tools\compiler\ti-cgt-arm_20.2.7.LTS\lib\</path>
         <kind>archive</kind>
         <file>rtsv7R4_T_be_v3D16_eabi.lib</file>
         <name>memcpy_t2.asm.obj</name>
      </input_file>
      <input_file id="fl-85">
         <path>C:\ti\ccs1100\ccs\tools\compiler\ti-cgt-arm_20.2.7.LTS\lib\</path>
         <kind>archive</kind>
         <file>rtsv7R4_T_be_v3D16_eabi.lib</file>
         <name>memset_t2.asm.obj</name>
      </input_file>
      <input_file id="fl-86">
         <path>C:\ti\ccs1100\ccs\tools\compiler\ti-cgt-arm_20.2.7.LTS\lib\</path>
         <kind>archive</kind>
         <file>rtsv7R4_T_be_v3D16_eabi.lib</file>
         <name>i_div32.asm.obj</name>
      </input_file>
      <input_file id="fl-87">
         <path>C:\ti\ccs1100\ccs\tools\compiler\ti-cgt-arm_20.2.7.LTS\lib\</path>
         <kind>archive</kind>
         <file>rtsv7R4_T_be_v3D16_eabi.lib</file>
         <name>u_div32.asm.obj</name>
      </input_file>
      <input_file id="fl-88">
         <path>C:\ti\ccs1100\ccs\tools\compiler\ti-cgt-arm_20.2.7.LTS\lib\</path>
         <kind>archive</kind>
         <file>rtsv7R4_T_be_v3D16_eabi.lib</file>
         <name>autoinit.c.obj</name>
      </input_file>
      <input_file id="fl-89">
         <path>C:\ti\ccs1100\ccs\tools\compiler\ti-cgt-arm_20.2.7.LTS\lib\</path>
         <kind>archive</kind>
         <file>rtsv7R4_T_be_v3D16_eabi.lib</file>
         <name>cpy_tbl.c.obj</name>
      </input_file>
      <input_file id="fl-8a">
         <path>C:\ti\ccs1100\ccs\tools\compiler\ti-cgt-arm_20.2.7.LTS\lib\</path>
         <kind>archive</kind>
         <file>rtsv7R4_T_be_v3D16_eabi.lib</file>
         <name>copy_zero_init.c.obj</name>
      </input_file>
      <input_file id="fl-8b">
         <path>C:\ti\ccs1100\ccs\tools\compiler\ti-cgt-arm_20.2.7.LTS\lib\</path>
         <kind>archive</kind>
         <file>rtsv7R4_T_be_v3D16_eabi.lib</file>
         <name>copy_decompress_none.c.obj</name>
      </input_file>
      <input_file id="fl-8c">
         <path>C:\ti\ccs1100\ccs\tools\compiler\ti-cgt-arm_20.2.7.LTS\lib\</path>
         <kind>archive</kind>
         <file>rtsv7R4_T_be_v3D16_eabi.lib</file>
         <name>copy_decompress_lzss.c.obj</name>
      </input_file>
      <input_file id="fl-8d">
         <path>C:\ti\ccs1100\ccs\tools\compiler\ti-cgt-arm_20.2.7.LTS\lib\</path>
         <kind>archive</kind>
         <file>rtsv7R4_T_be_v3D16_eabi.lib</file>
         <name>exit.c.obj</name>
      </input_file>
      <input_file id="fl-8e">
         <path>C:\ti\ccs1100\ccs\tools\compiler\ti-cgt-arm_20.2.7.LTS\lib\</path>
         <kind>archive</kind>
         <file>rtsv7R4_T_be_v3D16_eabi.lib</file>
         <name>_lock.c.obj</name>
      </input_file>
      <input_file id="fl-8f">
         <path>C:\ti\ccs1100\ccs\tools\compiler\ti-cgt-arm_20.2.7.LTS\lib\</path>
         <kind>archive</kind>
         <file>rtsv7R4_T_be_v3D16_eabi.lib</file>
         <name>atoi.c.obj</name>
      </input_file>
      <input_file id="fl-90">
         <path>C:\ti\ccs1100\ccs\tools\compiler\ti-cgt-arm_20.2.7.LTS\lib\</path>
         <kind>archive</kind>
         <file>rtsv7R4_T_be_v3D16_eabi.lib</file>
         <name>ctype.c.obj</name>
      </input_file>
      <input_file id="fl-91">
         <path>C:\ti\ccs1100\ccs\tools\compiler\ti-cgt-arm_20.2.7.LTS\lib\</path>
         <kind>archive</kind>
         <file>rtsv7R4_T_be_v3D16_eabi.lib</file>
         <name>isdigit.c.obj</name>
      </input_file>
      <input_file id="fl-92">
         <path>C:\ti\ccs1100\ccs\tools\compiler\ti-cgt-arm_20.2.7.LTS\lib\</path>
         <kind>archive</kind>
         <file>rtsv7R4_T_be_v3D16_eabi.lib</file>
         <name>islower.c.obj</name>
      </input_file>
      <input_file id="fl-93">
         <path>C:\ti\ccs1100\ccs\tools\compiler\ti-cgt-arm_20.2.7.LTS\lib\</path>
         <kind>archive</kind>
         <file>rtsv7R4_T_be_v3D16_eabi.lib</file>
         <name>isspace.c.obj</name>
      </input_file>
      <input_file id="fl-94">
         <path>C:\ti\ccs1100\ccs\tools\compiler\ti-cgt-arm_20.2.7.LTS\lib\</path>
         <kind>archive</kind>
         <file>rtsv7R4_T_be_v3D16_eabi.lib</file>
         <name>isxdigit.c.obj</name>
      </input_file>
      <input_file id="fl-95">
         <path>C:\ti\ccs1100\ccs\tools\compiler\ti-cgt-arm_20.2.7.LTS\lib\</path>
         <kind>archive</kind>
         <file>rtsv7R4_T_be_v3D16_eabi.lib</file>
         <name>memcmp.c.obj</name>
      </input_file>
      <input_file id="fl-96">
         <path>C:\ti\ccs1100\ccs\tools\compiler\ti-cgt-arm_20.2.7.LTS\lib\</path>
         <kind>archive</kind>
         <file>rtsv7R4_T_be_v3D16_eabi.lib</file>
         <name>memmov.c.obj</name>
      </input_file>
      <input_file id="fl-97">
         <path>C:\ti\ccs1100\ccs\tools\compiler\ti-cgt-arm_20.2.7.LTS\lib\</path>
         <kind>archive</kind>
         <file>rtsv7R4_T_be_v3D16_eabi.lib</file>
         <name>rand.c.obj</name>
      </input_file>
      <input_file id="fl-98">
         <path>C:\ti\ccs1100\ccs\tools\compiler\ti-cgt-arm_20.2.7.LTS\lib\</path>
         <kind>archive</kind>
         <file>rtsv7R4_T_be_v3D16_eabi.lib</file>
         <name>strlen.c.obj</name>
      </input_file>
      <input_file id="fl-99">
         <path>C:\ti\ccs1100\ccs\tools\compiler\ti-cgt-arm_20.2.7.LTS\lib\</path>
         <kind>archive</kind>
         <file>rtsv7R4_T_be_v3D16_eabi.lib</file>
         <name>strncmp.c.obj</name>
      </input_file>
      <input_file id="fl-9a">
         <path>C:\ti\ccs1100\ccs\tools\compiler\ti-cgt-arm_20.2.7.LTS\lib\</path>
         <kind>archive</kind>
         <file>rtsv7R4_T_be_v3D16_eabi.lib</file>
         <name>errno.c.obj</name>
      </input_file>
      <input_file id="fl-9b">
         <path>C:\ti\ccs1100\ccs\tools\compiler\ti-cgt-arm_20.2.7.LTS\lib\</path>
         <kind>archive</kind>
         <file>rtsv7R4_T_be_v3D16_eabi.lib</file>
         <name>_printfi.c.obj</name>
      </input_file>
      <input_file id="fl-9c">
         <path>C:\ti\ccs1100\ccs\tools\compiler\ti-cgt-arm_20.2.7.LTS\lib\</path>
         <kind>archive</kind>
         <file>rtsv7R4_T_be_v3D16_eabi.lib</file>
         <name>div0.asm.obj</name>
      </input_file>
      <input_file id="fl-9d">
         <path>C:\ti\ccs1100\ccs\tools\compiler\ti-cgt-arm_20.2.7.LTS\lib\</path>
         <kind>archive</kind>
         <file>rtsv7R4_T_be_v3D16_eabi.lib</file>
         <name>ull_div32.asm.obj</name>
      </input_file>
      <input_file id="fl-9e">
         <path>C:\ti\ccs1100\ccs\tools\compiler\ti-cgt-arm_20.2.7.LTS\lib\</path>
         <kind>archive</kind>
         <file>rtsv7R4_T_be_v3D16_eabi.lib</file>
         <name>_ltoa.c.obj</name>
      </input_file>
      <input_file id="fl-9f">
         <path>C:\ti\ccs1100\ccs\tools\compiler\ti-cgt-arm_20.2.7.LTS\lib\</path>
         <kind>archive</kind>
         <file>rtsv7R4_T_be_v3D16_eabi.lib</file>
         <name>memccpy.c.obj</name>
      </input_file>
      <input_file id="fl-a0">
         <path>C:\ti\ccs1100\ccs\tools\compiler\ti-cgt-arm_20.2.7.LTS\lib\</path>
         <kind>archive</kind>
         <file>rtsv7R4_T_be_v3D16_eabi.lib</file>
         <name>strchr.c.obj</name>
      </input_file>
      <input_file id="fl-a1">
         <path>C:\ti\ccs1100\ccs\tools\compiler\ti-cgt-arm_20.2.7.LTS\lib\</path>
         <kind>archive</kind>
         <file>rtsv7R4_T_be_v3D16_eabi.lib</file>
         <name>wcslen.c.obj</name>
      </input_file>
      <input_file id="fl-a2">
         <path>C:\ti\ccs1100\ccs\tools\compiler\ti-cgt-arm_20.2.7.LTS\lib\</path>
         <kind>archive</kind>
         <file>rtsv7R4_T_be_v3D16_eabi.lib</file>
         <name>s_frexp.c.obj</name>
      </input_file>
      <input_file id="fl-a3">
         <path>C:\ti\ccs1100\ccs\tools\compiler\ti-cgt-arm_20.2.7.LTS\lib\</path>
         <kind>archive</kind>
         <file>rtsv7R4_T_be_v3D16_eabi.lib</file>
         <name>s_scalbn.c.obj</name>
      </input_file>
      <input_file id="fl-a4">
         <path>C:\ti\ccs1100\ccs\tools\compiler\ti-cgt-arm_20.2.7.LTS\lib\</path>
         <kind>archive</kind>
         <file>rtsv7R4_T_be_v3D16_eabi.lib</file>
         <name>s_copysign.c.obj</name>
      </input_file>
   </input_file_list>
   <object_component_list>
      <object_component id="oc-33">
         <name>.intvecs</name>
         <load_address>0x0</load_address>
         <run_address>0x0</run_address>
         <size>0x20</size>
         <input_file_ref idref="fl-20"/>
      </object_component>
      <object_component id="oc-196">
         <name>.kernelTEXT</name>
         <load_address>0x20</load_address>
         <run_address>0x20</run_address>
         <size>0x2f04</size>
         <input_file_ref idref="fl-19"/>
      </object_component>
      <object_component id="oc-288">
         <name>.kernelTEXT</name>
         <load_address>0x2f24</load_address>
         <run_address>0x2f24</run_address>
         <size>0x12dc</size>
         <input_file_ref idref="fl-18"/>
      </object_component>
      <object_component id="oc-41e">
         <name>.kernelTEXT</name>
         <load_address>0x4200</load_address>
         <run_address>0x4200</run_address>
         <size>0x818</size>
         <input_file_ref idref="fl-12"/>
      </object_component>
      <object_component id="oc-a9">
         <name>.kernelTEXT</name>
         <load_address>0x4a18</load_address>
         <run_address>0x4a18</run_address>
         <size>0x4b0</size>
         <input_file_ref idref="fl-17"/>
      </object_component>
      <object_component id="oc-334">
         <name>.kernelTEXT</name>
         <load_address>0x4ec8</load_address>
         <run_address>0x4ec8</run_address>
         <size>0x3e0</size>
         <input_file_ref idref="fl-16"/>
      </object_component>
      <object_component id="oc-328">
         <name>.kernelTEXT</name>
         <load_address>0x52a8</load_address>
         <run_address>0x52a8</run_address>
         <size>0x37c</size>
         <input_file_ref idref="fl-13"/>
      </object_component>
      <object_component id="oc-888">
         <name>.cinit..data.load</name>
         <load_address>0x5628</load_address>
         <run_address>0x5628</run_address>
         <size>0x2e</size>
      </object_component>
      <object_component id="oc-883">
         <name>__TI_handler_table</name>
         <load_address>0x5658</load_address>
         <run_address>0x5658</run_address>
         <size>0xc</size>
      </object_component>
      <object_component id="oc-885">
         <name>.cinit..kernelBSS.load</name>
         <load_address>0x5664</load_address>
         <run_address>0x5664</run_address>
         <size>0x9</size>
      </object_component>
      <object_component id="oc-887">
         <name>.cinit..bss.load</name>
         <load_address>0x5670</load_address>
         <run_address>0x5670</run_address>
         <size>0x8</size>
      </object_component>
      <object_component id="oc-886">
         <name>.cinit..kernelHEAP.load</name>
         <load_address>0x5678</load_address>
         <run_address>0x5678</run_address>
         <size>0x8</size>
      </object_component>
      <object_component id="oc-884">
         <name>__TI_cinit_table</name>
         <load_address>0x5680</load_address>
         <run_address>0x5680</run_address>
         <size>0x20</size>
      </object_component>
      <object_component id="oc-587">
         <name>.text</name>
         <load_address>0x8020</load_address>
         <run_address>0x8020</run_address>
         <size>0x4070</size>
         <input_file_ref idref="fl-45"/>
      </object_component>
      <object_component id="oc-5e0">
         <name>.text</name>
         <load_address>0xc090</load_address>
         <run_address>0xc090</run_address>
         <size>0x396c</size>
         <input_file_ref idref="fl-46"/>
      </object_component>
      <object_component id="oc-49d">
         <name>.text</name>
         <load_address>0xf9fc</load_address>
         <run_address>0xf9fc</run_address>
         <size>0x37b0</size>
         <input_file_ref idref="fl-44"/>
      </object_component>
      <object_component id="oc-430">
         <name>.text</name>
         <load_address>0x131ac</load_address>
         <run_address>0x131ac</run_address>
         <size>0x3150</size>
         <input_file_ref idref="fl-2c"/>
      </object_component>
      <object_component id="oc-238">
         <name>.text</name>
         <load_address>0x162fc</load_address>
         <run_address>0x162fc</run_address>
         <size>0x3098</size>
         <input_file_ref idref="fl-4a"/>
      </object_component>
      <object_component id="oc-84">
         <name>.text</name>
         <load_address>0x19394</load_address>
         <run_address>0x19394</run_address>
         <size>0x2cdc</size>
         <input_file_ref idref="fl-27"/>
      </object_component>
      <object_component id="oc-294">
         <name>.text</name>
         <load_address>0x1c070</load_address>
         <run_address>0x1c070</run_address>
         <size>0x20f8</size>
         <input_file_ref idref="fl-40"/>
      </object_component>
      <object_component id="oc-2a0">
         <name>.text</name>
         <load_address>0x1e168</load_address>
         <run_address>0x1e168</run_address>
         <size>0x17f4</size>
         <input_file_ref idref="fl-4b"/>
      </object_component>
      <object_component id="oc-9f">
         <name>.text</name>
         <load_address>0x1f95c</load_address>
         <run_address>0x1f95c</run_address>
         <size>0x177c</size>
         <input_file_ref idref="fl-c"/>
      </object_component>
      <object_component id="oc-244">
         <name>.text</name>
         <load_address>0x210d8</load_address>
         <run_address>0x210d8</run_address>
         <size>0x15bc</size>
         <input_file_ref idref="fl-2b"/>
      </object_component>
      <object_component id="oc-581">
         <name>.text</name>
         <load_address>0x22694</load_address>
         <run_address>0x22694</run_address>
         <size>0x1540</size>
         <input_file_ref idref="fl-50"/>
      </object_component>
      <object_component id="oc-3ec">
         <name>.text</name>
         <load_address>0x23bd4</load_address>
         <run_address>0x23bd4</run_address>
         <size>0x14d4</size>
         <input_file_ref idref="fl-48"/>
      </object_component>
      <object_component id="oc-28e">
         <name>.text</name>
         <load_address>0x250a8</load_address>
         <run_address>0x250a8</run_address>
         <size>0x13a8</size>
         <input_file_ref idref="fl-2"/>
      </object_component>
      <object_component id="oc-29a">
         <name>.text</name>
         <load_address>0x26450</load_address>
         <run_address>0x26450</run_address>
         <size>0xe08</size>
         <input_file_ref idref="fl-3d"/>
      </object_component>
      <object_component id="oc-3de">
         <name>.text</name>
         <load_address>0x27258</load_address>
         <run_address>0x27258</run_address>
         <size>0xdec</size>
         <input_file_ref idref="fl-3f"/>
      </object_component>
      <object_component id="oc-7e">
         <name>.text</name>
         <load_address>0x28044</load_address>
         <run_address>0x28044</run_address>
         <size>0xb64</size>
         <input_file_ref idref="fl-2a"/>
      </object_component>
      <object_component id="oc-444">
         <name>.text:__TI_printfi</name>
         <load_address>0x28ba8</load_address>
         <run_address>0x28ba8</run_address>
         <size>0xa4e</size>
         <input_file_ref idref="fl-9b"/>
      </object_component>
      <object_component id="oc-480">
         <name>.text:_nop</name>
         <load_address>0x295f6</load_address>
         <run_address>0x295f6</run_address>
         <size>0x2</size>
         <input_file_ref idref="fl-8e"/>
      </object_component>
      <object_component id="oc-23e">
         <name>.text</name>
         <load_address>0x295f8</load_address>
         <run_address>0x295f8</run_address>
         <size>0xa00</size>
         <input_file_ref idref="fl-15"/>
      </object_component>
      <object_component id="oc-3cd">
         <name>.text</name>
         <load_address>0x29ff8</load_address>
         <run_address>0x29ff8</run_address>
         <size>0x9e4</size>
         <input_file_ref idref="fl-4e"/>
      </object_component>
      <object_component id="oc-22c">
         <name>.text</name>
         <load_address>0x2a9dc</load_address>
         <run_address>0x2a9dc</run_address>
         <size>0x8b8</size>
         <input_file_ref idref="fl-33"/>
      </object_component>
      <object_component id="oc-42">
         <name>.text</name>
         <load_address>0x2b294</load_address>
         <run_address>0x2b294</run_address>
         <size>0x89c</size>
         <input_file_ref idref="fl-29"/>
      </object_component>
      <object_component id="oc-57b">
         <name>.text</name>
         <load_address>0x2bb30</load_address>
         <run_address>0x2bb30</run_address>
         <size>0x7dc</size>
         <input_file_ref idref="fl-3a"/>
      </object_component>
      <object_component id="oc-220">
         <name>.text</name>
         <load_address>0x2c30c</load_address>
         <run_address>0x2c30c</run_address>
         <size>0x7b8</size>
         <input_file_ref idref="fl-1d"/>
      </object_component>
      <object_component id="oc-3af">
         <name>.text</name>
         <load_address>0x2cac4</load_address>
         <run_address>0x2cac4</run_address>
         <size>0x7b4</size>
         <input_file_ref idref="fl-47"/>
      </object_component>
      <object_component id="oc-151">
         <name>.text</name>
         <load_address>0x2d278</load_address>
         <run_address>0x2d278</run_address>
         <size>0x6e8</size>
         <input_file_ref idref="fl-5"/>
      </object_component>
      <object_component id="oc-15c">
         <name>.text</name>
         <load_address>0x2d960</load_address>
         <run_address>0x2d960</run_address>
         <size>0x6d0</size>
         <input_file_ref idref="fl-1b"/>
      </object_component>
      <object_component id="oc-4b6">
         <name>.text</name>
         <load_address>0x2e030</load_address>
         <run_address>0x2e030</run_address>
         <size>0x6a0</size>
         <input_file_ref idref="fl-4f"/>
      </object_component>
      <object_component id="oc-72">
         <name>.text</name>
         <load_address>0x2e6d0</load_address>
         <run_address>0x2e6d0</run_address>
         <size>0x664</size>
         <input_file_ref idref="fl-d"/>
      </object_component>
      <object_component id="oc-58d">
         <name>.text</name>
         <load_address>0x2ed34</load_address>
         <run_address>0x2ed34</run_address>
         <size>0x654</size>
         <input_file_ref idref="fl-4c"/>
      </object_component>
      <object_component id="oc-f8">
         <name>.text</name>
         <load_address>0x2f388</load_address>
         <run_address>0x2f388</run_address>
         <size>0x650</size>
         <input_file_ref idref="fl-1c"/>
      </object_component>
      <object_component id="oc-24a">
         <name>.text</name>
         <load_address>0x2f9d8</load_address>
         <run_address>0x2f9d8</run_address>
         <size>0x624</size>
         <input_file_ref idref="fl-2f"/>
      </object_component>
      <object_component id="oc-8a">
         <name>.text</name>
         <load_address>0x2fffc</load_address>
         <run_address>0x2fffc</run_address>
         <size>0x5bc</size>
         <input_file_ref idref="fl-e"/>
      </object_component>
      <object_component id="oc-226">
         <name>.text</name>
         <load_address>0x305b8</load_address>
         <run_address>0x305b8</run_address>
         <size>0x500</size>
         <input_file_ref idref="fl-7b"/>
      </object_component>
      <object_component id="oc-3b5">
         <name>.text</name>
         <load_address>0x30ab8</load_address>
         <run_address>0x30ab8</run_address>
         <size>0x3e8</size>
         <input_file_ref idref="fl-3e"/>
      </object_component>
      <object_component id="oc-232">
         <name>.text</name>
         <load_address>0x30ea0</load_address>
         <run_address>0x30ea0</run_address>
         <size>0x3b8</size>
         <input_file_ref idref="fl-7"/>
      </object_component>
      <object_component id="oc-598">
         <name>.text</name>
         <load_address>0x31258</load_address>
         <run_address>0x31258</run_address>
         <size>0x3a4</size>
         <input_file_ref idref="fl-38"/>
      </object_component>
      <object_component id="oc-6d">
         <name>.text</name>
         <load_address>0x315fc</load_address>
         <run_address>0x315fc</run_address>
         <size>0x34c</size>
         <input_file_ref idref="fl-1e"/>
      </object_component>
      <object_component id="oc-13e">
         <name>.text</name>
         <load_address>0x31948</load_address>
         <run_address>0x31948</run_address>
         <size>0x320</size>
         <input_file_ref idref="fl-8"/>
      </object_component>
      <object_component id="oc-3c7">
         <name>.text</name>
         <load_address>0x31c68</load_address>
         <run_address>0x31c68</run_address>
         <size>0x2c0</size>
         <input_file_ref idref="fl-5c"/>
      </object_component>
      <object_component id="oc-74e">
         <name>.text</name>
         <load_address>0x31f28</load_address>
         <run_address>0x31f28</run_address>
         <size>0x2b4</size>
         <input_file_ref idref="fl-9d"/>
      </object_component>
      <object_component id="oc-1e">
         <name>.text:retain</name>
         <load_address>0x321dc</load_address>
         <run_address>0x321dc</run_address>
         <size>0x2a4</size>
         <input_file_ref idref="fl-28"/>
      </object_component>
      <object_component id="oc-3e">
         <name>.text:retain</name>
         <load_address>0x32480</load_address>
         <run_address>0x32480</run_address>
         <size>0x290</size>
         <input_file_ref idref="fl-29"/>
      </object_component>
      <object_component id="oc-4fc">
         <name>.text</name>
         <load_address>0x32710</load_address>
         <run_address>0x32710</run_address>
         <size>0x278</size>
         <input_file_ref idref="fl-13"/>
      </object_component>
      <object_component id="oc-609">
         <name>.text:_pconv_a</name>
         <load_address>0x32988</load_address>
         <run_address>0x32988</run_address>
         <size>0x248</size>
         <input_file_ref idref="fl-9b"/>
      </object_component>
      <object_component id="oc-32e">
         <name>.text</name>
         <load_address>0x32bd0</load_address>
         <run_address>0x32bd0</run_address>
         <size>0x238</size>
         <input_file_ref idref="fl-14"/>
      </object_component>
      <object_component id="oc-162">
         <name>.text</name>
         <load_address>0x32e08</load_address>
         <run_address>0x32e08</run_address>
         <size>0x1c4</size>
         <input_file_ref idref="fl-f"/>
      </object_component>
      <object_component id="oc-50c">
         <name>.text</name>
         <load_address>0x32fcc</load_address>
         <run_address>0x32fcc</run_address>
         <size>0x1b0</size>
         <input_file_ref idref="fl-16"/>
      </object_component>
      <object_component id="oc-5f7">
         <name>.text:_pconv_g</name>
         <load_address>0x3317c</load_address>
         <run_address>0x3317c</run_address>
         <size>0x1a0</size>
         <input_file_ref idref="fl-9b"/>
      </object_component>
      <object_component id="oc-33a">
         <name>.text</name>
         <load_address>0x3331c</load_address>
         <run_address>0x3331c</run_address>
         <size>0x158</size>
         <input_file_ref idref="fl-19"/>
      </object_component>
      <object_component id="oc-2d">
         <name>.text:retain</name>
         <load_address>0x33474</load_address>
         <run_address>0x33474</run_address>
         <size>0x114</size>
         <input_file_ref idref="fl-e"/>
      </object_component>
      <object_component id="oc-603">
         <name>.text:_pconv_e</name>
         <load_address>0x33588</load_address>
         <run_address>0x33588</run_address>
         <size>0x104</size>
         <input_file_ref idref="fl-9b"/>
      </object_component>
      <object_component id="oc-767">
         <name>.text:fcvt</name>
         <load_address>0x3368c</load_address>
         <run_address>0x3368c</run_address>
         <size>0xfc</size>
         <input_file_ref idref="fl-9b"/>
      </object_component>
      <object_component id="oc-77b">
         <name>.text:scalbn</name>
         <load_address>0x33788</load_address>
         <run_address>0x33788</run_address>
         <size>0xf0</size>
         <input_file_ref idref="fl-a3"/>
      </object_component>
      <object_component id="oc-bd">
         <name>.text</name>
         <load_address>0x33878</load_address>
         <run_address>0x33878</run_address>
         <size>0xe8</size>
         <input_file_ref idref="fl-a"/>
      </object_component>
      <object_component id="oc-382">
         <name>.text:floor</name>
         <load_address>0x33960</load_address>
         <run_address>0x33960</run_address>
         <size>0xe0</size>
         <input_file_ref idref="fl-81"/>
      </object_component>
      <object_component id="oc-100">
         <name>.text</name>
         <load_address>0x33a40</load_address>
         <run_address>0x33a40</run_address>
         <size>0xe0</size>
         <input_file_ref idref="fl-26"/>
      </object_component>
      <object_component id="oc-3bb">
         <name>.text</name>
         <load_address>0x33b20</load_address>
         <run_address>0x33b20</run_address>
         <size>0xcc</size>
         <input_file_ref idref="fl-3b"/>
      </object_component>
      <object_component id="oc-24">
         <name>.text:retain</name>
         <load_address>0x33bec</load_address>
         <run_address>0x33bec</run_address>
         <size>0xcc</size>
         <input_file_ref idref="fl-c"/>
      </object_component>
      <object_component id="oc-b1">
         <name>.text</name>
         <load_address>0x33cb8</load_address>
         <run_address>0x33cb8</run_address>
         <size>0xb4</size>
         <input_file_ref idref="fl-10"/>
      </object_component>
      <object_component id="oc-5f1">
         <name>.text:_ltostr</name>
         <load_address>0x33d6c</load_address>
         <run_address>0x33d6c</run_address>
         <size>0xad</size>
         <input_file_ref idref="fl-9b"/>
      </object_component>
      <object_component id="oc-55">
         <name>.text</name>
         <load_address>0x33e1a</load_address>
         <run_address>0x33e1a</run_address>
         <size>0x9c</size>
         <input_file_ref idref="fl-84"/>
      </object_component>
      <object_component id="oc-760">
         <name>.text:_mcpy</name>
         <load_address>0x33eb6</load_address>
         <run_address>0x33eb6</run_address>
         <size>0x7a</size>
         <input_file_ref idref="fl-9b"/>
      </object_component>
      <object_component id="oc-ea">
         <name>.text</name>
         <load_address>0x33f30</load_address>
         <run_address>0x33f30</run_address>
         <size>0x7a</size>
         <input_file_ref idref="fl-85"/>
      </object_component>
      <object_component id="oc-4ed">
         <name>.text</name>
         <load_address>0x33faa</load_address>
         <run_address>0x33faa</run_address>
         <size>0x2</size>
         <input_file_ref idref="fl-9c"/>
      </object_component>
      <object_component id="oc-775">
         <name>.text:frexp</name>
         <load_address>0x33fac</load_address>
         <run_address>0x33fac</run_address>
         <size>0x74</size>
         <input_file_ref idref="fl-a2"/>
      </object_component>
      <object_component id="oc-11">
         <name>.text:decompress:lzss:__TI_decompress_lzss</name>
         <load_address>0x34020</load_address>
         <run_address>0x34020</run_address>
         <size>0x6c</size>
         <input_file_ref idref="fl-8c"/>
      </object_component>
      <object_component id="oc-48e">
         <name>.text</name>
         <load_address>0x3408c</load_address>
         <run_address>0x3408c</run_address>
         <size>0x5c</size>
         <input_file_ref idref="fl-3"/>
      </object_component>
      <object_component id="oc-754">
         <name>.text:__TI_ltoa</name>
         <load_address>0x340e8</load_address>
         <run_address>0x340e8</run_address>
         <size>0x54</size>
         <input_file_ref idref="fl-9e"/>
      </object_component>
      <object_component id="oc-75a">
         <name>.text:_ecpy</name>
         <load_address>0x3413c</load_address>
         <run_address>0x3413c</run_address>
         <size>0x54</size>
         <input_file_ref idref="fl-9b"/>
      </object_component>
      <object_component id="oc-3f2">
         <name>.text</name>
         <load_address>0x34190</load_address>
         <run_address>0x34190</run_address>
         <size>0x54</size>
         <input_file_ref idref="fl-86"/>
      </object_component>
      <object_component id="oc-5fd">
         <name>.text:_pconv_f</name>
         <load_address>0x341e4</load_address>
         <run_address>0x341e4</run_address>
         <size>0x50</size>
         <input_file_ref idref="fl-9b"/>
      </object_component>
      <object_component id="oc-59e">
         <name>.text:atoi</name>
         <load_address>0x34234</load_address>
         <run_address>0x34234</run_address>
         <size>0x50</size>
         <input_file_ref idref="fl-8f"/>
      </object_component>
      <object_component id="oc-99">
         <name>.text</name>
         <load_address>0x34284</load_address>
         <run_address>0x34284</run_address>
         <size>0x50</size>
         <input_file_ref idref="fl-4"/>
      </object_component>
      <object_component id="oc-319">
         <name>.text</name>
         <load_address>0x342d4</load_address>
         <run_address>0x342d4</run_address>
         <size>0x50</size>
         <input_file_ref idref="fl-87"/>
      </object_component>
      <object_component id="oc-10e">
         <name>.text:__TI_auto_init_nobinit_nopinit:__TI_auto_init_nobinit_nopinit</name>
         <load_address>0x34324</load_address>
         <run_address>0x34324</run_address>
         <size>0x44</size>
         <input_file_ref idref="fl-88"/>
      </object_component>
      <object_component id="oc-76d">
         <name>.text:_fcpy</name>
         <load_address>0x34368</load_address>
         <run_address>0x34368</run_address>
         <size>0x40</size>
         <input_file_ref idref="fl-9b"/>
      </object_component>
      <object_component id="oc-40a">
         <name>.text:rand</name>
         <load_address>0x343a8</load_address>
         <run_address>0x343a8</run_address>
         <size>0x34</size>
         <input_file_ref idref="fl-97"/>
      </object_component>
      <object_component id="oc-71f">
         <name>.text:strncmp</name>
         <load_address>0x343dc</load_address>
         <run_address>0x343dc</run_address>
         <size>0x2a</size>
         <input_file_ref idref="fl-99"/>
      </object_component>
      <object_component id="oc-725">
         <name>.text:memmove</name>
         <load_address>0x34406</load_address>
         <run_address>0x34406</run_address>
         <size>0x28</size>
         <input_file_ref idref="fl-96"/>
      </object_component>
      <object_component id="oc-250">
         <name>.text:vsprintf</name>
         <load_address>0x34430</load_address>
         <run_address>0x34430</run_address>
         <size>0x28</size>
         <input_file_ref idref="fl-83"/>
      </object_component>
      <object_component id="oc-60f">
         <name>.text:memccpy</name>
         <load_address>0x34458</load_address>
         <run_address>0x34458</run_address>
         <size>0x26</size>
         <input_file_ref idref="fl-9f"/>
      </object_component>
      <object_component id="oc-573">
         <name>.text:memcmp</name>
         <load_address>0x3447e</load_address>
         <run_address>0x3447e</run_address>
         <size>0x26</size>
         <input_file_ref idref="fl-95"/>
      </object_component>
      <object_component id="oc-823">
         <name>.text:copysign</name>
         <load_address>0x344a4</load_address>
         <run_address>0x344a4</run_address>
         <size>0x1e</size>
         <input_file_ref idref="fl-a4"/>
      </object_component>
      <object_component id="oc-44a">
         <name>.text:_outs</name>
         <load_address>0x344c2</load_address>
         <run_address>0x344c2</run_address>
         <size>0x1a</size>
         <input_file_ref idref="fl-83"/>
      </object_component>
      <object_component id="oc-781">
         <name>.text:strchr</name>
         <load_address>0x344dc</load_address>
         <run_address>0x344dc</run_address>
         <size>0x16</size>
         <input_file_ref idref="fl-a0"/>
      </object_component>
      <object_component id="oc-343">
         <name>.text:strlen</name>
         <load_address>0x344f2</load_address>
         <run_address>0x344f2</run_address>
         <size>0x16</size>
         <input_file_ref idref="fl-98"/>
      </object_component>
      <object_component id="oc-615">
         <name>.text:wcslen</name>
         <load_address>0x34508</load_address>
         <run_address>0x34508</run_address>
         <size>0x12</size>
         <input_file_ref idref="fl-a1"/>
      </object_component>
      <object_component id="oc-66c">
         <name>.text:isdigit</name>
         <load_address>0x3451c</load_address>
         <run_address>0x3451c</run_address>
         <size>0x10</size>
         <input_file_ref idref="fl-91"/>
      </object_component>
      <object_component id="oc-678">
         <name>.text:islower</name>
         <load_address>0x3452c</load_address>
         <run_address>0x3452c</run_address>
         <size>0x10</size>
         <input_file_ref idref="fl-92"/>
      </object_component>
      <object_component id="oc-67e">
         <name>.text:isspace</name>
         <load_address>0x3453c</load_address>
         <run_address>0x3453c</run_address>
         <size>0x10</size>
         <input_file_ref idref="fl-93"/>
      </object_component>
      <object_component id="oc-672">
         <name>.text:isxdigit</name>
         <load_address>0x3454c</load_address>
         <run_address>0x3454c</run_address>
         <size>0x10</size>
         <input_file_ref idref="fl-94"/>
      </object_component>
      <object_component id="oc-91">
         <name>.text</name>
         <load_address>0x3455c</load_address>
         <run_address>0x3455c</run_address>
         <size>0x10</size>
         <input_file_ref idref="fl-21"/>
      </object_component>
      <object_component id="oc-17">
         <name>.text:decompress:none:__TI_decompress_none</name>
         <load_address>0x3456c</load_address>
         <run_address>0x3456c</run_address>
         <size>0xe</size>
         <input_file_ref idref="fl-8b"/>
      </object_component>
      <object_component id="oc-67">
         <name>.text:decompress:ZI:__TI_zero_init</name>
         <load_address>0x3457a</load_address>
         <run_address>0x3457a</run_address>
         <size>0xc</size>
         <input_file_ref idref="fl-8a"/>
      </object_component>
      <object_component id="oc-450">
         <name>.text:_outc</name>
         <load_address>0x34586</load_address>
         <run_address>0x34586</run_address>
         <size>0xa</size>
         <input_file_ref idref="fl-83"/>
      </object_component>
      <object_component id="oc-61b">
         <name>.text:__aeabi_errno_addr</name>
         <load_address>0x34590</load_address>
         <run_address>0x34590</run_address>
         <size>0x8</size>
         <input_file_ref idref="fl-9a"/>
      </object_component>
      <object_component id="oc-145">
         <name>.text:abort:abort</name>
         <load_address>0x34598</load_address>
         <run_address>0x34598</run_address>
         <size>0x4</size>
         <input_file_ref idref="fl-8d"/>
      </object_component>
      <object_component id="oc-38">
         <name>.text:retain</name>
         <load_address>0x3459c</load_address>
         <run_address>0x3459c</run_address>
         <size>0x4</size>
         <input_file_ref idref="fl-24"/>
      </object_component>
      <object_component id="oc-78">
         <name>.text</name>
         <load_address>0x345a0</load_address>
         <run_address>0x345a0</run_address>
         <size>0x4</size>
         <input_file_ref idref="fl-28"/>
      </object_component>
      <object_component id="oc-2a">
         <name>.const:s_vim_init</name>
         <load_address>0x345a4</load_address>
         <run_address>0x345a4</run_address>
         <size>0x180</size>
         <input_file_ref idref="fl-29"/>
      </object_component>
      <object_component id="oc-72d">
         <name>.const:.string:_ctypes_</name>
         <load_address>0x34724</load_address>
         <run_address>0x34724</run_address>
         <size>0x101</size>
         <input_file_ref idref="fl-90"/>
      </object_component>
      <object_component id="oc-5dd">
         <name>.const</name>
         <load_address>0x34825</load_address>
         <run_address>0x34825</run_address>
         <size>0x3</size>
         <input_file_ref idref="fl-2c"/>
      </object_component>
      <object_component id="oc-7c0">
         <name>.const:.string</name>
         <load_address>0x34828</load_address>
         <run_address>0x34828</run_address>
         <size>0x98</size>
         <input_file_ref idref="fl-3e"/>
      </object_component>
      <object_component id="oc-7b3">
         <name>.const:.string</name>
         <load_address>0x348c0</load_address>
         <run_address>0x348c0</run_address>
         <size>0x78</size>
         <input_file_ref idref="fl-44"/>
      </object_component>
      <object_component id="oc-6ca">
         <name>.const:.string</name>
         <load_address>0x34938</load_address>
         <run_address>0x34938</run_address>
         <size>0x44</size>
         <input_file_ref idref="fl-47"/>
      </object_component>
      <object_component id="oc-55f">
         <name>.const:lwip_cyclic_timers</name>
         <load_address>0x3497c</load_address>
         <run_address>0x3497c</run_address>
         <size>0x3c</size>
         <input_file_ref idref="fl-47"/>
      </object_component>
      <object_component id="oc-563">
         <name>.const:memp_pools</name>
         <load_address>0x349b8</load_address>
         <run_address>0x349b8</run_address>
         <size>0x34</size>
         <input_file_ref idref="fl-3e"/>
      </object_component>
      <object_component id="oc-65b">
         <name>.const:tcp_state_str</name>
         <load_address>0x349ec</load_address>
         <run_address>0x349ec</run_address>
         <size>0x2c</size>
         <input_file_ref idref="fl-44"/>
      </object_component>
      <object_component id="oc-2b0">
         <name>.const:$P$T0$1</name>
         <load_address>0x34a18</load_address>
         <run_address>0x34a18</run_address>
         <size>0x14</size>
         <input_file_ref idref="fl-5"/>
      </object_component>
      <object_component id="oc-39c">
         <name>.const:$P$T3$4</name>
         <load_address>0x34a2c</load_address>
         <run_address>0x34a2c</run_address>
         <size>0x14</size>
         <input_file_ref idref="fl-7b"/>
      </object_component>
      <object_component id="oc-6dc">
         <name>.const:memp_FRAG_PBUF</name>
         <load_address>0x34a40</load_address>
         <run_address>0x34a40</run_address>
         <size>0x10</size>
         <input_file_ref idref="fl-3e"/>
      </object_component>
      <object_component id="oc-6df">
         <name>.const:memp_NETBUF</name>
         <load_address>0x34a50</load_address>
         <run_address>0x34a50</run_address>
         <size>0x10</size>
         <input_file_ref idref="fl-3e"/>
      </object_component>
      <object_component id="oc-6e2">
         <name>.const:memp_NETCONN</name>
         <load_address>0x34a60</load_address>
         <run_address>0x34a60</run_address>
         <size>0x10</size>
         <input_file_ref idref="fl-3e"/>
      </object_component>
      <object_component id="oc-6ee">
         <name>.const:memp_PBUF</name>
         <load_address>0x34a70</load_address>
         <run_address>0x34a70</run_address>
         <size>0x10</size>
         <input_file_ref idref="fl-3e"/>
      </object_component>
      <object_component id="oc-6f1">
         <name>.const:memp_PBUF_POOL</name>
         <load_address>0x34a80</load_address>
         <run_address>0x34a80</run_address>
         <size>0x10</size>
         <input_file_ref idref="fl-3e"/>
      </object_component>
      <object_component id="oc-6d9">
         <name>.const:memp_REASSDATA</name>
         <load_address>0x34a90</load_address>
         <run_address>0x34a90</run_address>
         <size>0x10</size>
         <input_file_ref idref="fl-3e"/>
      </object_component>
      <object_component id="oc-6eb">
         <name>.const:memp_SYS_TIMEOUT</name>
         <load_address>0x34aa0</load_address>
         <run_address>0x34aa0</run_address>
         <size>0x10</size>
         <input_file_ref idref="fl-3e"/>
      </object_component>
      <object_component id="oc-6e5">
         <name>.const:memp_TCPIP_MSG_API</name>
         <load_address>0x34ab0</load_address>
         <run_address>0x34ab0</run_address>
         <size>0x10</size>
         <input_file_ref idref="fl-3e"/>
      </object_component>
      <object_component id="oc-6e8">
         <name>.const:memp_TCPIP_MSG_INPKT</name>
         <load_address>0x34ac0</load_address>
         <run_address>0x34ac0</run_address>
         <size>0x10</size>
         <input_file_ref idref="fl-3e"/>
      </object_component>
      <object_component id="oc-6d0">
         <name>.const:memp_TCP_PCB</name>
         <load_address>0x34ad0</load_address>
         <run_address>0x34ad0</run_address>
         <size>0x10</size>
         <input_file_ref idref="fl-3e"/>
      </object_component>
      <object_component id="oc-6d3">
         <name>.const:memp_TCP_PCB_LISTEN</name>
         <load_address>0x34ae0</load_address>
         <run_address>0x34ae0</run_address>
         <size>0x10</size>
         <input_file_ref idref="fl-3e"/>
      </object_component>
      <object_component id="oc-6d6">
         <name>.const:memp_TCP_SEG</name>
         <load_address>0x34af0</load_address>
         <run_address>0x34af0</run_address>
         <size>0x10</size>
         <input_file_ref idref="fl-3e"/>
      </object_component>
      <object_component id="oc-6cd">
         <name>.const:memp_UDP_PCB</name>
         <load_address>0x34b00</load_address>
         <run_address>0x34b00</run_address>
         <size>0x10</size>
         <input_file_ref idref="fl-3e"/>
      </object_component>
      <object_component id="oc-64b">
         <name>.const:tcp_pcb_lists</name>
         <load_address>0x34b10</load_address>
         <run_address>0x34b10</run_address>
         <size>0x10</size>
         <input_file_ref idref="fl-44"/>
      </object_component>
      <object_component id="oc-658">
         <name>.const:.string:tcp_backoff</name>
         <load_address>0x34b20</load_address>
         <run_address>0x34b20</run_address>
         <size>0xd</size>
         <input_file_ref idref="fl-44"/>
      </object_component>
      <object_component id="oc-494">
         <name>.const:$P$T0$1</name>
         <load_address>0x34b30</load_address>
         <run_address>0x34b30</run_address>
         <size>0xc</size>
         <input_file_ref idref="fl-2"/>
      </object_component>
      <object_component id="oc-38d">
         <name>.const:$P$T0$1</name>
         <load_address>0x34b3c</load_address>
         <run_address>0x34b3c</run_address>
         <size>0x8</size>
         <input_file_ref idref="fl-7b"/>
      </object_component>
      <object_component id="oc-655">
         <name>.const:.string:tcp_persist_backoff</name>
         <load_address>0x34b44</load_address>
         <run_address>0x34b44</run_address>
         <size>0x7</size>
         <input_file_ref idref="fl-44"/>
      </object_component>
      <object_component id="oc-4c2">
         <name>.const:ethbroadcast</name>
         <load_address>0x34b4b</load_address>
         <run_address>0x34b4b</run_address>
         <size>0x6</size>
         <input_file_ref idref="fl-5c"/>
      </object_component>
      <object_component id="oc-4bf">
         <name>.const:ethzero</name>
         <load_address>0x34b51</load_address>
         <run_address>0x34b51</run_address>
         <size>0x6</size>
         <input_file_ref idref="fl-5c"/>
      </object_component>
      <object_component id="oc-390">
         <name>.const:$P$T1$2</name>
         <load_address>0x34b58</load_address>
         <run_address>0x34b58</run_address>
         <size>0x4</size>
         <input_file_ref idref="fl-7b"/>
      </object_component>
      <object_component id="oc-399">
         <name>.const:$P$T2$3</name>
         <load_address>0x34b5c</load_address>
         <run_address>0x34b5c</run_address>
         <size>0x4</size>
         <input_file_ref idref="fl-7b"/>
      </object_component>
      <object_component id="oc-256">
         <name>.const:.string:$P$T0$1</name>
         <load_address>0x34b60</load_address>
         <run_address>0x34b60</run_address>
         <size>0x4</size>
         <input_file_ref idref="fl-8"/>
      </object_component>
      <object_component id="oc-259">
         <name>.const:.string:$P$T1$2</name>
         <load_address>0x34b64</load_address>
         <run_address>0x34b64</run_address>
         <size>0x4</size>
         <input_file_ref idref="fl-8"/>
      </object_component>
      <object_component id="oc-25c">
         <name>.const:.string:$P$T2$3</name>
         <load_address>0x34b68</load_address>
         <run_address>0x34b68</run_address>
         <size>0x4</size>
         <input_file_ref idref="fl-8"/>
      </object_component>
      <object_component id="oc-3fa">
         <name>.const:ip_addr_any</name>
         <load_address>0x34b6c</load_address>
         <run_address>0x34b6c</run_address>
         <size>0x4</size>
         <input_file_ref idref="fl-4f"/>
      </object_component>
      <object_component id="oc-404">
         <name>.const:ip_addr_broadcast</name>
         <load_address>0x34b70</load_address>
         <run_address>0x34b70</run_address>
         <size>0x4</size>
         <input_file_ref idref="fl-4f"/>
      </object_component>
      <object_component id="oc-396">
         <name>.const:os_mutex_def_lwip_sys_mutex</name>
         <load_address>0x34b74</load_address>
         <run_address>0x34b74</run_address>
         <size>0x4</size>
         <input_file_ref idref="fl-7b"/>
      </object_component>
      <object_component id="oc-19c">
         <name>.kernelBSS:init</name>
         <load_address>0x80008d0</load_address>
         <run_address>0x80008d0</run_address>
         <size>0x34</size>
         <input_file_ref idref="fl-19"/>
      </object_component>
      <object_component id="oc-340">
         <name>.kernelBSS:uninit</name>
         <load_address>0x8000800</load_address>
         <run_address>0x8000800</run_address>
         <size>0xd0</size>
         <input_file_ref idref="fl-19"/>
      </object_component>
      <object_component id="oc-69b">
         <name>.kernelHEAP</name>
         <uninitialized>true</uninitialized>
         <run_address>0x800e314</run_address>
         <size>0x5000</size>
         <input_file_ref idref="fl-13"/>
      </object_component>
      <object_component id="oc-2ad">
         <name>.bss:mac_address</name>
         <uninitialized>true</uninitialized>
         <run_address>0x800e2b0</run_address>
         <size>0x8</size>
         <input_file_ref idref="fl-5"/>
      </object_component>
      <object_component id="oc-3e8">
         <name>.bss</name>
         <uninitialized>true</uninitialized>
         <run_address>0x800e2d8</run_address>
         <size>0x4</size>
         <input_file_ref idref="fl-7"/>
      </object_component>
      <object_component id="oc-168">
         <name>.bss:pbuf_array</name>
         <uninitialized>true</uninitialized>
         <run_address>0x8004b4c</run_address>
         <size>0x3b24</size>
         <input_file_ref idref="fl-c"/>
      </object_component>
      <object_component id="oc-505">
         <name>.bss:xStart</name>
         <uninitialized>true</uninitialized>
         <run_address>0x800e2c0</run_address>
         <size>0x8</size>
         <input_file_ref idref="fl-13"/>
      </object_component>
      <object_component id="oc-388">
         <name>.bss:g_sciTransfer_t</name>
         <uninitialized>true</uninitialized>
         <run_address>0x800e1bc</run_address>
         <size>0x28</size>
         <input_file_ref idref="fl-1d"/>
      </object_component>
      <object_component id="oc-3c4">
         <name>.bss</name>
         <uninitialized>true</uninitialized>
         <run_address>0x800e2a4</run_address>
         <size>0xc</size>
         <input_file_ref idref="fl-33"/>
      </object_component>
      <object_component id="oc-4af">
         <name>.bss</name>
         <uninitialized>true</uninitialized>
         <run_address>0x800e278</run_address>
         <size>0x10</size>
         <input_file_ref idref="fl-3d"/>
      </object_component>
      <object_component id="oc-7c2">
         <name>.bss</name>
         <uninitialized>true</uninitialized>
         <run_address>0x800e188</run_address>
         <size>0x34</size>
         <input_file_ref idref="fl-3e"/>
      </object_component>
      <object_component id="oc-5a4">
         <name>.bss</name>
         <uninitialized>true</uninitialized>
         <run_address>0x800e30f</run_address>
         <size>0x1</size>
         <input_file_ref idref="fl-3f"/>
      </object_component>
      <object_component id="oc-648">
         <name>.bss</name>
         <uninitialized>true</uninitialized>
         <run_address>0x800e30c</run_address>
         <size>0x2</size>
         <input_file_ref idref="fl-44"/>
      </object_component>
      <object_component id="oc-70b">
         <name>.bss:inseg</name>
         <uninitialized>true</uninitialized>
         <run_address>0x800e264</run_address>
         <size>0x14</size>
         <input_file_ref idref="fl-45"/>
      </object_component>
      <object_component id="oc-708">
         <name>.bss</name>
         <uninitialized>true</uninitialized>
         <run_address>0x800e1e4</run_address>
         <size>0x24</size>
         <input_file_ref idref="fl-45"/>
      </object_component>
      <object_component id="oc-556">
         <name>.bss</name>
         <uninitialized>true</uninitialized>
         <run_address>0x800e2b8</run_address>
         <size>0x8</size>
         <input_file_ref idref="fl-47"/>
      </object_component>
      <object_component id="oc-3f7">
         <name>.bss</name>
         <uninitialized>true</uninitialized>
         <run_address>0x800e298</run_address>
         <size>0xc</size>
         <input_file_ref idref="fl-4a"/>
      </object_component>
      <object_component id="oc-4bc">
         <name>.bss:arp_table</name>
         <uninitialized>true</uninitialized>
         <run_address>0x800dbec</run_address>
         <size>0xf0</size>
         <input_file_ref idref="fl-4b"/>
      </object_component>
      <object_component id="oc-4c5">
         <name>.bss</name>
         <uninitialized>true</uninitialized>
         <run_address>0x800e30e</run_address>
         <size>0x1</size>
         <input_file_ref idref="fl-4b"/>
      </object_component>
      <object_component id="oc-593">
         <name>.bss</name>
         <uninitialized>true</uninitialized>
         <run_address>0x800e2d6</run_address>
         <size>0x2</size>
         <input_file_ref idref="fl-4e"/>
      </object_component>
      <object_component id="oc-684">
         <name>.bss:str$1</name>
         <uninitialized>true</uninitialized>
         <run_address>0x800e288</run_address>
         <size>0x10</size>
         <input_file_ref idref="fl-4f"/>
      </object_component>
      <object_component id="oc-703">
         <name>.bss</name>
         <uninitialized>true</uninitialized>
         <run_address>0x800e2d0</run_address>
         <size>0x6</size>
         <input_file_ref idref="fl-50"/>
      </object_component>
      <object_component id="oc-2ac">
         <name>.common:rx_queue</name>
         <uninitialized>true</uninitialized>
         <run_address>0x800e2ec</run_address>
         <size>0x4</size>
      </object_component>
      <object_component id="oc-2a6">
         <name>.common:ethernetif_rx_quiue</name>
         <uninitialized>true</uninitialized>
         <run_address>0x8001000</run_address>
         <size>0x3b4c</size>
      </object_component>
      <object_component id="oc-265">
         <name>.common:gnetif</name>
         <uninitialized>true</uninitialized>
         <run_address>0x800e110</run_address>
         <size>0x3c</size>
      </object_component>
      <object_component id="oc-262">
         <name>.common:dhcp_status</name>
         <uninitialized>true</uninitialized>
         <run_address>0x800e310</run_address>
         <size>0x1</size>
      </object_component>
      <object_component id="oc-268">
         <name>.common:lock_mqtt_connect</name>
         <uninitialized>true</uninitialized>
         <run_address>0x800e311</run_address>
         <size>0x1</size>
      </object_component>
      <object_component id="oc-a5">
         <name>.common:hdkif_data</name>
         <uninitialized>true</uninitialized>
         <run_address>0x800e14c</run_address>
         <size>0x3c</size>
      </object_component>
      <object_component id="oc-3c1">
         <name>.common:lock_tcpip_core</name>
         <uninitialized>true</uninitialized>
         <run_address>0x800e2dc</run_address>
         <size>0x4</size>
      </object_component>
      <object_component id="oc-410">
         <name>.common:ip_data</name>
         <uninitialized>true</uninitialized>
         <run_address>0x800e24c</run_address>
         <size>0x18</size>
      </object_component>
      <object_component id="oc-4b2">
         <name>.common:ram_heap</name>
         <uninitialized>true</uninitialized>
         <run_address>0x8008670</run_address>
         <size>0x2814</size>
      </object_component>
      <object_component id="oc-7c1">
         <name>.common:memp_memory_UDP_PCB_base</name>
         <uninitialized>true</uninitialized>
         <run_address>0x800e010</run_address>
         <size>0x84</size>
      </object_component>
      <object_component id="oc-7c7">
         <name>.common:memp_memory_TCP_PCB_base</name>
         <uninitialized>true</uninitialized>
         <run_address>0x800d488</run_address>
         <size>0x3b0</size>
      </object_component>
      <object_component id="oc-7ca">
         <name>.common:memp_memory_TCP_PCB_LISTEN_base</name>
         <uninitialized>true</uninitialized>
         <run_address>0x800dcdc</run_address>
         <size>0xe4</size>
      </object_component>
      <object_component id="oc-7cd">
         <name>.common:memp_memory_TCP_SEG_base</name>
         <uninitialized>true</uninitialized>
         <run_address>0x800d9a4</run_address>
         <size>0x144</size>
      </object_component>
      <object_component id="oc-7d0">
         <name>.common:memp_memory_REASSDATA_base</name>
[...]
         <object_component_ref idref="oc-238"/>
      </symbol>
      <symbol id="sm-201d">
         <name>dhcp_set_struct</name>
         <value>0x16db4</value>
         <object_component_ref idref="oc-238"/>
      </symbol>
      <symbol id="sm-201e">
         <name>dhcp_supplied_address</name>
         <value>0x19278</value>
         <object_component_ref idref="oc-238"/>
      </symbol>
      <symbol id="sm-201f">
         <name>dhcp_release</name>
         <value>0x1805c</value>
         <object_component_ref idref="oc-238"/>
      </symbol>
      <symbol id="sm-2020">
         <name>dhcp_network_changed</name>
         <value>0x17138</value>
         <object_component_ref idref="oc-238"/>
      </symbol>
      <symbol id="sm-2021">
         <name>dhcp_stop</name>
         <value>0x18074</value>
         <object_component_ref idref="oc-238"/>
      </symbol>
      <symbol id="sm-2022">
         <name>dhcp_cleanup</name>
         <value>0x16e44</value>
         <object_component_ref idref="oc-238"/>
      </symbol>
      <symbol id="sm-2023">
         <name>dhcp_inform</name>
         <value>0x1701c</value>
         <object_component_ref idref="oc-238"/>
      </symbol>
      <symbol id="sm-2024">
         <name>dhcp_arp_reply</name>
         <value>0x1721c</value>
         <object_component_ref idref="oc-238"/>
      </symbol>
      <symbol id="sm-2025">
         <name>dhcp_renew</name>
         <value>0x178e4</value>
         <object_component_ref idref="oc-238"/>
      </symbol>
      <symbol id="sm-20e9">
         <name>etharp_output</name>
         <value>0x1f020</value>
         <object_component_ref idref="oc-2a0"/>
      </symbol>
      <symbol id="sm-20ea">
         <name>etharp_request</name>
         <value>0x1f890</value>
         <object_component_ref idref="oc-2a0"/>
      </symbol>
      <symbol id="sm-20eb">
         <name>etharp_cleanup_netif</name>
         <value>0x1e9b0</value>
         <object_component_ref idref="oc-2a0"/>
      </symbol>
      <symbol id="sm-20ec">
         <name>etharp_query</name>
         <value>0x1f2f4</value>
         <object_component_ref idref="oc-2a0"/>
      </symbol>
      <symbol id="sm-20ed">
         <name>etharp_get_entry</name>
         <value>0x1eb7c</value>
         <object_component_ref idref="oc-2a0"/>
      </symbol>
      <symbol id="sm-20ee">
         <name>etharp_find_addr</name>
         <value>0x1ea60</value>
         <object_component_ref idref="oc-2a0"/>
      </symbol>
      <symbol id="sm-20ef">
         <name>etharp_input</name>
         <value>0x1ec84</value>
         <object_component_ref idref="oc-2a0"/>
      </symbol>
      <symbol id="sm-20f0">
         <name>etharp_tmr</name>
         <value>0x1e240</value>
         <object_component_ref idref="oc-2a0"/>
      </symbol>
      <symbol id="sm-2128">
         <name>icmp_dest_unreach</name>
         <value>0x2f110</value>
         <object_component_ref idref="oc-58d"/>
      </symbol>
      <symbol id="sm-2129">
         <name>icmp_input</name>
         <value>0x2ed34</value>
         <object_component_ref idref="oc-58d"/>
      </symbol>
      <symbol id="sm-212a">
         <name>icmp_time_exceeded</name>
         <value>0x2f130</value>
         <object_component_ref idref="oc-58d"/>
      </symbol>
      <symbol id="sm-218c">
         <name>ip4_input</name>
         <value>0x2a120</value>
         <object_component_ref idref="oc-3cd"/>
      </symbol>
      <symbol id="sm-218d">
         <name>ip4_output</name>
         <value>0x2a8ac</value>
         <object_component_ref idref="oc-3cd"/>
      </symbol>
      <symbol id="sm-218e">
         <name>ip4_route</name>
         <value>0x29ff8</value>
         <object_component_ref idref="oc-3cd"/>
      </symbol>
      <symbol id="sm-218f">
         <name>ip4_output_if_src</name>
         <value>0x2a5bc</value>
         <object_component_ref idref="oc-3cd"/>
      </symbol>
      <symbol id="sm-2190">
         <name>ip4_output_if</name>
         <value>0x2a538</value>
         <object_component_ref idref="oc-3cd"/>
      </symbol>
      <symbol id="sm-21e8">
         <name>ip4addr_aton</name>
         <value>0x2e1c0</value>
         <object_component_ref idref="oc-4b6"/>
      </symbol>
      <symbol id="sm-21e9">
         <name>ip4_addr_isbroadcast_u32</name>
         <value>0x2e030</value>
         <object_component_ref idref="oc-4b6"/>
      </symbol>
      <symbol id="sm-21ea">
         <name>ipaddr_addr</name>
         <value>0x2e194</value>
         <object_component_ref idref="oc-4b6"/>
      </symbol>
      <symbol id="sm-21eb">
         <name>ip_addr_any</name>
         <value>0x34b6c</value>
         <object_component_ref idref="oc-3fa"/>
      </symbol>
      <symbol id="sm-21ec">
         <name>ip_addr_broadcast</name>
         <value>0x34b70</value>
         <object_component_ref idref="oc-404"/>
      </symbol>
      <symbol id="sm-21ed">
         <name>ip4addr_ntoa_r</name>
         <value>0x2e500</value>
         <object_component_ref idref="oc-4b6"/>
      </symbol>
      <symbol id="sm-21ee">
         <name>ip4addr_ntoa</name>
         <value>0x2e4e4</value>
         <object_component_ref idref="oc-4b6"/>
      </symbol>
      <symbol id="sm-21ef">
         <name>ip4_addr_netmask_valid</name>
         <value>0x2e100</value>
         <object_component_ref idref="oc-4b6"/>
      </symbol>
      <symbol id="sm-22a9">
         <name>ip4_reass</name>
         <value>0x2319c</value>
         <object_component_ref idref="oc-581"/>
      </symbol>
      <symbol id="sm-22aa">
         <name>ip4_frag</name>
         <value>0x23794</value>
         <object_component_ref idref="oc-581"/>
      </symbol>
      <symbol id="sm-22ab">
         <name>ip_reass_tmr</name>
         <value>0x22694</value>
         <object_component_ref idref="oc-581"/>
      </symbol>
      <symbol id="sm-22e4">
         <name>ethernet_output</name>
         <value>0x31df0</value>
         <object_component_ref idref="oc-3c7"/>
      </symbol>
      <symbol id="sm-22e5">
         <name>ethernet_input</name>
         <value>0x31c68</value>
         <object_component_ref idref="oc-3c7"/>
      </symbol>
      <symbol id="sm-22e6">
         <name>ethzero</name>
         <value>0x34b51</value>
         <object_component_ref idref="oc-4bf"/>
      </symbol>
      <symbol id="sm-22e7">
         <name>ethbroadcast</name>
         <value>0x34b4b</value>
         <object_component_ref idref="oc-4c2"/>
      </symbol>
      <symbol id="sm-2369">
         <name>lwip_sys_mutex</name>
         <value>0x800e2e0</value>
      </symbol>
      <symbol id="sm-236a">
         <name>sys_mbox_set_invalid</name>
         <value>0x307e0</value>
         <object_component_ref idref="oc-226"/>
      </symbol>
      <symbol id="sm-236b">
         <name>sys_mbox_post</name>
         <value>0x30638</value>
         <object_component_ref idref="oc-226"/>
      </symbol>
      <symbol id="sm-236c">
         <name>sys_mutex_new</name>
         <value>0x3096c</value>
         <object_component_ref idref="oc-226"/>
      </symbol>
      <symbol id="sm-236d">
         <name>sys_init</name>
         <value>0x30954</value>
         <object_component_ref idref="oc-226"/>
      </symbol>
      <symbol id="sm-236e">
         <name>sys_arch_mbox_tryfetch</name>
         <value>0x30764</value>
         <object_component_ref idref="oc-226"/>
      </symbol>
      <symbol id="sm-236f">
         <name>os_mutex_def_lwip_sys_mutex</name>
         <value>0x34b74</value>
         <object_component_ref idref="oc-396"/>
      </symbol>
      <symbol id="sm-2370">
         <name>sys_arch_unprotect</name>
         <value>0x30a7c</value>
         <object_component_ref idref="oc-226"/>
      </symbol>
      <symbol id="sm-2371">
         <name>sys_sem_free</name>
         <value>0x308f4</value>
         <object_component_ref idref="oc-226"/>
      </symbol>
      <symbol id="sm-2372">
         <name>sys_mbox_trypost</name>
         <value>0x30664</value>
         <object_component_ref idref="oc-226"/>
      </symbol>
      <symbol id="sm-2373">
         <name>sys_arch_sem_wait</name>
         <value>0x30864</value>
         <object_component_ref idref="oc-226"/>
      </symbol>
      <symbol id="sm-2374">
         <name>sys_sem_new</name>
         <value>0x307fc</value>
         <object_component_ref idref="oc-226"/>
      </symbol>
      <symbol id="sm-2375">
         <name>sys_arch_protect</name>
         <value>0x30a60</value>
         <object_component_ref idref="oc-226"/>
      </symbol>
      <symbol id="sm-2376">
         <name>sys_thread_new</name>
         <value>0x309fc</value>
         <object_component_ref idref="oc-226"/>
      </symbol>
      <symbol id="sm-2377">
         <name>sys_mutex_unlock</name>
         <value>0x309e4</value>
         <object_component_ref idref="oc-226"/>
      </symbol>
      <symbol id="sm-2378">
         <name>sys_mutex_free</name>
         <value>0x309b0</value>
         <object_component_ref idref="oc-226"/>
      </symbol>
      <symbol id="sm-2379">
         <name>sys_sem_valid</name>
         <value>0x3090c</value>
         <object_component_ref idref="oc-226"/>
      </symbol>
      <symbol id="sm-237a">
         <name>sys_mbox_free</name>
         <value>0x30614</value>
         <object_component_ref idref="oc-226"/>
      </symbol>
      <symbol id="sm-237b">
         <name>sys_mbox_valid</name>
         <value>0x307b4</value>
         <object_component_ref idref="oc-226"/>
      </symbol>
      <symbol id="sm-237c">
         <name>sys_arch_mbox_fetch</name>
         <value>0x306c4</value>
         <object_component_ref idref="oc-226"/>
      </symbol>
      <symbol id="sm-237d">
         <name>sys_sem_set_invalid</name>
         <value>0x30938</value>
         <object_component_ref idref="oc-226"/>
      </symbol>
      <symbol id="sm-237e">
         <name>sys_mbox_trypost_fromisr</name>
         <value>0x306a8</value>
         <object_component_ref idref="oc-226"/>
      </symbol>
      <symbol id="sm-237f">
         <name>sys_sem_signal</name>
         <value>0x308dc</value>
         <object_component_ref idref="oc-226"/>
      </symbol>
      <symbol id="sm-2380">
         <name>sys_mbox_new</name>
         <value>0x305b8</value>
         <object_component_ref idref="oc-226"/>
      </symbol>
      <symbol id="sm-2381">
         <name>sys_mutex_lock</name>
         <value>0x309c8</value>
         <object_component_ref idref="oc-226"/>
      </symbol>
      <symbol id="sm-2382">
         <name>sys_now</name>
         <value>0x30a94</value>
         <object_component_ref idref="oc-226"/>
      </symbol>
      <symbol id="sm-23a9">
         <name>floorl</name>
         <value>0x33961</value>
         <object_component_ref idref="oc-382"/>
      </symbol>
      <symbol id="sm-23aa">
         <name>floor</name>
         <value>0x33961</value>
         <object_component_ref idref="oc-382"/>
      </symbol>
      <symbol id="sm-23d2">
         <name>vsprintf</name>
         <value>0x34431</value>
         <object_component_ref idref="oc-250"/>
      </symbol>
      <symbol id="sm-23ed">
         <name>memcpy</name>
         <value>0x33e1b</value>
         <object_component_ref idref="oc-55"/>
      </symbol>
      <symbol id="sm-23ee">
         <name>__aeabi_memcpy</name>
         <value>0x33e1b</value>
         <object_component_ref idref="oc-55"/>
      </symbol>
      <symbol id="sm-23ef">
         <name>__aeabi_memcpy8</name>
         <value>0x33e1b</value>
         <object_component_ref idref="oc-55"/>
      </symbol>
      <symbol id="sm-23f0">
         <name>__aeabi_memcpy4</name>
         <value>0x33e1b</value>
         <object_component_ref idref="oc-55"/>
      </symbol>
      <symbol id="sm-23ff">
         <name>__aeabi_memset</name>
         <value>0x33f33</value>
         <object_component_ref idref="oc-ea"/>
      </symbol>
      <symbol id="sm-2400">
         <name>memset</name>
         <value>0x33f39</value>
         <object_component_ref idref="oc-ea"/>
      </symbol>
      <symbol id="sm-2401">
         <name>__aeabi_memset8</name>
         <value>0x33f33</value>
         <object_component_ref idref="oc-ea"/>
      </symbol>
      <symbol id="sm-2402">
         <name>__aeabi_memset4</name>
         <value>0x33f33</value>
         <object_component_ref idref="oc-ea"/>
      </symbol>
      <symbol id="sm-2403">
         <name>__aeabi_memclr8</name>
         <value>0x33f31</value>
         <object_component_ref idref="oc-ea"/>
      </symbol>
      <symbol id="sm-2404">
         <name>__aeabi_memclr4</name>
         <value>0x33f31</value>
         <object_component_ref idref="oc-ea"/>
      </symbol>
      <symbol id="sm-2405">
         <name>__aeabi_memclr</name>
         <value>0x33f31</value>
         <object_component_ref idref="oc-ea"/>
      </symbol>
      <symbol id="sm-2411">
         <name>__aeabi_idivmod</name>
         <value>0x34190</value>
         <object_component_ref idref="oc-3f2"/>
      </symbol>
      <symbol id="sm-2412">
         <name>__aeabi_idiv</name>
         <value>0x34190</value>
         <object_component_ref idref="oc-3f2"/>
      </symbol>
      <symbol id="sm-241e">
         <name>__aeabi_uidivmod</name>
         <value>0x342d4</value>
         <object_component_ref idref="oc-319"/>
      </symbol>
      <symbol id="sm-241f">
         <name>__aeabi_uidiv</name>
         <value>0x342d4</value>
         <object_component_ref idref="oc-319"/>
      </symbol>
      <symbol id="sm-2447">
         <name>__TI_auto_init_nobinit_nopinit</name>
         <value>0x34325</value>
         <object_component_ref idref="oc-10e"/>
      </symbol>
      <symbol id="sm-245a">
         <name>__TI_zero_init</name>
         <value>0x3457b</value>
         <object_component_ref idref="oc-67"/>
      </symbol>
      <symbol id="sm-2471">
         <name>__TI_decompress_none</name>
         <value>0x3456d</value>
         <object_component_ref idref="oc-17"/>
      </symbol>
      <symbol id="sm-2494">
         <name>__TI_decompress_lzss</name>
         <value>0x34021</value>
         <object_component_ref idref="oc-11"/>
      </symbol>
      <symbol id="sm-249f">
         <name>C$$EXIT</name>
         <value>0x34599</value>
         <object_component_ref idref="oc-145"/>
      </symbol>
      <symbol id="sm-24a0">
         <name>abort</name>
         <value>0x34599</value>
         <object_component_ref idref="oc-145"/>
      </symbol>
      <symbol id="sm-24b5">
         <name>_nop</name>
         <value>0x295f7</value>
         <object_component_ref idref="oc-480"/>
      </symbol>
      <symbol id="sm-24b6">
         <name>_lock</name>
         <value>0x8013330</value>
         <object_component_ref idref="oc-282"/>
      </symbol>
      <symbol id="sm-24b7">
         <name>_unlock</name>
         <value>0x8013334</value>
         <object_component_ref idref="oc-282"/>
      </symbol>
      <symbol id="sm-24cc">
         <name>atoi</name>
         <value>0x34235</value>
         <object_component_ref idref="oc-59e"/>
      </symbol>
      <symbol id="sm-24d7">
         <name>_ctypes_</name>
         <value>0x34724</value>
         <object_component_ref idref="oc-72d"/>
      </symbol>
      <symbol id="sm-24e6">
         <name>isdigit</name>
         <value>0x3451d</value>
         <object_component_ref idref="oc-66c"/>
      </symbol>
      <symbol id="sm-24f5">
         <name>islower</name>
         <value>0x3452d</value>
         <object_component_ref idref="oc-678"/>
      </symbol>
      <symbol id="sm-2504">
         <name>isspace</name>
         <value>0x3453d</value>
         <object_component_ref idref="oc-67e"/>
      </symbol>
      <symbol id="sm-2513">
         <name>isxdigit</name>
         <value>0x3454d</value>
         <object_component_ref idref="oc-672"/>
      </symbol>
      <symbol id="sm-2523">
         <name>memcmp</name>
         <value>0x3447f</value>
         <object_component_ref idref="oc-573"/>
      </symbol>
      <symbol id="sm-2534">
         <name>memmove</name>
         <value>0x34407</value>
         <object_component_ref idref="oc-725"/>
      </symbol>
      <symbol id="sm-254a">
         <name>rand</name>
         <value>0x343a9</value>
         <object_component_ref idref="oc-40a"/>
      </symbol>
      <symbol id="sm-2558">
         <name>strlen</name>
         <value>0x344f3</value>
         <object_component_ref idref="oc-343"/>
      </symbol>
      <symbol id="sm-2568">
         <name>strncmp</name>
         <value>0x343dd</value>
         <object_component_ref idref="oc-71f"/>
      </symbol>
      <symbol id="sm-257e">
         <name>__aeabi_errno_addr</name>
         <value>0x34591</value>
         <object_component_ref idref="oc-61b"/>
      </symbol>
      <symbol id="sm-257f">
         <name>errno</name>
         <value>0x8013364</value>
         <object_component_ref idref="oc-791"/>
      </symbol>
      <symbol id="sm-26d6">
         <name>__TI_printfi</name>
         <value>0x28ba9</value>
         <object_component_ref idref="oc-444"/>
      </symbol>
      <symbol id="sm-26e0">
         <name>__aeabi_idiv0</name>
         <value>0x33fab</value>
         <object_component_ref idref="oc-4ed"/>
      </symbol>
      <symbol id="sm-26e1">
         <name>__aeabi_ldiv0</name>
         <value>0x33fab</value>
         <object_component_ref idref="oc-4ed"/>
      </symbol>
      <symbol id="sm-26fc">
         <name>__aeabi_uldivmod</name>
         <value>0x31f28</value>
         <object_component_ref idref="oc-74e"/>
      </symbol>
      <symbol id="sm-270b">
         <name>__TI_ltoa</name>
         <value>0x340e9</value>
         <object_component_ref idref="oc-754"/>
      </symbol>
      <symbol id="sm-271b">
         <name>memccpy</name>
         <value>0x34459</value>
         <object_component_ref idref="oc-60f"/>
      </symbol>
      <symbol id="sm-272b">
         <name>strchr</name>
         <value>0x344dd</value>
         <object_component_ref idref="oc-781"/>
      </symbol>
      <symbol id="sm-2744">
         <name>wcslen</name>
         <value>0x34509</value>
         <object_component_ref idref="oc-615"/>
      </symbol>
      <symbol id="sm-2762">
         <name>frexpl</name>
         <value>0x33fad</value>
         <object_component_ref idref="oc-775"/>
      </symbol>
      <symbol id="sm-2763">
         <name>frexp</name>
         <value>0x33fad</value>
         <object_component_ref idref="oc-775"/>
      </symbol>
      <symbol id="sm-2780">
         <name>scalbn</name>
         <value>0x33789</value>
         <object_component_ref idref="oc-77b"/>
      </symbol>
      <symbol id="sm-2781">
         <name>scalbnl</name>
         <value>0x33789</value>
         <object_component_ref idref="oc-77b"/>
      </symbol>
      <symbol id="sm-2782">
         <name>ldexpl</name>
         <value>0x33789</value>
         <object_component_ref idref="oc-77b"/>
      </symbol>
      <symbol id="sm-2783">
         <name>ldexp</name>
         <value>0x33789</value>
         <object_component_ref idref="oc-77b"/>
      </symbol>
      <symbol id="sm-278d">
         <name>copysign</name>
         <value>0x344a5</value>
         <object_component_ref idref="oc-823"/>
      </symbol>
      <symbol id="sm-278e">
         <name>copysignl</name>
         <value>0x344a5</value>
         <object_component_ref idref="oc-823"/>
      </symbol>
      <symbol id="sm-278f">
         <name>__TI_static_base__</name>
         <value>0x0</value>
      </symbol>
      <symbol id="sm-2793">
         <name>SHT$$INIT_ARRAY$$Base</name>
         <value>0x0</value>
      </symbol>
      <symbol id="sm-2794">
         <name>SHT$$INIT_ARRAY$$Limit</name>
         <value>0x0</value>
      </symbol>
      <symbol id="sm-2795">
         <name>_system_post_cinit</name>
         <value>0x0</value>
      </symbol>
   </symbol_table>
   <title>Link successful</title>
</link_info>
