******************************************************************************
                  TI ARM Linker PC v20.2.7                     
******************************************************************************
>> Linked Tue Jan 23 13:21:04 2024

OUTPUT FILE NAME:   <SOM_TMS570LS3137_V1.1.out>
ENTRY POINT SYMBOL: "_c_int00"  address: 0002dc5c


MEMORY CONFIGURATION

         name            origin    length      used     unused   attr    fill
----------------------  --------  ---------  --------  --------  ----  --------
  VECTORS               00000000   00000020  00000020  00000000     X
  KERNEL                00000020   00008000  0000582c  000027d4  R  X
  FLASH0                00008020   00177fe0  00027dd8  00150208  R  X
  FLASH1                00180000   00180000  00000000  00180000  R  X
  STACKS                08000000   00000800  00000000  00000800  RW  
  KRAM                  08000800   00000800  00000104  000006fc  RW  
  RAM                   08001000   0003f000  00013722  0002b8de  RW  


SEGMENT ALLOCATION MAP

run origin  load origin   length   init length attrs members
----------  ----------- ---------- ----------- ----- -------
00000000    00000000    00005850   00005850    r-x
  00000000    00000000    00000020   00000020    r-x .intvecs
  00000020    00000020    000057b4   000057b4    r-x .kernelTEXT
  000057d8    000057d8    00000078   00000078    r-- .cinit
00008020    00008020    00027dd8   00027dd8    r-x
  00008020    00008020    00027854   00027854    r-x .text
  0002f874    0002f874    00000584   00000584    r-- .const
08000800    08000800    00000104   00000000    rw-
  08000800    08000800    00000104   00000000    rw- .kernelBSS
08001000    08001000    00013724   00000000    rw-
  08001000    08001000    0000bed6   00000000    rw- .bss
  0800ced6    0800ced6    00007800   00000000    rw- .kernelHEAP
  080146d8    080146d8    0000004c   00000000    rw- .data


SECTION ALLOCATION MAP

 output                                  attributes/
section   page    origin      length       input sections
--------  ----  ----------  ----------   ----------------
.intvecs   0    00000000    00000020     
                  00000000    00000020     sys_intvecs.obj (.intvecs)

.kernelTEXT 
*          0    00000020    000057b4     
                  00000020    00002f04     os_tasks.obj (.kernelTEXT)
                  00002f24    0000148c     os_queue.obj (.kernelTEXT)
                  000043b0    00000818     os_event_groups.obj (.kernelTEXT)
                  00004bc8    000004b0     os_portasm.obj (.kernelTEXT)
                  00005078    000003e0     os_port.obj (.kernelTEXT)
                  00005458    0000037c     os_heap.obj (.kernelTEXT)

.cinit     0    000057d8    00000078     
                  000057d8    0000002a     (.cinit..data.load) [load image, compression = lzss]
                  00005802    00000002     --HOLE-- [fill = 0]
                  00005804    0000000c     (__TI_handler_table)
                  00005810    00000009     (.cinit..kernelBSS.load) [load image, compression = lzss]
                  00005819    00000007     --HOLE-- [fill = 0]
                  00005820    00000008     (.cinit..bss.load) [load image, compression = zero_init]
                  00005828    00000008     (.cinit..kernelHEAP.load) [load image, compression = zero_init]
                  00005830    00000020     (__TI_cinit_table)

.text      0    00008020    00027854     
                  00008020    000042b0     dhcp.obj (.text)
                  0000c2d0    0000403c     tcp_in.obj (.text)
                  0001030c    00003900     tcp_out.obj (.text)
                  00013c0c    00003800     tcp.obj (.text)
                  0001740c    00002cdc     sys_selftest.obj (.text)
                  0001a0e8    000020f8     pbuf.obj (.text)
                  0001c1e0    00001c20     udp.obj (.text)
                  0001de00    0000185c     etharp.obj (.text)
                  0001f65c    0000177c     emac.obj (.text)
                  00020dd8    00001518     ip4_frag.obj (.text)
                  000222f0    00001440     cmsis_os.obj (.text)
                  00023730    00001220     netif.obj (.text)
                  00024950    00000e8c     autoip.obj (.text)
                  000257dc    00000e08     mem.obj (.text)
                  000265e4    00000b64     system.obj (.text)
                  00027148    00000abc     os_mpu_wrappers.obj (.text)
                  00027c04    000008e8     ip4.obj (.text)
                  000284ec    000008a4     tcpip.obj (.text)
                  00028d90    000008a0     sys_vim.obj (.text)
                  00029630    00000720     timeouts.obj (.text)
                  00029d50    000006d0     phy_dp83640.obj (.text)
                  0002a420    000006c0     ethernetif.obj (.text)
                  0002aae0    000006a0     ip4_addr.obj (.text)
                  0002b180    00000664     errata_SSWF021_45.obj (.text)
                  0002b7e4    00000650     pinmux.obj (.text)
                  0002be34    000005d4     icmp.obj (.text)
                  0002c408    000005bc     esm.obj (.text)
                  0002c9c4    00000500     sys_arch.obj (.text)
                  0002cec4    000003e8     memp.obj (.text)
                  0002d2ac    000003a4     def.obj (.text)
                  0002d650    0000034c     sys_core.obj (.text)
                  0002d99c    000002c0     ethernet.obj (.text)
                  0002dc5c    000002a4     sys_startup.obj (.text:retain)
                  0002df00    00000294     lwiplib.obj (.text)
                  0002e194    00000290     sys_vim.obj (.text:retain)
                  0002e424    00000278     os_heap.obj (.text)
                  0002e69c    00000238     os_list.obj (.text)
                  0002e8d4    000001c4     mdio.obj (.text)
                  0002ea98    000001b0     os_port.obj (.text)
                  0002ec48    00000158     os_tasks.obj (.text)
                  0002eda0    00000130     main.obj (.text)
                  0002eed0    00000114     esm.obj (.text:retain)
                  0002efe4    000000e8     dabort.obj (.text)
                  0002f0cc    000000e0     sys_pmu.obj (.text)
                  0002f1ac    000000cc     init.obj (.text)
                  0002f278    000000cc     emac.obj (.text:retain)
                  0002f344    0000009c     rtsv7R4_T_be_v3D16_eabi.lib : memcpy_t2.asm.obj (.text)
                  0002f3e0    0000008c     notification.obj (.text)
                  0002f46c    0000007a     rtsv7R4_T_be_v3D16_eabi.lib : memset_t2.asm.obj (.text)
                  0002f4e6    0000006c                                 : copy_decompress_lzss.c.obj (.text:decompress:lzss:__TI_decompress_lzss)
                  0002f552    00000002                                 : _lock.c.obj (.text:_nop)
                  0002f554    0000005c     core.obj (.text)
                  0002f5b0    00000054     rtsv7R4_T_be_v3D16_eabi.lib : i_div32.asm.obj (.text)
                  0002f604    00000050                                 : atoi.c.obj (.text:atoi)
                  0002f654    00000050     emac_driver.obj (.text)
                  0002f6a4    00000050     rtsv7R4_T_be_v3D16_eabi.lib : u_div32.asm.obj (.text)
                  0002f6f4    00000044                                 : autoinit.c.obj (.text:__TI_auto_init_nobinit_nopinit:__TI_auto_init_nobinit_nopinit)
                  0002f738    00000034                                 : rand.c.obj (.text:rand)
                  0002f76c    0000002a                                 : strncmp.c.obj (.text:strncmp)
                  0002f796    00000028                                 : memmov.c.obj (.text:memmove)
                  0002f7be    00000026                                 : memcmp.c.obj (.text:memcmp)
                  0002f7e4    00000016                                 : strlen.c.obj (.text:strlen)
                  0002f7fa    00000002                                 : div0.asm.obj (.text)
                  0002f7fc    00000010                                 : isdigit.c.obj (.text:isdigit)
                  0002f80c    00000010                                 : islower.c.obj (.text:islower)
                  0002f81c    00000010                                 : isspace.c.obj (.text:isspace)
                  0002f82c    00000010                                 : isxdigit.c.obj (.text:isxdigit)
                  0002f83c    00000010     sys_main.obj (.text)
                  0002f84c    0000000e     rtsv7R4_T_be_v3D16_eabi.lib : copy_decompress_none.c.obj (.text:decompress:none:__TI_decompress_none)
                  0002f85a    0000000c                                 : copy_zero_init.c.obj (.text:decompress:ZI:__TI_zero_init)
                  0002f866    00000004                                 : exit.c.obj (.text:abort:abort)
                  0002f86a    00000002     --HOLE-- [fill = 0]
                  0002f86c    00000004     sys_phantom.obj (.text:retain)
                  0002f870    00000004     sys_startup.obj (.text)

.const     0    0002f874    00000584     
                  0002f874    00000180     sys_vim.obj (.const:s_vim_init)
                  0002f9f4    00000101     rtsv7R4_T_be_v3D16_eabi.lib : ctype.c.obj (.const:.string:_ctypes_)
                  0002faf5    00000003     --HOLE-- [fill = 0]
                  0002faf8    00000098     memp.obj (.const:.string)
                  0002fb90    00000078     tcp.obj (.const:.string)
                  0002fc08    00000034     memp.obj (.const:memp_pools)
                  0002fc3c    00000030     timeouts.obj (.const:lwip_cyclic_timers)
                  0002fc6c    0000002c     tcp.obj (.const:tcp_state_str)
                  0002fc98    00000014     ethernetif.obj (.const:$P$T0$1)
                  0002fcac    00000014     sys_arch.obj (.const:$P$T3$4)
                  0002fcc0    00000010     memp.obj (.const:memp_FRAG_PBUF)
                  0002fcd0    00000010     memp.obj (.const:memp_NETBUF)
                  0002fce0    00000010     memp.obj (.const:memp_NETCONN)
                  0002fcf0    00000010     memp.obj (.const:memp_PBUF)
                  0002fd00    00000010     memp.obj (.const:memp_PBUF_POOL)
                  0002fd10    00000010     memp.obj (.const:memp_REASSDATA)
                  0002fd20    00000010     memp.obj (.const:memp_SYS_TIMEOUT)
                  0002fd30    00000010     memp.obj (.const:memp_TCPIP_MSG_API)
                  0002fd40    00000010     memp.obj (.const:memp_TCPIP_MSG_INPKT)
                  0002fd50    00000010     memp.obj (.const:memp_TCP_PCB)
                  0002fd60    00000010     memp.obj (.const:memp_TCP_PCB_LISTEN)
                  0002fd70    00000010     memp.obj (.const:memp_TCP_SEG)
                  0002fd80    00000010     memp.obj (.const:memp_UDP_PCB)
                  0002fd90    00000010     tcp.obj (.const:tcp_pcb_lists)
                  0002fda0    0000000d     tcp.obj (.const:.string:tcp_backoff)
                  0002fdad    00000003     --HOLE-- [fill = 0]
                  0002fdb0    0000000c     cmsis_os.obj (.const:$P$T0$1)
                  0002fdbc    00000008     sys_arch.obj (.const:$P$T0$1)
                  0002fdc4    00000007     tcp.obj (.const:.string:tcp_persist_backoff)
                  0002fdcb    00000006     ethernet.obj (.const:ethbroadcast)
                  0002fdd1    00000006     ethernet.obj (.const:ethzero)
                  0002fdd7    00000001     --HOLE-- [fill = 0]
                  0002fdd8    00000004     sys_arch.obj (.const:$P$T1$2)
                  0002fddc    00000004     sys_arch.obj (.const:$P$T2$3)
                  0002fde0    00000004     main.obj (.const:.string:$P$T0$1)
                  0002fde4    00000004     main.obj (.const:.string:$P$T1$2)
                  0002fde8    00000004     main.obj (.const:.string:$P$T2$3)
                  0002fdec    00000004     ip4_addr.obj (.const:ip_addr_any)
                  0002fdf0    00000004     ip4_addr.obj (.const:ip_addr_broadcast)
                  0002fdf4    00000004     sys_arch.obj (.const:os_mutex_def_lwip_sys_mutex)

.kernelBSS 
*          0    08000800    00000104     UNINITIALIZED
                  08000800    000000d0     os_tasks.obj (.kernelBSS:uninit)
                  080008d0    00000034     os_tasks.obj (.kernelBSS:init)

.bss       0    08001000    0000bed6     UNINITIALIZED
                  08001000    00003b4c     (.common:ethernetif_rx_quiue)
                  08004b4c    00003b24     emac.obj (.bss:pbuf_array)
                  08008670    00002604     (.common:memp_memory_PBUF_POOL_base)
                  0800ac74    00001414     (.common:ram_heap)
                  0800c088    000003b0     (.common:memp_memory_TCP_PCB_base)
                  0800c438    0000016c     (.common:memp_memory_FRAG_PBUF_base)
                  0800c5a4    00000144     (.common:memp_memory_TCP_SEG_base)
                  0800c6e8    00000104     (.common:memp_memory_PBUF_base)
                  0800c7ec    000000f0     etharp.obj (.bss:arp_table)
                  0800c8dc    000000e4     (.common:memp_memory_TCP_PCB_LISTEN_base)
                  0800c9c0    000000a4     (.common:memp_memory_NETCONN_base)
                  0800ca64    000000a4     (.common:memp_memory_REASSDATA_base)
                  0800cb08    00000084     (.common:memp_memory_TCPIP_MSG_API_base)
                  0800cb8c    00000084     (.common:memp_memory_TCPIP_MSG_INPKT_base)
                  0800cc10    00000084     (.common:memp_memory_UDP_PCB_base)
                  0800cc94    00000064     (.common:memp_memory_SYS_TIMEOUT_base)
                  0800ccf8    00000040     (.common:gnetif)
                  0800cd38    0000003c     (.common:hdkif_data)
                  0800cd74    00000034     memp.obj (.bss)
                  0800cda8    00000024     tcp_in.obj (.bss)
                  0800cdcc    00000024     (.common:memp_memory_NETBUF_base)
                  0800cdf0    00000020     (.common:dhcp_rx_options_val)
                  0800ce10    00000018     (.common:ip_data)
                  0800ce28    00000014     tcp_in.obj (.bss:inseg)
                  0800ce3c    00000010     mem.obj (.bss)
                  0800ce4c    00000010     ip4_addr.obj (.bss:str$1)
                  0800ce5c    0000000c     dhcp.obj (.bss)
                  0800ce68    0000000c     tcpip.obj (.bss)
                  0800ce74    0000000c     timeouts.obj (.bss)
                  0800ce80    00000008     ethernetif.obj (.bss:mac_address)
                  0800ce88    00000008     os_heap.obj (.bss:xStart)
                  0800ce90    00000008     (.common:dhcp_rx_options_given)
                  0800ce98    00000006     ip4_frag.obj (.bss)
                  0800ce9e    00000002     ip4.obj (.bss)
                  0800cea0    00000004     (.common:EMAC_to_pbuf_counter)
                  0800cea4    00000004     (.common:lock_tcpip_core)
                  0800cea8    00000004     (.common:lwip_sys_mutex)
                  0800ceac    00000004     (.common:netif_default)
                  0800ceb0    00000004     (.common:rx_queue)
                  0800ceb4    00000004     (.common:tcp_active_pcbs)
                  0800ceb8    00000004     (.common:tcp_bound_pcbs)
                  0800cebc    00000004     (.common:tcp_input_pcb)
                  0800cec0    00000004     (.common:tcp_listen_pcbs)
                  0800cec4    00000004     (.common:tcp_ticks)
                  0800cec8    00000004     (.common:tcp_tw_pcbs)
                  0800cecc    00000004     (.common:udp_pcbs)
                  0800ced0    00000002     tcp.obj (.bss)
                  0800ced2    00000001     etharp.obj (.bss)
                  0800ced3    00000001     netif.obj (.bss)
                  0800ced4    00000001     (.common:pbuf_free_ooseq_pending)
                  0800ced5    00000001     (.common:tcp_active_pcbs_changed)

.kernelHEAP 
*          0    0800ced6    00007800     UNINITIALIZED
                  0800ced6    00007800     os_heap.obj (.kernelHEAP)

.data      0    080146d8    0000004c     UNINITIALIZED
                  080146d8    00000010     os_heap.obj (.data)
                  080146e8    0000000c     ethernetif.obj (.data)
                  080146f4    00000008     rtsv7R4_T_be_v3D16_eabi.lib : _lock.c.obj (.data:$O1$$)
                  080146fc    00000008     emac_driver.obj (.data)
                  08014704    00000008     os_port.obj (.data)
                  0801470c    00000008     tcp.obj (.data)
                  08014714    00000006     sys_main.obj (.data:emacAddress)
                  0801471a    00000002     udp.obj (.data)
                  0801471c    00000004     rtsv7R4_T_be_v3D16_eabi.lib : rand.c.obj (.data)
                  08014720    00000003     dhcp.obj (.data:dhcp_discover_request_options)
                  08014723    00000001     main.obj (.data)

__llvm_prf_cnts 
*          0    08001000    00000000     UNINITIALIZED

MODULE SUMMARY

       Module                       code     ro data   rw data
       ------                       ----     -------   -------
    .\Core\Src\
       ethernetif.obj               1728     20        15208  
       cmsis_os.obj                 5184     12        0      
       lwiplib.obj                  660      0         64     
       main.obj                     304      12        1      
       core.obj                     92       0         0      
       emac_driver.obj              80       0         8      
    +--+----------------------------+--------+---------+---------+
       Total:                       8048     44        15281  
                                                              
    .\HalCoGen\source\
       os_heap.obj                  1524     0         30744  
       emac.obj                     6216     0         15200  
       os_tasks.obj                 12380    0         260    
       sys_selftest.obj             11484    0         0      
       os_queue.obj                 5260     0         0      
       sys_vim.obj                  2864     384       0      
       system.obj                   2916     0         0      
       os_mpu_wrappers.obj          2748     0         0      
       os_event_groups.obj          2072     0         0      
       esm.obj                      1744     0         0      
       phy_dp83640.obj              1744     0         0      
       errata_SSWF021_45.obj        1636     0         0      
       pinmux.obj                   1616     0         0      
       os_port.obj                  1424     0         8      
       os_portasm.obj               1200     0         0      
       sys_core.obj                 844      0         0      
       sys_startup.obj              680      0         0      
       os_list.obj                  568      0         0      
       mdio.obj                     452      0         0      
       dabort.obj                   232      0         0      
       sys_pmu.obj                  224      0         0      
       notification.obj             140      0         0      
       sys_intvecs.obj              32       0         0      
       sys_main.obj                 16       0         6      
       sys_phantom.obj              4        0         0      
    +--+----------------------------+--------+---------+---------+
       Total:                       60020    384       46218  
                                                              
    .\LwIP\src\api\
       tcpip.obj                    2212     0         16     
    +--+----------------------------+--------+---------+---------+
       Total:                       2212     0         16     
                                                              
    .\LwIP\src\core\
       tcp_in.obj                   16444    0         60     
       tcp_out.obj                  14592    0         0      
       tcp.obj                      14336    200       31     
       memp.obj                     1000     412       12764  
       mem.obj                      3592     0         5156   
       pbuf.obj                     8440     0         1      
       udp.obj                      7200     0         6      
       netif.obj                    4640     0         5      
       timeouts.obj                 1824     48        12     
       def.obj                      932      0         0      
       init.obj                     204      0         0      
       ip.obj                       0        0         24     
    +--+----------------------------+--------+---------+---------+
       Total:                       73204    660       18059  
                                                              
    .\LwIP\src\core\ipv4\
       dhcp.obj                     17072    0         55     
       etharp.obj                   6236     0         241    
       ip4_frag.obj                 5400     0         6      
       autoip.obj                   3724     0         0      
       ip4.obj                      2280     0         2      
       ip4_addr.obj                 1696     8         16     
       icmp.obj                     1492     0         0      
    +--+----------------------------+--------+---------+---------+
       Total:                       37900    8         320    
                                                              
    .\LwIP\src\netif\
       ethernet.obj                 704      12        0      
    +--+----------------------------+--------+---------+---------+
       Total:                       704      12        0      
                                                              
    .\LwIP\system\OS\
       sys_arch.obj                 1280     40        4      
    +--+----------------------------+--------+---------+---------+
       Total:                       1280     40        4      
                                                              
    C:/ti/ccs1100/ccs/tools/compiler/ti-cgt-arm_20.2.7.LTS/lib/rtsv7R4_T_be_v3D16_eabi.lib
       ctype.c.obj                  0        257       0      
       memcpy_t2.asm.obj            156      0         0      
       memset_t2.asm.obj            122      0         0      
       copy_decompress_lzss.c.obj   108      0         0      
       i_div32.asm.obj              84       0         0      
       atoi.c.obj                   80       0         0      
       u_div32.asm.obj              80       0         0      
       autoinit.c.obj               68       0         0      
       rand.c.obj                   52       0         4      
       strncmp.c.obj                42       0         0      
       memmov.c.obj                 40       0         0      
       memcmp.c.obj                 38       0         0      
       strlen.c.obj                 22       0         0      
       isdigit.c.obj                16       0         0      
       islower.c.obj                16       0         0      
       isspace.c.obj                16       0         0      
       isxdigit.c.obj               16       0         0      
       copy_decompress_none.c.obj   14       0         0      
       copy_zero_init.c.obj         12       0         0      
       _lock.c.obj                  2        0         8      
       exit.c.obj                   4        0         0      
       div0.asm.obj                 2        0         0      
    +--+----------------------------+--------+---------+---------+
       Total:                       990      257       12     
                                                              
       Linker Generated:            0        111       0      
    +--+----------------------------+--------+---------+---------+
       Grand Total:                 184358   1516      79910  


LINKER GENERATED COPY TABLES

__TI_cinit_table @ 00005830 records: 4, size/record: 8, table size: 32
	.data: load addr=000057d8, load size=0000002a bytes, run addr=080146d8, run size=0000004c bytes, compression=lzss
	.kernelBSS: load addr=00005810, load size=00000009 bytes, run addr=08000800, run size=00000104 bytes, compression=lzss
	.bss: load addr=00005820, load size=00000008 bytes, run addr=08001000, run size=0000bed6 bytes, compression=zero_init
	.kernelHEAP: load addr=00005828, load size=00000008 bytes, run addr=0800ced6, run size=00007800 bytes, compression=zero_init


LINKER GENERATED HANDLER TABLE

__TI_handler_table @ 00005804 records: 3, size/record: 4, table size: 12
	index: 0, handler: __TI_decompress_lzss
	index: 1, handler: __TI_decompress_none
	index: 2, handler: __TI_zero_init


GLOBAL SYMBOLS: SORTED ALPHABETICALLY BY Name 

address   name                                  
-------   ----                                  
0002f867  C$$EXIT                               
00029ea4  Dp83640AutoNegotiate                  
0002a150  Dp83640DisableLoopback                
0002a0c0  Dp83640EnableLoopback                 
0002a1d4  Dp83640GetTimeStamp                   
00029d50  Dp83640IDGet                          
00029dc8  Dp83640LinkStatusGet                  
0002a034  Dp83640PartnerAbilityGet              
0002a3f8  Dp83640PartnerSpdGet                  
0002a05c  Dp83640Reset                          
0001fb84  EMACCoreIntAck                        
0002030c  EMACDMAInit                           
00020030  EMACDisableIdleState                  
000200bc  EMACDisableLoopback                   
0001f854  EMACDuplexSet                         
0002000c  EMACEnableIdleState                   
00020054  EMACEnableLoopback                    
0001ff34  EMACFrameSelect                       
00020c1c  EMACGetConfigValue                    
000204e4  EMACHWInit                            
0001f95c  EMACInit                              
0001fda0  EMACInstConfig                        
0001fd88  EMACIntVectorGet                      
0001fe04  EMACLinkSetup                         
0001fafc  EMACMACAddrSet                        
0001fa98  EMACMACSrcAddrSet                     
0001f830  EMACMIIDisable                        
0001f80c  EMACMIIEnable                         
0001fd5c  EMACNumFreeBufSet                     
0001f7cc  EMACRMIISpeedSet                      
00020208  EMACReadNetStatRegisters              
00020ac0  EMACReceive                           
0001fc40  EMACRxBroadCastDisable                
0001fbfc  EMACRxBroadCastEnable                 
0001fbd0  EMACRxCPWrite                         
0001f8e8  EMACRxDisable                         
0001f8cc  EMACRxEnable                          
00020190  EMACRxFlowControlDisable              
0002016c  EMACRxFlowControlEnable               
0001f930  EMACRxHdrDescPtrWrite                 
0002f2dc  EMACRxIntISR                          
0001f770  EMACRxIntPulseDisable                 
0001f714  EMACRxIntPulseEnable                  
0002027c  EMACRxIntStat                         
0001fcc0  EMACRxMultiCastDisable                
0001fc7c  EMACRxMultiCastEnable                 
000201b4  EMACRxSetFlowThreshold                
0001ff08  EMACRxTeardown                        
0001fd2c  EMACRxUnicastClear                    
0001fcfc  EMACRxUnicastSet                      
0001ffc0  EMACSoftReset                         
000207e0  EMACTransmit                          
0001fba4  EMACTxCPWrite                         
0001f8b0  EMACTxDisable                         
0001f894  EMACTxEnable                          
00020148  EMACTxFlowControlDisable              
00020124  EMACTxFlowControlEnable               
0001f904  EMACTxHdrDescPtrWrite                 
000209cc  EMACTxIntHandler                      
0002f278  EMACTxIntISR                          
0001f6b8  EMACTxIntPulseDisable                 
0001f65c  EMACTxIntPulseEnable                  
0002022c  EMACTxIntStat                         
0001ff60  EMACTxPrioritySelect                  
0001fedc  EMACTxTeardown                        
0002a490  EMAC_to_pbuf                          
0800cea0  EMAC_to_pbuf_counter                  
0002ea70  MDIODisable                           
0002ea4c  MDIOEnable                            
0002ea04  MDIOInit                              
0002e9d4  MDIOPhyAliveStatusGet                 
0002e9ec  MDIOPhyLinkStatusGet                  
0002e8d4  MDIOPhyRegRead                        
0002e96c  MDIOPhyRegWrite                       
00027318  MPU_eTaskGetState                     
00027480  MPU_pcTaskGetName                     
00027560  MPU_pvTaskGetThreadLocalStoragePointer
00027678  MPU_ulTaskNotifyTake                  
00027860  MPU_uxQueueMessagesWaiting            
00027894  MPU_uxQueueSpacesAvailable            
00027454  MPU_uxTaskGetNumberOfTasks            
000274e8  MPU_uxTaskGetStackHighWaterMark       
000272e4  MPU_uxTaskPriorityGet                 
00027bd8  MPU_vEventGroupDelete                 
000278c8  MPU_vQueueDelete                      
000271f0  MPU_vTaskAllocateMPURegions           
00027250  MPU_vTaskDelay                        
0002727c  MPU_vTaskDelayUntil                   
00027224  MPU_vTaskDelete                       
0002734c  MPU_vTaskPrioritySet                  
000273ac  MPU_vTaskResume                       
0002751c  MPU_vTaskSetThreadLocalStoragePointer 
0002771c  MPU_vTaskSetTimeOutState              
00027380  MPU_vTaskSuspend                      
000273d8  MPU_vTaskSuspendAll                   
00027afc  MPU_xEventGroupClearBits              
00027a74  MPU_xEventGroupCreate                 
00027b40  MPU_xEventGroupSetBits                
00027b84  MPU_xEventGroupSync                   
00027aa0  MPU_xEventGroupWaitBits               
00027928  MPU_xQueueCreateCountingSemaphore     
000278f4  MPU_xQueueCreateMutex                 
000279e4  MPU_xQueueGenericCreate               
0002780c  MPU_xQueueGenericReceive              
00027a30  MPU_xQueueGenericReset                
000277b8  MPU_xQueueGenericSend                 
000279b0  MPU_xQueueGiveMutexRecursive          
0002796c  MPU_xQueueTakeMutexRecursive          
000272b0  MPU_xTaskAbortDelay                   
00027748  MPU_xTaskCheckForTimeOut              
00027148  MPU_xTaskCreate                       
000271ac  MPU_xTaskCreateRestricted             
000275d0  MPU_xTaskGenericNotify                
000276f0  MPU_xTaskGetCurrentTaskHandle         
000274b4  MPU_xTaskGetHandle                    
000275a4  MPU_xTaskGetIdleTaskHandle            
0002778c  MPU_xTaskGetSchedulerState            
00027428  MPU_xTaskGetTickCount                 
000276bc  MPU_xTaskNotifyStateClear             
00027624  MPU_xTaskNotifyWait                   
000273fc  MPU_xTaskResumeAll                    
080146ec  RxPktSemaphore                        
UNDEFED   SHT$$INIT_ARRAY$$Base                 
UNDEFED   SHT$$INIT_ARRAY$$Limit                
080146f0  TxPktSemaphore                        
00005830  __TI_CINIT_Base                       
00005850  __TI_CINIT_Limit                      
00005804  __TI_Handler_Table_Base               
00005810  __TI_Handler_Table_Limit              
0002d994  __TI_PINIT_Base                       
0002d998  __TI_PINIT_Limit                      
0002f6f5  __TI_auto_init_nobinit_nopinit        
0002f4e7  __TI_decompress_lzss                  
0002f84d  __TI_decompress_none                  
ffffffff  __TI_pprof_out_hndl                   
ffffffff  __TI_prof_data_size                   
ffffffff  __TI_prof_data_start                  
00000000  __TI_static_base__                    
0002f85b  __TI_zero_init                        
0002f5b0  __aeabi_idiv                          
0002f7fb  __aeabi_idiv0                         
0002f5b0  __aeabi_idivmod                       
0002f7fb  __aeabi_ldiv0                         
0002f46d  __aeabi_memclr                        
0002f46d  __aeabi_memclr4                       
0002f46d  __aeabi_memclr8                       
0002f345  __aeabi_memcpy                        
0002f345  __aeabi_memcpy4                       
0002f345  __aeabi_memcpy8                       
0002f46f  __aeabi_memset                        
0002f46f  __aeabi_memset4                       
0002f46f  __aeabi_memset8                       
0002f6a4  __aeabi_uidiv                         
0002f6a4  __aeabi_uidivmod                      
ffffffff  __binit__                             
ffffffff  __c_args__                            
08001000  __start___llvm_prf_cnts               
08001000  __stop___llvm_prf_cnts                
0002dc5c  _c_int00                              
0002d8ac  _coreClearAuxiliaryDataFault_         
0002d8c0  _coreClearAuxiliaryInstructionFault_  
0002d884  _coreClearDataFaultAddress_           
0002d85c  _coreClearDataFault_                  
0002d898  _coreClearInstructionFaultAddress_    
0002d870  _coreClearInstructionFault_           
0002d7f0  _coreDisableEventBusExport_           
0002d834  _coreDisableFlashEcc_                 
0002d810  _coreDisableRamEcc_                   
0002d7e0  _coreEnableEventBusExport_            
0002d820  _coreEnableFlashEcc_                  
0002d844  _coreEnableIrqVicOffset_              
0002d800  _coreEnableRamEcc_                    
0002d7c8  _coreEnableVfp_                       
0002d8a4  _coreGetAuxiliaryDataFault_           
0002d8b8  _coreGetAuxiliaryInstructionFault_    
0002d87c  _coreGetDataFaultAddress_             
0002d854  _coreGetDataFault_                    
0002d890  _coreGetInstructionFaultAddress_      
0002d868  _coreGetInstructionFault_             
0002d650  _coreInitRegisters_                   
0002d75c  _coreInitStackPointer_                
0002f9f4  _ctypes_                              
0002efe4  _dabort                               
0002d8d4  _disable_FIQ_interrupt_               
0002d8dc  _disable_IRQ_interrupt_               
0002d8cc  _disable_interrupt_                   
0002d8e4  _enable_interrupt_                    
0002d974  _errata_CORTEXR4_57_                  
0002d984  _errata_CORTEXR4_66_                  
0002b180  _errata_SSWF021_45_both_plls          
0002b374  _errata_SSWF021_45_pll1               
0002b4ec  _errata_SSWF021_45_pll2               
0002d8ec  _esmCcmErrorsClear_                   
0002d7a8  _getCPSRValue_                        
0002d7b0  _gotoCPUIdle_                         
080146f4  _lock                                 
0002f553  _nop                                  
0002f128  _pmuDisableCountersGlobal_            
0002f118  _pmuEnableCountersGlobal_             
0002f184  _pmuGetCycleCount_                    
0002f18c  _pmuGetEventCount_                    
0002f198  _pmuGetOverflow_                      
0002f0cc  _pmuInit_                             
0002f158  _pmuResetCounters_                    
0002f138  _pmuResetCycleCounter_                
0002f148  _pmuResetEventCounters_               
0002f178  _pmuSetCountEvent_                    
0002f168  _pmuStartCounters_                    
0002f170  _pmuStopCounters_                     
UNDEFED   _system_post_cinit                    
080146f8  _unlock                               
0002f867  abort                                 
00018658  adc1ParityCheck                       
00018744  adc2ParityCheck                       
0002f605  atoi                                  
00025638  autoip_accept_packet                  
0002546c  autoip_arp_reply                      
0002504c  autoip_network_changed                
00024950  autoip_set_struct                     
00024d88  autoip_start                          
00025088  autoip_stop                           
000255a4  autoip_supplied_address               
000251ec  autoip_tmr                            
ffffffff  binit                                 
000187fc  can1ParityCheck                       
000188d4  can2ParityCheck                       
0001899c  can3ParityCheck                       
0001741c  ccmSelfCheck                          
00019ae8  ccmr4GetConfigValue                   
00017d24  checkB0RAMECC                         
00017f14  checkB1RAMECC                         
00019004  checkClockMonitor                     
00018104  checkFlashECC                         
000190e0  checkFlashEEPROMECC                   
00019278  checkPLL1Slip                         
00019378  checkPLL2Slip                         
0001943c  checkRAMAddrParity                    
00018dbc  checkRAMECC                           
00019548  checkRAMUERRTest                      
00017ba8  checkefcSelfTest                      
0002a9d4  convert_pbuf_to_pbuf_t                
00017620  cpuSelfTest                           
000181e8  cpuSelfTestFail                       
0002706c  customTrimLPO                         
000181e0  custom_dabort                         
00009628  dhcp_arp_reply                        
0000904c  dhcp_cleanup                          
000087f0  dhcp_coarse_tmr                       
00008958  dhcp_fine_tmr                         
000092b8  dhcp_inform                           
00009418  dhcp_network_changed                  
0000aa78  dhcp_release                          
0000a8b4  dhcp_release_and_stop                 
0000a15c  dhcp_renew                            
0800ce90  dhcp_rx_options_given                 
0800cdf0  dhcp_rx_options_val                   
00008fb8  dhcp_set_struct                       
000090dc  dhcp_start                            
08014723  dhcp_status                           
0000aa90  dhcp_stop                             
0000c17c  dhcp_supplied_address                 
00019f44  disableParity                         
0002f438  dmaGroupANotification                 
00018298  dmaParityCheck                        
00001f3c  eTaskConfirmSleepModeStatus           
000008a0  eTaskGetState                         
00017a4c  efcCheck                              
00019a4c  efcGetConfigValue                     
00017b80  efcSelfTest                           
00017ad4  efcStuckZeroTest                      
08014714  emacAddress                           
0002f678  emacRxNotification                    
08014700  emacRxNotification_counter            
0002f654  emacTxNotification                    
080146fc  emacTxNotification_counter            
00019ebc  enableParity                          
00019b58  errata_PBIST_4                        
0002c58c  esmActivateNormalOperation            
0002c660  esmClearStatus                        
0002c6a0  esmClearStatusBuffer                  
0002c554  esmDisableError                       
0002c5c4  esmDisableInterrupt                   
0002c52c  esmEnableError                        
0002c59c  esmEnableInterrupt                    
0002c798  esmEnterSelfTest                      
0002c510  esmError                              
0002c870  esmGetConfigValue                     
0002c6dc  esmGetStatus                          
0002c760  esmGetStatusBuffer                    
0002f3e0  esmGroup1Notification                 
0002f3f0  esmGroup2Notification                 
0002eed0  esmHighInterrupt                      
0002c408  esmInit                               
0002c820  esmSelfTestStatus                     
0002c6bc  esmSetCounterPreloadValue             
0002c5ec  esmSetInterruptLevel                  
0002c57c  esmTriggerErrorPinReset               
0001e648  etharp_cleanup_netif                  
0001e6f8  etharp_find_addr                      
0001e814  etharp_get_entry                      
0001e91c  etharp_input                          
0001ecf4  etharp_output                         
0001efbc  etharp_query                          
0001f590  etharp_request                        
0001ded8  etharp_tmr                            
0002fdcb  ethbroadcast                          
0002d99c  ethernet_input                        
0002db24  ethernet_output                       
0002a420  ethernetif_init                       
0002a5e4  ethernetif_rx_callback                
08001000  ethernetif_rx_quiue                   
080146e8  ethernetif_rx_quiue_counter           
0002a61c  ethernetif_set_mac_address            
0002a604  ethernetif_tx_callback                
0002fdd1  ethzero                               
000196b0  fmcBus1ParityCheck                    
00017c48  fmcBus2Check                          
00017c84  fmcECCcheck                           
0002aa5c  free_pbuf_t                           
0002f554  get_processor_mode                    
0800ccf8  gnetif                                
0002f870  handlePLLLockFail                     
0800cd38  hdkif_data                            
00018344  het1ParityCheck                       
000184ac  het2ParityCheck                       
000183f0  htu1ParityCheck                       
000185a8  htu2ParityCheck                       
0002c1a8  icmp_dest_unreach                     
0002be34  icmp_input                            
0002c1c8  icmp_time_exceeded                    
0002aae0  ip4_addr_isbroadcast_u32              
0002abb0  ip4_addr_netmask_valid                
00021ec4  ip4_frag                              
00027d48  ip4_input                             
000283bc  ip4_output                            
0002813c  ip4_output_if                         
000281c0  ip4_output_if_src                     
000218e0  ip4_reass                             
00027c04  ip4_route                             
0002ac70  ip4addr_aton                          
0002af94  ip4addr_ntoa                          
0002afb0  ip4addr_ntoa_r                        
0002fdec  ip_addr_any                           
0002fdf0  ip_addr_broadcast                     
0800ce10  ip_data                               
00020dd8  ip_reass_tmr                          
0002ac44  ipaddr_addr                           
0002f570  is_processor_in_isr                   
0002f7fd  isdigit                               
0002f80d  islower                               
0002f81d  isspace                               
0002f82d  isxdigit                              
0800cea4  lock_tcpip_core                       
0002ee88  log_printf                            
0002fc3c  lwip_cyclic_timers                    
0002e160  lwip_get_hdkNetIF_p                   
0002f1ac  lwip_init                             
0002df00  lwip_init_sync                        
0002d4d0  lwip_itoa                             
0002d36c  lwip_stricmp                          
0002d410  lwip_strnicmp                         
0002d2ac  lwip_strnstr                          
0800cea8  lwip_sys_mutex                        
0002f83c  main                                  
0002674c  mapClocks                             
000264c4  mem_calloc                            
00025c24  mem_free                              
00028cfc  mem_free_callback                     
000259f0  mem_init                              
000261c0  mem_malloc                            
00025e40  mem_trim                              
0002f7bf  memcmp                                
0002f345  memcpy                                
0002f797  memmove                               
00017560  memoryInit                            
0002f400  memoryPort0TestFailNotification       
0002f41c  memoryPort1TestFailNotification       
0002fcc0  memp_FRAG_PBUF                        
0002fcd0  memp_NETBUF                           
0002fce0  memp_NETCONN                          
0002fcf0  memp_PBUF                             
0002fd00  memp_PBUF_POOL                        
0002fd10  memp_REASSDATA                        
0002fd20  memp_SYS_TIMEOUT                      
0002fd30  memp_TCPIP_MSG_API                    
0002fd40  memp_TCPIP_MSG_INPKT                  
0002fd50  memp_TCP_PCB                          
0002fd60  memp_TCP_PCB_LISTEN                   
0002fd70  memp_TCP_SEG                          
0002fd80  memp_UDP_PCB                          
0002d180  memp_free                             
0002d128  memp_free_pool                        
0002cf5c  memp_init                             
0002cec4  memp_init_pool                        
0002d068  memp_malloc                           
0002d020  memp_malloc_pool                      
0800c438  memp_memory_FRAG_PBUF_base            
0800cdcc  memp_memory_NETBUF_base               
0800c9c0  memp_memory_NETCONN_base              
08008670  memp_memory_PBUF_POOL_base            
0800c6e8  memp_memory_PBUF_base                 
0800ca64  memp_memory_REASSDATA_base            
0800cc94  memp_memory_SYS_TIMEOUT_base          
0800cb08  memp_memory_TCPIP_MSG_API_base        
0800cb8c  memp_memory_TCPIP_MSG_INPKT_base      
0800c8dc  memp_memory_TCP_PCB_LISTEN_base       
0800c088  memp_memory_TCP_PCB_base              
0800c5a4  memp_memory_TCP_SEG_base              
0800cc10  memp_memory_UDP_PCB_base              
0002fc08  memp_pools                            
0002f475  memset                                
00018a70  mibspi1ParityCheck                    
00018b78  mibspi3ParityCheck                    
00018c9c  mibspi5ParityCheck                    
0002b7e4  muxInit                               
00023878  netif_add                             
000237b0  netif_add_noaddr                      
0800ceac  netif_default                         
000247fc  netif_find                            
00024758  netif_get_by_index                    
000246ec  netif_index_to_name                   
00023730  netif_init                            
00023734  netif_input                           
00024694  netif_name_to_index                   
000241a4  netif_remove                          
000240b0  netif_set_addr                        
0002422c  netif_set_default                     
00024448  netif_set_down                        
00023fe8  netif_set_gw                          
00023d60  netif_set_ipaddr                      
00024624  netif_set_link_callback               
00024590  netif_set_link_down                   
00024500  netif_set_link_up                     
00023ebc  netif_set_netmask                     
000244d4  netif_set_status_callback             
000242e8  netif_set_up                          
000234c8  osAbortDelay                          
000224b0  osDelay                               
0002348c  osDelayUntil                          
0002237c  osKernelRunning                       
0002236c  osKernelStart                         
0002239c  osKernelSysTick                       
00023090  osMailAlloc                           
000230c8  osMailCAlloc                          
00022f68  osMailCreate                          
000232ec  osMailFree                            
000231cc  osMailGet                             
00023140  osMailPut                             
000235f4  osMessageAvailableSpace               
00022d88  osMessageCreate                       
00023608  osMessageDelete                       
00022e48  osMessageGet                          
000234f4  osMessagePeek                         
00022db0  osMessagePut                          
000235c8  osMessageWaiting                      
0002270c  osMutexCreate                         
0002285c  osMutexDelete                         
000227f0  osMutexRelease                        
00022720  osMutexWait                           
00022b88  osPoolAlloc                           
00022c80  osPoolCAlloc                          
00022a54  osPoolCreate                          
00022cb8  osPoolFree                            
00023634  osRecursiveMutexCreate                
00023648  osRecursiveMutexRelease               
00023678  osRecursiveMutexWait                  
00022888  osSemaphoreCreate                     
00022a28  osSemaphoreDelete                     
00023704  osSemaphoreGetCount                   
000229bc  osSemaphoreRelease                    
000228ec  osSemaphoreWait                       
00022570  osSignalSet                           
0002261c  osSignalWait                          
00023320  osSystickHandler                      
000223bc  osThreadCreate                        
00022420  osThreadGetId                         
0002247c  osThreadGetPriority                   
00023338  osThreadGetState                      
000233d0  osThreadIsSuspended                   
000234e0  osThreadList                          
00023410  osThreadResume                        
0002346c  osThreadResumeAll                     
00022454  osThreadSetPriority                   
000233f8  osThreadSuspend                       
0002345c  osThreadSuspendAll                    
0002242c  osThreadTerminate                     
00022444  osThreadYield                         
000224e4  osTimerCreate                         
0002254c  osTimerDelete                         
00022500  osTimerStart                          
00022528  osTimerStop                           
0002fdf4  os_mutex_def_lwip_sys_mutex           
000197d8  pbistFail                             
0001985c  pbistGetConfigValue                   
00017994  pbistIsTestCompleted                  
000179c0  pbistIsTestPassed                     
000179f4  pbistPortTestStatus                   
00017898  pbistRun                              
000176b8  pbistSelfCheck                        
00017964  pbistStop                             
0001aa74  pbuf_add_header                       
0001aa94  pbuf_add_header_force                 
0001a250  pbuf_alloc                            
0001a53c  pbuf_alloc_reference                  
0001a5cc  pbuf_alloced_custom                   
0001afc8  pbuf_cat                              
0001b0c8  pbuf_chain                            
0001aef4  pbuf_clen                             
0001bd74  pbuf_clone                            
0001bd18  pbuf_coalesce                         
0001b2c4  pbuf_copy                             
0001b594  pbuf_copy_partial                     
0001b108  pbuf_dechain                          
0001ad40  pbuf_free                             
00028ce4  pbuf_free_callback                    
0001ac84  pbuf_free_header                      
0800ced4  pbuf_free_ooseq_pending               
0001be1c  pbuf_get_at                           
0001b76c  pbuf_get_contiguous                   
0001ac28  pbuf_header                           
0001ac48  pbuf_header_force                     
0001bf7c  pbuf_memcmp                           
0001c0a4  pbuf_memfind                          
0001bee8  pbuf_put_at                           
0001a720  pbuf_realloc                          
0001af60  pbuf_ref                              
0001aacc  pbuf_remove_header                    
0001b950  pbuf_skip                             
0001c14c  pbuf_strstr                           
0001b9d0  pbuf_take                             
0001bbe0  pbuf_take_at                          
0001be74  pbuf_try_get_at                       
00001380  pcTaskGetName                         
000266f8  periphInit                            
0002f86c  phantomInterrupt                      
0002bb64  pinmuxGetConfigValue                  
00005050  prvMpuDisable                         
00005038  prvMpuEnable                          
00005020  prvMpuSetRegion                       
00005458  pvPortMalloc                          
0000201c  pvTaskGetThreadLocalStoragePointer    
00002690  pvTaskIncrementMutexHeldCount         
080008d0  pxCurrentTCB                          
00005078  pxPortInitialiseStack                 
0800ac74  ram_heap                              
0002f739  rand                                  
00000000  resetEntry                            
0800ceb0  rx_queue                              
0001740c  selftestFailNotification              
000266b8  setupFlash                            
000265e4  setupPLL                              
00026f30  sramGetConfigValue                    
000199a8  stcGetConfigValue                     
000175a4  stcSelfCheck                          
000181e4  stcSelfCheckFail                      
0002f7e5  strlen                                
0002f76d  strncmp                               
0002cad0  sys_arch_mbox_fetch                   
0002cb70  sys_arch_mbox_tryfetch                
0002ce6c  sys_arch_protect                      
0002cc70  sys_arch_sem_wait                     
0002ce88  sys_arch_unprotect                    
00029b08  sys_check_timeouts                    
0002cd60  sys_init                              
0002ca20  sys_mbox_free                         
0002c9c4  sys_mbox_new                          
0002ca44  sys_mbox_post                         
0002cbec  sys_mbox_set_invalid                  
0002ca70  sys_mbox_trypost                      
0002cab4  sys_mbox_trypost_fromisr              
0002cbc0  sys_mbox_valid                        
0002cdbc  sys_mutex_free                        
0002cdd4  sys_mutex_lock                        
0002cd78  sys_mutex_new                         
0002cdf0  sys_mutex_unlock                      
0002cea0  sys_now                               
00029bc4  sys_restart_timeouts                  
0002cd00  sys_sem_free                          
0002cc08  sys_sem_new                           
0002cd44  sys_sem_set_invalid                   
0002cce8  sys_sem_signal                        
0002cd18  sys_sem_valid                         
0002ce08  sys_thread_new                        
00029958  sys_timeout                           
00029904  sys_timeouts_init                     
00029c44  sys_timeouts_sleeptime                
000299b4  sys_untimeout                         
00026970  systemGetConfigValue                  
00026874  systemInit                            
00026940  systemPowerDown                       
00026d84  tcmflashGetConfigValue                
00014424  tcp_abandon                           
00014688  tcp_abort                             
00016ac4  tcp_accept                            
0800ceb4  tcp_active_pcbs                       
0800ced5  tcp_active_pcbs_changed               
00016800  tcp_alloc                             
0001699c  tcp_arg                               
00014724  tcp_bind                              
00014920  tcp_bind_netif                        
0800ceb8  tcp_bound_pcbs                        
0001429c  tcp_close                             
00015060  tcp_connect                           
000171e8  tcp_debug_state_str                   
00016f64  tcp_eff_send_mss_netif                
00011ca8  tcp_enqueue_flags                     
00016a78  tcp_err                               
00015f50  tcp_fasttmr                           
00013c28  tcp_free                              
00017320  tcp_free_ooseq                        
00013c0c  tcp_init                              
0000c3a0  tcp_input                             
0800cebc  tcp_input_pcb                         
000138e0  tcp_keepalive                         
0800cec0  tcp_listen_pcbs                       
000149a4  tcp_listen_with_backlog               
00014a0c  tcp_listen_with_backlog_and_err       
00017128  tcp_netif_ip_addr_changed             
00016970  tcp_new                               
00016980  tcp_new_ip_type                       
00016ec0  tcp_next_iss                          
00012344  tcp_output                            
0002fd90  tcp_pcb_lists                         
00016b7c  tcp_pcb_purge                         
00016cd4  tcp_pcb_remove                        
00016b08  tcp_poll                              
00016128  tcp_process_refused_data              
000169dc  tcp_recv                              
000163e8  tcp_recv_null                         
00014df4  tcp_recved                            
00012ee8  tcp_rexmit                            
00013054  tcp_rexmit_fast                       
00012ea4  tcp_rexmit_rto                        
00012e50  tcp_rexmit_rto_commit                 
00012cfc  tcp_rexmit_rto_prepare                
000135ec  tcp_rst                               
00016374  tcp_seg_copy                          
000162f4  tcp_seg_free                          
000162b4  tcp_segs_free                         
00013728  tcp_send_empty_ack                    
00011bdc  tcp_send_fin                          
00016a2c  tcp_sent                              
00016334  tcp_setprio                           
0001431c  tcp_shutdown                          
00015474  tcp_slowtmr                           
00011788  tcp_split_unsent_seg                  
0001726c  tcp_tcp_get_tcp_addrinfo              
0800cec4  tcp_ticks                             
00029680  tcp_timer_needed                      
00013ca0  tcp_tmr                               
0000ffb4  tcp_trigger_input_pcb_close           
0800cec8  tcp_tw_pcbs                           
00016080  tcp_txnow                             
00014c50  tcp_update_rcv_ann_wnd                
00010aa4  tcp_write                             
000139e8  tcp_zero_window_probe                 
00028b08  tcpip_api_call                        
00028820  tcpip_callback                        
00028ba4  tcpip_callbackmsg_delete              
00028b4c  tcpip_callbackmsg_new                 
00028bbc  tcpip_callbackmsg_trycallback         
00028bf8  tcpip_callbackmsg_trycallback_fromisr 
00028c34  tcpip_init                            
00028720  tcpip_inpkt                           
000287dc  tcpip_input                           
00028ad4  tcpip_send_msg_wait_sem               
000289ac  tcpip_timeout                         
000288a8  tcpip_try_callback                    
00028a4c  tcpip_untimeout                       
00026644  trimLPO                               
0001d450  udp_bind                              
0001d724  udp_bind_netif                        
0001d7a8  udp_connect                           
0001dcac  udp_debug_print                       
0001d978  udp_disconnect                        
0001c1e0  udp_init                              
0001c4d8  udp_input                             
0001dc08  udp_netif_ip_addr_changed             
0001db5c  udp_new                               
0001db9c  udp_new_ip_type                       
0800cecc  udp_pcbs                              
0001d9e0  udp_recv                              
0001da8c  udp_remove                            
0001ca20  udp_send                              
0001caa4  udp_sendto                            
0001cc88  udp_sendto_if                         
0001cf00  udp_sendto_if_src                     
08014704  ulCriticalNesting                     
00004f48  ulPortCountLeadingZeros               
08014708  ulTaskHasFPUContext                   
000026c4  ulTaskNotifyTake                      
0002eda0  user_main                             
0002e848  uxListRemove                          
00003ebc  uxQueueMessagesWaiting                
00003f40  uxQueueMessagesWaitingFromISR         
00003ef4  uxQueueSpacesAvailable                
00001374  uxTaskGetNumberOfTasks                
00002260  uxTaskGetStackHighWaterMark           
000009a4  uxTaskPriorityGet                     
000009e8  uxTaskPriorityGetFromISR              
00002654  uxTaskResetEventItemValue             
00004b40  vEventGroupClearBitsCallback          
00004aa0  vEventGroupDelete                     
00004b24  vEventGroupSetBitsCallback            
0002e69c  vListInitialise                       
0002e6f4  vListInitialiseItem                   
0002e784  vListInsert                           
0002e710  vListInsertEnd                        
00005424  vPortEndScheduler                     
000056ac  vPortFree                             
000057bc  vPortInitialiseBlocks                 
00004f3c  vPortInitialiseFPSCR                  
00004e3c  vPortPreemptiveTick                   
00004f50  vPortSWI                              
00004bcc  vPortStartFirstTask                   
0000518c  vPortStoreTaskMPUSettings             
00004d48  vPortYeildWithinAPI                   
00004c5c  vPortYieldProcessor                   
00028d90  vPreemptiveTick                       
00003f70  vQueueDelete                          
00002088  vTaskAllocateMPURegions               
0000081c  vTaskDelay                            
000006b0  vTaskDelayUntil                       
00000548  vTaskDelete                           
000010b0  vTaskEndScheduler                     
00001f2c  vTaskMissedYield                      
00002c7c  vTaskNotifyGiveFromISR                
00001af4  vTaskPlaceOnEventList                 
00001b38  vTaskPlaceOnUnorderedEventList        
00002394  vTaskPriorityInherit                  
00000a30  vTaskPrioritySet                      
00000e50  vTaskResume                           
00001fb8  vTaskSetThreadLocalStoragePointer     
00001db0  vTaskSetTimeOutState                  
00001018  vTaskStartScheduler                   
00001694  vTaskStepTick                         
00000c4c  vTaskSuspend                          
000010cc  vTaskSuspendAll                       
00001a14  vTaskSwitchContext                    
00028e68  vimChannelMap                         
00029064  vimDisableInterrupt                   
00028f0c  vimEnableInterrupt                    
000290e8  vimGetConfigValue                     
00028d94  vimInit                               
000181ec  vimParityCheck                        
0002e194  vimParityErrorHandler                 
0000483c  xEventGroupClearBits                  
000043b0  xEventGroupCreate                     
000048c0  xEventGroupGetBitsFromISR             
000048f0  xEventGroupSetBits                    
000043ec  xEventGroupSync                       
000045ec  xEventGroupWaitBits                   
000057a4  xPortGetFreeHeapSize                  
000057b0  xPortGetMinimumEverFreeHeapSize       
00005400  xPortStartScheduler                   
00023718  xPortSysTickHandler                   
00003324  xQueueCreateCountingSemaphore         
000031bc  xQueueCreateMutex                     
0000304c  xQueueGenericCreate                   
0000396c  xQueueGenericReceive                  
00002f24  xQueueGenericReset                    
000033b0  xQueueGenericSend                     
00003670  xQueueGenericSendFromISR              
00003800  xQueueGiveFromISR                     
00003200  xQueueGiveMutexRecursive              
000042d4  xQueueIsQueueEmptyFromISR             
00004360  xQueueIsQueueFullFromISR              
00003dc8  xQueuePeekFromISR                     
00003c80  xQueueReceiveFromISR                  
00003288  xQueueTakeMutexRecursive              
000016f0  xTaskAbortDelay                       
00001df4  xTaskCheckForTimeOut                  
000000fc  xTaskCreate                           
00000020  xTaskCreateRestricted                 
000028b0  xTaskGenericNotify                    
00002a7c  xTaskGenericNotifyFromISR             
00002328  xTaskGetCurrentTaskHandle             
00001558  xTaskGetHandle                        
0000165c  xTaskGetIdleTaskHandle                
00002344  xTaskGetSchedulerState                
00001334  xTaskGetTickCount                     
00001350  xTaskGetTickCountFromISR              
000017ec  xTaskIncrementTick                    
0002ed24  xTaskNotifyStateClear                 
0000279c  xTaskNotifyWait                       
000024f0  xTaskPriorityDisinherit               
00001bbc  xTaskRemoveFromEventList              
00001cac  xTaskRemoveFromUnorderedEventList     
00001184  xTaskResumeAll                        
00000f30  xTaskResumeFromISR                    


GLOBAL SYMBOLS: SORTED BY Symbol Address 

address   name                                  
-------   ----                                  
00000000  __TI_static_base__                    
00000000  resetEntry                            
00000020  xTaskCreateRestricted                 
000000fc  xTaskCreate                           
00000548  vTaskDelete                           
000006b0  vTaskDelayUntil                       
0000081c  vTaskDelay                            
000008a0  eTaskGetState                         
000009a4  uxTaskPriorityGet                     
000009e8  uxTaskPriorityGetFromISR              
00000a30  vTaskPrioritySet                      
00000c4c  vTaskSuspend                          
00000e50  vTaskResume                           
00000f30  xTaskResumeFromISR                    
00001018  vTaskStartScheduler                   
000010b0  vTaskEndScheduler                     
000010cc  vTaskSuspendAll                       
00001184  xTaskResumeAll                        
00001334  xTaskGetTickCount                     
00001350  xTaskGetTickCountFromISR              
00001374  uxTaskGetNumberOfTasks                
00001380  pcTaskGetName                         
00001558  xTaskGetHandle                        
0000165c  xTaskGetIdleTaskHandle                
00001694  vTaskStepTick                         
000016f0  xTaskAbortDelay                       
000017ec  xTaskIncrementTick                    
00001a14  vTaskSwitchContext                    
00001af4  vTaskPlaceOnEventList                 
00001b38  vTaskPlaceOnUnorderedEventList        
00001bbc  xTaskRemoveFromEventList              
00001cac  xTaskRemoveFromUnorderedEventList     
00001db0  vTaskSetTimeOutState                  
00001df4  xTaskCheckForTimeOut                  
00001f2c  vTaskMissedYield                      
00001f3c  eTaskConfirmSleepModeStatus           
00001fb8  vTaskSetThreadLocalStoragePointer     
0000201c  pvTaskGetThreadLocalStoragePointer    
00002088  vTaskAllocateMPURegions               
00002260  uxTaskGetStackHighWaterMark           
00002328  xTaskGetCurrentTaskHandle             
00002344  xTaskGetSchedulerState                
00002394  vTaskPriorityInherit                  
000024f0  xTaskPriorityDisinherit               
00002654  uxTaskResetEventItemValue             
00002690  pvTaskIncrementMutexHeldCount         
000026c4  ulTaskNotifyTake                      
0000279c  xTaskNotifyWait                       
000028b0  xTaskGenericNotify                    
00002a7c  xTaskGenericNotifyFromISR             
00002c7c  vTaskNotifyGiveFromISR                
00002f24  xQueueGenericReset                    
0000304c  xQueueGenericCreate                   
000031bc  xQueueCreateMutex                     
00003200  xQueueGiveMutexRecursive              
00003288  xQueueTakeMutexRecursive              
00003324  xQueueCreateCountingSemaphore         
000033b0  xQueueGenericSend                     
00003670  xQueueGenericSendFromISR              
00003800  xQueueGiveFromISR                     
0000396c  xQueueGenericReceive                  
00003c80  xQueueReceiveFromISR                  
00003dc8  xQueuePeekFromISR                     
00003ebc  uxQueueMessagesWaiting                
00003ef4  uxQueueSpacesAvailable                
00003f40  uxQueueMessagesWaitingFromISR         
00003f70  vQueueDelete                          
000042d4  xQueueIsQueueEmptyFromISR             
00004360  xQueueIsQueueFullFromISR              
000043b0  xEventGroupCreate                     
000043ec  xEventGroupSync                       
000045ec  xEventGroupWaitBits                   
0000483c  xEventGroupClearBits                  
000048c0  xEventGroupGetBitsFromISR             
000048f0  xEventGroupSetBits                    
00004aa0  vEventGroupDelete                     
00004b24  vEventGroupSetBitsCallback            
00004b40  vEventGroupClearBitsCallback          
00004bcc  vPortStartFirstTask                   
00004c5c  vPortYieldProcessor                   
00004d48  vPortYeildWithinAPI                   
00004e3c  vPortPreemptiveTick                   
00004f3c  vPortInitialiseFPSCR                  
00004f48  ulPortCountLeadingZeros               
00004f50  vPortSWI                              
00005020  prvMpuSetRegion                       
00005038  prvMpuEnable                          
00005050  prvMpuDisable                         
00005078  pxPortInitialiseStack                 
0000518c  vPortStoreTaskMPUSettings             
00005400  xPortStartScheduler                   
00005424  vPortEndScheduler                     
00005458  pvPortMalloc                          
000056ac  vPortFree                             
000057a4  xPortGetFreeHeapSize                  
000057b0  xPortGetMinimumEverFreeHeapSize       
000057bc  vPortInitialiseBlocks                 
00005804  __TI_Handler_Table_Base               
00005810  __TI_Handler_Table_Limit              
00005830  __TI_CINIT_Base                       
00005850  __TI_CINIT_Limit                      
000087f0  dhcp_coarse_tmr                       
00008958  dhcp_fine_tmr                         
00008fb8  dhcp_set_struct                       
0000904c  dhcp_cleanup                          
000090dc  dhcp_start                            
000092b8  dhcp_inform                           
00009418  dhcp_network_changed                  
00009628  dhcp_arp_reply                        
0000a15c  dhcp_renew                            
0000a8b4  dhcp_release_and_stop                 
0000aa78  dhcp_release                          
0000aa90  dhcp_stop                             
0000c17c  dhcp_supplied_address                 
0000c3a0  tcp_input                             
0000ffb4  tcp_trigger_input_pcb_close           
00010aa4  tcp_write                             
00011788  tcp_split_unsent_seg                  
00011bdc  tcp_send_fin                          
00011ca8  tcp_enqueue_flags                     
00012344  tcp_output                            
00012cfc  tcp_rexmit_rto_prepare                
00012e50  tcp_rexmit_rto_commit                 
00012ea4  tcp_rexmit_rto                        
00012ee8  tcp_rexmit                            
00013054  tcp_rexmit_fast                       
000135ec  tcp_rst                               
00013728  tcp_send_empty_ack                    
000138e0  tcp_keepalive                         
000139e8  tcp_zero_window_probe                 
00013c0c  tcp_init                              
00013c28  tcp_free                              
00013ca0  tcp_tmr                               
0001429c  tcp_close                             
0001431c  tcp_shutdown                          
00014424  tcp_abandon                           
00014688  tcp_abort                             
00014724  tcp_bind                              
00014920  tcp_bind_netif                        
000149a4  tcp_listen_with_backlog               
00014a0c  tcp_listen_with_backlog_and_err       
00014c50  tcp_update_rcv_ann_wnd                
00014df4  tcp_recved                            
00015060  tcp_connect                           
00015474  tcp_slowtmr                           
00015f50  tcp_fasttmr                           
00016080  tcp_txnow                             
00016128  tcp_process_refused_data              
000162b4  tcp_segs_free                         
000162f4  tcp_seg_free                          
00016334  tcp_setprio                           
00016374  tcp_seg_copy                          
000163e8  tcp_recv_null                         
00016800  tcp_alloc                             
00016970  tcp_new                               
00016980  tcp_new_ip_type                       
0001699c  tcp_arg                               
000169dc  tcp_recv                              
00016a2c  tcp_sent                              
00016a78  tcp_err                               
00016ac4  tcp_accept                            
00016b08  tcp_poll                              
00016b7c  tcp_pcb_purge                         
00016cd4  tcp_pcb_remove                        
00016ec0  tcp_next_iss                          
00016f64  tcp_eff_send_mss_netif                
00017128  tcp_netif_ip_addr_changed             
000171e8  tcp_debug_state_str                   
0001726c  tcp_tcp_get_tcp_addrinfo              
00017320  tcp_free_ooseq                        
0001740c  selftestFailNotification              
0001741c  ccmSelfCheck                          
00017560  memoryInit                            
000175a4  stcSelfCheck                          
00017620  cpuSelfTest                           
000176b8  pbistSelfCheck                        
00017898  pbistRun                              
00017964  pbistStop                             
00017994  pbistIsTestCompleted                  
000179c0  pbistIsTestPassed                     
000179f4  pbistPortTestStatus                   
00017a4c  efcCheck                              
00017ad4  efcStuckZeroTest                      
00017b80  efcSelfTest                           
00017ba8  checkefcSelfTest                      
00017c48  fmcBus2Check                          
00017c84  fmcECCcheck                           
00017d24  checkB0RAMECC                         
00017f14  checkB1RAMECC                         
00018104  checkFlashECC                         
000181e0  custom_dabort                         
000181e4  stcSelfCheckFail                      
000181e8  cpuSelfTestFail                       
000181ec  vimParityCheck                        
00018298  dmaParityCheck                        
00018344  het1ParityCheck                       
000183f0  htu1ParityCheck                       
000184ac  het2ParityCheck                       
000185a8  htu2ParityCheck                       
00018658  adc1ParityCheck                       
00018744  adc2ParityCheck                       
000187fc  can1ParityCheck                       
000188d4  can2ParityCheck                       
0001899c  can3ParityCheck                       
00018a70  mibspi1ParityCheck                    
00018b78  mibspi3ParityCheck                    
00018c9c  mibspi5ParityCheck                    
00018dbc  checkRAMECC                           
00019004  checkClockMonitor                     
000190e0  checkFlashEEPROMECC                   
00019278  checkPLL1Slip                         
00019378  checkPLL2Slip                         
0001943c  checkRAMAddrParity                    
00019548  checkRAMUERRTest                      
000196b0  fmcBus1ParityCheck                    
000197d8  pbistFail                             
0001985c  pbistGetConfigValue                   
000199a8  stcGetConfigValue                     
00019a4c  efcGetConfigValue                     
00019ae8  ccmr4GetConfigValue                   
00019b58  errata_PBIST_4                        
00019ebc  enableParity                          
00019f44  disableParity                         
0001a250  pbuf_alloc                            
0001a53c  pbuf_alloc_reference                  
0001a5cc  pbuf_alloced_custom                   
0001a720  pbuf_realloc                          
0001aa74  pbuf_add_header                       
0001aa94  pbuf_add_header_force                 
0001aacc  pbuf_remove_header                    
0001ac28  pbuf_header                           
0001ac48  pbuf_header_force                     
0001ac84  pbuf_free_header                      
0001ad40  pbuf_free                             
0001aef4  pbuf_clen                             
0001af60  pbuf_ref                              
0001afc8  pbuf_cat                              
0001b0c8  pbuf_chain                            
0001b108  pbuf_dechain                          
0001b2c4  pbuf_copy                             
0001b594  pbuf_copy_partial                     
0001b76c  pbuf_get_contiguous                   
0001b950  pbuf_skip                             
0001b9d0  pbuf_take                             
0001bbe0  pbuf_take_at                          
0001bd18  pbuf_coalesce                         
0001bd74  pbuf_clone                            
0001be1c  pbuf_get_at                           
0001be74  pbuf_try_get_at                       
0001bee8  pbuf_put_at                           
0001bf7c  pbuf_memcmp                           
0001c0a4  pbuf_memfind                          
0001c14c  pbuf_strstr                           
0001c1e0  udp_init                              
0001c4d8  udp_input                             
0001ca20  udp_send                              
0001caa4  udp_sendto                            
0001cc88  udp_sendto_if                         
0001cf00  udp_sendto_if_src                     
0001d450  udp_bind                              
0001d724  udp_bind_netif                        
0001d7a8  udp_connect                           
0001d978  udp_disconnect                        
0001d9e0  udp_recv                              
0001da8c  udp_remove                            
0001db5c  udp_new                               
0001db9c  udp_new_ip_type                       
0001dc08  udp_netif_ip_addr_changed             
0001dcac  udp_debug_print                       
0001ded8  etharp_tmr                            
0001e648  etharp_cleanup_netif                  
0001e6f8  etharp_find_addr                      
0001e814  etharp_get_entry                      
0001e91c  etharp_input                          
0001ecf4  etharp_output                         
0001efbc  etharp_query                          
0001f590  etharp_request                        
0001f65c  EMACTxIntPulseEnable                  
0001f6b8  EMACTxIntPulseDisable                 
0001f714  EMACRxIntPulseEnable                  
0001f770  EMACRxIntPulseDisable                 
0001f7cc  EMACRMIISpeedSet                      
0001f80c  EMACMIIEnable                         
0001f830  EMACMIIDisable                        
0001f854  EMACDuplexSet                         
0001f894  EMACTxEnable                          
0001f8b0  EMACTxDisable                         
0001f8cc  EMACRxEnable                          
0001f8e8  EMACRxDisable                         
0001f904  EMACTxHdrDescPtrWrite                 
0001f930  EMACRxHdrDescPtrWrite                 
0001f95c  EMACInit                              
0001fa98  EMACMACSrcAddrSet                     
0001fafc  EMACMACAddrSet                        
0001fb84  EMACCoreIntAck                        
0001fba4  EMACTxCPWrite                         
0001fbd0  EMACRxCPWrite                         
0001fbfc  EMACRxBroadCastEnable                 
0001fc40  EMACRxBroadCastDisable                
0001fc7c  EMACRxMultiCastEnable                 
0001fcc0  EMACRxMultiCastDisable                
0001fcfc  EMACRxUnicastSet                      
0001fd2c  EMACRxUnicastClear                    
0001fd5c  EMACNumFreeBufSet                     
0001fd88  EMACIntVectorGet                      
0001fda0  EMACInstConfig                        
0001fe04  EMACLinkSetup                         
0001fedc  EMACTxTeardown                        
0001ff08  EMACRxTeardown                        
0001ff34  EMACFrameSelect                       
0001ff60  EMACTxPrioritySelect                  
0001ffc0  EMACSoftReset                         
0002000c  EMACEnableIdleState                   
00020030  EMACDisableIdleState                  
00020054  EMACEnableLoopback                    
000200bc  EMACDisableLoopback                   
00020124  EMACTxFlowControlEnable               
00020148  EMACTxFlowControlDisable              
0002016c  EMACRxFlowControlEnable               
00020190  EMACRxFlowControlDisable              
000201b4  EMACRxSetFlowThreshold                
00020208  EMACReadNetStatRegisters              
0002022c  EMACTxIntStat                         
0002027c  EMACRxIntStat                         
0002030c  EMACDMAInit                           
000204e4  EMACHWInit                            
000207e0  EMACTransmit                          
000209cc  EMACTxIntHandler                      
00020ac0  EMACReceive                           
00020c1c  EMACGetConfigValue                    
00020dd8  ip_reass_tmr                          
[...]
00023608  osMessageDelete                       
00023634  osRecursiveMutexCreate                
00023648  osRecursiveMutexRelease               
00023678  osRecursiveMutexWait                  
00023704  osSemaphoreGetCount                   
00023718  xPortSysTickHandler                   
00023730  netif_init                            
00023734  netif_input                           
000237b0  netif_add_noaddr                      
00023878  netif_add                             
00023d60  netif_set_ipaddr                      
00023ebc  netif_set_netmask                     
00023fe8  netif_set_gw                          
000240b0  netif_set_addr                        
000241a4  netif_remove                          
0002422c  netif_set_default                     
000242e8  netif_set_up                          
00024448  netif_set_down                        
000244d4  netif_set_status_callback             
00024500  netif_set_link_up                     
00024590  netif_set_link_down                   
00024624  netif_set_link_callback               
00024694  netif_name_to_index                   
000246ec  netif_index_to_name                   
00024758  netif_get_by_index                    
000247fc  netif_find                            
00024950  autoip_set_struct                     
00024d88  autoip_start                          
0002504c  autoip_network_changed                
00025088  autoip_stop                           
000251ec  autoip_tmr                            
0002546c  autoip_arp_reply                      
000255a4  autoip_supplied_address               
00025638  autoip_accept_packet                  
000259f0  mem_init                              
00025c24  mem_free                              
00025e40  mem_trim                              
000261c0  mem_malloc                            
000264c4  mem_calloc                            
000265e4  setupPLL                              
00026644  trimLPO                               
000266b8  setupFlash                            
000266f8  periphInit                            
0002674c  mapClocks                             
00026874  systemInit                            
00026940  systemPowerDown                       
00026970  systemGetConfigValue                  
00026d84  tcmflashGetConfigValue                
00026f30  sramGetConfigValue                    
0002706c  customTrimLPO                         
00027148  MPU_xTaskCreate                       
000271ac  MPU_xTaskCreateRestricted             
000271f0  MPU_vTaskAllocateMPURegions           
00027224  MPU_vTaskDelete                       
00027250  MPU_vTaskDelay                        
0002727c  MPU_vTaskDelayUntil                   
000272b0  MPU_xTaskAbortDelay                   
000272e4  MPU_uxTaskPriorityGet                 
00027318  MPU_eTaskGetState                     
0002734c  MPU_vTaskPrioritySet                  
00027380  MPU_vTaskSuspend                      
000273ac  MPU_vTaskResume                       
000273d8  MPU_vTaskSuspendAll                   
000273fc  MPU_xTaskResumeAll                    
00027428  MPU_xTaskGetTickCount                 
00027454  MPU_uxTaskGetNumberOfTasks            
00027480  MPU_pcTaskGetName                     
000274b4  MPU_xTaskGetHandle                    
000274e8  MPU_uxTaskGetStackHighWaterMark       
0002751c  MPU_vTaskSetThreadLocalStoragePointer 
00027560  MPU_pvTaskGetThreadLocalStoragePointer
000275a4  MPU_xTaskGetIdleTaskHandle            
000275d0  MPU_xTaskGenericNotify                
00027624  MPU_xTaskNotifyWait                   
00027678  MPU_ulTaskNotifyTake                  
000276bc  MPU_xTaskNotifyStateClear             
000276f0  MPU_xTaskGetCurrentTaskHandle         
0002771c  MPU_vTaskSetTimeOutState              
00027748  MPU_xTaskCheckForTimeOut              
0002778c  MPU_xTaskGetSchedulerState            
000277b8  MPU_xQueueGenericSend                 
0002780c  MPU_xQueueGenericReceive              
00027860  MPU_uxQueueMessagesWaiting            
00027894  MPU_uxQueueSpacesAvailable            
000278c8  MPU_vQueueDelete                      
000278f4  MPU_xQueueCreateMutex                 
00027928  MPU_xQueueCreateCountingSemaphore     
0002796c  MPU_xQueueTakeMutexRecursive          
000279b0  MPU_xQueueGiveMutexRecursive          
000279e4  MPU_xQueueGenericCreate               
00027a30  MPU_xQueueGenericReset                
00027a74  MPU_xEventGroupCreate                 
00027aa0  MPU_xEventGroupWaitBits               
00027afc  MPU_xEventGroupClearBits              
00027b40  MPU_xEventGroupSetBits                
00027b84  MPU_xEventGroupSync                   
00027bd8  MPU_vEventGroupDelete                 
00027c04  ip4_route                             
00027d48  ip4_input                             
0002813c  ip4_output_if                         
000281c0  ip4_output_if_src                     
000283bc  ip4_output                            
00028720  tcpip_inpkt                           
000287dc  tcpip_input                           
00028820  tcpip_callback                        
000288a8  tcpip_try_callback                    
000289ac  tcpip_timeout                         
00028a4c  tcpip_untimeout                       
00028ad4  tcpip_send_msg_wait_sem               
00028b08  tcpip_api_call                        
00028b4c  tcpip_callbackmsg_new                 
00028ba4  tcpip_callbackmsg_delete              
00028bbc  tcpip_callbackmsg_trycallback         
00028bf8  tcpip_callbackmsg_trycallback_fromisr 
00028c34  tcpip_init                            
00028ce4  pbuf_free_callback                    
00028cfc  mem_free_callback                     
00028d90  vPreemptiveTick                       
00028d94  vimInit                               
00028e68  vimChannelMap                         
00028f0c  vimEnableInterrupt                    
00029064  vimDisableInterrupt                   
000290e8  vimGetConfigValue                     
00029680  tcp_timer_needed                      
00029904  sys_timeouts_init                     
00029958  sys_timeout                           
000299b4  sys_untimeout                         
00029b08  sys_check_timeouts                    
00029bc4  sys_restart_timeouts                  
00029c44  sys_timeouts_sleeptime                
00029d50  Dp83640IDGet                          
00029dc8  Dp83640LinkStatusGet                  
00029ea4  Dp83640AutoNegotiate                  
0002a034  Dp83640PartnerAbilityGet              
0002a05c  Dp83640Reset                          
0002a0c0  Dp83640EnableLoopback                 
0002a150  Dp83640DisableLoopback                
0002a1d4  Dp83640GetTimeStamp                   
0002a3f8  Dp83640PartnerSpdGet                  
0002a420  ethernetif_init                       
0002a490  EMAC_to_pbuf                          
0002a5e4  ethernetif_rx_callback                
0002a604  ethernetif_tx_callback                
0002a61c  ethernetif_set_mac_address            
0002a9d4  convert_pbuf_to_pbuf_t                
0002aa5c  free_pbuf_t                           
0002aae0  ip4_addr_isbroadcast_u32              
0002abb0  ip4_addr_netmask_valid                
0002ac44  ipaddr_addr                           
0002ac70  ip4addr_aton                          
0002af94  ip4addr_ntoa                          
0002afb0  ip4addr_ntoa_r                        
0002b180  _errata_SSWF021_45_both_plls          
0002b374  _errata_SSWF021_45_pll1               
0002b4ec  _errata_SSWF021_45_pll2               
0002b7e4  muxInit                               
0002bb64  pinmuxGetConfigValue                  
0002be34  icmp_input                            
0002c1a8  icmp_dest_unreach                     
0002c1c8  icmp_time_exceeded                    
0002c408  esmInit                               
0002c510  esmError                              
0002c52c  esmEnableError                        
0002c554  esmDisableError                       
0002c57c  esmTriggerErrorPinReset               
0002c58c  esmActivateNormalOperation            
0002c59c  esmEnableInterrupt                    
0002c5c4  esmDisableInterrupt                   
0002c5ec  esmSetInterruptLevel                  
0002c660  esmClearStatus                        
0002c6a0  esmClearStatusBuffer                  
0002c6bc  esmSetCounterPreloadValue             
0002c6dc  esmGetStatus                          
0002c760  esmGetStatusBuffer                    
0002c798  esmEnterSelfTest                      
0002c820  esmSelfTestStatus                     
0002c870  esmGetConfigValue                     
0002c9c4  sys_mbox_new                          
0002ca20  sys_mbox_free                         
0002ca44  sys_mbox_post                         
0002ca70  sys_mbox_trypost                      
0002cab4  sys_mbox_trypost_fromisr              
0002cad0  sys_arch_mbox_fetch                   
0002cb70  sys_arch_mbox_tryfetch                
0002cbc0  sys_mbox_valid                        
0002cbec  sys_mbox_set_invalid                  
0002cc08  sys_sem_new                           
0002cc70  sys_arch_sem_wait                     
0002cce8  sys_sem_signal                        
0002cd00  sys_sem_free                          
0002cd18  sys_sem_valid                         
0002cd44  sys_sem_set_invalid                   
0002cd60  sys_init                              
0002cd78  sys_mutex_new                         
0002cdbc  sys_mutex_free                        
0002cdd4  sys_mutex_lock                        
0002cdf0  sys_mutex_unlock                      
0002ce08  sys_thread_new                        
0002ce6c  sys_arch_protect                      
0002ce88  sys_arch_unprotect                    
0002cea0  sys_now                               
0002cec4  memp_init_pool                        
0002cf5c  memp_init                             
0002d020  memp_malloc_pool                      
0002d068  memp_malloc                           
0002d128  memp_free_pool                        
0002d180  memp_free                             
0002d2ac  lwip_strnstr                          
0002d36c  lwip_stricmp                          
0002d410  lwip_strnicmp                         
0002d4d0  lwip_itoa                             
0002d650  _coreInitRegisters_                   
0002d75c  _coreInitStackPointer_                
0002d7a8  _getCPSRValue_                        
0002d7b0  _gotoCPUIdle_                         
0002d7c8  _coreEnableVfp_                       
0002d7e0  _coreEnableEventBusExport_            
0002d7f0  _coreDisableEventBusExport_           
0002d800  _coreEnableRamEcc_                    
0002d810  _coreDisableRamEcc_                   
0002d820  _coreEnableFlashEcc_                  
0002d834  _coreDisableFlashEcc_                 
0002d844  _coreEnableIrqVicOffset_              
0002d854  _coreGetDataFault_                    
0002d85c  _coreClearDataFault_                  
0002d868  _coreGetInstructionFault_             
0002d870  _coreClearInstructionFault_           
0002d87c  _coreGetDataFaultAddress_             
0002d884  _coreClearDataFaultAddress_           
0002d890  _coreGetInstructionFaultAddress_      
0002d898  _coreClearInstructionFaultAddress_    
0002d8a4  _coreGetAuxiliaryDataFault_           
0002d8ac  _coreClearAuxiliaryDataFault_         
0002d8b8  _coreGetAuxiliaryInstructionFault_    
0002d8c0  _coreClearAuxiliaryInstructionFault_  
0002d8cc  _disable_interrupt_                   
0002d8d4  _disable_FIQ_interrupt_               
0002d8dc  _disable_IRQ_interrupt_               
0002d8e4  _enable_interrupt_                    
0002d8ec  _esmCcmErrorsClear_                   
0002d974  _errata_CORTEXR4_57_                  
0002d984  _errata_CORTEXR4_66_                  
0002d994  __TI_PINIT_Base                       
0002d998  __TI_PINIT_Limit                      
0002d99c  ethernet_input                        
0002db24  ethernet_output                       
0002dc5c  _c_int00                              
0002df00  lwip_init_sync                        
0002e160  lwip_get_hdkNetIF_p                   
0002e194  vimParityErrorHandler                 
0002e69c  vListInitialise                       
0002e6f4  vListInitialiseItem                   
0002e710  vListInsertEnd                        
0002e784  vListInsert                           
0002e848  uxListRemove                          
0002e8d4  MDIOPhyRegRead                        
0002e96c  MDIOPhyRegWrite                       
0002e9d4  MDIOPhyAliveStatusGet                 
0002e9ec  MDIOPhyLinkStatusGet                  
0002ea04  MDIOInit                              
0002ea4c  MDIOEnable                            
0002ea70  MDIODisable                           
0002ed24  xTaskNotifyStateClear                 
0002eda0  user_main                             
0002ee88  log_printf                            
0002eed0  esmHighInterrupt                      
0002efe4  _dabort                               
0002f0cc  _pmuInit_                             
0002f118  _pmuEnableCountersGlobal_             
0002f128  _pmuDisableCountersGlobal_            
0002f138  _pmuResetCycleCounter_                
0002f148  _pmuResetEventCounters_               
0002f158  _pmuResetCounters_                    
0002f168  _pmuStartCounters_                    
0002f170  _pmuStopCounters_                     
0002f178  _pmuSetCountEvent_                    
0002f184  _pmuGetCycleCount_                    
0002f18c  _pmuGetEventCount_                    
0002f198  _pmuGetOverflow_                      
0002f1ac  lwip_init                             
0002f278  EMACTxIntISR                          
0002f2dc  EMACRxIntISR                          
0002f345  __aeabi_memcpy                        
0002f345  __aeabi_memcpy4                       
0002f345  __aeabi_memcpy8                       
0002f345  memcpy                                
0002f3e0  esmGroup1Notification                 
0002f3f0  esmGroup2Notification                 
0002f400  memoryPort0TestFailNotification       
0002f41c  memoryPort1TestFailNotification       
0002f438  dmaGroupANotification                 
0002f46d  __aeabi_memclr                        
0002f46d  __aeabi_memclr4                       
0002f46d  __aeabi_memclr8                       
0002f46f  __aeabi_memset                        
0002f46f  __aeabi_memset4                       
0002f46f  __aeabi_memset8                       
0002f475  memset                                
0002f4e7  __TI_decompress_lzss                  
0002f553  _nop                                  
0002f554  get_processor_mode                    
0002f570  is_processor_in_isr                   
0002f5b0  __aeabi_idiv                          
0002f5b0  __aeabi_idivmod                       
0002f605  atoi                                  
0002f654  emacTxNotification                    
0002f678  emacRxNotification                    
0002f6a4  __aeabi_uidiv                         
0002f6a4  __aeabi_uidivmod                      
0002f6f5  __TI_auto_init_nobinit_nopinit        
0002f739  rand                                  
0002f76d  strncmp                               
0002f797  memmove                               
0002f7bf  memcmp                                
0002f7e5  strlen                                
0002f7fb  __aeabi_idiv0                         
0002f7fb  __aeabi_ldiv0                         
0002f7fd  isdigit                               
0002f80d  islower                               
0002f81d  isspace                               
0002f82d  isxdigit                              
0002f83c  main                                  
0002f84d  __TI_decompress_none                  
0002f85b  __TI_zero_init                        
0002f867  C$$EXIT                               
0002f867  abort                                 
0002f86c  phantomInterrupt                      
0002f870  handlePLLLockFail                     
0002f9f4  _ctypes_                              
0002fc08  memp_pools                            
0002fc3c  lwip_cyclic_timers                    
0002fcc0  memp_FRAG_PBUF                        
0002fcd0  memp_NETBUF                           
0002fce0  memp_NETCONN                          
0002fcf0  memp_PBUF                             
0002fd00  memp_PBUF_POOL                        
0002fd10  memp_REASSDATA                        
0002fd20  memp_SYS_TIMEOUT                      
0002fd30  memp_TCPIP_MSG_API                    
0002fd40  memp_TCPIP_MSG_INPKT                  
0002fd50  memp_TCP_PCB                          
0002fd60  memp_TCP_PCB_LISTEN                   
0002fd70  memp_TCP_SEG                          
0002fd80  memp_UDP_PCB                          
0002fd90  tcp_pcb_lists                         
0002fdcb  ethbroadcast                          
0002fdd1  ethzero                               
0002fdec  ip_addr_any                           
0002fdf0  ip_addr_broadcast                     
0002fdf4  os_mutex_def_lwip_sys_mutex           
080008d0  pxCurrentTCB                          
08001000  __start___llvm_prf_cnts               
08001000  __stop___llvm_prf_cnts                
08001000  ethernetif_rx_quiue                   
08008670  memp_memory_PBUF_POOL_base            
0800ac74  ram_heap                              
0800c088  memp_memory_TCP_PCB_base              
0800c438  memp_memory_FRAG_PBUF_base            
0800c5a4  memp_memory_TCP_SEG_base              
0800c6e8  memp_memory_PBUF_base                 
0800c8dc  memp_memory_TCP_PCB_LISTEN_base       
0800c9c0  memp_memory_NETCONN_base              
0800ca64  memp_memory_REASSDATA_base            
0800cb08  memp_memory_TCPIP_MSG_API_base        
0800cb8c  memp_memory_TCPIP_MSG_INPKT_base      
0800cc10  memp_memory_UDP_PCB_base              
0800cc94  memp_memory_SYS_TIMEOUT_base          
0800ccf8  gnetif                                
0800cd38  hdkif_data                            
0800cdcc  memp_memory_NETBUF_base               
0800cdf0  dhcp_rx_options_val                   
0800ce10  ip_data                               
0800ce90  dhcp_rx_options_given                 
0800cea0  EMAC_to_pbuf_counter                  
0800cea4  lock_tcpip_core                       
0800cea8  lwip_sys_mutex                        
0800ceac  netif_default                         
0800ceb0  rx_queue                              
0800ceb4  tcp_active_pcbs                       
0800ceb8  tcp_bound_pcbs                        
0800cebc  tcp_input_pcb                         
0800cec0  tcp_listen_pcbs                       
0800cec4  tcp_ticks                             
0800cec8  tcp_tw_pcbs                           
0800cecc  udp_pcbs                              
0800ced4  pbuf_free_ooseq_pending               
0800ced5  tcp_active_pcbs_changed               
080146e8  ethernetif_rx_quiue_counter           
080146ec  RxPktSemaphore                        
080146f0  TxPktSemaphore                        
080146f4  _lock                                 
080146f8  _unlock                               
080146fc  emacTxNotification_counter            
08014700  emacRxNotification_counter            
08014704  ulCriticalNesting                     
08014708  ulTaskHasFPUContext                   
08014714  emacAddress                           
08014723  dhcp_status                           
ffffffff  __TI_pprof_out_hndl                   
ffffffff  __TI_prof_data_size                   
ffffffff  __TI_prof_data_start                  
ffffffff  __binit__                             
ffffffff  __c_args__                            
ffffffff  binit                                 
UNDEFED   SHT$$INIT_ARRAY$$Base                 
UNDEFED   SHT$$INIT_ARRAY$$Limit                
UNDEFED   _system_post_cinit                    

[790 symbols]
