******************************************************************************
                  TI ARM Linker PC v20.2.7                     
******************************************************************************
>> Linked Wed Jan 17 13:34:29 2024

OUTPUT FILE NAME:   <SOM_TMS570LS3137_V1.1.out>
ENTRY POINT SYMBOL: "_c_int00"  address: 0002e7ec


MEMORY CONFIGURATION

         name            origin    length      used     unused   attr    fill
----------------------  --------  ---------  --------  --------  ----  --------
  VECTORS               00000000   00000020  00000020  00000000     X
  KERNEL                00000020   00008000  0000582c  000027d4  R  X
  FLASH0                00008020   00177fe0  0002956c  0014ea74  R  X
  FLASH1                00180000   00180000  00000000  00180000  R  X
  STACKS                08000000   00000800  00000000  00000800  RW  
  KRAM                  08000800   00000800  0000016c  00000694  RW  
  RAM                   08001000   0003f000  0001382f  0002b7d1  RW  


SEGMENT ALLOCATION MAP

run origin  load origin   length   init length attrs members
----------  ----------- ---------- ----------- ----- -------
00000000    00000000    00005850   00005850    r-x
  00000000    00000000    00000020   00000020    r-x .intvecs
  00000020    00000020    000057bc   000057bc    r-x .kernelTEXT
  000057e0    000057e0    00000070   00000070    r-- .cinit
00008020    00008020    0002956c   0002956c    r-x
  00008020    00008020    00028fdc   00028fdc    r-x .text
  00030ffc    00030ffc    00000590   00000590    r-- .const
08000800    08000800    0000016c   00000000    rw-
  08000800    08000800    0000016c   00000000    rw- .kernelBSS
08001000    08001000    00013830   00000000    rw-
  08001000    08001000    0000bfeb   00000000    rw- .bss
  0800cfeb    0800cfeb    00007800   00000000    rw- .kernelHEAP
  080147ec    080147ec    00000044   00000000    rw- .data


SECTION ALLOCATION MAP

 output                                  attributes/
section   page    origin      length       input sections
--------  ----  ----------  ----------   ----------------
.intvecs   0    00000000    00000020     
                  00000000    00000020     sys_intvecs.obj (.intvecs)

.kernelTEXT 
*          0    00000020    000057bc     
                  00000020    00002d98     os_tasks.obj (.kernelTEXT)
                  00002db8    00001600     os_queue.obj (.kernelTEXT)
                  000043b8    00000818     os_event_groups.obj (.kernelTEXT)
                  00004bd0    000004b0     os_portasm.obj (.kernelTEXT)
                  00005080    000003e0     os_port.obj (.kernelTEXT)
                  00005460    0000037c     os_heap.obj (.kernelTEXT)

.cinit     0    000057e0    00000070     
                  000057e0    00000024     (.cinit..data.load) [load image, compression = lzss]
                  00005804    0000000c     (__TI_handler_table)
                  00005810    00000009     (.cinit..kernelBSS.load) [load image, compression = lzss]
                  00005819    00000007     --HOLE-- [fill = 0]
                  00005820    00000008     (.cinit..bss.load) [load image, compression = zero_init]
                  00005828    00000008     (.cinit..kernelHEAP.load) [load image, compression = zero_init]
                  00005830    00000020     (__TI_cinit_table)

.text      0    00008020    00028fdc     
                  00008020    000042b4     dhcp.obj (.text)
                  0000c2d4    0000403c     tcp_in.obj (.text)
                  00010310    00003900     tcp_out.obj (.text)
                  00013c10    000037cc     tcp.obj (.text)
                  000173dc    00002d10     sys_selftest.obj (.text)
                  0001a0ec    000020f8     pbuf.obj (.text)
                  0001c1e4    00001c08     udp.obj (.text)
                  0001ddec    000017f4     etharp.obj (.text)
                  0001f5e0    0000177c     emac.obj (.text)
                  00020d5c    00001530     ip4_frag.obj (.text)
                  0002228c    000014c8     cmsis_os.obj (.text)
                  00023754    00001218     netif.obj (.text)
                  0002496c    00000e08     mem.obj (.text)
                  00025774    00000b98     ethernetif.obj (.text)
                  0002630c    00000b64     system.obj (.text)
                  00026e70    00000b1c     os_mpu_wrappers.obj (.text)
                  0002798c    00000a4e     rtsv7R4_T_be_v3D16_eabi.lib : _printfi.c.obj (.text:__TI_printfi)
                  000283da    00000002                                 : div0.asm.obj (.text)
                  000283dc    000008cc     ip4.obj (.text)
                  00028ca8    000008a4     tcpip.obj (.text)
                  0002954c    0000089c     sys_vim.obj (.text)
                  00029de8    000007b8     sci.obj (.text)
                  0002a5a0    00000720     timeouts.obj (.text)
                  0002acc0    000006d0     phy_dp83640.obj (.text)
                  0002b390    000006a0     ip4_addr.obj (.text)
                  0002ba30    00000664     errata_SSWF021_45.obj (.text)
                  0002c094    00000650     pinmux.obj (.text)
                  0002c6e4    000005d4     icmp.obj (.text)
                  0002ccb8    000005bc     esm.obj (.text)
                  0002d274    0000052c     sys_arch.obj (.text)
                  0002d7a0    000003e8     memp.obj (.text)
                  0002db88    000003a4     def.obj (.text)
                  0002df2c    0000034c     sys_core.obj (.text)
                  0002e278    000002c0     ethernet.obj (.text)
                  0002e538    000002b4     rtsv7R4_T_be_v3D16_eabi.lib : ull_div32.asm.obj (.text)
                  0002e7ec    000002a4     sys_startup.obj (.text:retain)
                  0002ea90    00000290     sys_vim.obj (.text:retain)
                  0002ed20    00000278     os_heap.obj (.text)
                  0002ef98    00000248     rtsv7R4_T_be_v3D16_eabi.lib : _printfi.c.obj (.text:_pconv_a)
                  0002f1e0    00000238     os_list.obj (.text)
                  0002f418    00000210     lwiplib.obj (.text)
                  0002f628    000001c4     mdio.obj (.text)
                  0002f7ec    000001b0     os_port.obj (.text)
                  0002f99c    000001a0     rtsv7R4_T_be_v3D16_eabi.lib : _printfi.c.obj (.text:_pconv_g)
                  0002fb3c    00000174     main.obj (.text)
                  0002fcb0    00000158     os_tasks.obj (.text)
                  0002fe08    00000134     emac_driver.obj (.text:retain)
                  0002ff3c    00000120     init.obj (.text)
                  0003005c    00000114     esm.obj (.text:retain)
                  00030170    00000104     rtsv7R4_T_be_v3D16_eabi.lib : _printfi.c.obj (.text:_pconv_e)
                  00030274    000000fc                                 : _printfi.c.obj (.text:fcvt)
                  00030370    000000f0                                 : s_scalbn.c.obj (.text:scalbn)
                  00030460    000000e8     dabort.obj (.text)
                  00030548    000000e0     rtsv7R4_T_be_v3D16_eabi.lib : s_floor.c.obj (.text:floor)
                  00030628    000000e0     sys_pmu.obj (.text)
                  00030708    000000cc     emac.obj (.text:retain)
                  000307d4    000000ad     rtsv7R4_T_be_v3D16_eabi.lib : _printfi.c.obj (.text:_ltostr)
                  00030881    00000003     --HOLE-- [fill = 0]
                  00030884    000000a0     notification.obj (.text)
                  00030924    0000009c     rtsv7R4_T_be_v3D16_eabi.lib : memcpy_t2.asm.obj (.text)
                  000309c0    0000007a                                 : _printfi.c.obj (.text:_mcpy)
                  00030a3a    0000007a                                 : memset_t2.asm.obj (.text)
                  00030ab4    00000074                                 : s_frexp.c.obj (.text:frexp)
                  00030b28    0000006c                                 : copy_decompress_lzss.c.obj (.text:decompress:lzss:__TI_decompress_lzss)
                  00030b94    00000054                                 : _ltoa.c.obj (.text:__TI_ltoa)
                  00030be8    00000054                                 : _printfi.c.obj (.text:_ecpy)
                  00030c3c    00000054                                 : i_div32.asm.obj (.text)
                  00030c90    00000050                                 : _printfi.c.obj (.text:_pconv_f)
                  00030ce0    00000050                                 : atoi.c.obj (.text:atoi)
                  00030d30    00000050                                 : u_div32.asm.obj (.text)
                  00030d80    00000044                                 : autoinit.c.obj (.text:__TI_auto_init_nobinit_nopinit:__TI_auto_init_nobinit_nopinit)
                  00030dc4    00000040                                 : _printfi.c.obj (.text:_fcpy)
                  00030e04    00000030     core.obj (.text)
                  00030e34    0000002a     rtsv7R4_T_be_v3D16_eabi.lib : strncmp.c.obj (.text:strncmp)
                  00030e5e    00000028                                 : memmov.c.obj (.text:memmove)
                  00030e86    00000002     --HOLE-- [fill = 0]
                  00030e88    00000028                                 : vsprintf.c.obj (.text:vsprintf)
                  00030eb0    00000026                                 : memccpy.c.obj (.text:memccpy)
                  00030ed6    00000026                                 : memcmp.c.obj (.text:memcmp)
                  00030efc    0000001e                                 : s_copysign.c.obj (.text:copysign)
                  00030f1a    0000001a                                 : vsprintf.c.obj (.text:_outs)
                  00030f34    00000016                                 : strchr.c.obj (.text:strchr)
                  00030f4a    00000016                                 : strlen.c.obj (.text:strlen)
                  00030f60    00000012                                 : wcslen.c.obj (.text:wcslen)
                  00030f72    00000002     --HOLE-- [fill = 0]
                  00030f74    00000010                                 : isdigit.c.obj (.text:isdigit)
                  00030f84    00000010                                 : islower.c.obj (.text:islower)
                  00030f94    00000010                                 : isspace.c.obj (.text:isspace)
                  00030fa4    00000010                                 : isxdigit.c.obj (.text:isxdigit)
                  00030fb4    00000010     sys_main.obj (.text)
                  00030fc4    0000000e     rtsv7R4_T_be_v3D16_eabi.lib : copy_decompress_none.c.obj (.text:decompress:none:__TI_decompress_none)
                  00030fd2    0000000c                                 : copy_zero_init.c.obj (.text:decompress:ZI:__TI_zero_init)
                  00030fde    0000000a                                 : vsprintf.c.obj (.text:_outc)
                  00030fe8    00000008                                 : errno.c.obj (.text:__aeabi_errno_addr)
                  00030ff0    00000004                                 : exit.c.obj (.text:abort:abort)
                  00030ff4    00000004     sys_phantom.obj (.text:retain)
                  00030ff8    00000004     sys_startup.obj (.text)

.const     0    00030ffc    00000590     
                  00030ffc    00000180     sys_vim.obj (.const:s_vim_init)
                  0003117c    00000101     rtsv7R4_T_be_v3D16_eabi.lib : ctype.c.obj (.const:.string:_ctypes_)
                  0003127d    00000003     --HOLE-- [fill = 0]
                  00031280    00000098     memp.obj (.const:.string)
                  00031318    00000078     tcp.obj (.const:.string)
                  00031390    00000034     memp.obj (.const:memp_pools)
                  000313c4    0000002c     tcp.obj (.const:tcp_state_str)
                  000313f0    00000028     timeouts.obj (.const:lwip_cyclic_timers)
                  00031418    00000014     ethernetif.obj (.const:$P$T0$1)
                  0003142c    00000014     ethernetif.obj (.const:$P$T1$2)
                  00031440    00000014     sys_arch.obj (.const:$P$T3$4)
                  00031454    00000010     memp.obj (.const:memp_FRAG_PBUF)
                  00031464    00000010     memp.obj (.const:memp_NETBUF)
                  00031474    00000010     memp.obj (.const:memp_NETCONN)
                  00031484    00000010     memp.obj (.const:memp_PBUF)
                  00031494    00000010     memp.obj (.const:memp_PBUF_POOL)
                  000314a4    00000010     memp.obj (.const:memp_REASSDATA)
                  000314b4    00000010     memp.obj (.const:memp_SYS_TIMEOUT)
                  000314c4    00000010     memp.obj (.const:memp_TCPIP_MSG_API)
                  000314d4    00000010     memp.obj (.const:memp_TCPIP_MSG_INPKT)
                  000314e4    00000010     memp.obj (.const:memp_TCP_PCB)
                  000314f4    00000010     memp.obj (.const:memp_TCP_PCB_LISTEN)
                  00031504    00000010     memp.obj (.const:memp_TCP_SEG)
                  00031514    00000010     memp.obj (.const:memp_UDP_PCB)
                  00031524    00000010     tcp.obj (.const:tcp_pcb_lists)
                  00031534    0000000d     tcp.obj (.const:.string:tcp_backoff)
                  00031541    00000003     --HOLE-- [fill = 0]
                  00031544    0000000c     cmsis_os.obj (.const:$P$T0$1)
                  00031550    00000008     sys_arch.obj (.const:$P$T0$1)
                  00031558    00000007     tcp.obj (.const:.string:tcp_persist_backoff)
                  0003155f    00000006     ethernet.obj (.const:ethbroadcast)
                  00031565    00000006     ethernet.obj (.const:ethzero)
                  0003156b    00000001     --HOLE-- [fill = 0]
                  0003156c    00000004     sys_arch.obj (.const:$P$T1$2)
                  00031570    00000004     sys_arch.obj (.const:$P$T2$3)
                  00031574    00000004     main.obj (.const:.string:$P$T0$1)
                  00031578    00000004     main.obj (.const:.string:$P$T1$2)
                  0003157c    00000004     main.obj (.const:.string:$P$T2$3)
                  00031580    00000004     ip4_addr.obj (.const:ip_addr_any)
                  00031584    00000004     ip4_addr.obj (.const:ip_addr_broadcast)
                  00031588    00000004     sys_arch.obj (.const:os_mutex_def_lwip_sys_mutex)

.kernelBSS 
*          0    08000800    0000016c     UNINITIALIZED
                  08000800    000000f8     os_tasks.obj (.kernelBSS:uninit)
                  080008f8    00000040     os_queue.obj (.kernelBSS)
                  08000938    00000034     os_tasks.obj (.kernelBSS:init)

.bss       0    08001000    0000bfeb     UNINITIALIZED
                  08001000    00005014     (.common:ram_heap)
                  08006014    00003b24     emac.obj (.bss:pbuf_array)
                  08009b38    00002604     (.common:memp_memory_PBUF_POOL_base)
                  0800c13c    000003b0     (.common:memp_memory_TCP_PCB_base)
                  0800c4ec    0000016c     (.common:memp_memory_FRAG_PBUF_base)
                  0800c658    00000144     (.common:memp_memory_TCP_SEG_base)
                  0800c79c    00000104     (.common:memp_memory_PBUF_base)
                  0800c8a0    000000f0     etharp.obj (.bss:arp_table)
                  0800c990    000000e4     (.common:memp_memory_TCP_PCB_LISTEN_base)
                  0800ca74    000000a4     (.common:memp_memory_NETCONN_base)
                  0800cb18    000000a4     (.common:memp_memory_REASSDATA_base)
                  0800cbbc    00000084     (.common:memp_memory_TCPIP_MSG_API_base)
                  0800cc40    00000084     (.common:memp_memory_TCPIP_MSG_INPKT_base)
                  0800ccc4    00000084     (.common:memp_memory_UDP_PCB_base)
                  0800cd48    00000064     (.common:memp_memory_SYS_TIMEOUT_base)
                  0800cdac    0000003c     (.common:gnetif)
                  0800cde8    0000003c     (.common:hdkif_data)
                  0800ce24    00000034     memp.obj (.bss)
                  0800ce58    00000028     sci.obj (.bss:g_sciTransfer_t)
                  0800ce80    00000028     (.common:counter)
                  0800cea8    00000024     tcp_in.obj (.bss)
                  0800cecc    00000024     (.common:memp_memory_NETBUF_base)
                  0800cef0    00000020     (.common:dhcp_rx_options_val)
                  0800cf10    00000018     (.common:ip_data)
                  0800cf28    00000014     tcp_in.obj (.bss:inseg)
                  0800cf3c    00000010     mem.obj (.bss)
                  0800cf4c    00000010     ip4_addr.obj (.bss:str$1)
                  0800cf5c    00000010     (.common:EMACCore0RxIsr_counter)
                  0800cf6c    0000000c     tcpip.obj (.bss)
                  0800cf78    0000000c     timeouts.obj (.bss)
                  0800cf84    0000000c     (.common:pbuf_pool)
                  0800cf90    00000008     ethernetif.obj (.bss:mac_address)
                  0800cf98    00000008     os_heap.obj (.bss:xStart)
                  0800cfa0    00000008     (.common:dhcp_rx_options_given)
                  0800cfa8    00000006     ip4_frag.obj (.bss)
                  0800cfae    00000002     ip4.obj (.bss)
                  0800cfb0    00000005     dhcp.obj (.bss)
                  0800cfb5    00000002     tcp.obj (.bss)
                  0800cfb7    00000001     etharp.obj (.bss)
                  0800cfb8    00000004     (.common:lock_tcpip_core)
                  0800cfbc    00000004     (.common:lwip_sys_mutex)
                  0800cfc0    00000004     (.common:netif_default)
                  0800cfc4    00000004     (.common:pbuf_pool_sem)
                  0800cfc8    00000004     (.common:rx_queue)
                  0800cfcc    00000004     (.common:tcp_active_pcbs)
                  0800cfd0    00000004     (.common:tcp_bound_pcbs)
                  0800cfd4    00000004     (.common:tcp_input_pcb)
                  0800cfd8    00000004     (.common:tcp_listen_pcbs)
                  0800cfdc    00000004     (.common:tcp_ticks)
                  0800cfe0    00000004     (.common:tcp_tw_pcbs)
                  0800cfe4    00000004     (.common:udp_pcbs)
                  0800cfe8    00000001     netif.obj (.bss)
                  0800cfe9    00000001     (.common:pbuf_free_ooseq_pending)
                  0800cfea    00000001     (.common:tcp_active_pcbs_changed)

.kernelHEAP 
*          0    0800cfeb    00007800     UNINITIALIZED
                  0800cfeb    00007800     os_heap.obj (.kernelHEAP)

.data      0    080147ec    00000044     UNINITIALIZED
                  080147ec    00000010     os_heap.obj (.data)
                  080147fc    00000008     emac_driver.obj (.data)
                  08014804    00000008     ethernetif.obj (.data)
                  0801480c    00000008     os_port.obj (.data)
                  08014814    00000008     tcp.obj (.data)
                  0801481c    00000006     sys_main.obj (.data:emacAddress)
                  08014822    00000002     udp.obj (.data)
                  08014824    00000004     dhcp.obj (.data)
                  08014828    00000004     rtsv7R4_T_be_v3D16_eabi.lib : errno.c.obj (.data)
                  0801482c    00000003     dhcp.obj (.data:dhcp_discover_request_options)
                  0801482f    00000001     sys_arch.obj (.data)

__llvm_prf_cnts 
*          0    08001000    00000000     UNINITIALIZED

MODULE SUMMARY

       Module                       code     ro data   rw data
       ------                       ----     -------   -------
    .\Core\Src\
       cmsis_os.obj                 5320     12        0      
       ethernetif.obj               2968     40        76     
       lwiplib.obj                  528      0         60     
       main.obj                     372      12        0      
       emac_driver.obj              308      0         24     
       core.obj                     48       0         0      
    +--+----------------------------+--------+---------+---------+
       Total:                       9544     64        160    
                                                              
    .\HalCoGen\source\
       os_heap.obj                  1524     0         30744  
       emac.obj                     6216     0         15200  
       os_tasks.obj                 12016    0         300    
       sys_selftest.obj             11536    0         0      
       os_queue.obj                 5632     0         64     
       sys_vim.obj                  2860     384       0      
       system.obj                   2916     0         0      
       os_mpu_wrappers.obj          2844     0         0      
       os_event_groups.obj          2072     0         0      
       sci.obj                      1976     0         40     
       esm.obj                      1744     0         0      
       phy_dp83640.obj              1744     0         0      
       errata_SSWF021_45.obj        1636     0         0      
       pinmux.obj                   1616     0         0      
       os_port.obj                  1424     0         8      
       os_portasm.obj               1200     0         0      
       sys_core.obj                 844      0         0      
       sys_startup.obj              680      0         0      
       os_list.obj                  568      0         0      
       mdio.obj                     452      0         0      
       dabort.obj                   232      0         0      
       sys_pmu.obj                  224      0         0      
       notification.obj             160      0         0      
       sys_intvecs.obj              32       0         0      
       sys_main.obj                 16       0         6      
       sys_phantom.obj              4        0         0      
    +--+----------------------------+--------+---------+---------+
       Total:                       62168    384       46362  
                                                              
    .\LwIP\src\api\
       tcpip.obj                    2212     0         16     
    +--+----------------------------+--------+---------+---------+
       Total:                       2212     0         16     
                                                              
    .\LwIP\src\core\
       mem.obj                      3592     0         20516  
       tcp_in.obj                   16444    0         60     
       tcp_out.obj                  14592    0         0      
       tcp.obj                      14284    200       31     
       memp.obj                     1000     412       12764  
       pbuf.obj                     8440     0         1      
       udp.obj                      7176     0         6      
       netif.obj                    4632     0         5      
       timeouts.obj                 1824     40        12     
       def.obj                      932      0         0      
       init.obj                     288      0         0      
       ip.obj                       0        0         24     
    +--+----------------------------+--------+---------+---------+
       Total:                       73204    652       33419  
                                                              
    .\LwIP\src\core\ipv4\
       dhcp.obj                     17076    0         52     
       etharp.obj                   6132     0         241    
       ip4_frag.obj                 5424     0         6      
       ip4.obj                      2252     0         2      
       ip4_addr.obj                 1696     8         16     
       icmp.obj                     1492     0         0      
    +--+----------------------------+--------+---------+---------+
       Total:                       34072    8         317    
                                                              
    .\LwIP\src\netif\
       ethernet.obj                 704      12        0      
    +--+----------------------------+--------+---------+---------+
       Total:                       704      12        0      
                                                              
    .\LwIP\system\OS\
       sys_arch.obj                 1324     40        5      
    +--+----------------------------+--------+---------+---------+
       Total:                       1324     40        5      
                                                              
    C:/ti/ccs1100/ccs/tools/compiler/ti-cgt-arm_20.2.7.LTS/lib/rtsv7R4_T_be_v3D16_eabi.lib
       _printfi.c.obj               4673     0         0      
       ull_div32.asm.obj            692      0         0      
       ctype.c.obj                  0        257       0      
       s_scalbn.c.obj               240      0         0      
       s_floor.c.obj                224      0         0      
       memcpy_t2.asm.obj            156      0         0      
       memset_t2.asm.obj            122      0         0      
       s_frexp.c.obj                116      0         0      
       copy_decompress_lzss.c.obj   108      0         0      
       _ltoa.c.obj                  84       0         0      
       i_div32.asm.obj              84       0         0      
       atoi.c.obj                   80       0         0      
       u_div32.asm.obj              80       0         0      
       vsprintf.c.obj               76       0         0      
       autoinit.c.obj               68       0         0      
       strncmp.c.obj                42       0         0      
       memmov.c.obj                 40       0         0      
       memccpy.c.obj                38       0         0      
       memcmp.c.obj                 38       0         0      
       s_copysign.c.obj             30       0         0      
       strchr.c.obj                 22       0         0      
       strlen.c.obj                 22       0         0      
       wcslen.c.obj                 18       0         0      
       isdigit.c.obj                16       0         0      
       islower.c.obj                16       0         0      
       isspace.c.obj                16       0         0      
       isxdigit.c.obj               16       0         0      
       copy_decompress_none.c.obj   14       0         0      
       copy_zero_init.c.obj         12       0         0      
       errno.c.obj                  8        0         4      
       exit.c.obj                   4        0         0      
       div0.asm.obj                 2        0         0      
    +--+----------------------------+--------+---------+---------+
       Total:                       7157     257       4      
                                                              
       Linker Generated:            0        105       0      
    +--+----------------------------+--------+---------+---------+
       Grand Total:                 190385   1522      80283  


LINKER GENERATED COPY TABLES

__TI_cinit_table @ 00005830 records: 4, size/record: 8, table size: 32
	.data: load addr=000057e0, load size=00000024 bytes, run addr=080147ec, run size=00000044 bytes, compression=lzss
	.kernelBSS: load addr=00005810, load size=00000009 bytes, run addr=08000800, run size=0000016c bytes, compression=lzss
	.bss: load addr=00005820, load size=00000008 bytes, run addr=08001000, run size=0000bfeb bytes, compression=zero_init
	.kernelHEAP: load addr=00005828, load size=00000008 bytes, run addr=0800cfeb, run size=00007800 bytes, compression=zero_init


LINKER GENERATED HANDLER TABLE

__TI_handler_table @ 00005804 records: 3, size/record: 4, table size: 12
	index: 0, handler: __TI_decompress_lzss
	index: 1, handler: __TI_decompress_none
	index: 2, handler: __TI_zero_init


GLOBAL SYMBOLS: SORTED ALPHABETICALLY BY Name 

address   name                                  
-------   ----                                  
00030ff1  C$$EXIT                               
0002ae14  Dp83640AutoNegotiate                  
0002b0c0  Dp83640DisableLoopback                
0002b030  Dp83640EnableLoopback                 
0002b144  Dp83640GetTimeStamp                   
0002acc0  Dp83640IDGet                          
0002ad38  Dp83640LinkStatusGet                  
0002afa4  Dp83640PartnerAbilityGet              
0002b368  Dp83640PartnerSpdGet                  
0002afcc  Dp83640Reset                          
0800cf5c  EMACCore0RxIsr_counter                
080147fc  EMACCore0TxIsr_counter                
08014800  EMACCore0TxIsr_counter2               
0001fb08  EMACCoreIntAck                        
00020290  EMACDMAInit                           
0001ffb4  EMACDisableIdleState                  
00020040  EMACDisableLoopback                   
0001f7d8  EMACDuplexSet                         
0001ff90  EMACEnableIdleState                   
0001ffd8  EMACEnableLoopback                    
0001feb8  EMACFrameSelect                       
00020ba0  EMACGetConfigValue                    
00020468  EMACHWInit                            
0001f8e0  EMACInit                              
0001fd24  EMACInstConfig                        
0001fd0c  EMACIntVectorGet                      
0001fd88  EMACLinkSetup                         
0001fa80  EMACMACAddrSet                        
0001fa1c  EMACMACSrcAddrSet                     
0001f7b4  EMACMIIDisable                        
0001f790  EMACMIIEnable                         
0001fce0  EMACNumFreeBufSet                     
0001f750  EMACRMIISpeedSet                      
0002018c  EMACReadNetStatRegisters              
00020a44  EMACReceive                           
0001fbc4  EMACRxBroadCastDisable                
0001fb80  EMACRxBroadCastEnable                 
0001fb54  EMACRxCPWrite                         
0001f86c  EMACRxDisable                         
0001f850  EMACRxEnable                          
00020114  EMACRxFlowControlDisable              
000200f0  EMACRxFlowControlEnable               
0001f8b4  EMACRxHdrDescPtrWrite                 
0003076c  EMACRxIntISR                          
0001f6f4  EMACRxIntPulseDisable                 
0001f698  EMACRxIntPulseEnable                  
00020200  EMACRxIntStat                         
0001fc44  EMACRxMultiCastDisable                
0001fc00  EMACRxMultiCastEnable                 
00020138  EMACRxSetFlowThreshold                
0001fe8c  EMACRxTeardown                        
0001fcb0  EMACRxUnicastClear                    
0001fc80  EMACRxUnicastSet                      
0001ff44  EMACSoftReset                         
00020764  EMACTransmit                          
0001fb28  EMACTxCPWrite                         
0001f834  EMACTxDisable                         
0001f818  EMACTxEnable                          
000200cc  EMACTxFlowControlDisable              
000200a8  EMACTxFlowControlEnable               
0001f888  EMACTxHdrDescPtrWrite                 
00020950  EMACTxIntHandler                      
00030708  EMACTxIntISR                          
0001f63c  EMACTxIntPulseDisable                 
0001f5e0  EMACTxIntPulseEnable                  
000201b0  EMACTxIntStat                         
0001fee4  EMACTxPrioritySelect                  
0001fe60  EMACTxTeardown                        
000257ec  EMAC_to_pbuf                          
000259ac  EMAC_to_pbuf2                         
0002f7c4  MDIODisable                           
0002f7a0  MDIOEnable                            
0002f758  MDIOInit                              
0002f728  MDIOPhyAliveStatusGet                 
0002f740  MDIOPhyLinkStatusGet                  
0002f628  MDIOPhyRegRead                        
0002f6c0  MDIOPhyRegWrite                       
0002700c  MPU_eTaskGetState                     
000277c8  MPU_pcQueueGetName                    
00027174  MPU_pcTaskGetName                     
00027254  MPU_pvTaskGetThreadLocalStoragePointer
0002736c  MPU_ulTaskNotifyTake                  
00027554  MPU_uxQueueMessagesWaiting            
00027588  MPU_uxQueueSpacesAvailable            
00027148  MPU_uxTaskGetNumberOfTasks            
000271dc  MPU_uxTaskGetStackHighWaterMark       
00026fd8  MPU_uxTaskPriorityGet                 
00027960  MPU_vEventGroupDelete                 
00027768  MPU_vQueueAddToRegistry               
000275bc  MPU_vQueueDelete                      
0002779c  MPU_vQueueUnregisterQueue             
00026f18  MPU_vTaskAllocateMPURegions           
00026f78  MPU_vTaskDelay                        
00026f4c  MPU_vTaskDelete                       
00027040  MPU_vTaskPrioritySet                  
000270a0  MPU_vTaskResume                       
00027210  MPU_vTaskSetThreadLocalStoragePointer 
00027410  MPU_vTaskSetTimeOutState              
00027074  MPU_vTaskSuspend                      
000270cc  MPU_vTaskSuspendAll                   
00027884  MPU_xEventGroupClearBits              
000277fc  MPU_xEventGroupCreate                 
000278c8  MPU_xEventGroupSetBits                
0002790c  MPU_xEventGroupSync                   
00027828  MPU_xEventGroupWaitBits               
0002761c  MPU_xQueueCreateCountingSemaphore     
000275e8  MPU_xQueueCreateMutex                 
000276d8  MPU_xQueueGenericCreate               
00027500  MPU_xQueueGenericReceive              
00027724  MPU_xQueueGenericReset                
000274ac  MPU_xQueueGenericSend                 
000276a4  MPU_xQueueGiveMutexRecursive          
00027660  MPU_xQueueTakeMutexRecursive          
00026fa4  MPU_xTaskAbortDelay                   
0002743c  MPU_xTaskCheckForTimeOut              
00026e70  MPU_xTaskCreate                       
00026ed4  MPU_xTaskCreateRestricted             
000272c4  MPU_xTaskGenericNotify                
000273e4  MPU_xTaskGetCurrentTaskHandle         
000271a8  MPU_xTaskGetHandle                    
00027298  MPU_xTaskGetIdleTaskHandle            
00027480  MPU_xTaskGetSchedulerState            
0002711c  MPU_xTaskGetTickCount                 
000273b0  MPU_xTaskNotifyStateClear             
00027318  MPU_xTaskNotifyWait                   
000270f0  MPU_xTaskResumeAll                    
08014804  RxPktSemaphore                        
UNDEFED   SHT$$INIT_ARRAY$$Base                 
UNDEFED   SHT$$INIT_ARRAY$$Limit                
08014808  TxPktSemaphore                        
00005830  __TI_CINIT_Base                       
00005850  __TI_CINIT_Limit                      
00005804  __TI_Handler_Table_Base               
00005810  __TI_Handler_Table_Limit              
0002e270  __TI_PINIT_Base                       
0002e274  __TI_PINIT_Limit                      
00030d81  __TI_auto_init_nobinit_nopinit        
00030b29  __TI_decompress_lzss                  
00030fc5  __TI_decompress_none                  
00030b95  __TI_ltoa                             
ffffffff  __TI_pprof_out_hndl                   
0002798d  __TI_printfi                          
ffffffff  __TI_prof_data_size                   
ffffffff  __TI_prof_data_start                  
00000000  __TI_static_base__                    
00030fd3  __TI_zero_init                        
00030fe9  __aeabi_errno_addr                    
00030c3c  __aeabi_idiv                          
000283db  __aeabi_idiv0                         
00030c3c  __aeabi_idivmod                       
000283db  __aeabi_ldiv0                         
00030a3b  __aeabi_memclr                        
00030a3b  __aeabi_memclr4                       
00030a3b  __aeabi_memclr8                       
00030925  __aeabi_memcpy                        
00030925  __aeabi_memcpy4                       
00030925  __aeabi_memcpy8                       
00030a3d  __aeabi_memset                        
00030a3d  __aeabi_memset4                       
00030a3d  __aeabi_memset8                       
00030d30  __aeabi_uidiv                         
00030d30  __aeabi_uidivmod                      
0002e538  __aeabi_uldivmod                      
ffffffff  __binit__                             
ffffffff  __c_args__                            
08001000  __start___llvm_prf_cnts               
08001000  __stop___llvm_prf_cnts                
0002e7ec  _c_int00                              
0002e188  _coreClearAuxiliaryDataFault_         
0002e19c  _coreClearAuxiliaryInstructionFault_  
0002e160  _coreClearDataFaultAddress_           
0002e138  _coreClearDataFault_                  
0002e174  _coreClearInstructionFaultAddress_    
0002e14c  _coreClearInstructionFault_           
0002e0cc  _coreDisableEventBusExport_           
0002e110  _coreDisableFlashEcc_                 
0002e0ec  _coreDisableRamEcc_                   
0002e0bc  _coreEnableEventBusExport_            
0002e0fc  _coreEnableFlashEcc_                  
0002e120  _coreEnableIrqVicOffset_              
0002e0dc  _coreEnableRamEcc_                    
0002e0a4  _coreEnableVfp_                       
0002e180  _coreGetAuxiliaryDataFault_           
0002e194  _coreGetAuxiliaryInstructionFault_    
0002e158  _coreGetDataFaultAddress_             
0002e130  _coreGetDataFault_                    
0002e16c  _coreGetInstructionFaultAddress_      
0002e144  _coreGetInstructionFault_             
0002df2c  _coreInitRegisters_                   
0002e038  _coreInitStackPointer_                
0003117c  _ctypes_                              
00030460  _dabort                               
0002e1b0  _disable_FIQ_interrupt_               
0002e1b8  _disable_IRQ_interrupt_               
0002e1a8  _disable_interrupt_                   
0002e1c0  _enable_interrupt_                    
0002e250  _errata_CORTEXR4_57_                  
0002e260  _errata_CORTEXR4_66_                  
0002ba30  _errata_SSWF021_45_both_plls          
0002bc24  _errata_SSWF021_45_pll1               
0002bd9c  _errata_SSWF021_45_pll2               
0002e1c8  _esmCcmErrorsClear_                   
0002e084  _getCPSRValue_                        
0002e08c  _gotoCPUIdle_                         
00030684  _pmuDisableCountersGlobal_            
00030674  _pmuEnableCountersGlobal_             
000306e0  _pmuGetCycleCount_                    
000306e8  _pmuGetEventCount_                    
000306f4  _pmuGetOverflow_                      
00030628  _pmuInit_                             
000306b4  _pmuResetCounters_                    
00030694  _pmuResetCycleCounter_                
000306a4  _pmuResetEventCounters_               
000306d4  _pmuSetCountEvent_                    
000306c4  _pmuStartCounters_                    
000306cc  _pmuStopCounters_                     
UNDEFED   _system_post_cinit                    
00030ff1  abort                                 
00018650  adc1ParityCheck                       
00018748  adc2ParityCheck                       
00030ce1  atoi                                  
ffffffff  binit                                 
000187f4  can1ParityCheck                       
000188cc  can2ParityCheck                       
00018994  can3ParityCheck                       
000173ec  ccmSelfCheck                          
00019ae0  ccmr4GetConfigValue                   
00017cf4  checkB0RAMECC                         
00017ee4  checkB1RAMECC                         
00018ffc  checkClockMonitor                     
000180d4  checkFlashECC                         
000190d8  checkFlashEEPROMECC                   
00019270  checkPLL1Slip                         
00019370  checkPLL2Slip                         
00019434  checkRAMAddrParity                    
00018db4  checkRAMECC                           
00019540  checkRAMUERRTest                      
00017b78  checkefcSelfTest                      
000261c4  convert_pbuf_to_pbuf_t                
00030efd  copysign                              
00030efd  copysignl                             
0800ce80  counter                               
000175f0  cpuSelfTest                           
000181e0  cpuSelfTestFail                       
00026d94  customTrimLPO                         
000181b0  custom_dabort                         
00009628  dhcp_arp_reply                        
0000904c  dhcp_cleanup                          
000087f0  dhcp_coarse_tmr                       
00008958  dhcp_fine_tmr                         
000092b8  dhcp_inform                           
00009418  dhcp_network_changed                  
0000aa78  dhcp_release                          
0000a8b4  dhcp_release_and_stop                 
0000a15c  dhcp_renew                            
0800cfa0  dhcp_rx_options_given                 
0800cef0  dhcp_rx_options_val                   
00008fb8  dhcp_set_struct                       
000090dc  dhcp_start                            
0000aa90  dhcp_stop                             
0000c180  dhcp_supplied_address                 
00019f3c  disableParity                         
000308f0  dmaGroupANotification                 
00018290  dmaParityCheck                        
00001dcc  eTaskConfirmSleepModeStatus           
00000734  eTaskGetState                         
00017a1c  efcCheck                              
00019a44  efcGetConfigValue                     
00017b50  efcSelfTest                           
00017aa4  efcStuckZeroTest                      
0801481c  emacAddress                           
00030914  emacRxNotification                    
00030904  emacTxNotification                    
0002fe88  emac_rx_int_isr                       
0002fe08  emac_tx_int_isr                       
00019eb4  enableParity                          
00019b50  errata_PBIST_4                        
08014828  errno                                 
0002ce3c  esmActivateNormalOperation            
0002cf10  esmClearStatus                        
0002cf50  esmClearStatusBuffer                  
0002ce04  esmDisableError                       
0002ce74  esmDisableInterrupt                   
0002cddc  esmEnableError                        
0002ce4c  esmEnableInterrupt                    
0002d048  esmEnterSelfTest                      
0002cdc0  esmError                              
0002d120  esmGetConfigValue                     
0002cf8c  esmGetStatus                          
0002d010  esmGetStatusBuffer                    
00030884  esmGroup1Notification                 
00030894  esmGroup2Notification                 
0003005c  esmHighInterrupt                      
0002ccb8  esmInit                               
0002d0d0  esmSelfTestStatus                     
0002cf6c  esmSetCounterPreloadValue             
0002ce9c  esmSetInterruptLevel                  
0002ce2c  esmTriggerErrorPinReset               
0001e634  etharp_cleanup_netif                  
0001e6e4  etharp_find_addr                      
0001e800  etharp_get_entry                      
0001e908  etharp_input                          
0001eca4  etharp_output                         
0001ef78  etharp_query                          
0001f514  etharp_request                        
0001dec4  etharp_tmr                            
0003155f  ethbroadcast                          
0002e278  ethernet_input                        
0002e400  ethernet_output                       
00025774  ethernetif_init                       
00025ee0  ethernetif_init2                      
00025d50  ethernetif_rx_callback                
00025e80  ethernetif_set_mac_address            
00025e60  ethernetif_tx_callback                
00031565  ethzero                               
00030549  floor                                 
00030549  floorl                                
000196a8  fmcBus1ParityCheck                    
00017c18  fmcBus2Check                          
00017c54  fmcECCcheck                           
00026290  free_pbuf_t                           
00030ab5  frexp                                 
00030ab5  frexpl                                
00030e04  get_processor_mode                    
0800cdac  gnetif                                
00030ff8  handlePLLLockFail                     
0800cde8  hdkif_data                            
0001833c  het1ParityCheck                       
000184b0  het2ParityCheck                       
000183f0  htu1ParityCheck                       
000185a0  htu2ParityCheck                       
0002ca58  icmp_dest_unreach                     
0002c6e4  icmp_input                            
0002ca78  icmp_time_exceeded                    
0002b390  ip4_addr_isbroadcast_u32              
0002b460  ip4_addr_netmask_valid                
00021e60  ip4_frag                              
00028504  ip4_input                             
00028b78  ip4_output                            
000288f8  ip4_output_if                         
0002897c  ip4_output_if_src                     
00021870  ip4_reass                             
000283dc  ip4_route                             
0002b520  ip4addr_aton                          
0002b844  ip4addr_ntoa                          
0002b860  ip4addr_ntoa_r                        
00031580  ip_addr_any                           
00031584  ip_addr_broadcast                     
0800cf10  ip_data                               
00020d5c  ip_reass_tmr                          
0002b4f4  ipaddr_addr                           
00030f75  isdigit                               
00030f85  islower                               
00030f95  isspace                               
00030fa5  isxdigit                              
00030371  ldexp                                 
00030371  ldexpl                                
0800cfb8  lock_tcpip_core                       
0002fc1c  log_printf                            
0002611c  low_level_output                      
000313f0  lwip_cyclic_timers                    
0002f610  lwip_get_hdkNetIF_p                   
0002ff3c  lwip_init                             
0002f418  lwip_init_sync                        
0002ddac  lwip_itoa                             
0002dc48  lwip_stricmp                          
0002dcec  lwip_strnicmp                         
0002db88  lwip_strnstr                          
0800cfbc  lwip_sys_mutex                        
00030fb4  main                                  
00026474  mapClocks                             
00025654  mem_calloc                            
00024db4  mem_free                              
000294b8  mem_free_callback                     
00024b80  mem_init                              
00025350  mem_malloc                            
00024fd0  mem_trim                              
00030eb1  memccpy                               
00030ed7  memcmp                                
00030925  memcpy                                
00030e5f  memmove                               
00017530  memoryInit                            
000308a4  memoryPort0TestFailNotification       
000308c0  memoryPort1TestFailNotification       
00031454  memp_FRAG_PBUF                        
00031464  memp_NETBUF                           
00031474  memp_NETCONN                          
00031484  memp_PBUF                             
00031494  memp_PBUF_POOL                        
000314a4  memp_REASSDATA                        
000314b4  memp_SYS_TIMEOUT                      
000314c4  memp_TCPIP_MSG_API                    
000314d4  memp_TCPIP_MSG_INPKT                  
000314e4  memp_TCP_PCB                          
000314f4  memp_TCP_PCB_LISTEN                   
00031504  memp_TCP_SEG                          
00031514  memp_UDP_PCB                          
0002da5c  memp_free                             
0002da04  memp_free_pool                        
0002d838  memp_init                             
0002d7a0  memp_init_pool                        
0002d944  memp_malloc                           
0002d8fc  memp_malloc_pool                      
0800c4ec  memp_memory_FRAG_PBUF_base            
0800cecc  memp_memory_NETBUF_base               
0800ca74  memp_memory_NETCONN_base              
08009b38  memp_memory_PBUF_POOL_base            
0800c79c  memp_memory_PBUF_base                 
0800cb18  memp_memory_REASSDATA_base            
0800cd48  memp_memory_SYS_TIMEOUT_base          
0800cbbc  memp_memory_TCPIP_MSG_API_base        
0800cc40  memp_memory_TCPIP_MSG_INPKT_base      
0800c990  memp_memory_TCP_PCB_LISTEN_base       
0800c13c  memp_memory_TCP_PCB_base              
0800c658  memp_memory_TCP_SEG_base              
0800ccc4  memp_memory_UDP_PCB_base              
00031390  memp_pools                            
00030a43  memset                                
00018a74  mibspi1ParityCheck                    
00018b74  mibspi3ParityCheck                    
00018c9c  mibspi5ParityCheck                    
0002c094  muxInit                               
0002389c  netif_add                             
000237d4  netif_add_noaddr                      
0800cfc0  netif_default                         
00024818  netif_find                            
00024774  netif_get_by_index                    
00024708  netif_index_to_name                   
00023754  netif_init                            
00023758  netif_input                           
000246b0  netif_name_to_index                   
000241c8  netif_remove                          
000240d4  netif_set_addr                        
00024250  netif_set_default                     
0002446c  netif_set_down                        
0002400c  netif_set_gw                          
00023d84  netif_set_ipaddr                      
00024640  netif_set_link_callback               
000245ac  netif_set_link_down                   
00024524  netif_set_link_up                     
00023ee0  netif_set_netmask                     
000244f8  netif_set_status_callback             
0002430c  netif_set_up                          
000234ec  osAbortDelay                          
00022460  osDelay                               
000234d4  osDelayUntil                          
0002232c  osKernelRunning                       
0002231c  osKernelStart                         
0002234c  osKernelSysTick                       
000230b4  osMailAlloc                           
000230ec  osMailCAlloc                          
00022f8c  osMailCreate                          
00023334  osMailFree                            
00023204  osMailGet                             
00023164  osMailPut                             
00023618  osMessageAvailableSpace               
00022d88  osMessageCreate                       
0002362c  osMessageDelete                       
00022e5c  osMessageGet                          
00023518  osMessagePeek                         
00022db0  osMessagePut                          
000235ec  osMessageWaiting                      
000226bc  osMutexCreate                         
00022834  osMutexDelete                         
000227b4  osMutexRelease                        
000226d0  osMutexWait                           
00022b88  osPoolAlloc                           
00022c80  osPoolCAlloc                          
00022a54  osPoolCreate                          
00022cb8  osPoolFree                            
00023658  osRecursiveMutexCreate                
0002366c  osRecursiveMutexRelease               
0002369c  osRecursiveMutexWait                  
00022860  osSemaphoreCreate                     
00022a28  osSemaphoreDelete                     
00023728  osSemaphoreGetCount                   
000229a8  osSemaphoreRelease                    
000228c4  osSemaphoreWait                       
00022520  osSignalSet                           
000225cc  osSignalWait                          
00023368  osSystickHandler                      
0002236c  osThreadCreate                        
000223d0  osThreadGetId                         
0002242c  osThreadGetPriority                   
00023380  osThreadGetState                      
00023418  osThreadIsSuspended                   
00023504  osThreadList                          
00023458  osThreadResume                        
000234b4  osThreadResumeAll                     
00022404  osThreadSetPriority                   
00023440  osThreadSuspend                       
000234a4  osThreadSuspendAll                    
000223dc  osThreadTerminate                     
000223f4  osThreadYield                         
00022494  osTimerCreate                         
000224fc  osTimerDelete                         
000224b0  osTimerStart                          
000224d8  osTimerStop                           
00031588  os_mutex_def_lwip_sys_mutex           
000197d0  pbistFail                             
00019854  pbistGetConfigValue                   
00017964  pbistIsTestCompleted                  
00017990  pbistIsTestPassed                     
000179c4  pbistPortTestStatus                   
00017868  pbistRun                              
00017688  pbistSelfCheck                        
00017934  pbistStop                             
0001aa78  pbuf_add_header                       
0001aa98  pbuf_add_header_force                 
0001a254  pbuf_alloc                            
0001a540  pbuf_alloc_reference                  
0001a5d0  pbuf_alloced_custom                   
0001afcc  pbuf_cat                              
0001b0cc  pbuf_chain                            
0001aef8  pbuf_clen                             
0001bd78  pbuf_clone                            
0001bd1c  pbuf_coalesce                         
0001b2c8  pbuf_copy                             
0001b598  pbuf_copy_partial                     
0001b10c  pbuf_dechain                          
0001ad44  pbuf_free                             
000294a0  pbuf_free_callback                    
0001ac88  pbuf_free_header                      
0800cfe9  pbuf_free_ooseq_pending               
0001be20  pbuf_get_at                           
0001b770  pbuf_get_contiguous                   
0001ac2c  pbuf_header                           
0001ac4c  pbuf_header_force                     
0001bf80  pbuf_memcmp                           
0001c0a8  pbuf_memfind                          
0800cf84  pbuf_pool                             
0800cfc4  pbuf_pool_sem                         
0001beec  pbuf_put_at                           
0001a724  pbuf_realloc                          
0001af64  pbuf_ref                              
0001aad0  pbuf_remove_header                    
0001b954  pbuf_skip                             
0001c150  pbuf_strstr                           
0001b9d4  pbuf_take                             
0001bbe4  pbuf_take_at                          
0001be78  pbuf_try_get_at                       
000042c4  pcQueueGetName                        
00001214  pcTaskGetName                         
00026420  periphInit                            
00030ff4  phantomInterrupt                      
0002c414  pinmuxGetConfigValue                  
00005058  prvMpuDisable                         
00005040  prvMpuEnable                          
00005028  prvMpuSetRegion                       
00005460  pvPortMalloc                          
00001eb0  pvTaskGetThreadLocalStoragePointer    
00002524  pvTaskIncrementMutexHeldCount         
08000938  pxCurrentTCB                          
00005080  pxPortInitialiseStack                 
08001000  ram_heap                              
0801482f  released                              
00000000  resetEntry                            
0800cfc8  rx_queue                              
00030371  scalbn                                
00030371  scalbnl                               
0002a2b0  sciDisableLoopback                    
0002a33c  sciDisableNotification                
0002a27c  sciEnableLoopback                     
0002a2d4  sciEnableNotification                 
0002a3a4  sciEnterResetState                    
0002a3c4  sciExitResetState                     
00029de8  sciInit                               
0002a12c  sciIsIdleDetected                     
0002a110  sciIsRxReady                          
00029f90  sciIsTxReady                          
000308dc  sciNotification                       
0002a1a4  sciReceive                            
0002a178  sciReceiveByte                        
0002a148  sciRxError                            
00029fdc  sciSend                               
00029fac  sciSendByte                           
00029ef4  sciSetBaudrate                        
00029ed4  sciSetFunctional                      
0002a3e4  scilinGetConfigValue                  
000173dc  selftestFailNotification              
000263e0  setupFlash                            
0002630c  setupPLL                              
00026c58  sramGetConfigValue                    
000199a0  stcGetConfigValue                     
00017574  stcSelfCheck                          
000181dc  stcSelfCheckFail                      
00030f35  strchr                                
00030f4b  strlen                                
00030e35  strncmp                               
0002d380  sys_arch_mbox_fetch                   
0002d420  sys_arch_mbox_tryfetch                
0002d71c  sys_arch_protect                      
0002d520  sys_arch_sem_wait                     
0002d754  sys_arch_unprotect                    
0002aa78  sys_check_timeouts                    
0002d610  sys_init                              
0002d2d0  sys_mbox_free                         
0002d274  sys_mbox_new                          
0002d2f4  sys_mbox_post                         
0002d49c  sys_mbox_set_invalid                  
0002d320  sys_mbox_trypost                      
0002d364  sys_mbox_trypost_fromisr              
0002d470  sys_mbox_valid                        
0002d66c  sys_mutex_free                        
0002d684  sys_mutex_lock                        
0002d628  sys_mutex_new                         
0002d6a0  sys_mutex_unlock                      
0002d778  sys_now                               
0002ab34  sys_restart_timeouts                  
0002d5b0  sys_sem_free                          
0002d4b8  sys_sem_new                           
0002d5f4  sys_sem_set_invalid                   
0002d598  sys_sem_signal                        
0002d5c8  sys_sem_valid                         
0002d6b8  sys_thread_new                        
0002a8c8  sys_timeout                           
0002a874  sys_timeouts_init                     
0002abb4  sys_timeouts_sleeptime                
0002a924  sys_untimeout                         
00026698  systemGetConfigValue                  
0002659c  systemInit                            
00026668  systemPowerDown                       
00026aac  tcmflashGetConfigValue                
00014410  tcp_abandon                           
00014674  tcp_abort                             
00016ab0  tcp_accept                            
0800cfcc  tcp_active_pcbs                       
0800cfea  tcp_active_pcbs_changed               
000167ec  tcp_alloc                             
0001698c  tcp_arg                               
00014710  tcp_bind                              
0001490c  tcp_bind_netif                        
0800cfd0  tcp_bound_pcbs                        
00014288  tcp_close                             
00015048  tcp_connect                           
000171bc  tcp_debug_state_str                   
00016f50  tcp_eff_send_mss_netif                
00011cac  tcp_enqueue_flags                     
00016a64  tcp_err                               
00015f3c  tcp_fasttmr                           
00013c14  tcp_free                              
000172f4  tcp_free_ooseq                        
00013c10  tcp_init                              
0000c3a4  tcp_input                             
0800cfd4  tcp_input_pcb                         
000138e4  tcp_keepalive                         
0800cfd8  tcp_listen_pcbs                       
00014990  tcp_listen_with_backlog               
000149f4  tcp_listen_with_backlog_and_err       
000170fc  tcp_netif_ip_addr_changed             
0001695c  tcp_new                               
0001696c  tcp_new_ip_type                       
00016eac  tcp_next_iss                          
00012348  tcp_output                            
00031524  tcp_pcb_lists                         
00016b68  tcp_pcb_purge                         
00016cc0  tcp_pcb_remove                        
00016af4  tcp_poll                              
00016114  tcp_process_refused_data              
000169c8  tcp_recv                              
000163d4  tcp_recv_null                         
00014ddc  tcp_recved                            
00012eec  tcp_rexmit                            
00013058  tcp_rexmit_fast                       
00012ea8  tcp_rexmit_rto                        
00012e54  tcp_rexmit_rto_commit                 
00012d00  tcp_rexmit_rto_prepare                
000135f0  tcp_rst                               
00016360  tcp_seg_copy                          
000162e0  tcp_seg_free                          
000162a0  tcp_segs_free                         
0001372c  tcp_send_empty_ack                    
00011be0  tcp_send_fin                          
00016a18  tcp_sent                              
00016320  tcp_setprio                           
00014308  tcp_shutdown                          
0001548c  tcp_slowtmr                           
0001178c  tcp_split_unsent_seg                  
00017240  tcp_tcp_get_tcp_addrinfo              
0800cfdc  tcp_ticks                             
0002a5f0  tcp_timer_needed                      
00013c8c  tcp_tmr                               
0000ffb8  tcp_trigger_input_pcb_close           
0800cfe0  tcp_tw_pcbs                           
0001606c  tcp_txnow                             
00014c38  tcp_update_rcv_ann_wnd                
00010aa8  tcp_write                             
000139ec  tcp_zero_window_probe                 
000292c4  tcpip_api_call                        
00028fdc  tcpip_callback                        
00029360  tcpip_callbackmsg_delete              
00029308  tcpip_callbackmsg_new                 
00029378  tcpip_callbackmsg_trycallback         
000293b4  tcpip_callbackmsg_trycallback_fromisr 
000293f0  tcpip_init                            
00028edc  tcpip_inpkt                           
00028f98  tcpip_input                           
00029290  tcpip_send_msg_wait_sem               
00029168  tcpip_timeout                         
00029064  tcpip_try_callback                    
00029208  tcpip_untimeout                       
0002636c  trimLPO                               
0001d43c  udp_bind                              
0001d710  udp_bind_netif                        
0001d794  udp_connect                           
0001dc98  udp_debug_print                       
0001d964  udp_disconnect                        
0001c1e4  udp_init                              
0001c4c4  udp_input                             
0001dbf4  udp_netif_ip_addr_changed             
0001db48  udp_new                               
0001db88  udp_new_ip_type                       
0800cfe4  udp_pcbs                              
0001d9cc  udp_recv                              
0001da78  udp_remove                            
0001ca0c  udp_send                              
0001ca90  udp_sendto                            
0001cc74  udp_sendto_if                         
0001ceec  udp_sendto_if_src                     
0801480c  ulCriticalNesting                     
00004f50  ulPortCountLeadingZeros               
08014810  ulTaskHasFPUContext                   
00002558  ulTaskNotifyTake                      
0002fb3c  user_main                             
0002fb84  user_main2                            
0002f38c  uxListRemove                          
00003d50  uxQueueMessagesWaiting                
00003dd4  uxQueueMessagesWaitingFromISR         
00003d88  uxQueueSpacesAvailable                
00001208  uxTaskGetNumberOfTasks                
000020f4  uxTaskGetStackHighWaterMark           
00000838  uxTaskPriorityGet                     
0000087c  uxTaskPriorityGetFromISR              
000024e8  uxTaskResetEventItemValue             
00004b48  vEventGroupClearBitsCallback          
00004aa8  vEventGroupDelete                     
00004b2c  vEventGroupSetBitsCallback            
0002f1e0  vListInitialise                       
0002f238  vListInitialiseItem                   
0002f2c8  vListInsert                           
0002f254  vListInsertEnd                        
0000542c  vPortEndScheduler                     
000056b4  vPortFree                             
000057c4  vPortInitialiseBlocks                 
00004f44  vPortInitialiseFPSCR                  
00004e44  vPortPreemptiveTick                   
00004f58  vPortSWI                              
00004bd4  vPortStartFirstTask                   
00005194  vPortStoreTaskMPUSettings             
00004d50  vPortYeildWithinAPI                   
00004c64  vPortYieldProcessor                   
0000424c  vQueueAddToRegistry                   
00003e04  vQueueDelete                          
00004338  vQueueUnregisterQueue                 
00001f1c  vTaskAllocateMPURegions               
000006b0  vTaskDelay                            
00000548  vTaskDelete                           
00000f44  vTaskEndScheduler                     
00001dbc  vTaskMissedYield                      
00002b10  vTaskNotifyGiveFromISR                
00001984  vTaskPlaceOnEventList                 
000019c8  vTaskPlaceOnUnorderedEventList        
00002228  vTaskPriorityInherit                  
000008c4  vTaskPrioritySet                      
00000ce4  vTaskResume                           
00001e48  vTaskSetThreadLocalStoragePointer     
00001c40  vTaskSetTimeOutState                  
00000eac  vTaskStartScheduler                   
0000151c  vTaskStepTick                         
00000ae0  vTaskSuspend                          
00000f60  vTaskSuspendAll                       
000018a4  vTaskSwitchContext                    
00029620  vimChannelMap                         
0002981c  vimDisableInterrupt                   
000296c4  vimEnableInterrupt                    
000298a0  vimGetConfigValue                     
0002954c  vimInit                               
000181e4  vimParityCheck                        
0002ea90  vimParityErrorHandler                 
00030e89  vsprintf                              
00030f61  wcslen                                
00004844  xEventGroupClearBits                  
000043b8  xEventGroupCreate                     
000048c8  xEventGroupGetBitsFromISR             
000048f8  xEventGroupSetBits                    
000043f4  xEventGroupSync                       
000045f4  xEventGroupWaitBits                   
000057ac  xPortGetFreeHeapSize                  
000057b8  xPortGetMinimumEverFreeHeapSize       
00005408  xPortStartScheduler                   
0002373c  xPortSysTickHandler                   
000031b8  xQueueCreateCountingSemaphore         
00003050  xQueueCreateMutex                     
00002ee0  xQueueGenericCreate                   
00003800  xQueueGenericReceive                  
00002db8  xQueueGenericReset                    
00003244  xQueueGenericSend                     
00003504  xQueueGenericSendFromISR              
00003694  xQueueGiveFromISR                     
00003094  xQueueGiveMutexRecursive              
00004170  xQueueIsQueueEmptyFromISR             
000041fc  xQueueIsQueueFullFromISR              
00003c5c  xQueuePeekFromISR                     
00003b14  xQueueReceiveFromISR                  
080008f8  xQueueRegistry                        
0000311c  xQueueTakeMutexRecursive              
00001580  xTaskAbortDelay                       
00001c84  xTaskCheckForTimeOut                  
000000fc  xTaskCreate                           
00000020  xTaskCreateRestricted                 
00002744  xTaskGenericNotify                    
00002910  xTaskGenericNotifyFromISR             
000021bc  xTaskGetCurrentTaskHandle             
000013e0  xTaskGetHandle                        
000014e4  xTaskGetIdleTaskHandle                
000021d8  xTaskGetSchedulerState                
000011c8  xTaskGetTickCount                     
000011e4  xTaskGetTickCountFromISR              
0000167c  xTaskIncrementTick                    
0002fd8c  xTaskNotifyStateClear                 
00002630  xTaskNotifyWait                       
00002384  xTaskPriorityDisinherit               
00001a4c  xTaskRemoveFromEventList              
00001b3c  xTaskRemoveFromUnorderedEventList     
00001018  xTaskResumeAll                        
00000dc4  xTaskResumeFromISR                    


GLOBAL SYMBOLS: SORTED BY Symbol Address 

address   name                                  
-------   ----                                  
00000000  __TI_static_base__                    
00000000  resetEntry                            
00000020  xTaskCreateRestricted                 
000000fc  xTaskCreate                           
00000548  vTaskDelete                           
000006b0  vTaskDelay                            
00000734  eTaskGetState                         
00000838  uxTaskPriorityGet                     
0000087c  uxTaskPriorityGetFromISR              
000008c4  vTaskPrioritySet                      
00000ae0  vTaskSuspend                          
00000ce4  vTaskResume                           
00000dc4  xTaskResumeFromISR                    
00000eac  vTaskStartScheduler                   
00000f44  vTaskEndScheduler                     
00000f60  vTaskSuspendAll                       
00001018  xTaskResumeAll                        
000011c8  xTaskGetTickCount                     
000011e4  xTaskGetTickCountFromISR              
00001208  uxTaskGetNumberOfTasks                
00001214  pcTaskGetName                         
000013e0  xTaskGetHandle                        
000014e4  xTaskGetIdleTaskHandle                
0000151c  vTaskStepTick                         
00001580  xTaskAbortDelay                       
0000167c  xTaskIncrementTick                    
000018a4  vTaskSwitchContext                    
00001984  vTaskPlaceOnEventList                 
000019c8  vTaskPlaceOnUnorderedEventList        
00001a4c  xTaskRemoveFromEventList              
00001b3c  xTaskRemoveFromUnorderedEventList     
00001c40  vTaskSetTimeOutState                  
00001c84  xTaskCheckForTimeOut                  
00001dbc  vTaskMissedYield                      
00001dcc  eTaskConfirmSleepModeStatus           
00001e48  vTaskSetThreadLocalStoragePointer     
00001eb0  pvTaskGetThreadLocalStoragePointer    
00001f1c  vTaskAllocateMPURegions               
000020f4  uxTaskGetStackHighWaterMark           
000021bc  xTaskGetCurrentTaskHandle             
000021d8  xTaskGetSchedulerState                
00002228  vTaskPriorityInherit                  
00002384  xTaskPriorityDisinherit               
000024e8  uxTaskResetEventItemValue             
00002524  pvTaskIncrementMutexHeldCount         
00002558  ulTaskNotifyTake                      
00002630  xTaskNotifyWait                       
00002744  xTaskGenericNotify                    
00002910  xTaskGenericNotifyFromISR             
00002b10  vTaskNotifyGiveFromISR                
00002db8  xQueueGenericReset                    
00002ee0  xQueueGenericCreate                   
00003050  xQueueCreateMutex                     
00003094  xQueueGiveMutexRecursive              
0000311c  xQueueTakeMutexRecursive              
000031b8  xQueueCreateCountingSemaphore         
00003244  xQueueGenericSend                     
00003504  xQueueGenericSendFromISR              
00003694  xQueueGiveFromISR                     
00003800  xQueueGenericReceive                  
00003b14  xQueueReceiveFromISR                  
00003c5c  xQueuePeekFromISR                     
00003d50  uxQueueMessagesWaiting                
00003d88  uxQueueSpacesAvailable                
00003dd4  uxQueueMessagesWaitingFromISR         
00003e04  vQueueDelete                          
00004170  xQueueIsQueueEmptyFromISR             
000041fc  xQueueIsQueueFullFromISR              
0000424c  vQueueAddToRegistry                   
000042c4  pcQueueGetName                        
00004338  vQueueUnregisterQueue                 
000043b8  xEventGroupCreate                     
000043f4  xEventGroupSync                       
000045f4  xEventGroupWaitBits                   
00004844  xEventGroupClearBits                  
000048c8  xEventGroupGetBitsFromISR             
000048f8  xEventGroupSetBits                    
00004aa8  vEventGroupDelete                     
00004b2c  vEventGroupSetBitsCallback            
00004b48  vEventGroupClearBitsCallback          
00004bd4  vPortStartFirstTask                   
00004c64  vPortYieldProcessor                   
00004d50  vPortYeildWithinAPI                   
00004e44  vPortPreemptiveTick                   
00004f44  vPortInitialiseFPSCR                  
00004f50  ulPortCountLeadingZeros               
00004f58  vPortSWI                              
00005028  prvMpuSetRegion                       
00005040  prvMpuEnable                          
00005058  prvMpuDisable                         
00005080  pxPortInitialiseStack                 
00005194  vPortStoreTaskMPUSettings             
00005408  xPortStartScheduler                   
0000542c  vPortEndScheduler                     
00005460  pvPortMalloc                          
000056b4  vPortFree                             
000057ac  xPortGetFreeHeapSize                  
000057b8  xPortGetMinimumEverFreeHeapSize       
000057c4  vPortInitialiseBlocks                 
00005804  __TI_Handler_Table_Base               
00005810  __TI_Handler_Table_Limit              
00005830  __TI_CINIT_Base                       
00005850  __TI_CINIT_Limit                      
000087f0  dhcp_coarse_tmr                       
00008958  dhcp_fine_tmr                         
00008fb8  dhcp_set_struct                       
0000904c  dhcp_cleanup                          
000090dc  dhcp_start                            
000092b8  dhcp_inform                           
00009418  dhcp_network_changed                  
00009628  dhcp_arp_reply                        
0000a15c  dhcp_renew                            
0000a8b4  dhcp_release_and_stop                 
0000aa78  dhcp_release                          
0000aa90  dhcp_stop                             
0000c180  dhcp_supplied_address                 
0000c3a4  tcp_input                             
0000ffb8  tcp_trigger_input_pcb_close           
00010aa8  tcp_write                             
0001178c  tcp_split_unsent_seg                  
00011be0  tcp_send_fin                          
00011cac  tcp_enqueue_flags                     
00012348  tcp_output                            
00012d00  tcp_rexmit_rto_prepare                
00012e54  tcp_rexmit_rto_commit                 
00012ea8  tcp_rexmit_rto                        
00012eec  tcp_rexmit                            
00013058  tcp_rexmit_fast                       
000135f0  tcp_rst                               
0001372c  tcp_send_empty_ack                    
000138e4  tcp_keepalive                         
000139ec  tcp_zero_window_probe                 
00013c10  tcp_init                              
00013c14  tcp_free                              
00013c8c  tcp_tmr                               
00014288  tcp_close                             
00014308  tcp_shutdown                          
00014410  tcp_abandon                           
00014674  tcp_abort                             
00014710  tcp_bind                              
0001490c  tcp_bind_netif                        
00014990  tcp_listen_with_backlog               
000149f4  tcp_listen_with_backlog_and_err       
00014c38  tcp_update_rcv_ann_wnd                
00014ddc  tcp_recved                            
00015048  tcp_connect                           
0001548c  tcp_slowtmr                           
00015f3c  tcp_fasttmr                           
0001606c  tcp_txnow                             
00016114  tcp_process_refused_data              
000162a0  tcp_segs_free                         
000162e0  tcp_seg_free                          
00016320  tcp_setprio                           
00016360  tcp_seg_copy                          
000163d4  tcp_recv_null                         
000167ec  tcp_alloc                             
0001695c  tcp_new                               
0001696c  tcp_new_ip_type                       
0001698c  tcp_arg                               
000169c8  tcp_recv                              
00016a18  tcp_sent                              
00016a64  tcp_err                               
00016ab0  tcp_accept                            
00016af4  tcp_poll                              
00016b68  tcp_pcb_purge                         
00016cc0  tcp_pcb_remove                        
00016eac  tcp_next_iss                          
00016f50  tcp_eff_send_mss_netif                
000170fc  tcp_netif_ip_addr_changed             
000171bc  tcp_debug_state_str                   
00017240  tcp_tcp_get_tcp_addrinfo              
000172f4  tcp_free_ooseq                        
000173dc  selftestFailNotification              
000173ec  ccmSelfCheck                          
00017530  memoryInit                            
00017574  stcSelfCheck                          
000175f0  cpuSelfTest                           
00017688  pbistSelfCheck                        
00017868  pbistRun                              
00017934  pbistStop                             
00017964  pbistIsTestCompleted                  
00017990  pbistIsTestPassed                     
000179c4  pbistPortTestStatus                   
00017a1c  efcCheck                              
00017aa4  efcStuckZeroTest                      
00017b50  efcSelfTest                           
00017b78  checkefcSelfTest                      
00017c18  fmcBus2Check                          
00017c54  fmcECCcheck                           
00017cf4  checkB0RAMECC                         
00017ee4  checkB1RAMECC                         
000180d4  checkFlashECC                         
000181b0  custom_dabort                         
000181dc  stcSelfCheckFail                      
000181e0  cpuSelfTestFail                       
000181e4  vimParityCheck                        
00018290  dmaParityCheck                        
0001833c  het1ParityCheck                       
000183f0  htu1ParityCheck                       
000184b0  het2ParityCheck                       
000185a0  htu2ParityCheck                       
00018650  adc1ParityCheck                       
00018748  adc2ParityCheck                       
000187f4  can1ParityCheck                       
000188cc  can2ParityCheck                       
00018994  can3ParityCheck                       
00018a74  mibspi1ParityCheck                    
00018b74  mibspi3ParityCheck                    
00018c9c  mibspi5ParityCheck                    
00018db4  checkRAMECC                           
00018ffc  checkClockMonitor                     
000190d8  checkFlashEEPROMECC                   
00019270  checkPLL1Slip                         
00019370  checkPLL2Slip                         
00019434  checkRAMAddrParity                    
00019540  checkRAMUERRTest                      
000196a8  fmcBus1ParityCheck                    
000197d0  pbistFail                             
00019854  pbistGetConfigValue                   
000199a0  stcGetConfigValue                     
00019a44  efcGetConfigValue                     
00019ae0  ccmr4GetConfigValue                   
00019b50  errata_PBIST_4                        
00019eb4  enableParity                          
00019f3c  disableParity                         
0001a254  pbuf_alloc                            
0001a540  pbuf_alloc_reference                  
0001a5d0  pbuf_alloced_custom                   
0001a724  pbuf_realloc                          
0001aa78  pbuf_add_header                       
[...]
00025d50  ethernetif_rx_callback                
00025e60  ethernetif_tx_callback                
00025e80  ethernetif_set_mac_address            
00025ee0  ethernetif_init2                      
0002611c  low_level_output                      
000261c4  convert_pbuf_to_pbuf_t                
00026290  free_pbuf_t                           
0002630c  setupPLL                              
0002636c  trimLPO                               
000263e0  setupFlash                            
00026420  periphInit                            
00026474  mapClocks                             
0002659c  systemInit                            
00026668  systemPowerDown                       
00026698  systemGetConfigValue                  
00026aac  tcmflashGetConfigValue                
00026c58  sramGetConfigValue                    
00026d94  customTrimLPO                         
00026e70  MPU_xTaskCreate                       
00026ed4  MPU_xTaskCreateRestricted             
00026f18  MPU_vTaskAllocateMPURegions           
00026f4c  MPU_vTaskDelete                       
00026f78  MPU_vTaskDelay                        
00026fa4  MPU_xTaskAbortDelay                   
00026fd8  MPU_uxTaskPriorityGet                 
0002700c  MPU_eTaskGetState                     
00027040  MPU_vTaskPrioritySet                  
00027074  MPU_vTaskSuspend                      
000270a0  MPU_vTaskResume                       
000270cc  MPU_vTaskSuspendAll                   
000270f0  MPU_xTaskResumeAll                    
0002711c  MPU_xTaskGetTickCount                 
00027148  MPU_uxTaskGetNumberOfTasks            
00027174  MPU_pcTaskGetName                     
000271a8  MPU_xTaskGetHandle                    
000271dc  MPU_uxTaskGetStackHighWaterMark       
00027210  MPU_vTaskSetThreadLocalStoragePointer 
00027254  MPU_pvTaskGetThreadLocalStoragePointer
00027298  MPU_xTaskGetIdleTaskHandle            
000272c4  MPU_xTaskGenericNotify                
00027318  MPU_xTaskNotifyWait                   
0002736c  MPU_ulTaskNotifyTake                  
000273b0  MPU_xTaskNotifyStateClear             
000273e4  MPU_xTaskGetCurrentTaskHandle         
00027410  MPU_vTaskSetTimeOutState              
0002743c  MPU_xTaskCheckForTimeOut              
00027480  MPU_xTaskGetSchedulerState            
000274ac  MPU_xQueueGenericSend                 
00027500  MPU_xQueueGenericReceive              
00027554  MPU_uxQueueMessagesWaiting            
00027588  MPU_uxQueueSpacesAvailable            
000275bc  MPU_vQueueDelete                      
000275e8  MPU_xQueueCreateMutex                 
0002761c  MPU_xQueueCreateCountingSemaphore     
00027660  MPU_xQueueTakeMutexRecursive          
000276a4  MPU_xQueueGiveMutexRecursive          
000276d8  MPU_xQueueGenericCreate               
00027724  MPU_xQueueGenericReset                
00027768  MPU_vQueueAddToRegistry               
0002779c  MPU_vQueueUnregisterQueue             
000277c8  MPU_pcQueueGetName                    
000277fc  MPU_xEventGroupCreate                 
00027828  MPU_xEventGroupWaitBits               
00027884  MPU_xEventGroupClearBits              
000278c8  MPU_xEventGroupSetBits                
0002790c  MPU_xEventGroupSync                   
00027960  MPU_vEventGroupDelete                 
0002798d  __TI_printfi                          
000283db  __aeabi_idiv0                         
000283db  __aeabi_ldiv0                         
000283dc  ip4_route                             
00028504  ip4_input                             
000288f8  ip4_output_if                         
0002897c  ip4_output_if_src                     
00028b78  ip4_output                            
00028edc  tcpip_inpkt                           
00028f98  tcpip_input                           
00028fdc  tcpip_callback                        
00029064  tcpip_try_callback                    
00029168  tcpip_timeout                         
00029208  tcpip_untimeout                       
00029290  tcpip_send_msg_wait_sem               
000292c4  tcpip_api_call                        
00029308  tcpip_callbackmsg_new                 
00029360  tcpip_callbackmsg_delete              
00029378  tcpip_callbackmsg_trycallback         
000293b4  tcpip_callbackmsg_trycallback_fromisr 
000293f0  tcpip_init                            
000294a0  pbuf_free_callback                    
000294b8  mem_free_callback                     
0002954c  vimInit                               
00029620  vimChannelMap                         
000296c4  vimEnableInterrupt                    
0002981c  vimDisableInterrupt                   
000298a0  vimGetConfigValue                     
00029de8  sciInit                               
00029ed4  sciSetFunctional                      
00029ef4  sciSetBaudrate                        
00029f90  sciIsTxReady                          
00029fac  sciSendByte                           
00029fdc  sciSend                               
0002a110  sciIsRxReady                          
0002a12c  sciIsIdleDetected                     
0002a148  sciRxError                            
0002a178  sciReceiveByte                        
0002a1a4  sciReceive                            
0002a27c  sciEnableLoopback                     
0002a2b0  sciDisableLoopback                    
0002a2d4  sciEnableNotification                 
0002a33c  sciDisableNotification                
0002a3a4  sciEnterResetState                    
0002a3c4  sciExitResetState                     
0002a3e4  scilinGetConfigValue                  
0002a5f0  tcp_timer_needed                      
0002a874  sys_timeouts_init                     
0002a8c8  sys_timeout                           
0002a924  sys_untimeout                         
0002aa78  sys_check_timeouts                    
0002ab34  sys_restart_timeouts                  
0002abb4  sys_timeouts_sleeptime                
0002acc0  Dp83640IDGet                          
0002ad38  Dp83640LinkStatusGet                  
0002ae14  Dp83640AutoNegotiate                  
0002afa4  Dp83640PartnerAbilityGet              
0002afcc  Dp83640Reset                          
0002b030  Dp83640EnableLoopback                 
0002b0c0  Dp83640DisableLoopback                
0002b144  Dp83640GetTimeStamp                   
0002b368  Dp83640PartnerSpdGet                  
0002b390  ip4_addr_isbroadcast_u32              
0002b460  ip4_addr_netmask_valid                
0002b4f4  ipaddr_addr                           
0002b520  ip4addr_aton                          
0002b844  ip4addr_ntoa                          
0002b860  ip4addr_ntoa_r                        
0002ba30  _errata_SSWF021_45_both_plls          
0002bc24  _errata_SSWF021_45_pll1               
0002bd9c  _errata_SSWF021_45_pll2               
0002c094  muxInit                               
0002c414  pinmuxGetConfigValue                  
0002c6e4  icmp_input                            
0002ca58  icmp_dest_unreach                     
0002ca78  icmp_time_exceeded                    
0002ccb8  esmInit                               
0002cdc0  esmError                              
0002cddc  esmEnableError                        
0002ce04  esmDisableError                       
0002ce2c  esmTriggerErrorPinReset               
0002ce3c  esmActivateNormalOperation            
0002ce4c  esmEnableInterrupt                    
0002ce74  esmDisableInterrupt                   
0002ce9c  esmSetInterruptLevel                  
0002cf10  esmClearStatus                        
0002cf50  esmClearStatusBuffer                  
0002cf6c  esmSetCounterPreloadValue             
0002cf8c  esmGetStatus                          
0002d010  esmGetStatusBuffer                    
0002d048  esmEnterSelfTest                      
0002d0d0  esmSelfTestStatus                     
0002d120  esmGetConfigValue                     
0002d274  sys_mbox_new                          
0002d2d0  sys_mbox_free                         
0002d2f4  sys_mbox_post                         
0002d320  sys_mbox_trypost                      
0002d364  sys_mbox_trypost_fromisr              
0002d380  sys_arch_mbox_fetch                   
0002d420  sys_arch_mbox_tryfetch                
0002d470  sys_mbox_valid                        
0002d49c  sys_mbox_set_invalid                  
0002d4b8  sys_sem_new                           
0002d520  sys_arch_sem_wait                     
0002d598  sys_sem_signal                        
0002d5b0  sys_sem_free                          
0002d5c8  sys_sem_valid                         
0002d5f4  sys_sem_set_invalid                   
0002d610  sys_init                              
0002d628  sys_mutex_new                         
0002d66c  sys_mutex_free                        
0002d684  sys_mutex_lock                        
0002d6a0  sys_mutex_unlock                      
0002d6b8  sys_thread_new                        
0002d71c  sys_arch_protect                      
0002d754  sys_arch_unprotect                    
0002d778  sys_now                               
0002d7a0  memp_init_pool                        
0002d838  memp_init                             
0002d8fc  memp_malloc_pool                      
0002d944  memp_malloc                           
0002da04  memp_free_pool                        
0002da5c  memp_free                             
0002db88  lwip_strnstr                          
0002dc48  lwip_stricmp                          
0002dcec  lwip_strnicmp                         
0002ddac  lwip_itoa                             
0002df2c  _coreInitRegisters_                   
0002e038  _coreInitStackPointer_                
0002e084  _getCPSRValue_                        
0002e08c  _gotoCPUIdle_                         
0002e0a4  _coreEnableVfp_                       
0002e0bc  _coreEnableEventBusExport_            
0002e0cc  _coreDisableEventBusExport_           
0002e0dc  _coreEnableRamEcc_                    
0002e0ec  _coreDisableRamEcc_                   
0002e0fc  _coreEnableFlashEcc_                  
0002e110  _coreDisableFlashEcc_                 
0002e120  _coreEnableIrqVicOffset_              
0002e130  _coreGetDataFault_                    
0002e138  _coreClearDataFault_                  
0002e144  _coreGetInstructionFault_             
0002e14c  _coreClearInstructionFault_           
0002e158  _coreGetDataFaultAddress_             
0002e160  _coreClearDataFaultAddress_           
0002e16c  _coreGetInstructionFaultAddress_      
0002e174  _coreClearInstructionFaultAddress_    
0002e180  _coreGetAuxiliaryDataFault_           
0002e188  _coreClearAuxiliaryDataFault_         
0002e194  _coreGetAuxiliaryInstructionFault_    
0002e19c  _coreClearAuxiliaryInstructionFault_  
0002e1a8  _disable_interrupt_                   
0002e1b0  _disable_FIQ_interrupt_               
0002e1b8  _disable_IRQ_interrupt_               
0002e1c0  _enable_interrupt_                    
0002e1c8  _esmCcmErrorsClear_                   
0002e250  _errata_CORTEXR4_57_                  
0002e260  _errata_CORTEXR4_66_                  
0002e270  __TI_PINIT_Base                       
0002e274  __TI_PINIT_Limit                      
0002e278  ethernet_input                        
0002e400  ethernet_output                       
0002e538  __aeabi_uldivmod                      
0002e7ec  _c_int00                              
0002ea90  vimParityErrorHandler                 
0002f1e0  vListInitialise                       
0002f238  vListInitialiseItem                   
0002f254  vListInsertEnd                        
0002f2c8  vListInsert                           
0002f38c  uxListRemove                          
0002f418  lwip_init_sync                        
0002f610  lwip_get_hdkNetIF_p                   
0002f628  MDIOPhyRegRead                        
0002f6c0  MDIOPhyRegWrite                       
0002f728  MDIOPhyAliveStatusGet                 
0002f740  MDIOPhyLinkStatusGet                  
0002f758  MDIOInit                              
0002f7a0  MDIOEnable                            
0002f7c4  MDIODisable                           
0002fb3c  user_main                             
0002fb84  user_main2                            
0002fc1c  log_printf                            
0002fd8c  xTaskNotifyStateClear                 
0002fe08  emac_tx_int_isr                       
0002fe88  emac_rx_int_isr                       
0002ff3c  lwip_init                             
0003005c  esmHighInterrupt                      
00030371  ldexp                                 
00030371  ldexpl                                
00030371  scalbn                                
00030371  scalbnl                               
00030460  _dabort                               
00030549  floor                                 
00030549  floorl                                
00030628  _pmuInit_                             
00030674  _pmuEnableCountersGlobal_             
00030684  _pmuDisableCountersGlobal_            
00030694  _pmuResetCycleCounter_                
000306a4  _pmuResetEventCounters_               
000306b4  _pmuResetCounters_                    
000306c4  _pmuStartCounters_                    
000306cc  _pmuStopCounters_                     
000306d4  _pmuSetCountEvent_                    
000306e0  _pmuGetCycleCount_                    
000306e8  _pmuGetEventCount_                    
000306f4  _pmuGetOverflow_                      
00030708  EMACTxIntISR                          
0003076c  EMACRxIntISR                          
00030884  esmGroup1Notification                 
00030894  esmGroup2Notification                 
000308a4  memoryPort0TestFailNotification       
000308c0  memoryPort1TestFailNotification       
000308dc  sciNotification                       
000308f0  dmaGroupANotification                 
00030904  emacTxNotification                    
00030914  emacRxNotification                    
00030925  __aeabi_memcpy                        
00030925  __aeabi_memcpy4                       
00030925  __aeabi_memcpy8                       
00030925  memcpy                                
00030a3b  __aeabi_memclr                        
00030a3b  __aeabi_memclr4                       
00030a3b  __aeabi_memclr8                       
00030a3d  __aeabi_memset                        
00030a3d  __aeabi_memset4                       
00030a3d  __aeabi_memset8                       
00030a43  memset                                
00030ab5  frexp                                 
00030ab5  frexpl                                
00030b29  __TI_decompress_lzss                  
00030b95  __TI_ltoa                             
00030c3c  __aeabi_idiv                          
00030c3c  __aeabi_idivmod                       
00030ce1  atoi                                  
00030d30  __aeabi_uidiv                         
00030d30  __aeabi_uidivmod                      
00030d81  __TI_auto_init_nobinit_nopinit        
00030e04  get_processor_mode                    
00030e35  strncmp                               
00030e5f  memmove                               
00030e89  vsprintf                              
00030eb1  memccpy                               
00030ed7  memcmp                                
00030efd  copysign                              
00030efd  copysignl                             
00030f35  strchr                                
00030f4b  strlen                                
00030f61  wcslen                                
00030f75  isdigit                               
00030f85  islower                               
00030f95  isspace                               
00030fa5  isxdigit                              
00030fb4  main                                  
00030fc5  __TI_decompress_none                  
00030fd3  __TI_zero_init                        
00030fe9  __aeabi_errno_addr                    
00030ff1  C$$EXIT                               
00030ff1  abort                                 
00030ff4  phantomInterrupt                      
00030ff8  handlePLLLockFail                     
0003117c  _ctypes_                              
00031390  memp_pools                            
000313f0  lwip_cyclic_timers                    
00031454  memp_FRAG_PBUF                        
00031464  memp_NETBUF                           
00031474  memp_NETCONN                          
00031484  memp_PBUF                             
00031494  memp_PBUF_POOL                        
000314a4  memp_REASSDATA                        
000314b4  memp_SYS_TIMEOUT                      
000314c4  memp_TCPIP_MSG_API                    
000314d4  memp_TCPIP_MSG_INPKT                  
000314e4  memp_TCP_PCB                          
000314f4  memp_TCP_PCB_LISTEN                   
00031504  memp_TCP_SEG                          
00031514  memp_UDP_PCB                          
00031524  tcp_pcb_lists                         
0003155f  ethbroadcast                          
00031565  ethzero                               
00031580  ip_addr_any                           
00031584  ip_addr_broadcast                     
00031588  os_mutex_def_lwip_sys_mutex           
080008f8  xQueueRegistry                        
08000938  pxCurrentTCB                          
08001000  __start___llvm_prf_cnts               
08001000  __stop___llvm_prf_cnts                
08001000  ram_heap                              
08009b38  memp_memory_PBUF_POOL_base            
0800c13c  memp_memory_TCP_PCB_base              
0800c4ec  memp_memory_FRAG_PBUF_base            
0800c658  memp_memory_TCP_SEG_base              
0800c79c  memp_memory_PBUF_base                 
0800c990  memp_memory_TCP_PCB_LISTEN_base       
0800ca74  memp_memory_NETCONN_base              
0800cb18  memp_memory_REASSDATA_base            
0800cbbc  memp_memory_TCPIP_MSG_API_base        
0800cc40  memp_memory_TCPIP_MSG_INPKT_base      
0800ccc4  memp_memory_UDP_PCB_base              
0800cd48  memp_memory_SYS_TIMEOUT_base          
0800cdac  gnetif                                
0800cde8  hdkif_data                            
0800ce80  counter                               
0800cecc  memp_memory_NETBUF_base               
0800cef0  dhcp_rx_options_val                   
0800cf10  ip_data                               
0800cf5c  EMACCore0RxIsr_counter                
0800cf84  pbuf_pool                             
0800cfa0  dhcp_rx_options_given                 
0800cfb8  lock_tcpip_core                       
0800cfbc  lwip_sys_mutex                        
0800cfc0  netif_default                         
0800cfc4  pbuf_pool_sem                         
0800cfc8  rx_queue                              
0800cfcc  tcp_active_pcbs                       
0800cfd0  tcp_bound_pcbs                        
0800cfd4  tcp_input_pcb                         
0800cfd8  tcp_listen_pcbs                       
0800cfdc  tcp_ticks                             
0800cfe0  tcp_tw_pcbs                           
0800cfe4  udp_pcbs                              
0800cfe9  pbuf_free_ooseq_pending               
0800cfea  tcp_active_pcbs_changed               
080147fc  EMACCore0TxIsr_counter                
08014800  EMACCore0TxIsr_counter2               
08014804  RxPktSemaphore                        
08014808  TxPktSemaphore                        
0801480c  ulCriticalNesting                     
08014810  ulTaskHasFPUContext                   
0801481c  emacAddress                           
08014828  errno                                 
0801482f  released                              
ffffffff  __TI_pprof_out_hndl                   
ffffffff  __TI_prof_data_size                   
ffffffff  __TI_prof_data_start                  
ffffffff  __binit__                             
ffffffff  __c_args__                            
ffffffff  binit                                 
UNDEFED   SHT$$INIT_ARRAY$$Base                 
UNDEFED   SHT$$INIT_ARRAY$$Limit                
UNDEFED   _system_post_cinit                    

[826 symbols]
