<?xml version="1.0" encoding="ISO-8859-1" ?>
<link_info>
   <banner>TI ARM Linker PC v20.2.7.LTS</banner>
   <copyright>Copyright (c) 1996-2018 Texas Instruments Incorporated</copyright>
   <link_time>0x653bc66a</link_time>
   <link_errors>0x1</link_errors>
   <output_file>SOM_TMS570LS3137_V1.0.out</output_file>
   <entry_point>
      <name>_c_int00</name>
      <address>0x1401c</address>
   </entry_point>
   <input_file_list>
      <input_file id="fl-2">
         <path>.\Core\Src\</path>
         <kind>object</kind>
         <file>cc.obj</file>
         <name>cc.obj</name>
      </input_file>
      <input_file id="fl-3">
         <path>.\Core\Src\</path>
         <kind>object</kind>
         <file>emac_driver.obj</file>
         <name>emac_driver.obj</name>
      </input_file>
      <input_file id="fl-4">
         <path>.\Core\Src\</path>
         <kind>object</kind>
         <file>hdkif_driver.obj</file>
         <name>hdkif_driver.obj</name>
      </input_file>
      <input_file id="fl-5">
         <path>.\Core\Src\</path>
         <kind>object</kind>
         <file>lwip.obj</file>
         <name>lwip.obj</name>
      </input_file>
      <input_file id="fl-6">
         <path>.\Core\Src\</path>
         <kind>object</kind>
         <file>lwiplib.obj</file>
         <name>lwiplib.obj</name>
      </input_file>
      <input_file id="fl-7">
         <path>.\Core\Src\</path>
         <kind>object</kind>
         <file>main.obj</file>
         <name>main.obj</name>
      </input_file>
      <input_file id="fl-8">
         <path>.\Core\Src\</path>
         <kind>object</kind>
         <file>perf.obj</file>
         <name>perf.obj</name>
      </input_file>
      <input_file id="fl-9">
         <path>.\Core\Src\</path>
         <kind>object</kind>
         <file>sys_arch.obj</file>
         <name>sys_arch.obj</name>
      </input_file>
      <input_file id="fl-a">
         <path>.\Core\Src\</path>
         <kind>object</kind>
         <file>user_accessible.obj</file>
         <name>user_accessible.obj</name>
      </input_file>
      <input_file id="fl-b">
         <path>.\HalCoGen\source\</path>
         <kind>object</kind>
         <file>dabort.obj</file>
         <name>dabort.obj</name>
      </input_file>
      <input_file id="fl-c">
         <path>.\HalCoGen\source\</path>
         <kind>object</kind>
         <file>emac.obj</file>
         <name>emac.obj</name>
      </input_file>
      <input_file id="fl-d">
         <path>.\HalCoGen\source\</path>
         <kind>object</kind>
         <file>errata_SSWF021_45.obj</file>
         <name>errata_SSWF021_45.obj</name>
      </input_file>
      <input_file id="fl-e">
         <path>.\HalCoGen\source\</path>
         <kind>object</kind>
         <file>esm.obj</file>
         <name>esm.obj</name>
      </input_file>
      <input_file id="fl-f">
         <path>.\HalCoGen\source\</path>
         <kind>object</kind>
         <file>gio.obj</file>
         <name>gio.obj</name>
      </input_file>
      <input_file id="fl-10">
         <path>.\HalCoGen\source\</path>
         <kind>object</kind>
         <file>het.obj</file>
         <name>het.obj</name>
      </input_file>
      <input_file id="fl-11">
         <path>.\HalCoGen\source\</path>
         <kind>object</kind>
         <file>mdio.obj</file>
         <name>mdio.obj</name>
      </input_file>
      <input_file id="fl-12">
         <path>.\HalCoGen\source\</path>
         <kind>object</kind>
         <file>notification.obj</file>
         <name>notification.obj</name>
      </input_file>
      <input_file id="fl-13">
         <path>.\HalCoGen\source\</path>
         <kind>object</kind>
         <file>os_croutine.obj</file>
         <name>os_croutine.obj</name>
      </input_file>
      <input_file id="fl-14">
         <path>.\HalCoGen\source\</path>
         <kind>object</kind>
         <file>os_event_groups.obj</file>
         <name>os_event_groups.obj</name>
      </input_file>
      <input_file id="fl-15">
         <path>.\HalCoGen\source\</path>
         <kind>object</kind>
         <file>os_heap.obj</file>
         <name>os_heap.obj</name>
      </input_file>
      <input_file id="fl-16">
         <path>.\HalCoGen\source\</path>
         <kind>object</kind>
         <file>os_list.obj</file>
         <name>os_list.obj</name>
      </input_file>
      <input_file id="fl-17">
         <path>.\HalCoGen\source\</path>
         <kind>object</kind>
         <file>os_mpu_wrappers.obj</file>
         <name>os_mpu_wrappers.obj</name>
      </input_file>
      <input_file id="fl-18">
         <path>.\HalCoGen\source\</path>
         <kind>object</kind>
         <file>os_port.obj</file>
         <name>os_port.obj</name>
      </input_file>
      <input_file id="fl-19">
         <path>.\HalCoGen\source\</path>
         <kind>object</kind>
         <file>os_portasm.obj</file>
         <name>os_portasm.obj</name>
      </input_file>
      <input_file id="fl-1a">
         <path>.\HalCoGen\source\</path>
         <kind>object</kind>
         <file>os_queue.obj</file>
         <name>os_queue.obj</name>
      </input_file>
      <input_file id="fl-1b">
         <path>.\HalCoGen\source\</path>
         <kind>object</kind>
         <file>os_tasks.obj</file>
         <name>os_tasks.obj</name>
      </input_file>
      <input_file id="fl-1c">
         <path>.\HalCoGen\source\</path>
         <kind>object</kind>
         <file>os_timer.obj</file>
         <name>os_timer.obj</name>
      </input_file>
      <input_file id="fl-1d">
         <path>.\HalCoGen\source\</path>
         <kind>object</kind>
         <file>phy_dp83640.obj</file>
         <name>phy_dp83640.obj</name>
      </input_file>
      <input_file id="fl-1e">
         <path>.\HalCoGen\source\</path>
         <kind>object</kind>
         <file>pinmux.obj</file>
         <name>pinmux.obj</name>
      </input_file>
      <input_file id="fl-1f">
         <path>.\HalCoGen\source\</path>
         <kind>object</kind>
         <file>sys_core.obj</file>
         <name>sys_core.obj</name>
      </input_file>
      <input_file id="fl-20">
         <path>.\HalCoGen\source\</path>
         <kind>object</kind>
         <file>sys_dma.obj</file>
         <name>sys_dma.obj</name>
      </input_file>
      <input_file id="fl-21">
         <path>.\HalCoGen\source\</path>
         <kind>object</kind>
         <file>sys_intvecs.obj</file>
         <name>sys_intvecs.obj</name>
      </input_file>
      <input_file id="fl-22">
         <path>.\HalCoGen\source\</path>
         <kind>object</kind>
         <file>sys_main.obj</file>
         <name>sys_main.obj</name>
      </input_file>
      <input_file id="fl-23">
         <path>.\HalCoGen\source\</path>
         <kind>object</kind>
         <file>sys_mpu.obj</file>
         <name>sys_mpu.obj</name>
      </input_file>
      <input_file id="fl-24">
         <path>.\HalCoGen\source\</path>
         <kind>object</kind>
         <file>sys_pcr.obj</file>
         <name>sys_pcr.obj</name>
      </input_file>
      <input_file id="fl-25">
         <path>.\HalCoGen\source\</path>
         <kind>object</kind>
         <file>sys_phantom.obj</file>
         <name>sys_phantom.obj</name>
      </input_file>
      <input_file id="fl-26">
         <path>.\HalCoGen\source\</path>
         <kind>object</kind>
         <file>sys_pmm.obj</file>
         <name>sys_pmm.obj</name>
      </input_file>
      <input_file id="fl-27">
         <path>.\HalCoGen\source\</path>
         <kind>object</kind>
         <file>sys_pmu.obj</file>
         <name>sys_pmu.obj</name>
      </input_file>
      <input_file id="fl-28">
         <path>.\HalCoGen\source\</path>
         <kind>object</kind>
         <file>sys_selftest.obj</file>
         <name>sys_selftest.obj</name>
      </input_file>
      <input_file id="fl-29">
         <path>.\HalCoGen\source\</path>
         <kind>object</kind>
         <file>sys_startup.obj</file>
         <name>sys_startup.obj</name>
      </input_file>
      <input_file id="fl-2a">
         <path>.\HalCoGen\source\</path>
         <kind>object</kind>
         <file>sys_vim.obj</file>
         <name>sys_vim.obj</name>
      </input_file>
      <input_file id="fl-2b">
         <path>.\HalCoGen\source\</path>
         <kind>object</kind>
         <file>system.obj</file>
         <name>system.obj</name>
      </input_file>
      <input_file id="fl-2c">
         <path>.\libraries\019-library-results\results\Src\</path>
         <kind>object</kind>
         <file>results.obj</file>
         <name>results.obj</name>
      </input_file>
      <input_file id="fl-2d">
         <path>.\user\Src\</path>
         <kind>object</kind>
         <file>user_main.obj</file>
         <name>user_main.obj</name>
      </input_file>
      <input_file id="fl-31">
         <kind>object</kind>
         <file>&lt;internal&gt;</file>
         <name>&lt;internal&gt;</name>
      </input_file>
      <input_file id="fl-32">
         <path>C:\ti\ccs1100\ccs\tools\compiler\ti-cgt-arm_20.2.7.LTS\lib\</path>
         <kind>archive</kind>
         <file>rtsv7R4_T_be_v3D16_eabi.lib</file>
         <name>printf.c.obj</name>
      </input_file>
      <input_file id="fl-33">
         <path>C:\ti\ccs1100\ccs\tools\compiler\ti-cgt-arm_20.2.7.LTS\lib\</path>
         <kind>archive</kind>
         <file>rtsv7R4_T_be_v3D16_eabi.lib</file>
         <name>_printfi.c.obj</name>
      </input_file>
      <input_file id="fl-34">
         <path>C:\ti\ccs1100\ccs\tools\compiler\ti-cgt-arm_20.2.7.LTS\lib\</path>
         <kind>archive</kind>
         <file>rtsv7R4_T_be_v3D16_eabi.lib</file>
         <name>sprintf.c.obj</name>
      </input_file>
      <input_file id="fl-35">
         <path>C:\ti\ccs1100\ccs\tools\compiler\ti-cgt-arm_20.2.7.LTS\lib\</path>
         <kind>archive</kind>
         <file>rtsv7R4_T_be_v3D16_eabi.lib</file>
         <name>fflush.c.obj</name>
      </input_file>
      <input_file id="fl-36">
         <path>C:\ti\ccs1100\ccs\tools\compiler\ti-cgt-arm_20.2.7.LTS\lib\</path>
         <kind>archive</kind>
         <file>rtsv7R4_T_be_v3D16_eabi.lib</file>
         <name>fputc.c.obj</name>
      </input_file>
      <input_file id="fl-37">
         <path>C:\ti\ccs1100\ccs\tools\compiler\ti-cgt-arm_20.2.7.LTS\lib\</path>
         <kind>archive</kind>
         <file>rtsv7R4_T_be_v3D16_eabi.lib</file>
         <name>fputs.c.obj</name>
      </input_file>
      <input_file id="fl-38">
         <path>C:\ti\ccs1100\ccs\tools\compiler\ti-cgt-arm_20.2.7.LTS\lib\</path>
         <kind>archive</kind>
         <file>rtsv7R4_T_be_v3D16_eabi.lib</file>
         <name>_io_perm.c.obj</name>
      </input_file>
      <input_file id="fl-39">
         <path>C:\ti\ccs1100\ccs\tools\compiler\ti-cgt-arm_20.2.7.LTS\lib\</path>
         <kind>archive</kind>
         <file>rtsv7R4_T_be_v3D16_eabi.lib</file>
         <name>setvbuf.c.obj</name>
      </input_file>
      <input_file id="fl-3a">
         <path>C:\ti\ccs1100\ccs\tools\compiler\ti-cgt-arm_20.2.7.LTS\lib\</path>
         <kind>archive</kind>
         <file>rtsv7R4_T_be_v3D16_eabi.lib</file>
         <name>memcpy_t2.asm.obj</name>
      </input_file>
      <input_file id="fl-3b">
         <path>C:\ti\ccs1100\ccs\tools\compiler\ti-cgt-arm_20.2.7.LTS\lib\</path>
         <kind>archive</kind>
         <file>rtsv7R4_T_be_v3D16_eabi.lib</file>
         <name>memset_t2.asm.obj</name>
      </input_file>
      <input_file id="fl-3c">
         <path>C:\ti\ccs1100\ccs\tools\compiler\ti-cgt-arm_20.2.7.LTS\lib\</path>
         <kind>archive</kind>
         <file>rtsv7R4_T_be_v3D16_eabi.lib</file>
         <name>u_div32.asm.obj</name>
      </input_file>
      <input_file id="fl-3d">
         <path>C:\ti\ccs1100\ccs\tools\compiler\ti-cgt-arm_20.2.7.LTS\lib\</path>
         <kind>archive</kind>
         <file>rtsv7R4_T_be_v3D16_eabi.lib</file>
         <name>ull_div32.asm.obj</name>
      </input_file>
      <input_file id="fl-3e">
         <path>C:\ti\ccs1100\ccs\tools\compiler\ti-cgt-arm_20.2.7.LTS\lib\</path>
         <kind>archive</kind>
         <file>rtsv7R4_T_be_v3D16_eabi.lib</file>
         <name>autoinit.c.obj</name>
      </input_file>
      <input_file id="fl-3f">
         <path>C:\ti\ccs1100\ccs\tools\compiler\ti-cgt-arm_20.2.7.LTS\lib\</path>
         <kind>archive</kind>
         <file>rtsv7R4_T_be_v3D16_eabi.lib</file>
         <name>cpy_tbl.c.obj</name>
      </input_file>
      <input_file id="fl-40">
         <path>C:\ti\ccs1100\ccs\tools\compiler\ti-cgt-arm_20.2.7.LTS\lib\</path>
         <kind>archive</kind>
         <file>rtsv7R4_T_be_v3D16_eabi.lib</file>
         <name>copy_zero_init.c.obj</name>
      </input_file>
      <input_file id="fl-41">
         <path>C:\ti\ccs1100\ccs\tools\compiler\ti-cgt-arm_20.2.7.LTS\lib\</path>
         <kind>archive</kind>
         <file>rtsv7R4_T_be_v3D16_eabi.lib</file>
         <name>copy_decompress_none.c.obj</name>
      </input_file>
      <input_file id="fl-42">
         <path>C:\ti\ccs1100\ccs\tools\compiler\ti-cgt-arm_20.2.7.LTS\lib\</path>
         <kind>archive</kind>
         <file>rtsv7R4_T_be_v3D16_eabi.lib</file>
         <name>copy_decompress_lzss.c.obj</name>
      </input_file>
      <input_file id="fl-43">
         <path>C:\ti\ccs1100\ccs\tools\compiler\ti-cgt-arm_20.2.7.LTS\lib\</path>
         <kind>archive</kind>
         <file>rtsv7R4_T_be_v3D16_eabi.lib</file>
         <name>exit.c.obj</name>
      </input_file>
      <input_file id="fl-44">
         <path>C:\ti\ccs1100\ccs\tools\compiler\ti-cgt-arm_20.2.7.LTS\lib\</path>
         <kind>archive</kind>
         <file>rtsv7R4_T_be_v3D16_eabi.lib</file>
         <name>_lock.c.obj</name>
      </input_file>
      <input_file id="fl-45">
         <path>C:\ti\ccs1100\ccs\tools\compiler\ti-cgt-arm_20.2.7.LTS\lib\</path>
         <kind>archive</kind>
         <file>rtsv7R4_T_be_v3D16_eabi.lib</file>
         <name>_ltoa.c.obj</name>
      </input_file>
      <input_file id="fl-46">
         <path>C:\ti\ccs1100\ccs\tools\compiler\ti-cgt-arm_20.2.7.LTS\lib\</path>
         <kind>archive</kind>
         <file>rtsv7R4_T_be_v3D16_eabi.lib</file>
         <name>atoi.c.obj</name>
      </input_file>
      <input_file id="fl-47">
         <path>C:\ti\ccs1100\ccs\tools\compiler\ti-cgt-arm_20.2.7.LTS\lib\</path>
         <kind>archive</kind>
         <file>rtsv7R4_T_be_v3D16_eabi.lib</file>
         <name>ctype.c.obj</name>
      </input_file>
      <input_file id="fl-48">
         <path>C:\ti\ccs1100\ccs\tools\compiler\ti-cgt-arm_20.2.7.LTS\lib\</path>
         <kind>archive</kind>
         <file>rtsv7R4_T_be_v3D16_eabi.lib</file>
         <name>defs.c.obj</name>
      </input_file>
      <input_file id="fl-49">
         <path>C:\ti\ccs1100\ccs\tools\compiler\ti-cgt-arm_20.2.7.LTS\lib\</path>
         <kind>archive</kind>
         <file>rtsv7R4_T_be_v3D16_eabi.lib</file>
         <name>memccpy.c.obj</name>
      </input_file>
      <input_file id="fl-4a">
         <path>C:\ti\ccs1100\ccs\tools\compiler\ti-cgt-arm_20.2.7.LTS\lib\</path>
         <kind>archive</kind>
         <file>rtsv7R4_T_be_v3D16_eabi.lib</file>
         <name>memchr.c.obj</name>
      </input_file>
      <input_file id="fl-4b">
         <path>C:\ti\ccs1100\ccs\tools\compiler\ti-cgt-arm_20.2.7.LTS\lib\</path>
         <kind>archive</kind>
         <file>rtsv7R4_T_be_v3D16_eabi.lib</file>
         <name>memory.c.obj</name>
      </input_file>
      <input_file id="fl-4c">
         <path>C:\ti\ccs1100\ccs\tools\compiler\ti-cgt-arm_20.2.7.LTS\lib\</path>
         <kind>archive</kind>
         <file>rtsv7R4_T_be_v3D16_eabi.lib</file>
         <name>rand.c.obj</name>
      </input_file>
      <input_file id="fl-4d">
         <path>C:\ti\ccs1100\ccs\tools\compiler\ti-cgt-arm_20.2.7.LTS\lib\</path>
         <kind>archive</kind>
         <file>rtsv7R4_T_be_v3D16_eabi.lib</file>
         <name>strchr.c.obj</name>
      </input_file>
      <input_file id="fl-4e">
         <path>C:\ti\ccs1100\ccs\tools\compiler\ti-cgt-arm_20.2.7.LTS\lib\</path>
         <kind>archive</kind>
         <file>rtsv7R4_T_be_v3D16_eabi.lib</file>
         <name>strlen.c.obj</name>
      </input_file>
      <input_file id="fl-4f">
         <path>C:\ti\ccs1100\ccs\tools\compiler\ti-cgt-arm_20.2.7.LTS\lib\</path>
         <kind>archive</kind>
         <file>rtsv7R4_T_be_v3D16_eabi.lib</file>
         <name>write.c.obj</name>
      </input_file>
      <input_file id="fl-50">
         <path>C:\ti\ccs1100\ccs\tools\compiler\ti-cgt-arm_20.2.7.LTS\lib\</path>
         <kind>archive</kind>
         <file>rtsv7R4_T_be_v3D16_eabi.lib</file>
         <name>host_device.c.obj</name>
      </input_file>
      <input_file id="fl-51">
         <path>C:\ti\ccs1100\ccs\tools\compiler\ti-cgt-arm_20.2.7.LTS\lib\</path>
         <kind>archive</kind>
         <file>rtsv7R4_T_be_v3D16_eabi.lib</file>
         <name>errno.c.obj</name>
      </input_file>
      <input_file id="fl-52">
         <path>C:\ti\ccs1100\ccs\tools\compiler\ti-cgt-arm_20.2.7.LTS\lib\</path>
         <kind>archive</kind>
         <file>rtsv7R4_T_be_v3D16_eabi.lib</file>
         <name>wcslen.c.obj</name>
      </input_file>
      <input_file id="fl-53">
         <path>C:\ti\ccs1100\ccs\tools\compiler\ti-cgt-arm_20.2.7.LTS\lib\</path>
         <kind>archive</kind>
         <file>rtsv7R4_T_be_v3D16_eabi.lib</file>
         <name>s_frexp.c.obj</name>
      </input_file>
      <input_file id="fl-54">
         <path>C:\ti\ccs1100\ccs\tools\compiler\ti-cgt-arm_20.2.7.LTS\lib\</path>
         <kind>archive</kind>
         <file>rtsv7R4_T_be_v3D16_eabi.lib</file>
         <name>s_scalbn.c.obj</name>
      </input_file>
      <input_file id="fl-55">
         <path>C:\ti\ccs1100\ccs\tools\compiler\ti-cgt-arm_20.2.7.LTS\lib\</path>
         <kind>archive</kind>
         <file>rtsv7R4_T_be_v3D16_eabi.lib</file>
         <name>fopen.c.obj</name>
      </input_file>
      <input_file id="fl-56">
         <path>C:\ti\ccs1100\ccs\tools\compiler\ti-cgt-arm_20.2.7.LTS\lib\</path>
         <kind>archive</kind>
         <file>rtsv7R4_T_be_v3D16_eabi.lib</file>
         <name>fseek.c.obj</name>
      </input_file>
      <input_file id="fl-57">
         <path>C:\ti\ccs1100\ccs\tools\compiler\ti-cgt-arm_20.2.7.LTS\lib\</path>
         <kind>archive</kind>
         <file>rtsv7R4_T_be_v3D16_eabi.lib</file>
         <name>div0.asm.obj</name>
      </input_file>
      <input_file id="fl-58">
         <path>C:\ti\ccs1100\ccs\tools\compiler\ti-cgt-arm_20.2.7.LTS\lib\</path>
         <kind>archive</kind>
         <file>rtsv7R4_T_be_v3D16_eabi.lib</file>
         <name>hostclose.c.obj</name>
      </input_file>
      <input_file id="fl-59">
         <path>C:\ti\ccs1100\ccs\tools\compiler\ti-cgt-arm_20.2.7.LTS\lib\</path>
         <kind>archive</kind>
         <file>rtsv7R4_T_be_v3D16_eabi.lib</file>
         <name>hostlseek.c.obj</name>
      </input_file>
      <input_file id="fl-5a">
         <path>C:\ti\ccs1100\ccs\tools\compiler\ti-cgt-arm_20.2.7.LTS\lib\</path>
         <kind>archive</kind>
         <file>rtsv7R4_T_be_v3D16_eabi.lib</file>
         <name>hostopen.c.obj</name>
      </input_file>
      <input_file id="fl-5b">
         <path>C:\ti\ccs1100\ccs\tools\compiler\ti-cgt-arm_20.2.7.LTS\lib\</path>
         <kind>archive</kind>
         <file>rtsv7R4_T_be_v3D16_eabi.lib</file>
         <name>hostread.c.obj</name>
      </input_file>
      <input_file id="fl-5c">
         <path>C:\ti\ccs1100\ccs\tools\compiler\ti-cgt-arm_20.2.7.LTS\lib\</path>
         <kind>archive</kind>
         <file>rtsv7R4_T_be_v3D16_eabi.lib</file>
         <name>hostrename.c.obj</name>
      </input_file>
      <input_file id="fl-5d">
         <path>C:\ti\ccs1100\ccs\tools\compiler\ti-cgt-arm_20.2.7.LTS\lib\</path>
         <kind>archive</kind>
         <file>rtsv7R4_T_be_v3D16_eabi.lib</file>
         <name>hostunlink.c.obj</name>
      </input_file>
      <input_file id="fl-5e">
         <path>C:\ti\ccs1100\ccs\tools\compiler\ti-cgt-arm_20.2.7.LTS\lib\</path>
         <kind>archive</kind>
         <file>rtsv7R4_T_be_v3D16_eabi.lib</file>
         <name>hostwrite.c.obj</name>
      </input_file>
      <input_file id="fl-5f">
         <path>C:\ti\ccs1100\ccs\tools\compiler\ti-cgt-arm_20.2.7.LTS\lib\</path>
         <kind>archive</kind>
         <file>rtsv7R4_T_be_v3D16_eabi.lib</file>
         <name>trgmsg.c.obj</name>
      </input_file>
      <input_file id="fl-60">
         <path>C:\ti\ccs1100\ccs\tools\compiler\ti-cgt-arm_20.2.7.LTS\lib\</path>
         <kind>archive</kind>
         <file>rtsv7R4_T_be_v3D16_eabi.lib</file>
         <name>open.c.obj</name>
      </input_file>
      <input_file id="fl-61">
         <path>C:\ti\ccs1100\ccs\tools\compiler\ti-cgt-arm_20.2.7.LTS\lib\</path>
         <kind>archive</kind>
         <file>rtsv7R4_T_be_v3D16_eabi.lib</file>
         <name>lseek.c.obj</name>
      </input_file>
      <input_file id="fl-62">
         <path>C:\ti\ccs1100\ccs\tools\compiler\ti-cgt-arm_20.2.7.LTS\lib\</path>
         <kind>archive</kind>
         <file>rtsv7R4_T_be_v3D16_eabi.lib</file>
         <name>s_copysign.c.obj</name>
      </input_file>
      <input_file id="fl-63">
         <path>C:\ti\ccs1100\ccs\tools\compiler\ti-cgt-arm_20.2.7.LTS\lib\</path>
         <kind>archive</kind>
         <file>rtsv7R4_T_be_v3D16_eabi.lib</file>
         <name>fclose.c.obj</name>
      </input_file>
      <input_file id="fl-64">
         <path>C:\ti\ccs1100\ccs\tools\compiler\ti-cgt-arm_20.2.7.LTS\lib\</path>
         <kind>archive</kind>
         <file>rtsv7R4_T_be_v3D16_eabi.lib</file>
         <name>getdevice.c.obj</name>
      </input_file>
      <input_file id="fl-65">
         <path>C:\ti\ccs1100\ccs\tools\compiler\ti-cgt-arm_20.2.7.LTS\lib\</path>
         <kind>archive</kind>
         <file>rtsv7R4_T_be_v3D16_eabi.lib</file>
         <name>strcmp.c.obj</name>
      </input_file>
      <input_file id="fl-66">
         <path>C:\ti\ccs1100\ccs\tools\compiler\ti-cgt-arm_20.2.7.LTS\lib\</path>
         <kind>archive</kind>
         <file>rtsv7R4_T_be_v3D16_eabi.lib</file>
         <name>strcpy.c.obj</name>
      </input_file>
      <input_file id="fl-67">
         <path>C:\ti\ccs1100\ccs\tools\compiler\ti-cgt-arm_20.2.7.LTS\lib\</path>
         <kind>archive</kind>
         <file>rtsv7R4_T_be_v3D16_eabi.lib</file>
         <name>strncpy.c.obj</name>
      </input_file>
      <input_file id="fl-68">
         <path>C:\ti\ccs1100\ccs\tools\compiler\ti-cgt-arm_20.2.7.LTS\lib\</path>
         <kind>archive</kind>
         <file>rtsv7R4_T_be_v3D16_eabi.lib</file>
         <name>remove.c.obj</name>
      </input_file>
      <input_file id="fl-69">
         <path>C:\ti\ccs1100\ccs\tools\compiler\ti-cgt-arm_20.2.7.LTS\lib\</path>
         <kind>archive</kind>
         <file>rtsv7R4_T_be_v3D16_eabi.lib</file>
         <name>close.c.obj</name>
      </input_file>
      <input_file id="fl-6a">
         <path>C:\ti\ccs1100\ccs\tools\compiler\ti-cgt-arm_20.2.7.LTS\lib\</path>
         <kind>archive</kind>
         <file>rtsv7R4_T_be_v3D16_eabi.lib</file>
         <name>unlink.c.obj</name>
      </input_file>
   </input_file_list>
   <object_component_list>
      <object_component id="oc-39">
         <name>.intvecs</name>
         <load_address>0x0</load_address>
         <run_address>0x0</run_address>
         <size>0x20</size>
         <input_file_ref idref="fl-21"/>
      </object_component>
      <object_component id="oc-19a">
         <name>.kernelTEXT</name>
         <load_address>0x20</load_address>
         <run_address>0x20</run_address>
         <size>0x2f04</size>
         <input_file_ref idref="fl-1b"/>
      </object_component>
      <object_component id="oc-2e1">
         <name>.kernelTEXT</name>
         <load_address>0x2f24</load_address>
         <run_address>0x2f24</run_address>
         <size>0x1400</size>
         <input_file_ref idref="fl-1a"/>
      </object_component>
      <object_component id="oc-36c">
         <name>.kernelTEXT</name>
         <load_address>0x4324</load_address>
         <run_address>0x4324</run_address>
         <size>0x818</size>
         <input_file_ref idref="fl-14"/>
      </object_component>
      <object_component id="oc-af">
         <name>.kernelTEXT</name>
         <load_address>0x4b3c</load_address>
         <run_address>0x4b3c</run_address>
         <size>0x4b0</size>
         <input_file_ref idref="fl-19"/>
      </object_component>
      <object_component id="oc-315">
         <name>.kernelTEXT</name>
         <load_address>0x4fec</load_address>
         <run_address>0x4fec</run_address>
         <size>0x3e0</size>
         <input_file_ref idref="fl-18"/>
      </object_component>
      <object_component id="oc-309">
         <name>.kernelTEXT</name>
         <load_address>0x53cc</load_address>
         <run_address>0x53cc</run_address>
         <size>0x37c</size>
         <input_file_ref idref="fl-15"/>
      </object_component>
      <object_component id="oc-6f2">
         <name>.cinit..data.load</name>
         <load_address>0x5f48</load_address>
         <run_address>0x5f48</run_address>
         <size>0x74</size>
      </object_component>
      <object_component id="oc-6ed">
         <name>__TI_handler_table</name>
         <load_address>0x5fbc</load_address>
         <run_address>0x5fbc</run_address>
         <size>0xc</size>
      </object_component>
      <object_component id="oc-6ef">
         <name>.cinit..kernelBSS.load</name>
         <load_address>0x5fc8</load_address>
         <run_address>0x5fc8</run_address>
         <size>0x9</size>
      </object_component>
      <object_component id="oc-6f1">
         <name>.cinit..bss.load</name>
         <load_address>0x5fd8</load_address>
         <run_address>0x5fd8</run_address>
         <size>0x8</size>
      </object_component>
      <object_component id="oc-6f0">
         <name>.cinit..kernelHEAP.load</name>
         <load_address>0x5fe0</load_address>
         <run_address>0x5fe0</run_address>
         <size>0x8</size>
      </object_component>
      <object_component id="oc-6ee">
         <name>__TI_cinit_table</name>
         <load_address>0x5fe8</load_address>
         <run_address>0x5fe8</run_address>
         <size>0x20</size>
      </object_component>
      <object_component id="oc-8d">
         <name>.text</name>
         <load_address>0x8020</load_address>
         <run_address>0x8020</run_address>
         <size>0x2cdc</size>
         <input_file_ref idref="fl-28"/>
      </object_component>
      <object_component id="oc-bd">
         <name>.text</name>
         <load_address>0xacfc</load_address>
         <run_address>0xacfc</run_address>
         <size>0x177c</size>
         <input_file_ref idref="fl-c"/>
      </object_component>
      <object_component id="oc-184">
         <name>.text</name>
         <load_address>0xc478</load_address>
         <run_address>0xc478</run_address>
         <size>0x12a0</size>
         <input_file_ref idref="fl-9"/>
      </object_component>
      <object_component id="oc-a8">
         <name>.text</name>
         <load_address>0xd718</load_address>
         <run_address>0xd718</run_address>
         <size>0xe64</size>
         <input_file_ref idref="fl-4"/>
      </object_component>
      <object_component id="oc-87">
         <name>.text</name>
         <load_address>0xe57c</load_address>
         <run_address>0xe57c</run_address>
         <size>0xb64</size>
         <input_file_ref idref="fl-2b"/>
      </object_component>
      <object_component id="oc-266">
         <name>.text</name>
         <load_address>0xf0e0</load_address>
         <run_address>0xf0e0</run_address>
         <size>0xa78</size>
         <input_file_ref idref="fl-17"/>
      </object_component>
      <object_component id="oc-3bf">
         <name>.text:__TI_printfi</name>
         <load_address>0xfb58</load_address>
         <run_address>0xfb58</run_address>
         <size>0xa4e</size>
         <input_file_ref idref="fl-33"/>
      </object_component>
      <object_component id="oc-39f">
         <name>.text:_nop</name>
         <load_address>0x105a6</load_address>
         <run_address>0x105a6</run_address>
         <size>0x2</size>
         <input_file_ref idref="fl-44"/>
      </object_component>
      <object_component id="oc-25a">
         <name>.text</name>
         <load_address>0x105a8</load_address>
         <run_address>0x105a8</run_address>
         <size>0x8f0</size>
         <input_file_ref idref="fl-10"/>
      </object_component>
      <object_component id="oc-4a">
         <name>.text</name>
         <load_address>0x10e98</load_address>
         <run_address>0x10e98</run_address>
         <size>0x89c</size>
         <input_file_ref idref="fl-2a"/>
      </object_component>
      <object_component id="oc-17e">
         <name>.text</name>
         <load_address>0x11734</load_address>
         <run_address>0x11734</run_address>
         <size>0x6d0</size>
         <input_file_ref idref="fl-1d"/>
      </object_component>
      <object_component id="oc-7b">
         <name>.text</name>
         <load_address>0x11e04</load_address>
         <run_address>0x11e04</run_address>
         <size>0x664</size>
         <input_file_ref idref="fl-d"/>
      </object_component>
      <object_component id="oc-10c">
         <name>.text</name>
         <load_address>0x12468</load_address>
         <run_address>0x12468</run_address>
         <size>0x654</size>
         <input_file_ref idref="fl-1e"/>
      </object_component>
      <object_component id="oc-93">
         <name>.text</name>
         <load_address>0x12abc</load_address>
         <run_address>0x12abc</run_address>
         <size>0x5bc</size>
         <input_file_ref idref="fl-e"/>
      </object_component>
      <object_component id="oc-a2">
         <name>.text</name>
         <load_address>0x13078</load_address>
         <run_address>0x13078</run_address>
         <size>0x520</size>
         <input_file_ref idref="fl-6"/>
      </object_component>
      <object_component id="oc-260">
         <name>.text</name>
         <load_address>0x13598</load_address>
         <run_address>0x13598</run_address>
         <size>0x484</size>
         <input_file_ref idref="fl-f"/>
      </object_component>
      <object_component id="oc-76">
         <name>.text</name>
         <load_address>0x13a1c</load_address>
         <run_address>0x13a1c</run_address>
         <size>0x34c</size>
         <input_file_ref idref="fl-1f"/>
      </object_component>
      <object_component id="oc-4e6">
         <name>.text</name>
         <load_address>0x13d68</load_address>
         <run_address>0x13d68</run_address>
         <size>0x2b4</size>
         <input_file_ref idref="fl-3d"/>
      </object_component>
      <object_component id="oc-1e">
         <name>.text:retain</name>
         <load_address>0x1401c</load_address>
         <run_address>0x1401c</run_address>
         <size>0x2a4</size>
         <input_file_ref idref="fl-29"/>
      </object_component>
      <object_component id="oc-44">
         <name>.text:retain</name>
         <load_address>0x142c0</load_address>
         <run_address>0x142c0</run_address>
         <size>0x290</size>
         <input_file_ref idref="fl-2a"/>
      </object_component>
      <object_component id="oc-3f7">
         <name>.text</name>
         <load_address>0x14550</load_address>
         <run_address>0x14550</run_address>
         <size>0x278</size>
         <input_file_ref idref="fl-15"/>
      </object_component>
      <object_component id="oc-46d">
         <name>.text:_pconv_a</name>
         <load_address>0x147c8</load_address>
         <run_address>0x147c8</run_address>
         <size>0x248</size>
         <input_file_ref idref="fl-33"/>
      </object_component>
      <object_component id="oc-30f">
         <name>.text</name>
         <load_address>0x14a10</load_address>
         <run_address>0x14a10</run_address>
         <size>0x238</size>
         <input_file_ref idref="fl-16"/>
      </object_component>
      <object_component id="oc-178">
         <name>.text</name>
         <load_address>0x14c48</load_address>
         <run_address>0x14c48</run_address>
         <size>0x1c4</size>
         <input_file_ref idref="fl-11"/>
      </object_component>
      <object_component id="oc-407">
         <name>.text</name>
         <load_address>0x14e0c</load_address>
         <run_address>0x14e0c</run_address>
         <size>0x1b0</size>
         <input_file_ref idref="fl-18"/>
      </object_component>
      <object_component id="oc-45b">
         <name>.text:_pconv_g</name>
         <load_address>0x14fbc</load_address>
         <run_address>0x14fbc</run_address>
         <size>0x1a0</size>
         <input_file_ref idref="fl-33"/>
      </object_component>
      <object_component id="oc-31b">
         <name>.text</name>
         <load_address>0x1515c</load_address>
         <run_address>0x1515c</run_address>
         <size>0x158</size>
         <input_file_ref idref="fl-1b"/>
      </object_component>
      <object_component id="oc-152">
         <name>.text</name>
         <load_address>0x152b4</load_address>
         <run_address>0x152b4</run_address>
         <size>0x11c</size>
         <input_file_ref idref="fl-7"/>
      </object_component>
      <object_component id="oc-495">
         <name>.text:fputs</name>
         <load_address>0x153d0</load_address>
         <run_address>0x153d0</run_address>
         <size>0x118</size>
         <input_file_ref idref="fl-37"/>
      </object_component>
      <object_component id="oc-33">
         <name>.text:retain</name>
         <load_address>0x154e8</load_address>
         <run_address>0x154e8</run_address>
         <size>0x114</size>
         <input_file_ref idref="fl-e"/>
      </object_component>
      <object_component id="oc-467">
         <name>.text:_pconv_e</name>
         <load_address>0x155fc</load_address>
         <run_address>0x155fc</run_address>
         <size>0x104</size>
         <input_file_ref idref="fl-33"/>
      </object_component>
      <object_component id="oc-623">
         <name>.text:aligned_alloc</name>
         <load_address>0x15700</load_address>
         <run_address>0x15700</run_address>
         <size>0x100</size>
         <input_file_ref idref="fl-4b"/>
      </object_component>
      <object_component id="oc-4ff">
         <name>.text:fcvt</name>
         <load_address>0x15800</load_address>
         <run_address>0x15800</run_address>
         <size>0xfc</size>
         <input_file_ref idref="fl-33"/>
      </object_component>
      <object_component id="oc-513">
         <name>.text:scalbn</name>
         <load_address>0x158fc</load_address>
         <run_address>0x158fc</run_address>
         <size>0xf0</size>
         <input_file_ref idref="fl-54"/>
      </object_component>
      <object_component id="oc-cd">
         <name>.text</name>
         <load_address>0x159ec</load_address>
         <run_address>0x159ec</run_address>
         <size>0xe8</size>
         <input_file_ref idref="fl-b"/>
      </object_component>
      <object_component id="oc-5c7">
         <name>.text:free</name>
         <load_address>0x15ad4</load_address>
         <run_address>0x15ad4</run_address>
         <size>0xe4</size>
         <input_file_ref idref="fl-4b"/>
      </object_component>
      <object_component id="oc-b7">
         <name>.text</name>
         <load_address>0x15bb8</load_address>
         <run_address>0x15bb8</run_address>
         <size>0xe0</size>
         <input_file_ref idref="fl-12"/>
      </object_component>
      <object_component id="oc-114">
         <name>.text</name>
         <load_address>0x15c98</load_address>
         <run_address>0x15c98</run_address>
         <size>0xe0</size>
         <input_file_ref idref="fl-27"/>
      </object_component>
      <object_component id="oc-58f">
         <name>.text:setvbuf</name>
         <load_address>0x15d78</load_address>
         <run_address>0x15d78</run_address>
         <size>0xdc</size>
         <input_file_ref idref="fl-39"/>
      </object_component>
      <object_component id="oc-2d">
         <name>.text:retain</name>
         <load_address>0x15e54</load_address>
         <run_address>0x15e54</run_address>
         <size>0xcc</size>
         <input_file_ref idref="fl-c"/>
      </object_component>
      <object_component id="oc-455">
         <name>.text:_ltostr</name>
         <load_address>0x15f20</load_address>
         <run_address>0x15f20</run_address>
         <size>0xad</size>
         <input_file_ref idref="fl-33"/>
      </object_component>
      <object_component id="oc-5e">
         <name>.text</name>
         <load_address>0x15fce</load_address>
         <run_address>0x15fce</run_address>
         <size>0x9c</size>
         <input_file_ref idref="fl-3a"/>
      </object_component>
      <object_component id="oc-3b5">
         <name>.text</name>
         <load_address>0x1606a</load_address>
         <run_address>0x1606a</run_address>
         <size>0x2</size>
         <input_file_ref idref="fl-57"/>
      </object_component>
      <object_component id="oc-49c">
         <name>.text:fputc</name>
         <load_address>0x1606c</load_address>
         <run_address>0x1606c</run_address>
         <size>0x90</size>
         <input_file_ref idref="fl-36"/>
      </object_component>
      <object_component id="oc-2db">
         <name>.text:fflush</name>
         <load_address>0x160fc</load_address>
         <run_address>0x160fc</run_address>
         <size>0x80</size>
         <input_file_ref idref="fl-35"/>
      </object_component>
      <object_component id="oc-24">
         <name>.text:retain</name>
         <load_address>0x1617c</load_address>
         <run_address>0x1617c</run_address>
         <size>0x80</size>
         <input_file_ref idref="fl-3"/>
      </object_component>
      <object_component id="oc-4f8">
         <name>.text:_mcpy</name>
         <load_address>0x161fc</load_address>
         <run_address>0x161fc</run_address>
         <size>0x7a</size>
         <input_file_ref idref="fl-33"/>
      </object_component>
      <object_component id="oc-fe">
         <name>.text</name>
         <load_address>0x16276</load_address>
         <run_address>0x16276</run_address>
         <size>0x7a</size>
         <input_file_ref idref="fl-3b"/>
      </object_component>
      <object_component id="oc-62a">
         <name>.text:__TI_closefile</name>
         <load_address>0x162f0</load_address>
         <run_address>0x162f0</run_address>
         <size>0x74</size>
         <input_file_ref idref="fl-63"/>
      </object_component>
      <object_component id="oc-50d">
         <name>.text:frexp</name>
         <load_address>0x16364</load_address>
         <run_address>0x16364</run_address>
         <size>0x74</size>
         <input_file_ref idref="fl-53"/>
      </object_component>
      <object_component id="oc-65c">
         <name>.text:split</name>
         <load_address>0x163d8</load_address>
         <run_address>0x163d8</run_address>
         <size>0x74</size>
         <input_file_ref idref="fl-4b"/>
      </object_component>
      <object_component id="oc-608">
         <name>.text:HOSTrename</name>
         <load_address>0x1644c</load_address>
         <run_address>0x1644c</run_address>
         <size>0x6c</size>
         <input_file_ref idref="fl-5c"/>
      </object_component>
      <object_component id="oc-11">
         <name>.text:decompress:lzss:__TI_decompress_lzss</name>
         <load_address>0x164b8</load_address>
         <run_address>0x164b8</run_address>
         <size>0x6c</size>
         <input_file_ref idref="fl-42"/>
      </object_component>
      <object_component id="oc-5fc">
         <name>.text:HOSTlseek</name>
         <load_address>0x16524</load_address>
         <run_address>0x16524</run_address>
         <size>0x68</size>
         <input_file_ref idref="fl-59"/>
      </object_component>
      <object_component id="oc-2d5">
         <name>.text:printf</name>
         <load_address>0x1658c</load_address>
         <run_address>0x1658c</run_address>
         <size>0x68</size>
         <input_file_ref idref="fl-32"/>
      </object_component>
      <object_component id="oc-541">
         <name>.text:__TI_wrt_ok</name>
         <load_address>0x165f4</load_address>
         <run_address>0x165f4</run_address>
         <size>0x64</size>
         <input_file_ref idref="fl-38"/>
      </object_component>
      <object_component id="oc-589">
         <name>.text:fseek</name>
         <load_address>0x16658</load_address>
         <run_address>0x16658</run_address>
         <size>0x64</size>
         <input_file_ref idref="fl-56"/>
      </object_component>
      <object_component id="oc-5e4">
         <name>.text:HOSTopen</name>
         <load_address>0x166bc</load_address>
         <run_address>0x166bc</run_address>
         <size>0x5c</size>
         <input_file_ref idref="fl-5a"/>
      </object_component>
      <object_component id="oc-5f0">
         <name>.text:HOSTread</name>
         <load_address>0x16718</load_address>
         <run_address>0x16718</run_address>
         <size>0x5c</size>
         <input_file_ref idref="fl-5b"/>
      </object_component>
      <object_component id="oc-5f6">
         <name>.text:HOSTwrite</name>
         <load_address>0x16774</load_address>
         <run_address>0x16774</run_address>
         <size>0x58</size>
         <input_file_ref idref="fl-5e"/>
      </object_component>
      <object_component id="oc-663">
         <name>.text:close</name>
         <load_address>0x167cc</load_address>
         <run_address>0x167cc</run_address>
         <size>0x58</size>
         <input_file_ref idref="fl-69"/>
      </object_component>
      <object_component id="oc-4ec">
         <name>.text:__TI_ltoa</name>
         <load_address>0x16824</load_address>
         <run_address>0x16824</run_address>
         <size>0x54</size>
         <input_file_ref idref="fl-45"/>
      </object_component>
      <object_component id="oc-4f2">
         <name>.text:_ecpy</name>
         <load_address>0x16878</load_address>
         <run_address>0x16878</run_address>
         <size>0x54</size>
         <input_file_ref idref="fl-33"/>
      </object_component>
      <object_component id="oc-461">
         <name>.text:_pconv_f</name>
         <load_address>0x168cc</load_address>
         <run_address>0x168cc</run_address>
         <size>0x50</size>
         <input_file_ref idref="fl-33"/>
      </object_component>
      <object_component id="oc-44f">
         <name>.text:atoi</name>
         <load_address>0x1691c</load_address>
         <run_address>0x1691c</run_address>
         <size>0x50</size>
         <input_file_ref idref="fl-46"/>
      </object_component>
      <object_component id="oc-2c7">
         <name>.text</name>
         <load_address>0x1696c</load_address>
         <run_address>0x1696c</run_address>
         <size>0x50</size>
         <input_file_ref idref="fl-3c"/>
      </object_component>
      <object_component id="oc-3db">
         <name>.text:__TI_doflush</name>
         <load_address>0x169bc</load_address>
         <run_address>0x169bc</run_address>
         <size>0x4c</size>
         <input_file_ref idref="fl-35"/>
      </object_component>
      <object_component id="oc-5ea">
         <name>.text:HOSTclose</name>
         <load_address>0x16a08</load_address>
         <run_address>0x16a08</run_address>
         <size>0x44</size>
         <input_file_ref idref="fl-58"/>
      </object_component>
      <object_component id="oc-602">
         <name>.text:HOSTunlink</name>
         <load_address>0x16a4c</load_address>
         <run_address>0x16a4c</run_address>
         <size>0x44</size>
         <input_file_ref idref="fl-5d"/>
      </object_component>
      <object_component id="oc-122">
         <name>.text:__TI_auto_init_nobinit_nopinit:__TI_auto_init_nobinit_nopinit</name>
         <load_address>0x16a90</load_address>
         <run_address>0x16a90</run_address>
         <size>0x44</size>
         <input_file_ref idref="fl-3e"/>
      </object_component>
      <object_component id="oc-15f">
         <name>.text:exit</name>
         <load_address>0x16ad4</load_address>
         <run_address>0x16ad4</run_address>
         <size>0x44</size>
         <input_file_ref idref="fl-43"/>
      </object_component>
      <object_component id="oc-68d">
         <name>.text:getdevice</name>
         <load_address>0x16b18</load_address>
         <run_address>0x16b18</run_address>
         <size>0x44</size>
         <input_file_ref idref="fl-64"/>
      </object_component>
      <object_component id="oc-505">
         <name>.text:_fcpy</name>
         <load_address>0x16b5c</load_address>
         <run_address>0x16b5c</run_address>
         <size>0x40</size>
         <input_file_ref idref="fl-33"/>
      </object_component>
      <object_component id="oc-633">
         <name>.text:__TI_writemsg</name>
         <load_address>0x16b9c</load_address>
         <run_address>0x16b9c</run_address>
         <size>0x3c</size>
         <input_file_ref idref="fl-5f"/>
      </object_component>
      <object_component id="oc-69f">
         <name>.text:strncpy</name>
         <load_address>0x16bd8</load_address>
         <run_address>0x16bd8</run_address>
         <size>0x36</size>
         <input_file_ref idref="fl-67"/>
      </object_component>
      <object_component id="oc-5d3">
         <name>.text:__TI_cleanup</name>
         <load_address>0x16c10</load_address>
         <run_address>0x16c10</run_address>
         <size>0x34</size>
         <input_file_ref idref="fl-55"/>
      </object_component>
      <object_component id="oc-639">
         <name>.text:__TI_readmsg</name>
         <load_address>0x16c44</load_address>
         <run_address>0x16c44</run_address>
         <size>0x34</size>
         <input_file_ref idref="fl-5f"/>
      </object_component>
      <object_component id="oc-6a5">
         <name>.text:finddevice</name>
         <load_address>0x16c78</load_address>
         <run_address>0x16c78</run_address>
         <size>0x34</size>
         <input_file_ref idref="fl-64"/>
      </object_component>
      <object_component id="oc-669">
         <name>.text:unlink</name>
         <load_address>0x16cac</load_address>
         <run_address>0x16cac</run_address>
         <size>0x2c</size>
         <input_file_ref idref="fl-6a"/>
      </object_component>
      <object_component id="oc-61c">
         <name>.text:free_list_insert</name>
         <load_address>0x16cd8</load_address>
         <run_address>0x16cd8</run_address>
         <size>0x28</size>
         <input_file_ref idref="fl-4b"/>
      </object_component>
      <object_component id="oc-5bf">
         <name>.text:lseek</name>
         <load_address>0x16d00</load_address>
         <run_address>0x16d00</run_address>
         <size>0x28</size>
         <input_file_ref idref="fl-61"/>
      </object_component>
      <object_component id="oc-4aa">
         <name>.text:write</name>
         <load_address>0x16d28</load_address>
         <run_address>0x16d28</run_address>
         <size>0x28</size>
         <input_file_ref idref="fl-4f"/>
      </object_component>
      <object_component id="oc-473">
         <name>.text:memccpy</name>
         <load_address>0x16d50</load_address>
         <run_address>0x16d50</run_address>
         <size>0x26</size>
         <input_file_ref idref="fl-49"/>
      </object_component>
      <object_component id="oc-547">
         <name>.text:memchr</name>
         <load_address>0x16d76</load_address>
         <run_address>0x16d76</run_address>
         <size>0x20</size>
         <input_file_ref idref="fl-4a"/>
      </object_component>
      <object_component id="oc-56d">
         <name>.text:copysign</name>
         <load_address>0x16d96</load_address>
         <run_address>0x16d96</run_address>
         <size>0x1e</size>
         <input_file_ref idref="fl-62"/>
      </object_component>
      <object_component id="oc-616">
         <name>.text:free_list_remove</name>
         <load_address>0x16db4</load_address>
         <run_address>0x16db4</run_address>
         <size>0x1c</size>
         <input_file_ref idref="fl-4b"/>
      </object_component>
      <object_component id="oc-6b6">
         <name>.text:strcmp</name>
         <load_address>0x16dd0</load_address>
         <run_address>0x16dd0</run_address>
         <size>0x18</size>
         <input_file_ref idref="fl-65"/>
      </object_component>
      <object_component id="oc-519">
         <name>.text:strchr</name>
         <load_address>0x16de8</load_address>
         <run_address>0x16de8</run_address>
         <size>0x16</size>
         <input_file_ref idref="fl-4d"/>
      </object_component>
      <object_component id="oc-324">
         <name>.text:strlen</name>
         <load_address>0x16dfe</load_address>
         <run_address>0x16dfe</run_address>
         <size>0x16</size>
         <input_file_ref idref="fl-4e"/>
      </object_component>
      <object_component id="oc-64d">
         <name>.text:strcpy</name>
         <load_address>0x16e14</load_address>
         <run_address>0x16e14</run_address>
         <size>0x14</size>
         <input_file_ref idref="fl-66"/>
      </object_component>
      <object_component id="oc-479">
         <name>.text:wcslen</name>
         <load_address>0x16e28</load_address>
         <run_address>0x16e28</run_address>
         <size>0x12</size>
         <input_file_ref idref="fl-52"/>
      </object_component>
      <object_component id="oc-9a">
         <name>.text</name>
         <load_address>0x16e3c</load_address>
         <run_address>0x16e3c</run_address>
         <size>0x10</size>
         <input_file_ref idref="fl-22"/>
      </object_component>
      <object_component id="oc-17">
         <name>.text:decompress:none:__TI_decompress_none</name>
         <load_address>0x16e4c</load_address>
         <run_address>0x16e4c</run_address>
         <size>0xe</size>
         <input_file_ref idref="fl-41"/>
      </object_component>
      <object_component id="oc-70">
         <name>.text:decompress:ZI:__TI_zero_init</name>
         <load_address>0x16e5a</load_address>
         <run_address>0x16e5a</run_address>
         <size>0xc</size>
         <input_file_ref idref="fl-40"/>
      </object_component>
      <object_component id="oc-47f">
         <name>.text:__aeabi_errno_addr</name>
         <load_address>0x16e68</load_address>
         <run_address>0x16e68</run_address>
         <size>0x8</size>
         <input_file_ref idref="fl-51"/>
      </object_component>
      <object_component id="oc-5cd">
         <name>.text:malloc</name>
         <load_address>0x16e70</load_address>
         <run_address>0x16e70</run_address>
         <size>0x8</size>
         <input_file_ref idref="fl-4b"/>
      </object_component>
      <object_component id="oc-3ce">
         <name>.text:_outc</name>
         <load_address>0x16e78</load_address>
         <run_address>0x16e78</run_address>
         <size>0x4</size>
         <input_file_ref idref="fl-32"/>
      </object_component>
      <object_component id="oc-3c8">
         <name>.text:_outs</name>
         <load_address>0x16e7c</load_address>
         <run_address>0x16e7c</run_address>
         <size>0x4</size>
         <input_file_ref idref="fl-32"/>
      </object_component>
      <object_component id="oc-159">
         <name>.text:abort:abort</name>
         <load_address>0x16e80</load_address>
         <run_address>0x16e80</run_address>
         <size>0x4</size>
         <input_file_ref idref="fl-43"/>
      </object_component>
      <object_component id="oc-3e">
         <name>.text:retain</name>
         <load_address>0x16e84</load_address>
         <run_address>0x16e84</run_address>
         <size>0x4</size>
         <input_file_ref idref="fl-25"/>
      </object_component>
      <object_component id="oc-81">
         <name>.text</name>
         <load_address>0x16e88</load_address>
         <run_address>0x16e88</run_address>
         <size>0x4</size>
         <input_file_ref idref="fl-29"/>
      </object_component>
      <object_component id="oc-35d">
         <name>.const:het1PROGRAM</name>
         <load_address>0x16e8c</load_address>
         <run_address>0x16e8c</run_address>
         <size>0x3a0</size>
         <input_file_ref idref="fl-10"/>
      </object_component>
      <object_component id="oc-2a">
         <name>.const:s_vim_init</name>
         <load_address>0x1722c</load_address>
         <run_address>0x1722c</run_address>
         <size>0x180</size>
         <input_file_ref idref="fl-2a"/>
      </object_component>
      <object_component id="oc-4e1">
         <name>.const:.string:_ctypes_</name>
         <load_address>0x173ac</load_address>
         <run_address>0x173ac</run_address>
         <size>0x101</size>
         <input_file_ref idref="fl-47"/>
      </object_component>
      <object_component id="oc-360">
         <name>.const:s_het1pwmPolarity</name>
         <load_address>0x174b0</load_address>
         <run_address>0x174b0</run_address>
         <size>0x20</size>
         <input_file_ref idref="fl-10"/>
      </object_component>
      <object_component id="oc-26c">
         <name>.const:.string:$P$T0$1</name>
         <load_address>0x174d0</load_address>
         <run_address>0x174d0</run_address>
         <size>0x4</size>
         <input_file_ref idref="fl-7"/>
      </object_component>
      <object_component id="oc-26f">
         <name>.const:.string:$P$T1$2</name>
         <load_address>0x174d4</load_address>
         <run_address>0x174d4</run_address>
         <size>0x4</size>
         <input_file_ref idref="fl-7"/>
      </object_component>
      <object_component id="oc-272">
         <name>.const:.string:$P$T2$3</name>
         <load_address>0x174d8</load_address>
         <run_address>0x174d8</run_address>
         <size>0x4</size>
         <input_file_ref idref="fl-7"/>
      </object_component>
      <object_component id="oc-1a0">
         <name>.kernelBSS:init</name>
         <load_address>0x80008d0</load_address>
         <run_address>0x80008d0</run_address>
         <size>0x34</size>
         <input_file_ref idref="fl-1b"/>
      </object_component>
      <object_component id="oc-321">
         <name>.kernelBSS:uninit</name>
         <load_address>0x8000800</load_address>
         <run_address>0x8000800</run_address>
         <size>0xd0</size>
         <input_file_ref idref="fl-1b"/>
      </object_component>
      <object_component id="oc-4c4">
         <name>.kernelHEAP</name>
         <uninitialized>true</uninitialized>
         <run_address>0x8004dc4</run_address>
         <size>0x2000</size>
         <input_file_ref idref="fl-15"/>
      </object_component>
      <object_component id="oc-18a">
         <name>.bss:hdkif_data</name>
         <uninitialized>true</uninitialized>
         <run_address>0x8004ce4</run_address>
         <size>0x44</size>
         <input_file_ref idref="fl-4"/>
      </object_component>
      <object_component id="oc-2e7">
         <name>.bss</name>
         <uninitialized>true</uninitialized>
         <run_address>0x8004da0</run_address>
         <size>0x14</size>
         <input_file_ref idref="fl-9"/>
      </object_component>
      <object_component id="oc-1d8">
         <name>.bss:pbuf_array</name>
         <uninitialized>true</uninitialized>
         <run_address>0x8001000</run_address>
         <size>0x3b24</size>
         <input_file_ref idref="fl-c"/>
      </object_component>
      <object_component id="oc-400">
         <name>.bss:xStart</name>
         <uninitialized>true</uninitialized>
         <run_address>0x8004db4</run_address>
         <size>0x8</size>
         <input_file_ref idref="fl-15"/>
      </object_component>
      <object_component id="oc-672">
         <name>.bss:_CIOBUF_</name>
         <uninitialized>true</uninitialized>
         <run_address>0x8004b24</run_address>
         <size>0x120</size>
         <input_file_ref idref="fl-5f"/>
      </object_component>
      <object_component id="oc-165">
         <name>.common:hdkNetIF</name>
         <uninitialized>true</uninitialized>
         <run_address>0x8004d28</run_address>
         <size>0x3c</size>
      </object_component>
      <object_component id="oc-c3">
         <name>.common:hdkif_data</name>
         <uninitialized>true</uninitialized>
         <run_address>0x8004d64</run_address>
         <size>0x3c</size>
      </object_component>
      <object_component id="oc-66f">
         <name>.common:__TI_tmpnams</name>
         <uninitialized>true</uninitialized>
         <run_address>0x8004c44</run_address>
         <size>0xa0</size>
      </object_component>
      <object_component id="oc-63f">
         <name>.common:parmbuf</name>
         <uninitialized>true</uninitialized>
         <run_address>0x8004dbc</run_address>
         <size>0x8</size>
      </object_component>
      <object_component id="oc-3fd">
         <name>.data</name>
         <load_address>0x8006f7c</load_address>
         <run_address>0x8006f7c</run_address>
         <size>0x10</size>
         <input_file_ref idref="fl-15"/>
      </object_component>
      <object_component id="oc-1a3">
         <name>.data</name>
         <load_address>0x8006fb8</load_address>
         <run_address>0x8006fb8</run_address>
         <size>0x8</size>
         <input_file_ref idref="fl-18"/>
      </object_component>
      <object_component id="oc-275">
         <name>.data:emacAddress</name>
         <load_address>0x8006fc0</load_address>
         <run_address>0x8006fc0</run_address>
         <size>0x6</size>
         <input_file_ref idref="fl-22"/>
      </object_component>
      <object_component id="oc-27b">
         <name>.data:$O1$$</name>
         <load_address>0x8006f9c</load_address>
         <run_address>0x8006f9c</run_address>
         <size>0xc</size>
         <input_file_ref idref="fl-43"/>
      </object_component>
      <object_component id="oc-27e">
         <name>.data:$O1$$</name>
         <load_address>0x8006fa8</load_address>
         <run_address>0x8006fa8</run_address>
         <size>0x8</size>
         <input_file_ref idref="fl-44"/>
      </object_component>
      <object_component id="oc-3c5">
         <name>.data:_ftable</name>
         <load_address>0x8006dc4</load_address>
         <run_address>0x8006dc4</run_address>
         <size>0xf0</size>
         <input_file_ref idref="fl-48"/>
      </object_component>
      <object_component id="oc-3e1">
         <name>.data</name>
         <load_address>0x8006f8c</load_address>
         <run_address>0x8006f8c</run_address>
         <size>0x10</size>
         <input_file_ref idref="fl-48"/>
      </object_component>
      <object_component id="oc-657">
         <name>.data:$O1$$</name>
         <load_address>0x8006fb0</load_address>
         <run_address>0x8006fb0</run_address>
         <size>0x8</size>
         <input_file_ref idref="fl-4b"/>
      </object_component>
      <object_component id="oc-59d">
         <name>.data:_device</name>
         <load_address>0x8006eb4</load_address>
         <run_address>0x8006eb4</run_address>
         <size>0x78</size>
         <input_file_ref idref="fl-50"/>
      </object_component>
      <object_component id="oc-551">
         <name>.data:_stream</name>
         <load_address>0x8006f2c</load_address>
         <run_address>0x8006f2c</run_address>
         <size>0x50</size>
         <input_file_ref idref="fl-50"/>
      </object_component>
      <object_component id="oc-529">
         <name>.data</name>
         <load_address>0x8006fc8</load_address>
         <run_address>0x8006fc8</run_address>
         <size>0x4</size>
         <input_file_ref idref="fl-51"/>
      </object_component>
      <object_component id="oc-4bc">
         <name>.debug_info</name>
         <load_address>0x0</load_address>
         <run_address>0x0</run_address>
         <size>0x2b5</size>
         <input_file_ref idref="fl-2"/>
      </object_component>
      <object_component id="oc-3e8">
         <name>.debug_info</name>
         <load_address>0x2b5</load_address>
         <run_address>0x2b5</run_address>
         <size>0x110</size>
         <input_file_ref idref="fl-2"/>
      </object_component>
      <object_component id="oc-59">
         <name>.debug_info</name>
         <load_address>0x3c5</load_address>
         <run_address>0x3c5</run_address>
         <size>0x84</size>
         <input_file_ref idref="fl-2"/>
      </object_component>
      <object_component id="oc-1e4">
         <name>.debug_info</name>
         <load_address>0x449</load_address>
         <run_address>0x449</run_address>
         <size>0x804</size>
         <input_file_ref idref="fl-3"/>
      </object_component>
      <object_component id="oc-25">
         <name>.debug_info</name>
         <load_address>0xc4d</load_address>
         <run_address>0xc4d</run_address>
         <size>0x240</size>
         <input_file_ref idref="fl-3"/>
      </object_component>
      <object_component id="oc-18e">
         <name>.debug_info</name>
         <load_address>0xe8d</load_address>
         <run_address>0xe8d</run_address>
         <size>0xdc</size>
         <input_file_ref idref="fl-3"/>
      </object_component>
      <object_component id="oc-2ae">
         <name>.debug_info</name>
         <load_address>0xf69</load_address>
         <run_address>0xf69</run_address>
         <size>0x1c7</size>
         <input_file_ref idref="fl-3"/>
      </object_component>
      <object_component id="oc-1a9">
         <name>.debug_info</name>
         <load_address>0x1130</load_address>
         <run_address>0x1130</run_address>
         <size>0x26b</size>
         <input_file_ref idref="fl-3"/>
      </object_component>
      <object_component id="oc-c8">
         <name>.debug_info</name>
         <load_address>0x139b</load_address>
         <run_address>0x139b</run_address>
         <size>0x157</size>
         <input_file_ref idref="fl-3"/>
      </object_component>
      <object_component id="oc-286">
         <name>.debug_info</name>
         <load_address>0x14f2</load_address>
         <run_address>0x14f2</run_address>
         <size>0x3f1</size>
         <input_file_ref idref="fl-3"/>
      </object_component>
      <object_component id="oc-28b">
         <name>.debug_info</name>
         <load_address>0x18e3</load_address>
         <run_address>0x18e3</run_address>
         <size>0x278</size>
         <input_file_ref idref="fl-3"/>
      </object_component>
      <object_component id="oc-3ab">
         <name>.debug_info</name>
         <load_address>0x1b5b</load_address>
         <run_address>0x1b5b</run_address>
         <size>0xa2</size>
         <input_file_ref idref="fl-3"/>
      </object_component>
      <object_component id="oc-db">
         <name>.debug_info</name>
         <load_address>0x1bfd</load_address>
         <run_address>0x1bfd</run_address>
         <size>0x8b</size>
         <input_file_ref idref="fl-3"/>
      </object_component>
      <object_component id="oc-2b3">
         <name>.debug_info</name>
         <load_address>0x1c88</load_address>
         <run_address>0x1c88</run_address>
         <size>0xcd</size>
         <input_file_ref idref="fl-3"/>
      </object_component>
      <object_component id="oc-d6">
         <name>.debug_info</name>
         <load_address>0x1d55</load_address>
         <run_address>0x1d55</run_address>
         <size>0x18c</size>
         <input_file_ref idref="fl-3"/>
      </object_component>
      <object_component id="oc-2f1">
         <name>.debug_info</name>
         <load_address>0x1ee1</load_address>
         <run_address>0x1ee1</run_address>
         <size>0x2c</size>
         <input_file_ref idref="fl-3"/>
      </object_component>
      <object_component id="oc-2b8">
         <name>.debug_info</name>
         <load_address>0x1f0d</load_address>
         <run_address>0x1f0d</run_address>
         <size>0x70a</size>
         <input_file_ref idref="fl-3"/>
      </object_component>
      <object_component id="oc-2bd">
         <name>.debug_info</name>
         <load_address>0x2617</load_address>
         <run_address>0x2617</run_address>
         <size>0x12a</size>
         <input_file_ref idref="fl-3"/>
      </object_component>
      <object_component id="oc-2c2">
         <name>.debug_info</name>
         <load_address>0x2741</load_address>
         <run_address>0x2741</run_address>
         <size>0x2a4</size>
         <input_file_ref idref="fl-3"/>
      </object_component>
      <object_component id="oc-16e">
         <name>.debug_info</name>
         <load_address>0x29e5</load_address>
         <run_address>0x29e5</run_address>
         <size>0xbb</size>
         <input_file_ref idref="fl-3"/>
      </object_component>
      <object_component id="oc-290">
         <name>.debug_info</name>
         <load_address>0x2aa0</load_address>
         <run_address>0x2aa0</run_address>
         <size>0xa1</size>
         <input_file_ref idref="fl-3"/>
      </object_component>
      <object_component id="oc-295">
         <name>.debug_info</name>
         <load_address>0x2b41</load_address>
         <run_address>0x2b41</run_address>
         <size>0x3d2</size>
         <input_file_ref idref="fl-3"/>
      </object_component>
      <object_component id="oc-3b0">
         <name>.debug_info</name>
         <load_address>0x2f13</load_address>
         <run_address>0x2f13</run_address>
         <size>0x9d</size>
         <input_file_ref idref="fl-3"/>
      </object_component>
      <object_component id="oc-195">
         <name>.debug_info</name>
         <load_address>0x2fb0</load_address>
         <run_address>0x2fb0</run_address>
         <size>0xe8</size>
         <input_file_ref idref="fl-3"/>
      </object_component>
      <object_component id="oc-2fb">
         <name>.debug_info</name>
         <load_address>0x3098</load_address>
         <run_address>0x3098</run_address>
         <size>0xcc</size>
         <input_file_ref idref="fl-3"/>
      </object_component>
      <object_component id="oc-e0">
         <name>.debug_info</name>
         <load_address>0x3164</load_address>
         <run_address>0x3164</run_address>
         <size>0x86</size>
         <input_file_ref idref="fl-3"/>
      </object_component>
      <object_component id="oc-3d6">
         <name>.debug_info</name>
         <load_address>0x31ea</load_address>
         <run_address>0x31ea</run_address>
         <size>0x2c</size>
         <input_file_ref idref="fl-3"/>
      </object_component>
      <object_component id="oc-214">
         <name>.debug_info</name>
         <load_address>0x3216</load_address>
         <run_address>0x3216</run_address>
         <size>0x35</size>
         <input_file_ref idref="fl-3"/>
      </object_component>
      <object_component id="oc-1de">
         <name>.debug_info</name>
         <load_address>0x324b</load_address>
         <run_address>0x324b</run_address>
         <size>0x515</size>
         <input_file_ref idref="fl-3"/>
      </object_component>
      <object_component id="oc-1b3">
         <name>.debug_info</name>
         <load_address>0x3760</load_address>
         <run_address>0x3760</run_address>
         <size>0x435</size>
         <input_file_ref idref="fl-3"/>
      </object_component>
      <object_component id="oc-237">
         <name>.debug_info</name>
         <load_address>0x3b95</load_address>
         <run_address>0x3b95</run_address>
         <size>0x551</size>
         <input_file_ref idref="fl-3"/>
      </object_component>
      <object_component id="oc-1b8">
         <name>.debug_info</name>
         <load_address>0x40e6</load_address>
         <run_address>0x40e6</run_address>
         <size>0x1f9</size>
         <input_file_ref idref="fl-3"/>
      </object_component>
      <object_component id="oc-173">
         <name>.debug_info</name>
         <load_address>0x42df</load_address>
         <run_address>0x42df</run_address>
         <size>0x4e</size>
         <input_file_ref idref="fl-3"/>
      </object_component>
      <object_component id="oc-29a">
         <name>.debug_info</name>
         <load_address>0x432d</load_address>
         <run_address>0x432d</run_address>
         <size>0x56</size>
         <input_file_ref idref="fl-3"/>
      </object_component>
      <object_component id="oc-29f">
         <name>.debug_info</name>
         <load_address>0x4383</load_address>
         <run_address>0x4383</run_address>
         <size>0x124</size>
         <input_file_ref idref="fl-3"/>
      </object_component>
      <object_component id="oc-2a4">
         <name>.debug_info</name>
         <load_address>0x44a7</load_address>
         <run_address>0x44a7</run_address>
         <size>0x12b</size>
         <input_file_ref idref="fl-3"/>
      </object_component>
      <object_component id="oc-2a9">
         <name>.debug_info</name>
         <load_address>0x45d2</load_address>
         <run_address>0x45d2</run_address>
         <size>0x9f</size>
         <input_file_ref idref="fl-3"/>
      </object_component>
      <object_component id="oc-2d0">
         <name>.debug_info</name>
         <load_address>0x4671</load_address>
         <run_address>0x4671</run_address>
         <size>0x4c</size>
         <input_file_ref idref="fl-3"/>
      </object_component>
      <object_component id="oc-169">
         <name>.debug_info</name>
         <load_address>0x46bd</load_address>
         <run_address>0x46bd</run_address>
         <size>0x227</size>
         <input_file_ref idref="fl-3"/>
      </object_component>
      <object_component id="oc-1bd">
         <name>.debug_info</name>
         <load_address>0x48e4</load_address>
         <run_address>0x48e4</run_address>
         <size>0x6a6</size>
         <input_file_ref idref="fl-3"/>
      </object_component>
      <object_component id="oc-1c2">
         <name>.debug_info</name>
         <load_address>0x4f8a</load_address>
         <run_address>0x4f8a</run_address>
         <size>0x13e</size>
         <input_file_ref idref="fl-3"/>
      </object_component>
      <object_component id="oc-1c7">
         <name>.debug_info</name>
         <load_address>0x50c8</load_address>
         <run_address>0x50c8</run_address>
         <size>0x2cf</size>
         <input_file_ref idref="fl-3"/>
      </object_component>
      <object_component id="oc-193">
         <name>.debug_info</name>
         <load_address>0x5397</load_address>
         <run_address>0x5397</run_address>
         <size>0xd51</size>
         <input_file_ref idref="fl-4"/>
      </object_component>
      <object_component id="oc-18b">
         <name>.debug_info</name>
         <load_address>0x60e8</load_address>
         <run_address>0x60e8</run_address>
         <size>0x107</size>
         <input_file_ref idref="fl-4"/>
      </object_component>
      <object_component id="oc-aa">
         <name>.debug_info</name>
         <load_address>0x61ef</load_address>
         <run_address>0x61ef</run_address>
         <size>0x1d7a</size>
         <input_file_ref idref="fl-4"/>
      </object_component>
      <object_component id="oc-304">
         <name>.debug_info</name>
         <load_address>0x7f69</load_address>
         <run_address>0x7f69</run_address>
         <size>0x295</size>
         <input_file_ref idref="fl-4"/>
      </object_component>
      <object_component id="oc-3f4">
         <name>.debug_info</name>
         <load_address>0x81fe</load_address>
         <run_address>0x81fe</run_address>
         <size>0x807</size>
         <input_file_ref idref="fl-5"/>
      </object_component>
      <object_component id="oc-2f6">
         <name>.debug_info</name>
         <load_address>0x8a05</load_address>
         <run_address>0x8a05</run_address>
         <size>0x30c</size>
         <input_file_ref idref="fl-5"/>
      </object_component>
      <object_component id="oc-398">
         <name>.debug_info</name>
         <load_address>0x8d11</load_address>
         <run_address>0x8d11</run_address>
         <size>0x395</size>
         <input_file_ref idref="fl-5"/>
      </object_component>
      <object_component id="oc-389">
         <name>.debug_info</name>
         <load_address>0x90a6</load_address>
         <run_address>0x90a6</run_address>
         <size>0x278</size>
         <input_file_ref idref="fl-5"/>
      </object_component>
      <object_component id="oc-2eb">
         <name>.debug_info</name>
         <load_address>0x931e</load_address>
         <run_address>0x931e</run_address>
         <size>0xe1</size>
         <input_file_ref idref="fl-5"/>
      </object_component>
      <object_component id="oc-32c">
         <name>.debug_info</name>
         <load_address>0x93ff</load_address>
         <run_address>0x93ff</run_address>
         <size>0x2c</size>
         <input_file_ref idref="fl-5"/>
      </object_component>
      <object_component id="oc-38e">
         <name>.debug_info</name>
         <load_address>0x942b</load_address>
         <run_address>0x942b</run_address>
         <size>0x3d2</size>
         <input_file_ref idref="fl-5"/>
      </object_component>
      <object_component id="oc-446">
         <name>.debug_info</name>
         <load_address>0x97fd</load_address>
         <run_address>0x97fd</run_address>
         <size>0x53</size>
         <input_file_ref idref="fl-5"/>
      </object_component>
      <object_component id="oc-4bf">
         <name>.debug_info</name>
         <load_address>0x9850</load_address>
         <run_address>0x9850</run_address>
         <size>0x243</size>
         <input_file_ref idref="fl-5"/>
      </object_component>
      <object_component id="oc-393">
         <name>.debug_info</name>
         <load_address>0x9a93</load_address>
         <run_address>0x9a93</run_address>
         <size>0x14c</size>
         <input_file_ref idref="fl-5"/>
      </object_component>
      <object_component id="oc-166">
         <name>.debug_info</name>
         <load_address>0x9bdf</load_address>
         <run_address>0x9bdf</run_address>
         <size>0x931</size>
         <input_file_ref idref="fl-6"/>
      </object_component>
      <object_component id="oc-a3">
         <name>.debug_info</name>
         <load_address>0xa510</load_address>
         <run_address>0xa510</run_address>
         <size>0x52d</size>
         <input_file_ref idref="fl-6"/>
      </object_component>
      <object_component id="oc-279">
         <name>.debug_info</name>
         <load_address>0xaa3d</load_address>
         <run_address>0xaa3d</run_address>
         <size>0xaaa</size>
         <input_file_ref idref="fl-7"/>
      </object_component>
      <object_component id="oc-26d">
         <name>.debug_info</name>
         <load_address>0xb4e7</load_address>
         <run_address>0xb4e7</run_address>
         <size>0xf9</size>
         <input_file_ref idref="fl-7"/>
      </object_component>
      <object_component id="oc-270">
         <name>.debug_info</name>
         <load_address>0xb5e0</load_address>
         <run_address>0xb5e0</run_address>
         <size>0xf9</size>
         <input_file_ref idref="fl-7"/>
      </object_component>
      <object_component id="oc-273">
         <name>.debug_info</name>
         <load_address>0xb6d9</load_address>
         <run_address>0xb6d9</run_address>
         <size>0xf9</size>
         <input_file_ref idref="fl-7"/>
      </object_component>
      <object_component id="oc-154">
         <name>.debug_info</name>
         <load_address>0xb7d2</load_address>
         <run_address>0xb7d2</run_address>
         <size>0x490</size>
         <input_file_ref idref="fl-7"/>
      </object_component>
      <object_component id="oc-374">
         <name>.debug_info</name>
         <load_address>0xbc62</load_address>
         <run_address>0xbc62</run_address>
         <size>0x46</size>
         <input_file_ref idref="fl-7"/>
      </object_component>
      <object_component id="oc-43b">
         <name>.debug_info</name>
         <load_address>0xbca8</load_address>
         <run_address>0xbca8</run_address>
         <size>0x12a</size>
         <input_file_ref idref="fl-7"/>
      </object_component>
      <object_component id="oc-223">
         <name>.debug_info</name>
         <load_address>0xbdd2</load_address>
         <run_address>0xbdd2</run_address>
         <size>0x3d3</size>
         <input_file_ref idref="fl-7"/>
      </object_component>
      <object_component id="oc-365">
         <name>.debug_info</name>
         <load_address>0xc1a5</load_address>
         <run_address>0xc1a5</run_address>
         <size>0x2e3</size>
         <input_file_ref idref="fl-7"/>
      </object_component>
      <object_component id="oc-2f0">
         <name>.debug_info</name>
         <load_address>0xc488</load_address>
         <run_address>0xc488</run_address>
         <size>0x9a4</size>
         <input_file_ref idref="fl-9"/>
      </object_component>
      <object_component id="oc-2e8">
         <name>.debug_info</name>
         <load_address>0xce2c</load_address>
         <run_address>0xce2c</run_address>
         <size>0x210</size>
         <input_file_ref idref="fl-9"/>
      </object_component>
      <object_component id="oc-185">
         <name>.debug_info</name>
         <load_address>0xd03c</load_address>
         <run_address>0xd03c</run_address>
         <size>0x1f59</size>
         <input_file_ref idref="fl-9"/>
      </object_component>
      <object_component id="oc-3ef">
         <name>.debug_info</name>
         <load_address>0xef95</load_address>
         <run_address>0xef95</run_address>
         <size>0x2c</size>
         <input_file_ref idref="fl-9"/>
      </object_component>
      <object_component id="oc-1f8">
         <name>.debug_info</name>
         <load_address>0xefc1</load_address>
         <run_address>0xefc1</run_address>
         <size>0x2c</size>
         <input_file_ref idref="fl-a"/>
      </object_component>
      <object_component id="oc-cf">
         <name>.debug_info</name>
         <load_address>0xefed</load_address>
         <run_address>0xefed</run_address>
         <size>0x12d</size>
         <input_file_ref idref="fl-b"/>
      </object_component>
      <object_component id="oc-c4">
         <name>.debug_info</name>
         <load_address>0xf11a</load_address>
         <run_address>0xf11a</run_address>
         <size>0x683</size>
         <input_file_ref idref="fl-c"/>
      </object_component>
      <object_component id="oc-1d9">
         <name>.debug_info</name>
         <load_address>0xf79d</load_address>
         <run_address>0xf79d</run_address>
         <size>0x106</size>
         <input_file_ref idref="fl-c"/>
      </object_component>
      <object_component id="oc-be">
         <name>.debug_info</name>
         <load_address>0xf8a3</load_address>
         <run_address>0xf8a3</run_address>
         <size>0x3460</size>
         <input_file_ref idref="fl-c"/>
      </object_component>
      <object_component id="oc-2e">
         <name>.debug_info</name>
         <load_address>0x12d03</load_address>
         <run_address>0x12d03</run_address>
         <size>0x275</size>
         <input_file_ref idref="fl-c"/>
      </object_component>
      <object_component id="oc-200">
         <name>.debug_info</name>
         <load_address>0x12f78</load_address>
         <run_address>0x12f78</run_address>
         <size>0x2e3</size>
         <input_file_ref idref="fl-d"/>
      </object_component>
      <object_component id="oc-7c">
         <name>.debug_info</name>
         <load_address>0x1325b</load_address>
         <run_address>0x1325b</run_address>
         <size>0x6be</size>
         <input_file_ref idref="fl-d"/>
      </object_component>
      <object_component id="oc-106">
         <name>.debug_info</name>
         <load_address>0x13919</load_address>
         <run_address>0x13919</run_address>
         <size>0x9e7</size>
         <input_file_ref idref="fl-d"/>
      </object_component>
      <object_component id="oc-121">
         <name>.debug_info</name>
         <load_address>0x14300</load_address>
[...]
         <object_component_ref idref="oc-8d"/>
      </symbol>
      <symbol id="sm-dbb">
         <name>checkRAMUERRTest</name>
         <value>0xa15c</value>
         <object_component_ref idref="oc-8d"/>
      </symbol>
      <symbol id="sm-dbc">
         <name>efcStuckZeroTest</name>
         <value>0x86e8</value>
         <object_component_ref idref="oc-8d"/>
      </symbol>
      <symbol id="sm-dbd">
         <name>checkPLL2Slip</name>
         <value>0x9f8c</value>
         <object_component_ref idref="oc-8d"/>
      </symbol>
      <symbol id="sm-df1">
         <name>_c_int00</name>
         <value>0x1401c</value>
         <object_component_ref idref="oc-1e"/>
      </symbol>
      <symbol id="sm-df2">
         <name>handlePLLLockFail</name>
         <value>0x16e88</value>
         <object_component_ref idref="oc-81"/>
      </symbol>
      <symbol id="sm-e8a">
         <name>vimChannelMap</name>
         <value>0x10f6c</value>
         <object_component_ref idref="oc-4a"/>
      </symbol>
      <symbol id="sm-e8b">
         <name>vimInit</name>
         <value>0x10e98</value>
         <object_component_ref idref="oc-4a"/>
      </symbol>
      <symbol id="sm-e8c">
         <name>vimEnableInterrupt</name>
         <value>0x11010</value>
         <object_component_ref idref="oc-4a"/>
      </symbol>
      <symbol id="sm-e8d">
         <name>vimDisableInterrupt</name>
         <value>0x11168</value>
         <object_component_ref idref="oc-4a"/>
      </symbol>
      <symbol id="sm-e8e">
         <name>vimGetConfigValue</name>
         <value>0x111ec</value>
         <object_component_ref idref="oc-4a"/>
      </symbol>
      <symbol id="sm-e8f">
         <name>vimParityErrorHandler</name>
         <value>0x142c0</value>
         <object_component_ref idref="oc-44"/>
      </symbol>
      <symbol id="sm-eea">
         <name>systemGetConfigValue</name>
         <value>0xe908</value>
         <object_component_ref idref="oc-87"/>
      </symbol>
      <symbol id="sm-eeb">
         <name>trimLPO</name>
         <value>0xe5dc</value>
         <object_component_ref idref="oc-87"/>
      </symbol>
      <symbol id="sm-eec">
         <name>systemInit</name>
         <value>0xe80c</value>
         <object_component_ref idref="oc-87"/>
      </symbol>
      <symbol id="sm-eed">
         <name>customTrimLPO</name>
         <value>0xf004</value>
         <object_component_ref idref="oc-87"/>
      </symbol>
      <symbol id="sm-eee">
         <name>tcmflashGetConfigValue</name>
         <value>0xed1c</value>
         <object_component_ref idref="oc-87"/>
      </symbol>
      <symbol id="sm-eef">
         <name>sramGetConfigValue</name>
         <value>0xeec8</value>
         <object_component_ref idref="oc-87"/>
      </symbol>
      <symbol id="sm-ef0">
         <name>periphInit</name>
         <value>0xe690</value>
         <object_component_ref idref="oc-87"/>
      </symbol>
      <symbol id="sm-ef1">
         <name>setupFlash</name>
         <value>0xe650</value>
         <object_component_ref idref="oc-87"/>
      </symbol>
      <symbol id="sm-ef2">
         <name>setupPLL</name>
         <value>0xe57c</value>
         <object_component_ref idref="oc-87"/>
      </symbol>
      <symbol id="sm-ef3">
         <name>mapClocks</name>
         <value>0xe6e4</value>
         <object_component_ref idref="oc-87"/>
      </symbol>
      <symbol id="sm-ef4">
         <name>systemPowerDown</name>
         <value>0xe8d8</value>
         <object_component_ref idref="oc-87"/>
      </symbol>
      <symbol id="sm-f22">
         <name>printf</name>
         <value>0x1658d</value>
         <object_component_ref idref="oc-2d5"/>
      </symbol>
      <symbol id="sm-107e">
         <name>__TI_printfi</name>
         <value>0xfb59</value>
         <object_component_ref idref="oc-3bf"/>
      </symbol>
      <symbol id="sm-10a1">
         <name>__TI_doflush</name>
         <value>0x169bd</value>
         <object_component_ref idref="oc-3db"/>
      </symbol>
      <symbol id="sm-10a2">
         <name>fflush</name>
         <value>0x160fd</value>
         <object_component_ref idref="oc-2db"/>
      </symbol>
      <symbol id="sm-10b7">
         <name>putc</name>
         <value>0x1606d</value>
         <object_component_ref idref="oc-49c"/>
      </symbol>
      <symbol id="sm-10b8">
         <name>fputc</name>
         <value>0x1606d</value>
         <object_component_ref idref="oc-49c"/>
      </symbol>
      <symbol id="sm-10d6">
         <name>fputs</name>
         <value>0x153d1</value>
         <object_component_ref idref="oc-495"/>
      </symbol>
      <symbol id="sm-10ee">
         <name>__TI_wrt_ok</name>
         <value>0x165f5</value>
         <object_component_ref idref="oc-541"/>
      </symbol>
      <symbol id="sm-110a">
         <name>setvbuf</name>
         <value>0x15d79</value>
         <object_component_ref idref="oc-58f"/>
      </symbol>
      <symbol id="sm-1125">
         <name>memcpy</name>
         <value>0x15fcf</value>
         <object_component_ref idref="oc-5e"/>
      </symbol>
      <symbol id="sm-1126">
         <name>__aeabi_memcpy</name>
         <value>0x15fcf</value>
         <object_component_ref idref="oc-5e"/>
      </symbol>
      <symbol id="sm-1127">
         <name>__aeabi_memcpy8</name>
         <value>0x15fcf</value>
         <object_component_ref idref="oc-5e"/>
      </symbol>
      <symbol id="sm-1128">
         <name>__aeabi_memcpy4</name>
         <value>0x15fcf</value>
         <object_component_ref idref="oc-5e"/>
      </symbol>
      <symbol id="sm-1137">
         <name>__aeabi_memset</name>
         <value>0x16279</value>
         <object_component_ref idref="oc-fe"/>
      </symbol>
      <symbol id="sm-1138">
         <name>memset</name>
         <value>0x1627f</value>
         <object_component_ref idref="oc-fe"/>
      </symbol>
      <symbol id="sm-1139">
         <name>__aeabi_memset8</name>
         <value>0x16279</value>
         <object_component_ref idref="oc-fe"/>
      </symbol>
      <symbol id="sm-113a">
         <name>__aeabi_memset4</name>
         <value>0x16279</value>
         <object_component_ref idref="oc-fe"/>
      </symbol>
      <symbol id="sm-113b">
         <name>__aeabi_memclr8</name>
         <value>0x16277</value>
         <object_component_ref idref="oc-fe"/>
      </symbol>
      <symbol id="sm-113c">
         <name>__aeabi_memclr4</name>
         <value>0x16277</value>
         <object_component_ref idref="oc-fe"/>
      </symbol>
      <symbol id="sm-113d">
         <name>__aeabi_memclr</name>
         <value>0x16277</value>
         <object_component_ref idref="oc-fe"/>
      </symbol>
      <symbol id="sm-1149">
         <name>__aeabi_uidivmod</name>
         <value>0x1696c</value>
         <object_component_ref idref="oc-2c7"/>
      </symbol>
      <symbol id="sm-114a">
         <name>__aeabi_uidiv</name>
         <value>0x1696c</value>
         <object_component_ref idref="oc-2c7"/>
      </symbol>
      <symbol id="sm-1165">
         <name>__aeabi_uldivmod</name>
         <value>0x13d68</value>
         <object_component_ref idref="oc-4e6"/>
      </symbol>
      <symbol id="sm-118d">
         <name>__TI_auto_init_nobinit_nopinit</name>
         <value>0x16a91</value>
         <object_component_ref idref="oc-122"/>
      </symbol>
      <symbol id="sm-11a0">
         <name>__TI_zero_init</name>
         <value>0x16e5b</value>
         <object_component_ref idref="oc-70"/>
      </symbol>
      <symbol id="sm-11b7">
         <name>__TI_decompress_none</name>
         <value>0x16e4d</value>
         <object_component_ref idref="oc-17"/>
      </symbol>
      <symbol id="sm-11da">
         <name>__TI_decompress_lzss</name>
         <value>0x164b9</value>
         <object_component_ref idref="oc-11"/>
      </symbol>
      <symbol id="sm-1200">
         <name>C$$EXIT</name>
         <value>0x16e81</value>
         <object_component_ref idref="oc-159"/>
      </symbol>
      <symbol id="sm-1201">
         <name>abort</name>
         <value>0x16e81</value>
         <object_component_ref idref="oc-159"/>
      </symbol>
      <symbol id="sm-1202">
         <name>__TI_dtors_ptr</name>
         <value>0x8006fa0</value>
         <object_component_ref idref="oc-27b"/>
      </symbol>
      <symbol id="sm-1203">
         <name>__TI_cleanup_ptr</name>
         <value>0x8006f9c</value>
         <object_component_ref idref="oc-27b"/>
      </symbol>
      <symbol id="sm-1204">
         <name>__TI_enable_exit_profile_output</name>
         <value>0x8006fa4</value>
         <object_component_ref idref="oc-27b"/>
      </symbol>
      <symbol id="sm-1205">
         <name>exit</name>
         <value>0x16ad5</value>
         <object_component_ref idref="oc-15f"/>
      </symbol>
      <symbol id="sm-121a">
         <name>_nop</name>
         <value>0x105a7</value>
         <object_component_ref idref="oc-39f"/>
      </symbol>
      <symbol id="sm-121b">
         <name>_lock</name>
         <value>0x8006fa8</value>
         <object_component_ref idref="oc-27e"/>
      </symbol>
      <symbol id="sm-121c">
         <name>_unlock</name>
         <value>0x8006fac</value>
         <object_component_ref idref="oc-27e"/>
      </symbol>
      <symbol id="sm-122b">
         <name>__TI_ltoa</name>
         <value>0x16825</value>
         <object_component_ref idref="oc-4ec"/>
      </symbol>
      <symbol id="sm-1240">
         <name>atoi</name>
         <value>0x1691d</value>
         <object_component_ref idref="oc-44f"/>
      </symbol>
      <symbol id="sm-124b">
         <name>_ctypes_</name>
         <value>0x173ac</value>
         <object_component_ref idref="oc-4e1"/>
      </symbol>
      <symbol id="sm-1260">
         <name>__TI_tmpnams</name>
         <value>0x8004c44</value>
      </symbol>
      <symbol id="sm-1261">
         <name>__aeabi_stdout</name>
         <value>0x8006f94</value>
         <object_component_ref idref="oc-3e1"/>
      </symbol>
      <symbol id="sm-1262">
         <name>__aeabi_stderr</name>
         <value>0x8006f98</value>
         <object_component_ref idref="oc-3e1"/>
      </symbol>
      <symbol id="sm-1263">
         <name>__aeabi_stdin</name>
         <value>0x8006f90</value>
         <object_component_ref idref="oc-3e1"/>
      </symbol>
      <symbol id="sm-1264">
         <name>_ftable</name>
         <value>0x8006dc4</value>
         <object_component_ref idref="oc-3c5"/>
      </symbol>
      <symbol id="sm-1265">
         <name>__TI_ft_end</name>
         <value>0x8006f8c</value>
         <object_component_ref idref="oc-3e1"/>
      </symbol>
      <symbol id="sm-1275">
         <name>memccpy</name>
         <value>0x16d51</value>
         <object_component_ref idref="oc-473"/>
      </symbol>
      <symbol id="sm-1285">
         <name>memchr</name>
         <value>0x16d77</value>
         <object_component_ref idref="oc-547"/>
      </symbol>
      <symbol id="sm-130d">
         <name>_sys_memory</name>
         <value>0x5748</value>
         <object_component_ref idref="oc-50"/>
      </symbol>
      <symbol id="sm-130e">
         <name>free</name>
         <value>0x15ad5</value>
         <object_component_ref idref="oc-5c7"/>
      </symbol>
      <symbol id="sm-130f">
         <name>memalign</name>
         <value>0x15701</value>
         <object_component_ref idref="oc-623"/>
      </symbol>
      <symbol id="sm-1310">
         <name>malloc</name>
         <value>0x16e71</value>
         <object_component_ref idref="oc-5cd"/>
      </symbol>
      <symbol id="sm-1311">
         <name>aligned_alloc</name>
         <value>0x15701</value>
         <object_component_ref idref="oc-623"/>
      </symbol>
      <symbol id="sm-1322">
         <name>strchr</name>
         <value>0x16de9</value>
         <object_component_ref idref="oc-519"/>
      </symbol>
      <symbol id="sm-1330">
         <name>strlen</name>
         <value>0x16dff</value>
         <object_component_ref idref="oc-324"/>
      </symbol>
      <symbol id="sm-134a">
         <name>write</name>
         <value>0x16d29</value>
         <object_component_ref idref="oc-4aa"/>
      </symbol>
      <symbol id="sm-135b">
         <name>_stream</name>
         <value>0x8006f2c</value>
         <object_component_ref idref="oc-551"/>
      </symbol>
      <symbol id="sm-135c">
         <name>_device</name>
         <value>0x8006eb4</value>
         <object_component_ref idref="oc-59d"/>
      </symbol>
      <symbol id="sm-1372">
         <name>__aeabi_errno_addr</name>
         <value>0x16e69</value>
         <object_component_ref idref="oc-47f"/>
      </symbol>
      <symbol id="sm-1373">
         <name>errno</name>
         <value>0x8006fc8</value>
         <object_component_ref idref="oc-529"/>
      </symbol>
      <symbol id="sm-138c">
         <name>wcslen</name>
         <value>0x16e29</value>
         <object_component_ref idref="oc-479"/>
      </symbol>
      <symbol id="sm-13aa">
         <name>frexpl</name>
         <value>0x16365</value>
         <object_component_ref idref="oc-50d"/>
      </symbol>
      <symbol id="sm-13ab">
         <name>frexp</name>
         <value>0x16365</value>
         <object_component_ref idref="oc-50d"/>
      </symbol>
      <symbol id="sm-13c8">
         <name>scalbn</name>
         <value>0x158fd</value>
         <object_component_ref idref="oc-513"/>
      </symbol>
      <symbol id="sm-13c9">
         <name>scalbnl</name>
         <value>0x158fd</value>
         <object_component_ref idref="oc-513"/>
      </symbol>
      <symbol id="sm-13ca">
         <name>ldexpl</name>
         <value>0x158fd</value>
         <object_component_ref idref="oc-513"/>
      </symbol>
      <symbol id="sm-13cb">
         <name>ldexp</name>
         <value>0x158fd</value>
         <object_component_ref idref="oc-513"/>
      </symbol>
      <symbol id="sm-13db">
         <name>__TI_cleanup</name>
         <value>0x16c11</value>
         <object_component_ref idref="oc-5d3"/>
      </symbol>
      <symbol id="sm-13ed">
         <name>fseek</name>
         <value>0x16659</value>
         <object_component_ref idref="oc-589"/>
      </symbol>
      <symbol id="sm-13f7">
         <name>__aeabi_idiv0</name>
         <value>0x1606b</value>
         <object_component_ref idref="oc-3b5"/>
      </symbol>
      <symbol id="sm-13f8">
         <name>__aeabi_ldiv0</name>
         <value>0x1606b</value>
         <object_component_ref idref="oc-3b5"/>
      </symbol>
      <symbol id="sm-1409">
         <name>HOSTclose</name>
         <value>0x16a09</value>
         <object_component_ref idref="oc-5ea"/>
      </symbol>
      <symbol id="sm-141a">
         <name>HOSTlseek</name>
         <value>0x16525</value>
         <object_component_ref idref="oc-5fc"/>
      </symbol>
      <symbol id="sm-142c">
         <name>parmbuf</name>
         <value>0x8004dbc</value>
      </symbol>
      <symbol id="sm-142d">
         <name>HOSTopen</name>
         <value>0x166bd</value>
         <object_component_ref idref="oc-5e4"/>
      </symbol>
      <symbol id="sm-143e">
         <name>HOSTread</name>
         <value>0x16719</value>
         <object_component_ref idref="oc-5f0"/>
      </symbol>
      <symbol id="sm-144f">
         <name>HOSTrename</name>
         <value>0x1644d</value>
         <object_component_ref idref="oc-608"/>
      </symbol>
      <symbol id="sm-1460">
         <name>HOSTunlink</name>
         <value>0x16a4d</value>
         <object_component_ref idref="oc-602"/>
      </symbol>
      <symbol id="sm-1471">
         <name>HOSTwrite</name>
         <value>0x16775</value>
         <object_component_ref idref="oc-5f6"/>
      </symbol>
      <symbol id="sm-1495">
         <name>__TI_readmsg</name>
         <value>0x16c45</value>
         <object_component_ref idref="oc-639"/>
      </symbol>
      <symbol id="sm-1496">
         <name>C$$IO$$</name>
         <value>0x16bcf</value>
         <object_component_ref idref="oc-633"/>
      </symbol>
      <symbol id="sm-1497">
         <name>__CIOBUF_</name>
         <value>0x8004b24</value>
         <object_component_ref idref="oc-672"/>
      </symbol>
      <symbol id="sm-1498">
         <name>__TI_writemsg</name>
         <value>0x16b9d</value>
         <object_component_ref idref="oc-633"/>
      </symbol>
      <symbol id="sm-14a9">
         <name>lseek</name>
         <value>0x16d01</value>
         <object_component_ref idref="oc-5bf"/>
      </symbol>
      <symbol id="sm-14b3">
         <name>copysign</name>
         <value>0x16d97</value>
         <object_component_ref idref="oc-56d"/>
      </symbol>
      <symbol id="sm-14b4">
         <name>copysignl</name>
         <value>0x16d97</value>
         <object_component_ref idref="oc-56d"/>
      </symbol>
      <symbol id="sm-14c9">
         <name>__TI_closefile</name>
         <value>0x162f1</value>
         <object_component_ref idref="oc-62a"/>
      </symbol>
      <symbol id="sm-14ec">
         <name>finddevice</name>
         <value>0x16c79</value>
         <object_component_ref idref="oc-6a5"/>
      </symbol>
      <symbol id="sm-14ed">
         <name>getdevice</name>
         <value>0x16b19</value>
         <object_component_ref idref="oc-68d"/>
      </symbol>
      <symbol id="sm-14fc">
         <name>strcmp</name>
         <value>0x16dd1</value>
         <object_component_ref idref="oc-6b6"/>
      </symbol>
      <symbol id="sm-150a">
         <name>strcpy</name>
         <value>0x16e15</value>
         <object_component_ref idref="oc-64d"/>
      </symbol>
      <symbol id="sm-151a">
         <name>strncpy</name>
         <value>0x16bd9</value>
         <object_component_ref idref="oc-69f"/>
      </symbol>
      <symbol id="sm-152f">
         <name>close</name>
         <value>0x167cd</value>
         <object_component_ref idref="oc-663"/>
      </symbol>
      <symbol id="sm-153f">
         <name>unlink</name>
         <value>0x16cad</value>
         <object_component_ref idref="oc-669"/>
      </symbol>
      <symbol id="sm-1540">
         <name>__TI_static_base__</name>
         <value>0x0</value>
      </symbol>
      <symbol id="sm-1544">
         <name>ethernet_input</name>
         <value>0x0</value>
      </symbol>
      <symbol id="sm-1545">
         <name>pbuf_alloc</name>
         <value>0x0</value>
      </symbol>
      <symbol id="sm-1546">
         <name>pbuf_free</name>
         <value>0x0</value>
      </symbol>
      <symbol id="sm-1547">
         <name>etharp_output</name>
         <value>0x0</value>
      </symbol>
      <symbol id="sm-1548">
         <name>pbuf_ref</name>
         <value>0x0</value>
      </symbol>
      <symbol id="sm-1549">
         <name>netif_add</name>
         <value>0x0</value>
      </symbol>
      <symbol id="sm-154a">
         <name>netif_set_default</name>
         <value>0x0</value>
      </symbol>
      <symbol id="sm-154b">
         <name>netif_set_up</name>
         <value>0x0</value>
      </symbol>
      <symbol id="sm-154c">
         <name>dhcp_start</name>
         <value>0x0</value>
      </symbol>
      <symbol id="sm-154d">
         <name>dhcp_supplied_address</name>
         <value>0x0</value>
      </symbol>
      <symbol id="sm-154e">
         <name>lwip_init</name>
         <value>0x0</value>
      </symbol>
      <symbol id="sm-154f">
         <name>lock_tcpip_core</name>
         <value>0x0</value>
      </symbol>
      <symbol id="sm-1550">
         <name>SHT$$INIT_ARRAY$$Base</name>
         <value>0x0</value>
      </symbol>
      <symbol id="sm-1551">
         <name>SHT$$INIT_ARRAY$$Limit</name>
         <value>0x0</value>
      </symbol>
      <symbol id="sm-1552">
         <name>_system_post_cinit</name>
         <value>0x0</value>
      </symbol>
      <symbol id="sm-1553">
         <name>remove</name>
         <value>0x16cad</value>
      </symbol>
   </symbol_table>
   <title>Link errors: red sections failed placement</title>
</link_info>
